--------- beginning of /dev/log/system
I/ActivityManager(  277): Starting: Intent { act=android.intent.action.MAIN cat=[android.intent.category.LAUNCHER] flg=0x10200000 cmp=com.crazyj36.avoidmeteors/.MainActivity bnds=[122,237][238,377] } from pid 410
--------- beginning of /dev/log/main
W/ResourceType(  277): Entry identifier 0x128 is larger than entry count 0xab
W/ResourceType(  277): Entry identifier 0x128 is larger than entry count 0xab
W/WindowManager(  277): [PhoneWindowManager.java:1099:addStartingWindow()] HistoryRecord{40580ac8 com.crazyj36.avoidmeteors/.MainActivity} failed creating starting window
W/WindowManager(  277): java.lang.RuntimeException: Binary XML file line #25: You must supply a layout_height attribute.
W/WindowManager(  277): 	at android.content.res.TypedArray.getLayoutDimension(TypedArray.java:491)
W/WindowManager(  277): 	at android.view.ViewGroup$LayoutParams.setBaseAttributes(ViewGroup.java:3599)
W/WindowManager(  277): 	at android.view.ViewGroup$MarginLayoutParams.<init>(ViewGroup.java:3678)
W/WindowManager(  277): 	at android.widget.LinearLayout$LayoutParams.<init>(LinearLayout.java:1400)
W/WindowManager(  277): 	at android.widget.LinearLayout.generateLayoutParams(LinearLayout.java:1326)
W/WindowManager(  277): 	at android.widget.LinearLayout.generateLayoutParams(LinearLayout.java:47)
W/WindowManager(  277): 	at android.view.LayoutInflater.rInflate(LayoutInflater.java:625)
W/WindowManager(  277): 	at android.view.LayoutInflater.inflate(LayoutInflater.java:408)
W/WindowManager(  277): 	at android.view.LayoutInflater.inflate(LayoutInflater.java:320)
W/WindowManager(  277): 	at android.view.LayoutInflater.inflate(LayoutInflater.java:276)
W/WindowManager(  277): 	at com.android.internal.policy.impl.PhoneWindow.generateLayout(PhoneWindow.java:2290)
W/WindowManager(  277): 	at com.android.internal.policy.impl.PhoneWindow.installDecor(PhoneWindow.java:2345)
W/WindowManager(  277): 	at com.android.internal.policy.impl.PhoneWindow.getDecorView(PhoneWindow.java:1511)
W/WindowManager(  277): 	at com.android.internal.policy.impl.PhoneWindowManager.addStartingWindow(PhoneWindowManager.java:1070)
W/WindowManager(  277): 	at com.android.server.WindowManagerService$H.handleMessage(WindowManagerService.java:8347)
W/WindowManager(  277): 	at android.os.Handler.dispatchMessage(Handler.java:99)
W/WindowManager(  277): 	at android.os.Looper.loop(Looper.java:130)
W/WindowManager(  277): 	at com.android.server.WindowManagerService$WMThread.run(WindowManagerService.java:582)
D/Launcher.Workspace(  410): [Workspace.java:2036:hideWallpaper()] Show wallpaper
I/ActivityManager(  277): process name to start: com.crazyj36.avoidmeteors
I/ActivityManager(  277): Start proc com.crazyj36.avoidmeteors for activity com.crazyj36.avoidmeteors/.MainActivity: pid=1557 uid=10005 gids={}
W/ResourceType( 1557): Entry identifier 0x128 is larger than entry count 0xab
I/#LGIME  (  388): [Glog.java:35:i()] #### onStartInput restarting : false / inputType : 0
I/ActivityManager(  277): [ActivityRecord.java:444:windowsVisible()] Displayed com.crazyj36.avoidmeteors/.MainActivity: +505ms
W/InputManagerService(  277): Window already focused, ignoring focus gain of: com.android.internal.view.IInputMethodClient$Stub$Proxy@4056f958
D/WifiService(  277): ACTION_BATTERY_CHANGED pluggedType: 2
D/WifiService(  277): ### wifiShouldBeEnabled=true
D/WifiService(  277): ### mDeviceIdle=false
D/WifiService(  277): ### lockHeld=false
D/WifiService(  277): ACTION_BATTERY_CHANGED pluggedType: 2
D/WifiService(  277): ### wifiShouldBeEnabled=true
D/WifiService(  277): ### mDeviceIdle=false
D/WifiService(  277): ### lockHeld=false
W/dalvikvm( 1557): threadid=9: thread exiting with uncaught exception (group=0x40019560)
E/AndroidRuntime( 1557): FATAL EXCEPTION: Thread-909
E/AndroidRuntime( 1557): java.lang.RuntimeException: Can't create handler inside thread that has not called Looper.prepare()
E/AndroidRuntime( 1557): 	at android.os.Handler.<init>(Handler.java:121)
E/AndroidRuntime( 1557): 	at android.widget.Toast.<init>(Toast.java:68)
E/AndroidRuntime( 1557): 	at android.widget.Toast.makeText(Toast.java:231)
E/AndroidRuntime( 1557): 	at com.crazyj36.avoidmeteors.GameView$3.run(GameView.java:145)
E/AndroidRuntime( 1557): 	at com.crazyj36.avoidmeteors.GameView$3.run(GameView.java:149)
E/AndroidRuntime( 1557): 	at com.crazyj36.avoidmeteors.GameView$3.run(GameView.java:149)
E/AndroidRuntime( 1557): 	at com.crazyj36.avoidmeteors.GameView$3.run(GameView.java:149)
E/AndroidRuntime( 1557): 	at com.crazyj36.avoidmeteors.GameView$3.run(GameView.java:149)
E/AndroidRuntime( 1557): 	at com.crazyj36.avoidmeteors.GameView$3.run(GameView.java:149)
E/AndroidRuntime( 1557): 	at com.crazyj36.avoidmeteors.GameView$3.run(GameView.java:149)
E/AndroidRuntime( 1557): 	at com.crazyj36.avoidmeteors.GameView$3.run(GameView.java:149)
E/AndroidRuntime( 1557): 	at com.crazyj36.avoidmeteors.GameView$3.run(GameView.java:149)
E/AndroidRuntime( 1557): 	at com.crazyj36.avoidmeteors.GameView$3.run(GameView.java:149)
E/AndroidRuntime( 1557): 	at com.crazyj36.avoidmeteors.GameView$3.run(GameView.java:149)
E/AndroidRuntime( 1557): 	at com.crazyj36.avoidmeteors.GameView$3.run(GameView.java:149)
E/AndroidRuntime( 1557): 	at com.crazyj36.avoidmeteors.GameView$3.run(GameView.java:149)
E/AndroidRuntime( 1557): 	at com.crazyj36.avoidmeteors.GameView$3.run(GameView.java:149)
E/AndroidRuntime( 1557): 	at com.crazyj36.avoidmeteors.GameView$3.run(GameView.java:149)
E/AndroidRuntime( 1557): 	at com.crazyj36.avoidmeteors.GameView$3.run(GameView.java:149)
E/AndroidRuntime( 1557): 	at com.crazyj36.avoidmeteors.GameView$3.run(GameView.java:149)
E/AndroidRuntime( 1557): 	at com.crazyj36.avoidmeteors.GameView$3.run(GameView.java:149)
E/AndroidRuntime( 1557): 	at com.crazyj36.avoidmeteors.GameView$3.run(GameView.java:149)
W/ActivityManager(  277):   Force finishing activity com.crazyj36.avoidmeteors/.MainActivity
D/Launcher.Workspace(  410): [Workspace.java:2036:hideWallpaper()] Show wallpaper
D/Launcher.Workspace(  410): [Workspace.java:2034:hideWallpaper()] Hide wallpaper
E/ActivityThread(  410): Failed to find provider info for call_log
E/ActivityThread(  410): Failed to find provider info for com.lge.providers.lgemail
E/ActivityThread(  410): Failed to find provider info for com.android.whatsnew
D/WifiService(  277): ACTION_BATTERY_CHANGED pluggedType: 2
D/WifiService(  277): ### wifiShouldBeEnabled=true
D/WifiService(  277): ### mDeviceIdle=false
D/WifiService(  277): ### lockHeld=false
W/dalvikvm( 1557): threadid=8: thread exiting with uncaught exception (group=0x40019560)
I/ActivityManager(  277): Process com.crazyj36.avoidmeteors (pid 1557) has died.
I/WindowManager(  277): WIN DEATH: Window{406c5938 com.crazyj36.avoidmeteors/com.crazyj36.avoidmeteors.MainActivity paused=false}
E/JavaBinder(  277): Transact on 0x4a5d18 in Java object 0x406946c0 with code 3 failed
E/JavaBinder(  277): Transact on 0x4a5d18 in Java object 0x406946c0 with code 4 failed
I/#LGIME  (  388): [Glog.java:35:i()] #### onStartInput restarting : false / inputType : 0
W/InputManagerService(  277): Got RemoteException sending setActive(false) notification to pid 1557 uid 10005
D/WifiService(  277): ACTION_BATTERY_CHANGED pluggedType: 2
D/WifiService(  277): ### wifiShouldBeEnabled=true
D/WifiService(  277): ### mDeviceIdle=false
D/WifiService(  277): ### lockHeld=false
D/WifiService(  277): ACTION_BATTERY_CHANGED pluggedType: 2
D/WifiService(  277): ### wifiShouldBeEnabled=true
D/WifiService(  277): ### mDeviceIdle=false
D/WifiService(  277): ### lockHeld=false
