I/BufferQueue(  694): [ScreenshotClient](this:0x647cb008,id:44,api:0,p:-1,c:-1) consumerDisconnect
I/BufferQueue(  694): [ScreenshotClient](this:0x647cb008,id:44,api:0,p:-1,c:-1) ~BufferQueue
D/PowerManagerService(  694): acquireWakeLockInternal: lock=1106232288, flags=0x1, tag="ActivityManager-Launch", ws=null, uid=1000, pid=694
D/PowerManagerService(  694): updateWakeLockSummaryLocked: mWakefulness=Awake, mWakeLockSummary=0x1
D/PowerManagerService(  694): newScreenState = 2
D/PowerManagerService(  694): updateScreenStateLocked: mScreenBrightnessModeSetting=0, autoBrightness=false, ecoBrightness=false, screenAutoBrightnessAdjustment=0.0, screenBrightness=255
D/PowerManagerDisplayController(  694): requestPowerState: screenState=2, useProximitySensor=false, forceProximitySensorEnable=false, forceWakeUpEnable=false, screenBrightness=255, screenAutoBrightnessAdjustment=0.0, useAutoBrightness=false, useEcoBrightness=false, blockScreenOn=false, waitForNegativeProximity=false
I/PowerManagerService(  694): setBrightness mButtonLight 0.
D/PowerManagerService(  694): updateScreenStateLocked: mDisplayReady=true, newScreenState=2, mWakefulness=1, mWakeLockSummary=0x1, mUserActivitySummary=0x1, mBootCompleted=true
D/PowerManagerService(  694): handleSandman: canDream=true, mWakefulness=Awake
V/ActivityManager(  694): Broadcast: Intent { act=android.intent.action.DROPBOX_ENTRY_ADDED flg=0x10 (has extras) } ordered=false userid=0 callerApp=ProcessRecord{41f35168 694:system/1000}
V/Provider/Settings(  694): get setting for user 0 by user 0 so skipping cache
V/Provider/Settings(  694):  from settings cache , name = anr_show_background , value = null
V/WindowManager(  694): Changing focus from null to Window{4223cb80 u0 Application Error: com.crazyj36.avoidmeteors} Callers=com.android.server.wm.WindowManagerService.addWindow:2726 com.android.server.wm.Session.addToDisplay:163 android.view.ViewRootImpl.setView:611 android.view.WindowManagerGlobal.addView:261 
I/WindowManager(  694): Gaining focus: Window{4223cb80 u0 Application Error: com.crazyj36.avoidmeteors}
W/StatusBarManagerService(  694):  StatusBarManagerService false
W/StatusBarManagerService(  694):  StatusBarManagerService mBar != null 
W/CommandQueue (  759):  CommandQueue flag =  false
D/ActivityThread(  874): BDC-Calling onReceive: intent=Intent { act=android.intent.action.DROPBOX_ENTRY_ADDED flg=0x10 cmp=com.google.android.gms/.stats.service.DropBoxEntryAddedReceiver (has extras) }, ordered=true, receiver=com.google.android.gms.stats.service.DropBoxEntryAddedReceiver@421f0b78
D/dalvikvm(  694): GC_CONCURRENT freed 2539K (25076), 38% free 12857K/20500K, paused 5ms+11ms, total 113ms
D/dalvikvm(  694): WAIT_FOR_CONCURRENT_GC blocked 82ms
D/dalvikvm(  694): WAIT_FOR_CONCURRENT_GC blocked 70ms
D/dalvikvm(  694): WAIT_FOR_CONCURRENT_GC blocked 79ms
D/dalvikvm(  694): WAIT_FOR_CONCURRENT_GC blocked 84ms
I/BufferQueue(  174): [unnamed-174-274](this:0xb893c0f0,id:274,api:0,p:-1,c:-1) BufferQueue
I/BufferQueue(  174): [unnamed-174-274](this:0xb893c0f0,id:274,api:0,p:-1,c:174) consumerConnect consumer=(174:/system/bin/surfaceflinger) controlledByApp=false
I/BufferQueue(  174): [unnamed-174-274](this:0xb893c0f0,id:274,api:0,p:-1,c:174) setConsumerName: unnamed-174-274
I/GLConsumer(  174): [unnamed-174-274](this:0xb8941fb8,api:0) GLConsumer
I/BufferQueue(  174): [Application Error: com.crazyj36.avoidmeteors](this:0xb893c0f0,id:274,api:0,p:-1,c:174) setConsumerName: Application Error: com.crazyj36.avoidmeteors
I/BufferQueue(  174): [Application Error: com.crazyj36.avoidmeteors](this:0xb893c0f0,id:274,api:0,p:-1,c:174) setDefaultBufferSize: w=1, h=1
I/BufferQueue(  174): [Application Error: com.crazyj36.avoidmeteors](this:0xb893c0f0,id:274,api:0,p:-1,c:174) setDefaultBufferSize: w=466, h=127
D/ActivityThread(  874): BDC-RECEIVER handled : 0 / ReceiverData{intent=Intent { act=android.intent.action.DROPBOX_ENTRY_ADDED flg=0x10 cmp=com.google.android.gms/.stats.service.DropBoxEntryAddedReceiver (has extras) } packageName=com.google.android.gms resultCode=-1 resultData=null resultExtras=null}
D/ActivityThread(  874): SVC-Creating service: CreateServiceData{token=android.os.BinderProxy@41f84870 className=com.google.android.gms.stats.service.DropBoxEntryAddedService packageName=com.google.android.gms intent=null}
D/dalvikvm(  874): create interp thread : stack size=128KB
I/BufferQueue(  174): [Application Error: com.crazyj36.avoidmeteors](this:0xb893c0f0,id:274,api:0,p:694,c:174) connect: api=2 producer=(694:system_server) producerControlledByApp=false
D/dalvikvm(  874): create new thread
D/dalvikvm(  874): new thread created
D/dalvikvm(  874): update thread list
D/AES     (  694): ExceptionLog: notify aed
D/AES     (  694):     process : com.crazyj36.avoidmeteors
D/AES     (  694):      module : com.crazyj36.avoidmeteors v1 (1.0)
D/AES     (  694): 
D/AES     (  694):       cause : data_app_crash
D/AES     (  694):       pid : 11463
D/AEE/LIBAEE(  694): shell: raise_exp(2, 11463, -1361051648, com.crazyj36.avoidmeteors, 0x0x6473a0a8, 0x0x0)
D/dalvikvm(  874): threadid=17: interp stack at 0x63c72000
D/AEE/AED (  166): $===AEE===AEE===AEE===$
D/AEE/AED (  166): p 0 poll events 1 revents 0
D/AEE/AED (  166): not know revents:0
D/AEE/AED (  166): p 1 poll events 1 revents 1
D/dalvikvm(  874): init ref table
D/AEE/AED (  166): aed_main_fork_worker: generator 0x1bc50b8, worker 0xbe996898, recv_fd 15
D/dalvikvm(  874): init mutex
D/dalvikvm(  874): threadid=17: created from interp
D/dalvikvm(  874): start new thread
D/dalvikvm(  874): threadid=17: notify debugger
D/dalvikvm(  874): threadid=17 (IntentService[DropBoxEntryAddedChimeraService]): calling run()
D/AEE/AED (  166): p 2 poll events 1 revents 0
D/AEE/AED (  166): not know revents:0
D/AEE/AED (  166): p 3 poll events 1 revents 0
D/AEE/AED (  166): not know revents:0
D/AEE/AED (  166): p 4 poll events 1 revents 0
D/AEE/AED (  166): not know revents:0
I/BufferQueue(  174): [Application Error: com.crazyj36.avoidmeteors](this:0xb893c0f0,id:274,api:2,p:694,c:174) new GraphicBuffer needed
D/BufferQueue(  174):     [OLD] gb:NULL
I/GraphicBuffer(  174): allocate buffer (w:480 h:127 f:1) handle(0xb8927bb0) err(0)
W/GraphicBufferExtra_hal(  174): gralloc extra device setBufInfo(...) is not supported
I/BufferQueue(  174):     [NEW] gb=0xb890bfa8, handle=0xb8927bb0, w=466, h=127, s=480, f=0x1, u=0x00000933
D/AEE/LIBAEE(  694): shell: connected with AED OK
D/GraphicBuffer(  694): create handle(0x5c63cc98) (w:480, h:127, f:1)
D/AEE/AED (11478): read success, handling msg (Ind, AE_IND_EXP_RAISED)
I/DEBUG   (11478): [OnPurpose Redunant in preset_info] pid: 11463, tid: -1361051648, name: UNKNOWN  >>> com.crazyj36.avoidmeteors <<<
V/AEE/AED (11478): dashboard_record_update() : rec->module = com.crazyj36.avoidmeteors 
D/AEE/AED (11478): Duplicated exception, cnt = 2 
D/AEE/AED (11478): Last exception time: 1644378427 
D/AEE/AED (11478): cur time: 1644378450 
D/AEE/AED (11478): Skip for Exp level'0'
D/AEE/AED (  166): $===AEE===AEE===AEE===$
D/AEE/AED (  166): p 0 poll events 1 revents 0
D/AEE/AED (  166): not know revents:0
D/AEE/AED (  166): p 1 poll events 1 revents 0
D/AEE/AED (  166): not know revents:0
D/AEE/AED (  166): p 2 poll events 1 revents 0
D/AEE/AED (  166): not know revents:0
D/AEE/AED (  166): p 3 poll events 1 revents 0
D/AEE/AED (  166): not know revents:0
D/AEE/AED (  166): p 4 poll events 1 revents 0
D/AEE/AED (  166): not know revents:0
D/AEE/LIBAEE(  694): shell: got the request (cmd:Ind,AE_IND_LOG_CLOSE)
D/AEE/LIBAEE(  694): shell: Got session close ind from AED
D/dalvikvm(  694): threadid=76: exiting
D/dalvikvm(  694): threadid=76: bye!
W/MALI    (  174): MTK_AUX_isMTKFormat:168: int MTK_AUX_isMTKFormat(ANativeWindowBuffer_t*): format=1
V/WallpaperService(  759): Visibility change in com.android.systemui.ImageWallpaper$DrawableEngine@41e2c070: 0
V/WallpaperService(  759): onVisibilityChanged(false): com.android.systemui.ImageWallpaper$DrawableEngine@41e2c070
I/BufferQueue(  174): [com.android.launcher/com.android.launcher2.Launcher](this:0xb893ba88,id:270,api:0,p:-1,c:-1) consumerDisconnect
I/GraphicBuffer(  174): free buffer (w:976 h:600 f:1) handle(0xb893eee8)
I/BufferQueue(  174): [com.android.launcher/com.android.launcher2.Launcher](this:0xb893ba88,id:270,api:0,p:-1,c:-1) ~BufferQueue
D/ActivityThread(  874): SVC-CREATE_SERVICE handled : 0 / CreateServiceData{token=android.os.BinderProxy@41f84870 className=com.google.android.gms.stats.service.DropBoxEntryAddedService packageName=com.google.android.gms intent=null}
D/ActivityThread(  874): SVC-Calling onStartCommand: com.google.android.gms.stats.service.DropBoxEntryAddedService@426b4e50, flags=0, startId=1
D/ActivityThread(  874): SVC-SERVICE_ARGS handled : 0 / ServiceArgsData{token=android.os.BinderProxy@41f84870 startId=1 args=Intent { act=com.google.android.gms.stats.ACTION_UPLOAD_DROPBOX_ENTRIES pkg=com.google.android.gms (has extras) }}
D/ActivityThread(  874): BDC-Calling onReceive: intent=Intent { act=android.intent.action.DROPBOX_ENTRY_ADDED flg=0x10 cmp=com.google.android.gms/.chimera.GmsIntentOperationService$PersistentTrustedReceiver (has extras) }, ordered=true, receiver=com.google.android.gms.chimera.GmsIntentOperationService$PersistentTrustedReceiver@426aebb0
V/Provider/Settings(  874): get setting for user 0 by user 0 so skipping cache
V/Provider/Settings(  874):  from settings cache , name = multi_cb , value = null
I/BufferQueue(  174): [DimLayer](this:0xb8933a88,id:271,api:0,p:-1,c:174) setDefaultBufferSize: w=1536, h=1536
D/ActivityThread(  874): BDC-RECEIVER handled : 0 / ReceiverData{intent=Intent { act=android.intent.action.DROPBOX_ENTRY_ADDED flg=0x10 cmp=com.google.android.gms/.chimera.GmsIntentOperationService$PersistentTrustedReceiver (has extras) } packageName=com.google.android.gms resultCode=0 resultData=null resultExtras=null}
D/ActivityThread( 9262): SVC-Creating service: CreateServiceData{token=android.os.BinderProxy@427218d0 className=com.google.android.gms.chimera.GmsIntentOperationService packageName=com.google.android.gms intent=null}
D/ActivityThread( 9262): SVC-CREATE_SERVICE handled : 0 / CreateServiceData{token=android.os.BinderProxy@427218d0 className=com.google.android.gms.chimera.GmsIntentOperationService packageName=com.google.android.gms intent=null}
D/ActivityThread( 9262): SVC-Calling onStartCommand: com.google.android.gms.chimera.GmsIntentOperationService@42722390, flags=0, startId=1
D/ActivityThread( 9262): SVC-SERVICE_ARGS handled : 0 / ServiceArgsData{token=android.os.BinderProxy@427218d0 startId=1 args=Intent { act=android.intent.action.DROPBOX_ENTRY_ADDED flg=0x10 pkg=com.google.android.gms cmp=com.google.android.gms/.chimera.GmsIntentOperationService (has extras) }}
D/dalvikvm( 9262): create interp thread : stack size=128KB
D/dalvikvm( 9262): create new thread
D/dalvikvm( 9262): new thread created
D/dalvikvm( 9262): update thread list
D/dalvikvm( 9262): threadid=14: interp stack at 0x631ba000
D/dalvikvm( 9262): init ref table
D/ActivityThread(  874): SVC-Destroying service: com.google.android.gms.stats.service.DropBoxEntryAddedService@426b4e50
D/dalvikvm(  874): threadid=17: exiting
D/dalvikvm(  874): threadid=17: bye!
D/ActivityThread(  874): SVC-STOP_SERVICE handled : 0 / android.os.BinderProxy@41f84870
D/dalvikvm( 9262): init mutex
D/dalvikvm( 9262): threadid=14: created from interp
D/dalvikvm( 9262): start new thread
D/dalvikvm( 9262): threadid=14: notify debugger
D/dalvikvm( 9262): threadid=14 ([com.google.android.gms.chimera.GmsIntentOperationService$ChimeraService-Executor] idle): calling run()
D/dalvikvm( 9262): create interp thread : stack size=128KB
D/dalvikvm( 9262): create new thread
D/dalvikvm( 9262): new thread created
D/dalvikvm( 9262): update thread list
D/dalvikvm( 9262): threadid=15: interp stack at 0x6348c000
D/dalvikvm( 9262): init ref table
D/dalvikvm( 9262): init mutex
D/dalvikvm( 9262): threadid=15: created from interp
D/dalvikvm( 9262): start new thread
D/dalvikvm( 9262): threadid=15: notify debugger
D/dalvikvm( 9262): threadid=15 ([com.google.android.gms.chimera.GmsIntentOperationService$ChimeraService-Executor] idle): calling run()
V/Provider/Settings( 9262): get setting for user 0 by user 0 so skipping cache
V/Provider/Settings( 9262):  from settings cache , name = package_verifier_user_consent , value = -1
W/ActivityManager(  694): Activity pause timeout for ActivityRecord{42498420 u0 com.crazyj36.avoidmeteors/.MainActivity t41 f}
D/ActivityManager(  694): ACT-moveNextFloatingStackToTopLocked next = null curTop = null mStackState = STACK_STATE_HOME_IN_BACK
D/ActivityManager(  694): ACT-isFrontStack(), stack is HomeStack and mStackState : STACK_STATE_HOME_IN_BACK
D/ActivityManager(  694): ACT-moveHomeTask toFront : true homeInFront = false
D/WindowManager(  694): initFloatStackSize orientation = -1
E/WindowManager(  694): Non floating stack did the function initFloatStackSize
D/ActivityManager(  694): ACT-isFrontStack(), stack is back : ActivityStack{4260c920 stackId=21, 1 tasks}
D/ActivityManager(  694): ACT-isFrontStack(), stack is HomeStack and mStackState : STACK_STATE_HOME_TO_FRONT
D/ActivityManager(  694): ACT-isFrontStack(), stack is back : ActivityStack{4260c920 stackId=21, 1 tasks}
D/ActivityManager(  694): ACT-isFrontStack(), stack is HomeStack and mStackState : STACK_STATE_HOME_TO_FRONT
I/libPerfService(  694): 1: set: 2
E/        (  694): Could not open '/data/data/hotplug/cmd'
E/        (  694): error : 2, No such file or directory
D/ActivityManager(  694): ACT-isFrontStack(), stack is back : ActivityStack{4260c920 stackId=21, 1 tasks}
D/ActivityManager(  694): ACT-isFrontStack(), stack is HomeStack and mStackState : STACK_STATE_HOME_TO_FRONT
D/ActivityManager(  694): ACT-isFrontStack(), stack is HomeStack and mStackState : STACK_STATE_HOME_TO_FRONT
D/InputReader(  694): InputReader:: getSwitchState lock 
D/InputReader(  694): InputReader::getStateLocked:: return 
V/ActivityManager(  694): ensureActivitiesVisibleLocked: consider front
D/ActivityManager(  694): ACT-isFrontStack(), stack is back : ActivityStack{4260c920 stackId=21, 1 tasks}
D/ActivityManager(  694): ACT-isFrontStack(), stack is HomeStack and mStackState : STACK_STATE_HOME_TO_FRONT
D/ActivityManager(  694): ACT-isFrontStack(), stack is HomeStack and mStackState : STACK_STATE_HOME_TO_FRONT
V/ActivityManager(  694): ensureActivitiesVisibleLocked: consider back
D/ActivityManager(  694): ACT-isFrontStack(), stack is back : ActivityStack{4260c920 stackId=21, 1 tasks}
D/ActivityManager(  694): ACT-isFrontStack(), stack is HomeStack and mStackState : STACK_STATE_HOME_TO_FRONT
D/ActivityManager(  694): ACT-isFrontStack(), stack is HomeStack and mStackState : STACK_STATE_HOME_TO_FRONT
D/ActivityManager(  694): ACT-isFrontStack(), stack is back : ActivityStack{4260c920 stackId=21, 1 tasks}
D/ActivityManager(  694): ACT-isFrontStack(), stack is HomeStack and mStackState : STACK_STATE_HOME_TO_FRONT
V/ActivityManager(  694): ensureActivitiesVisibleLocked: consider front
D/ActivityManager(  694): ACT-isFrontStack(), stack is back : ActivityStack{4260c920 stackId=21, 1 tasks}
D/ActivityManager(  694): ACT-isFrontStack(), stack is HomeStack and mStackState : STACK_STATE_HOME_IN_FRONT
D/ActivityManager(  694): ACT-isFrontStack(), stack is HomeStack and mStackState : STACK_STATE_HOME_IN_FRONT
V/ActivityManager(  694): ensureActivitiesVisibleLocked: consider back
D/ActivityManager(  694): ACT-isFrontStack(), stack is back : ActivityStack{4260c920 stackId=21, 1 tasks}
D/ActivityManager(  694): ACT-isFrontStack(), stack is HomeStack and mStackState : STACK_STATE_HOME_IN_FRONT
D/SurfaceFlinger(  174): SurfaceFlingerWatchdog:ERROR: open /dev/RT_Monitor failed.
D/OpenGLRenderer(  901): Flushing caches (mode 0)
D/dalvikvm(  694): create interp thread : stack size=128KB
D/dalvikvm(  694): create new thread
D/dalvikvm(  694): new thread created
D/dalvikvm(  694): update thread list
D/dalvikvm(  694): threadid=76: interp stack at 0x64016000
D/dalvikvm(  694): init ref table
D/dalvikvm(  694): init mutex
D/dalvikvm(  694): threadid=76: created from interp
D/dalvikvm(  694): start new thread
D/NetworkPolicy(  694): onRecv: MSG_FOREGROUND_ACTIVITIES_CHANGED pid:uid:act=901:10013:true
D/dalvikvm(  694): threadid=76: notify debugger
D/dalvikvm(  694): threadid=76 (Thread-194): calling run()
V/NetworkStats(  694): setKernelCounterSet uid=10013 set=1
D/ConnectivityService(  694): onUidRulesChanged(uid=10013, uidRules=0)
D/dalvikvm(  694): threadid=76: exiting
V/ActivityThread(  901): Performing resume of ActivityRecord{41dfe9e8 token=android.os.BinderProxy@41dfe178 {com.android.launcher/com.android.launcher2.Launcher}} finished=false
D/dalvikvm(  694): threadid=76: bye!
D/Launcher(  901): Launcher, (Launcher)onStart: this = com.android.launcher2.Launcher@422ebe60
D/Launcher(  901): Launcher, (Launcher)onResume: mRestoring = false, mOnResumeNeedsLoad = false,mOrientationChanged = false,mPagesAreRecreated = false, this = com.android.launcher2.Launcher@422ebe60
D/Launcher(  901): OperatorChecker, getOperatorCheckerExt: context = com.android.launcher2.Launcher@422ebe60, mOperatorCheckerExt = com.mediatek.launcher2.ext.DefaultOperatorChecker@41eb8ad0
D/DefaultOperatorChecker(  901): default supportEditAndHideApps called.
D/ActivityThread(  901): ACT-AM_ON_RESUME_CALLED ActivityRecord{41dfe9e8 token=android.os.BinderProxy@41dfe178 {com.android.launcher/com.android.launcher2.Launcher}}
V/ActivityThread(  901): Resume ActivityRecord{41dfe9e8 token=android.os.BinderProxy@41dfe178 {com.android.launcher/com.android.launcher2.Launcher}} started activity: false, hideForNow: false, finished: false
V/ActivityThread(  901): Resuming ActivityRecord{41dfe9e8 token=android.os.BinderProxy@41dfe178 {com.android.launcher/com.android.launcher2.Launcher}} with isForward=false
V/PhoneWindow(  901): DecorView setVisiblity: visibility = 0 ,Parent =ViewRoot{41e54c20 com.android.launcher/com.android.launcher2.Launcher,ident = 2}, this =com.android.internal.policy.impl.PhoneWindow$DecorView{41e486d8 V.E..... R.....ID 0,0-600,976}
V/ActivityThread(  901): Scheduling idle handler for ActivityRecord{41dfe9e8 token=android.os.BinderProxy@41dfe178 {com.android.launcher/com.android.launcher2.Launcher}}
D/ActivityThread(  901): ACT-RESUME_ACTIVITY handled : 0 / android.os.BinderProxy@41dfe178
I/BufferQueue(  174): [unnamed-174-275](this:0xb893ba88,id:275,api:0,p:-1,c:-1) BufferQueue
I/BufferQueue(  174): [unnamed-174-275](this:0xb893ba88,id:275,api:0,p:-1,c:174) consumerConnect consumer=(174:/system/bin/surfaceflinger) controlledByApp=false
I/BufferQueue(  174): [unnamed-174-275](this:0xb893ba88,id:275,api:0,p:-1,c:174) setConsumerName: unnamed-174-275
I/GLConsumer(  174): [unnamed-174-275](this:0xb891a878,api:0) GLConsumer
I/BufferQueue(  174): [com.android.launcher/com.android.launcher2.Launcher](this:0xb893ba88,id:275,api:0,p:-1,c:174) setConsumerName: com.android.launcher/com.android.launcher2.Launcher
I/BufferQueue(  174): [com.android.launcher/com.android.launcher2.Launcher](this:0xb893ba88,id:275,api:0,p:-1,c:174) setDefaultBufferSize: w=600, h=976
I/BufferQueue(  174): [com.android.launcher/com.android.launcher2.Launcher](this:0xb893ba88,id:275,api:0,p:901,c:174) connect: api=1 producer=(901:com.android.launcher) producerControlledByApp=true
I/BufferQueue(  174): [com.android.launcher/com.android.launcher2.Launcher](this:0xb893ba88,id:275,api:1,p:901,c:174) new GraphicBuffer needed
D/BufferQueue(  174):     [OLD] gb:NULL
I/GraphicBuffer(  174): allocate buffer (w:608 h:976 f:1) handle(0xb892aae0) err(0)
W/GraphicBufferExtra_hal(  174): gralloc extra device setBufInfo(...) is not supported
I/BufferQueue(  174):     [NEW] gb=0xb8929e38, handle=0xb892aae0, w=600, h=976, s=608, f=0x1, u=0x00000f02
D/GraphicBuffer(  901): create handle(0x5fe0f670) (w:608, h:976, f:1)
D/BufferQueue(  174): [com.android.launcher/com.android.launcher2.Launcher](this:0xb893ba88,id:275,api:1,p:901,c:174) cancelBuffer: slot=0
I/MaliEGL (  901): [Mali]surface->num_buffers=4, surface->num_frames=3, win_min_undequeued=1
I/MaliEGL (  901): [Mali]max_allowed_dequeued_buffers=3
I/BufferQueue(  174): [com.android.launcher/com.android.launcher2.Launcher](this:0xb893ba88,id:275,api:1,p:901,c:174) setBufferCount: count=4
I/GraphicBuffer(  174): free buffer (w:608 h:976 f:1) handle(0xb892aae0)
I/BufferQueue(  174): [com.android.launcher/com.android.launcher2.Launcher](this:0xb893ba88,id:275,api:1,p:901,c:174) getReleasedBuffers: returning mask 0xffffffff
D/GraphicBuffer(  901): close handle(0x5fe0f670) (w:608 h:976 f:1)
I/BufferQueue(  174): [com.android.launcher/com.android.launcher2.Launcher](this:0xb893ba88,id:275,api:1,p:901,c:174) new GraphicBuffer needed
D/BufferQueue(  174):     [OLD] gb:NULL
I/GraphicBuffer(  174): allocate buffer (w:976 h:600 f:1) handle(0xb892aae0) err(0)
W/GraphicBufferExtra_hal(  174): gralloc extra device setBufInfo(...) is not supported
I/BufferQueue(  174):     [NEW] gb=0xb88f31d8, handle=0xb892aae0, w=976, h=600, s=976, f=0x1, u=0x00000f02
D/GraphicBuffer(  901): create handle(0x5fe0f670) (w:976, h:600, f:1)
D/OpenGLRenderer(  901): setViewport 600x976 <0x5f975078>
W/ResourceType(  901): No known package when getting name for resource number 0x9c020000
W/ResourceType(  901): No known package when getting name for resource number 0x9c020000
W/ResourceType(  901): No known package when getting name for resource number 0x9c020103
W/ResourceType(  901): No known package when getting name for resource number 0x9c020103
W/ResourceType(  901): No known package when getting name for resource number 0x9c020304
W/ResourceType(  901): No known package when getting name for resource number 0x9c020304
W/ResourceType(  901): No known package when getting name for resource number 0x9c020404
W/ResourceType(  901): No known package when getting name for resource number 0x9c020404
W/ResourceType(  901): No known package when getting name for resource number 0x9c020005
W/ResourceType(  901): No known package when getting name for resource number 0x9c020005
W/ResourceType(  901): No known package when getting name for resource number 0x9c020105
W/ResourceType(  901): No known package when getting name for resource number 0x9c020105
W/ResourceType(  901): No known package when getting name for resource number 0x9c020405
W/ResourceType(  901): No known package when getting name for resource number 0x9c020405
W/ResourceType(  901): No known package when getting name for resource number 0x9c020205
W/ResourceType(  901): No known package when getting name for resource number 0x9c020205
W/ResourceType(  901): No known package when getting name for resource number 0x9b020200
W/ResourceType(  901): No known package when getting name for resource number 0x9b040400
W/ResourceType(  901): No known package when getting name for resource number 0x9b050500
W/ResourceType(  901): No known package when getting name for resource number 0x9b060600
V/WallpaperService(  759): Visibility change in com.android.systemui.ImageWallpaper$DrawableEngine@41e2c070: 1
V/WallpaperService(  759): onVisibilityChanged(true): com.android.systemui.ImageWallpaper$DrawableEngine@41e2c070
V/WallpaperService(  759): Offsets change in com.android.systemui.ImageWallpaper$DrawableEngine@41e2c070: 0.0,0.0
I/libPerfService(  694): 1: set: 1
E/        (  694): Could not open '/data/data/hotplug/cmd'
E/        (  694): error : 2, No such file or directory
D/ActivityManager(  694): ACT-isFrontStack(), stack is back : ActivityStack{4260c920 stackId=21, 1 tasks}
D/ActivityManager(  694): ACT-isFrontStack(), stack is HomeStack and mStackState : STACK_STATE_HOME_IN_FRONT
D/PowerManagerService(  694): releaseWakeLockInternal: lock=1106232288 [ActivityManager-Launch], flags=0x0, total_time=814ms
D/PowerManagerNotifier(  694): onWakeLockReleased: flags=1, tag="ActivityManager-Launch", packageName=android, ownerUid=1000, ownerPid=694, workSource=null
W/MALI    (  174): MTK_AUX_isMTKFormat:168: int MTK_AUX_isMTKFormat(ANativeWindowBuffer_t*): format=1
D/PowerManagerService(  694): updateWakeLockSummaryLocked: mWakefulness=Awake, mWakeLockSummary=0x0
D/PowerManagerService(  694): newScreenState = 2
D/PowerManagerService(  694): updateScreenStateLocked: mScreenBrightnessModeSetting=0, autoBrightness=false, ecoBrightness=false, screenAutoBrightnessAdjustment=0.0, screenBrightness=255
D/PowerManagerDisplayController(  694): requestPowerState: screenState=2, useProximitySensor=false, forceProximitySensorEnable=false, forceWakeUpEnable=false, screenBrightness=255, screenAutoBrightnessAdjustment=0.0, useAutoBrightness=false, useEcoBrightness=false, blockScreenOn=false, waitForNegativeProximity=false
I/PowerManagerService(  694): setBrightness mButtonLight 0.
D/PowerManagerService(  694): updateScreenStateLocked: mDisplayReady=true, newScreenState=2, mWakefulness=1, mWakeLockSummary=0x0, mUserActivitySummary=0x1, mBootCompleted=true
D/PowerManagerService(  694): Releasing suspend blocker "PowerManagerService.WakeLocks".
V/ActivityManager(  694): ensureActivitiesVisibleLocked: consider front
D/ActivityManager(  694): ACT-isFrontStack(), stack is back : ActivityStack{4260c920 stackId=21, 1 tasks}
D/ActivityManager(  694): ACT-isFrontStack(), stack is HomeStack and mStackState : STACK_STATE_HOME_IN_FRONT
D/ActivityManager(  694): ACT-isFrontStack(), stack is HomeStack and mStackState : STACK_STATE_HOME_IN_FRONT
V/ActivityManager(  694): ensureActivitiesVisibleLocked: consider back
D/PowerManagerService(  694): handleSandman: canDream=true, mWakefulness=Awake
D/ActivityManager(  694): ACT-isFrontStack(), stack is back : ActivityStack{4260c920 stackId=21, 1 tasks}
D/ActivityManager(  694): ACT-isFrontStack(), stack is HomeStack and mStackState : STACK_STATE_HOME_IN_FRONT
D/ActivityManager(  694): ACT-isFrontStack(), stack is HomeStack and mStackState : STACK_STATE_HOME_IN_FRONT
D/NetworkPolicy(  694): onRecv: MSG_FOREGROUND_ACTIVITIES_CHANGED pid:uid:act=11463:10025:false
V/NetworkStats(  694): setKernelCounterSet uid=10025 set=0
D/ConnectivityService(  694): onUidRulesChanged(uid=10025, uidRules=0)
I/SurfaceFlinger(  174): [Built-in Screen (type:0)] fps:49.271469,dur:1014.79,max:84.64,min:13.38
I/BufferQueue(  174): [FrameBufferSurface_0](this:0xb88e6740,id:0,api:1,p:174,c:174) [release] fps:51.25, dur:1014.67, max:84.64, min:13.39
I/BufferQueue(  174): [FrameBufferSurface_0](this:0xb88e6740,id:0,api:1,p:174,c:174) [queue] fps:51.24, dur:1014.79, max:84.64, min:13.39
I/BufferQueue(  174): [Application Error: com.crazyj36.avoidmeteors](this:0xb893c0f0,id:274,api:2,p:694,c:174) new GraphicBuffer needed
D/BufferQueue(  174):     [OLD] gb:NULL
I/GraphicBuffer(  174): allocate buffer (w:480 h:127 f:1) handle(0xb88f5240) err(0)
W/GraphicBufferExtra_hal(  174): gralloc extra device setBufInfo(...) is not supported
I/BufferQueue(  174):     [NEW] gb=0xb8904e68, handle=0xb88f5240, w=466, h=127, s=480, f=0x1, u=0x00000933
D/GraphicBuffer(  694): create handle(0x5c6461d0) (w:480, h:127, f:1)
W/MALI    (  174): MTK_AUX_isMTKFormat:168: int MTK_AUX_isMTKFormat(ANativeWindowBuffer_t*): format=1
I/GLConsumer(  174): [Application Error: com.crazyj36.avoidmeteors](this:0xb8941fb8,api:2) [void* android::GLConsumer::createImage(EGLDisplay, const android::sp<android::GraphicBuffer>&, const android::Rect&)]
D/GLConsumer(  174):     GraphicBuffer: gb=0xb8904e68 handle=0xb88f5240 fmt=1
D/GLConsumer(  174):     EGLImage: dpy=0x1, img=0x1000000d
I/BufferQueue(  174): [com.android.launcher/com.android.launcher2.Launcher](this:0xb893ba88,id:275,api:1,p:901,c:174) new GraphicBuffer needed
D/BufferQueue(  174):     [OLD] gb:NULL
I/GraphicBuffer(  174): allocate buffer (w:976 h:600 f:1) handle(0xb8941dd0) err(0)
W/GraphicBufferExtra_hal(  174): gralloc extra device setBufInfo(...) is not supported
I/BufferQueue(  174):     [NEW] gb=0xb88f2f08, handle=0xb8941dd0, w=976, h=600, s=976, f=0x1, u=0x00000f02
D/GraphicBuffer(  901): create handle(0x5fc00ed0) (w:976, h:600, f:1)
W/InputReader(  694): outer ID:0, tracking ID:1, pointer count:16
W/InputReader(  694): inCount:16, pointer count:1
D/InputReader(  694): AP_PROF:AppLaunch_dispatchPtr:Down:15038632, ID:0, Index:1630490464
I/AP_PROF (  694): unable to open /proc/mtprof/status entry
D/PowerManagerService(  694): userActivityFromNative
D/PowerManagerService(  694): userActivityNoUpdateLocked: eventTime=15038632, event=2, flags=0x0, uid=1000
D/PowerManagerNotifier(  694): onUserActivity: event=2, uid=1000
D/PowerManagerService(  694): updateUserActivitySummaryLocked: mWakefulness=Awake, mUserActivitySummary=0x1, nextTimeout=16831632 (in 1792998 ms)
D/PowerManagerService(  694): newScreenState = 2
D/PowerManagerService(  694): updateScreenStateLocked: mScreenBrightnessModeSetting=0, autoBrightness=false, ecoBrightness=false, screenAutoBrightnessAdjustment=0.0, screenBrightness=255
D/PowerManagerDisplayController(  694): requestPowerState: screenState=2, useProximitySensor=false, forceProximitySensorEnable=false, forceWakeUpEnable=false, screenBrightness=255, screenAutoBrightnessAdjustment=0.0, useAutoBrightness=false, useEcoBrightness=false, blockScreenOn=false, waitForNegativeProximity=false
I/PowerManagerService(  694): setBrightness mButtonLight 0.
D/PowerManagerService(  694): updateScreenStateLocked: mDisplayReady=true, newScreenState=2, mWakefulness=1, mWakeLockSummary=0x0, mUserActivitySummary=0x1, mBootCompleted=true
D/PowerManagerService(  694): handleSandman: canDream=true, mWakefulness=Awake
I/View    (  694): Touch down dispatch to android.widget.Button{42aa0380 VFED..C. ......I. 0,0-434,54 #1020019 android:id/button1}, event = MotionEvent { action=ACTION_DOWN, id[0]=0, x[0]=196.21951, y[0]=34.705444, toolType[0]=TOOL_TYPE_FINGER, buttonState=0, metaState=0, flags=0x0, edgeFlags=0x0, pointerCount=1, historySize=0, eventTime=15038632, downTime=15038632, deviceId=3, source=0x1002 }
I/BufferQueue(  174): [Application Error: com.crazyj36.avoidmeteors](this:0xb893c0f0,id:274,api:2,p:694,c:174) new GraphicBuffer needed
D/BufferQueue(  174):     [OLD] gb:NULL
I/GraphicBuffer(  174): allocate buffer (w:480 h:127 f:1) handle(0xb891b388) err(0)
W/GraphicBufferExtra_hal(  174): gralloc extra device setBufInfo(...) is not supported
I/BufferQueue(  174):     [NEW] gb=0xb893cb70, handle=0xb891b388, w=466, h=127, s=480, f=0x1, u=0x00000933
D/GraphicBuffer(  694): create handle(0x62d818c0) (w:480, h:127, f:1)
I/BufferQueue(  174): [Application Error: com.crazyj36.avoidmeteors](this:0xb893c0f0,id:274,api:2,p:694,c:174) [queue] fps:1.77, dur:1130.59, max:859.46, min:271.14
W/InputReader(  694): outer ID:0, tracking ID:1, pointer count:16
W/InputReader(  694): inCount:16, pointer count:1
W/MALI    (  174): MTK_AUX_isMTKFormat:168: int MTK_AUX_isMTKFormat(ANativeWindowBuffer_t*): format=1
I/GLConsumer(  174): [Application Error: com.crazyj36.avoidmeteors](this:0xb8941fb8,api:2) [void* android::GLConsumer::createImage(EGLDisplay, const android::sp<android::GraphicBuffer>&, const android::Rect&)]
D/GLConsumer(  174):     GraphicBuffer: gb=0xb893cb70 handle=0xb891b388 fmt=1
D/GLConsumer(  174):     EGLImage: dpy=0x1, img=0x1000000e
W/InputReader(  694): outer ID:0, tracking ID:1, pointer count:16
W/InputReader(  694): inCount:16, pointer count:1
W/InputReader(  694): outer ID:0, tracking ID:1, pointer count:16
W/InputReader(  694): inCount:16, pointer count:1
W/InputReader(  694): outer ID:0, tracking ID:1, pointer count:16
W/InputReader(  694): inCount:16, pointer count:1
W/InputReader(  694): outer ID:0, tracking ID:1, pointer count:16
W/InputReader(  694): inCount:16, pointer count:1
W/InputReader(  694): inCount:16, pointer count:0
D/InputReader(  694): AP_PROF:AppLaunch_dispatchPtr:Up:15038746, ID:0, Index:1630491760
I/View    (  694): Touch up dispatch to android.widget.Button{42aa0380 VFED..C. ...P..I. 0,0-434,54 #1020019 android:id/button1}, event = MotionEvent { action=ACTION_UP, id[0]=0, x[0]=196.21951, y[0]=34.705444, toolType[0]=TOOL_TYPE_FINGER, buttonState=0, metaState=0, flags=0x0, edgeFlags=0x0, pointerCount=1, historySize=0, eventTime=15038746, downTime=15038632, deviceId=3, source=0x1002 }
V/Provider/Settings(  694): get setting for user 0 by user 0 so skipping cache
V/Provider/Settings(  694):  from settings cache , name = sound_effects_enabled , value = 0
W/InputReader(  694): inCount:16, pointer count:0
W/InputReader(  694): inCount:16, pointer count:0
V/WindowManager(  694): Changing focus from Window{4223cb80 u0 Application Error: com.crazyj36.avoidmeteors EXITING} to Window{420db1c0 u0 com.android.launcher/com.android.launcher2.Launcher} Callers=com.android.server.wm.WindowManagerService.removeWindowLocked:2831 com.android.server.wm.WindowManagerService.removeWindow:2770 com.android.server.wm.Session.remove:182 android.view.ViewRootImpl.dispatchDetachedFromWindow:3256 
D/WindowManager(  694): setLastInputMethodWindowLw ime = null, target = null
D/PhoneStatusBar(  759): setSystemUiVisibility vis=400 mask=ffffffff oldVal=0 newVal=400 diff=400
I/WindowManager(  694): Gaining focus: Window{420db1c0 u0 com.android.launcher/com.android.launcher2.Launcher}
W/StatusBarManagerService(  694):  StatusBarManagerService false
W/StatusBarManagerService(  694):  StatusBarManagerService mBar != null 
I/WindowManager(  694): Losing focus: Window{4223cb80 u0 Application Error: com.crazyj36.avoidmeteors EXITING}
I/Process (11463): Sending signal. PID: 11463 SIG: 9
W/CommandQueue (  759):  CommandQueue flag =  false
V/InputMethodManager(  901): onWindowFocus: null softInputMode=32 first=true flags=#1910100
W/InputReader(  694): inCount:16, pointer count:0
V/InputMethodManagerService(  694): windowGainedFocus: android.os.BinderProxy@425f8f08 controlFlags=#4 softInputMode=#20 windowFlags=#1910100
W/InputMethodManagerService(  694): Window already focused, ignoring focus gain of: com.android.internal.view.IInputMethodClient$Stub$Proxy@421cc6f8 attribute=null, token = android.os.BinderProxy@42246680
D/IPCThreadState(  694): [DN #5] BR_DEAD_BINDER cookie 0x640b5518
D/IPCThreadState(  694): [DN #5] BR_DEAD_BINDER cookie 0x62d322f0
D/IPCThreadState(  694): [DN #5] BR_CLEAR_DEATH_NOTIFICATION_DONE cookie 0x640b5518
D/IPCThreadState(  694): [DN #5] BR_DEAD_BINDER cookie 0x635af1a0
D/DisplayManagerService(  694): Display listener for pid 11463 died.
D/IPCThreadState(  694): [DN #5] BR_CLEAR_DEATH_NOTIFICATION_DONE cookie 0x635af1a0
I/ActivityManager(  694): Process com.crazyj36.avoidmeteors (pid 11463) has died.
D/ActivityManager(  694): ACT-isFrontStack(), stack is back : ActivityStack{4260c920 stackId=21, 1 tasks}
D/MwActivityMonitor(  694): removeMonitor ActivityRecord{42498420 u0 com.crazyj36.avoidmeteors/.MainActivity t41 f}
D/ActivityManager(  694): ACT-isFrontStack(), stack is HomeStack and mStackState : STACK_STATE_HOME_IN_FRONT
D/ActivityManager(  694): ACT-isFrontStack(), stack is HomeStack and mStackState : STACK_STATE_HOME_IN_FRONT
I/BufferQueue(  174): [DimLayer](this:0xb88efa60,id:272,api:0,p:-1,c:-1) consumerDisconnect
I/BufferQueue(  174): [DimLayer](this:0xb8933a88,id:271,api:0,p:-1,c:-1) consumerDisconnect
I/BufferQueue(  174): [DimLayer](this:0xb88efa60,id:272,api:0,p:-1,c:-1) ~BufferQueue
I/BufferQueue(  174): [DimLayer](this:0xb8933a88,id:271,api:0,p:-1,c:-1) ~BufferQueue
D/GraphicBuffer(  694): close handle(0x6599eda0) (w:608 h:976 f:1)
I/BufferQueue(  174): [Starting com.crazyj36.avoidmeteors](this:0xb891d570,id:273,api:2,p:-1,c:174) disconnect: api=2
I/BufferQueue(  174): [Starting com.crazyj36.avoidmeteors](this:0xb891d570,id:273,api:0,p:-1,c:174) getReleasedBuffers: returning mask 0xffffffff
I/GLConsumer(  174): [Starting com.crazyj36.avoidmeteors](this:0xb8941808,api:0) destroying EGLImage dpy=0x1 img=0x10000006
I/GraphicBuffer(  174): free buffer (w:608 h:976 f:1) handle(0xb891bba8)
I/GLConsumer(  174): [Starting com.crazyj36.avoidmeteors](this:0xb8941808,api:0) destroying EGLImage dpy=0x1 img=0x10000007
D/GraphicBuffer(  694): close handle(0x64502b28) (w:608 h:976 f:1)
D/SurfaceFlinger(  174): SurfaceFlingerWatchdog:ERROR: open /dev/RT_Monitor failed.
D/IPCThreadState(  694): [DN #5] BR_CLEAR_DEATH_NOTIFICATION_DONE cookie 0x62d322f0
I/BufferQueue(  174): [Starting com.crazyj36.avoidmeteors](this:0xb891d570,id:273,api:0,p:-1,c:-1) consumerDisconnect
I/GraphicBuffer(  174): free buffer (w:608 h:976 f:1) handle(0xb88fe018)
I/BufferQueue(  174): [Starting com.crazyj36.avoidmeteors](this:0xb891d570,id:273,api:0,p:-1,c:-1) ~BufferQueue
D/WifiStateMachine(  694): ConnectedState{ when=-2ms what=131155 arg1=6 target=com.android.internal.util.StateMachine$SmHandler target=Handler (com.android.internal.util.StateMachine$SmHandler) {41f03a88} }
D/WifiStateMachine(  694): L2ConnectedState{ when=-3ms what=131155 arg1=6 target=com.android.internal.util.StateMachine$SmHandler target=Handler (com.android.internal.util.StateMachine$SmHandler) {41f03a88} }
D/WifiHW  (  694): enter -->wifi_send_command cmd=IFNAME=wlan0 SIGNAL_POLL
D/wpa_supplicant(  832): RX ctrl_iface - hexdump(len=11): 53 49 47 4e 41 4c 5f 50 4f 4c 4c
D/wpa_supplicant(  832): wlan0: Control interface command 'SIGNAL_POLL'
D/wpa_supplicant(  832): nl80211: survey data missing!
D/WifiHW  (  694): leave --> reply=RSSI=-36
D/WifiHW  (  694): LINKSPEED=65
D/WifiHW  (  694): NOISE=9999
D/WifiHW  (  694): FREQUENCY=2437
D/WifiHW  (  694): 
D/wifi    (  694): doStringCommand, buf IFNAME=wlan0 SIGNAL_POLL
I/WifiStateMachine(  694): fetchRssiAndLinkSpeedNative, newRssi:-36, newLinkSpeed:65, SSID:"DONTDOIT-2G"
D/GraphicBuffer(  694): close handle(0x5c6461d0) (w:480 h:127 f:1)
D/GraphicBuffer(  694): close handle(0x62d818c0) (w:480 h:127 f:1)
I/BufferQueue(  174): [Application Error: com.crazyj36.avoidmeteors](this:0xb893c0f0,id:274,api:2,p:-1,c:174) disconnect: api=2
I/BufferQueue(  174): [Application Error: com.crazyj36.avoidmeteors](this:0xb893c0f0,id:274,api:0,p:-1,c:174) getReleasedBuffers: returning mask 0xffffffff
I/GLConsumer(  174): [Application Error: com.crazyj36.avoidmeteors](this:0xb8941fb8,api:0) destroying EGLImage dpy=0x1 img=0x10000008
I/GLConsumer(  174): [Application Error: com.crazyj36.avoidmeteors](this:0xb8941fb8,api:0) destroying EGLImage dpy=0x1 img=0x1000000d
I/GraphicBuffer(  174): free buffer (w:480 h:127 f:1) handle(0xb88f5240)
I/GLConsumer(  174): [Application Error: com.crazyj36.avoidmeteors](this:0xb8941fb8,api:0) destroying EGLImage dpy=0x1 img=0x1000000e
I/GraphicBuffer(  174): free buffer (w:480 h:127 f:1) handle(0xb891b388)
D/IPCThreadState(  174): [DN #5] BR_CLEAR_DEATH_NOTIFICATION_DONE cookie 0xb8933938
D/GraphicBuffer(  694): close handle(0x5c63cc98) (w:480 h:127 f:1)
I/BufferQueue(  174): [Application Error: com.crazyj36.avoidmeteors](this:0xb893c0f0,id:274,api:0,p:-1,c:-1) consumerDisconnect
I/GraphicBuffer(  174): free buffer (w:480 h:127 f:1) handle(0xb8927bb0)
I/BufferQueue(  174): [Application Error: com.crazyj36.avoidmeteors](this:0xb893c0f0,id:274,api:0,p:-1,c:-1) ~BufferQueue
