I/BufferQueue(  691): [ScreenshotClient](this:0x64cf1840,id:84,api:1,p:177,c:691) new GraphicBuffer needed
D/BufferQueue(  691):     [OLD] gb:NULL
I/GraphicBuffer(  177): allocate buffer (w:208 h:341 f:1) handle(0xb7d00c78) err(0)
D/GraphicBuffer(  691): create handle(0x64cf1ea8) (w:208, h:341, f:1)
W/GraphicBufferExtra_hal(  691): gralloc extra device setBufInfo(...) is not supported
I/BufferQueue(  691):     [NEW] gb=0x63076bc8, handle=0x64cf1ea8, w=200, h=341, s=208, f=0x1, u=0x00000333
I/GraphicBuffer(  177): free buffer (w:208 h:341 f:1) handle(0xb7d00c78)
D/GraphicBuffer(  177): create handle(0xb7d00c78) (w:208, h:341, f:1)
W/MALI    (  177): MTK_AUX_isMTKFormat:168: int MTK_AUX_isMTKFormat(ANativeWindowBuffer_t*): format=1
W/MALI    (  177): MTK_AUX_isMTKFormat:168: int MTK_AUX_isMTKFormat(ANativeWindowBuffer_t*): format=1
W/AES     (  691): Exception Log handling...
D/GraphicBuffer(  177): close handle(0xb7d00c78) (w:208 h:341 f:1)
I/BufferQueue(  691): [ScreenshotClient](this:0x64cf1840,id:84,api:1,p:-1,c:691) disconnect: api=1
I/BufferQueue(  691): [ScreenshotClient](this:0x64cf1840,id:84,api:0,p:-1,c:691) getReleasedBuffers: returning mask 0xffffffff
D/IPCThreadState(  691): [DN #5] BR_CLEAR_DEATH_NOTIFICATION_DONE cookie 0x635f33d8
D/GraphicBuffer(  691): close handle(0x64cf1ea8) (w:208 h:341 f:1)
I/BufferQueue(  691): [ScreenshotClient](this:0x64cf1840,id:84,api:0,p:-1,c:-1) consumerDisconnect
D/dalvikvm(  691): GC_FOR_ALLOC freed 2342K (23201), 25% free 12704K/16828K, paused 84ms, total 84ms
I/BufferQueue(  691): [ScreenshotClient](this:0x64cf1840,id:84,api:0,p:-1,c:-1) ~BufferQueue
D/PowerManagerService(  691): acquireWakeLockInternal: lock=1106374536, flags=0x1, tag="ActivityManager-Launch", ws=null, uid=1000, pid=691
D/PowerManagerService(  691): updateWakeLockSummaryLocked: mWakefulness=Awake, mWakeLockSummary=0x1
D/PowerManagerService(  691): newScreenState = 2
D/PowerManagerService(  691): updateScreenStateLocked: mScreenBrightnessModeSetting=0, autoBrightness=false, ecoBrightness=false, screenAutoBrightnessAdjustment=0.0, screenBrightness=255
D/PowerManagerDisplayController(  691): requestPowerState: screenState=2, useProximitySensor=false, forceProximitySensorEnable=false, forceWakeUpEnable=false, screenBrightness=255, screenAutoBrightnessAdjustment=0.0, useAutoBrightness=false, useEcoBrightness=false, blockScreenOn=false, waitForNegativeProximity=false
I/PowerManagerService(  691): setBrightness mButtonLight 0.
D/PowerManagerService(  691): updateScreenStateLocked: mDisplayReady=true, newScreenState=2, mWakefulness=1, mWakeLockSummary=0x1, mUserActivitySummary=0x1, mBootCompleted=true
D/PowerManagerService(  691): handleSandman: canDream=true, mWakefulness=Awake
V/Provider/Settings(  691): get setting for user 0 by user 0 so skipping cache
V/Provider/Settings(  691):  from settings cache , name = anr_show_background , value = null
V/ActivityManager(  691): Broadcast: Intent { act=android.intent.action.DROPBOX_ENTRY_ADDED flg=0x10 (has extras) } ordered=false userid=0 callerApp=ProcessRecord{41f8f3c8 691:system/1000}
D/WifiStateMachine(  691): ConnectedState{ when=-3ms what=131155 arg1=46 target=com.android.internal.util.StateMachine$SmHandler target=Handler (com.android.internal.util.StateMachine$SmHandler) {41ed0250} }
D/WifiStateMachine(  691): L2ConnectedState{ when=-3ms what=131155 arg1=46 target=com.android.internal.util.StateMachine$SmHandler target=Handler (com.android.internal.util.StateMachine$SmHandler) {41ed0250} }
D/WifiHW  (  691): enter -->wifi_send_command cmd=IFNAME=wlan0 SIGNAL_POLL
D/wpa_supplicant(  851): RX ctrl_iface - hexdump(len=11): 53 49 47 4e 41 4c 5f 50 4f 4c 4c
D/wpa_supplicant(  851): wlan0: Control interface command 'SIGNAL_POLL'
D/wpa_supplicant(  851): nl80211: survey data missing!
D/WifiHW  (  691): leave --> reply=RSSI=-37
D/WifiHW  (  691): LINKSPEED=65
D/WifiHW  (  691): NOISE=9999
D/WifiHW  (  691): FREQUENCY=2437
D/WifiHW  (  691): 
D/wifi    (  691): doStringCommand, buf IFNAME=wlan0 SIGNAL_POLL
I/WifiStateMachine(  691): fetchRssiAndLinkSpeedNative, newRssi:-37, newLinkSpeed:65, SSID:"DONTDOIT-2G"
V/WindowManager(  691): Changing focus from null to Window{4226ac10 u0 Application Error: com.crazyj36.avoidmeteors} Callers=com.android.server.wm.WindowManagerService.addWindow:2726 com.android.server.wm.Session.addToDisplay:163 android.view.ViewRootImpl.setView:611 android.view.WindowManagerGlobal.addView:261 
I/WindowManager(  691): Gaining focus: Window{4226ac10 u0 Application Error: com.crazyj36.avoidmeteors}
W/StatusBarManagerService(  691):  StatusBarManagerService false
W/StatusBarManagerService(  691):  StatusBarManagerService mBar != null 
W/CommandQueue (  754):  CommandQueue flag =  false
D/ActivityThread(19917): BDC-Calling onReceive: intent=Intent { act=android.intent.action.DROPBOX_ENTRY_ADDED flg=0x10 cmp=com.google.android.gms/.stats.service.DropBoxEntryAddedReceiver (has extras) }, ordered=true, receiver=com.google.android.gms.stats.service.DropBoxEntryAddedReceiver@42615110
D/AES     (  691): ExceptionLog: notify aed
D/AES     (  691):     process : com.crazyj36.avoidmeteors
D/AES     (  691):      module : com.crazyj36.avoidmeteors v1 (1.0)
D/AES     (  691): 
D/AES     (  691):       cause : data_app_crash
D/AES     (  691):       pid : 20757
D/AEE/LIBAEE(  691): shell: raise_exp(2, 20757, -1361051648, com.crazyj36.avoidmeteors, 0x0x64b86008, 0x0x0)
D/AEE/AED (  167): $===AEE===AEE===AEE===$
D/AEE/AED (  167): p 0 poll events 1 revents 0
D/AEE/AED (  167): not know revents:0
D/AEE/AED (  167): p 1 poll events 1 revents 1
D/AEE/AED (  167): aed_main_fork_worker: generator 0x3910b8, worker 0xbeae2898, recv_fd 15
D/AEE/AED (  167): p 2 poll events 1 revents 0
D/AEE/AED (  167): not know revents:0
D/AEE/AED (  167): p 3 poll events 1 revents 0
D/AEE/AED (  167): not know revents:0
D/AEE/AED (  167): p 4 poll events 1 revents 0
D/AEE/AED (  167): not know revents:0
D/AEE/LIBAEE(  691): shell: connected with AED OK
D/AEE/AED (20771): read success, handling msg (Ind, AE_IND_EXP_RAISED)
I/DEBUG   (20771): [OnPurpose Redunant in preset_info] pid: 20757, tid: -1361051648, name: UNKNOWN  >>> com.crazyj36.avoidmeteors <<<
V/AEE/AED (20771): dashboard_record_update() : rec->module = com.crazyj36.avoidmeteors 
D/AEE/AED (20771): Skip duplicated exception ! 
D/AEE/AED (20771): Exception Class: 2 
D/AEE/AED (20771): Module: com.crazyj36.avoidmeteors 
D/AEE/AED (20771): Count: 3 
D/AEE/AED (20771): Last exception time: 1644563071 
D/AEE/AED (20771):  
V/AEE/AED (20771): process session - skipped 
D/AEE/AED (  167): $===AEE===AEE===AEE===$
D/AEE/AED (  167): p 0 poll events 1 revents 0
D/AEE/AED (  167): not know revents:0
D/AEE/AED (  167): p 1 poll events 1 revents 0
D/AEE/AED (  167): not know revents:0
D/AEE/AED (  167): p 2 poll events 1 revents 0
D/AEE/AED (  167): not know revents:0
D/AEE/AED (  167): p 3 poll events 1 revents 0
D/AEE/AED (  167): not know revents:0
D/AEE/AED (  167): p 4 poll events 1 revents 0
D/AEE/AED (  167): not know revents:0
D/AEE/LIBAEE(  691): shell: got the request (cmd:Ind,AE_IND_LOG_CLOSE)
D/AEE/LIBAEE(  691): shell: Got session close ind from AED
D/dalvikvm(  691): threadid=79: exiting
D/dalvikvm(  691): threadid=79: bye!
D/ActivityThread(19917): BDC-RECEIVER handled : 0 / ReceiverData{intent=Intent { act=android.intent.action.DROPBOX_ENTRY_ADDED flg=0x10 cmp=com.google.android.gms/.stats.service.DropBoxEntryAddedReceiver (has extras) } packageName=com.google.android.gms resultCode=-1 resultData=null resultExtras=null}
D/ActivityThread(19917): SVC-Creating service: CreateServiceData{token=android.os.BinderProxy@421a2de8 className=com.google.android.gms.stats.service.DropBoxEntryAddedService packageName=com.google.android.gms intent=null}
D/dalvikvm(19917): create interp thread : stack size=128KB
D/dalvikvm(19917): create new thread
D/dalvikvm(19917): new thread created
D/dalvikvm(19917): update thread list
D/dalvikvm(19917): threadid=18: interp stack at 0x63385000
D/dalvikvm(19917): init ref table
D/dalvikvm(19917): init mutex
D/dalvikvm(19917): threadid=18: created from interp
D/dalvikvm(19917): start new thread
D/dalvikvm(19917): threadid=18: notify debugger
D/dalvikvm(19917): threadid=18 (IntentService[DropBoxEntryAddedChimeraService]): calling run()
I/BufferQueue(  177): [unnamed-177-412](this:0xb7ce4e18,id:412,api:0,p:-1,c:-1) BufferQueue
I/BufferQueue(  177): [unnamed-177-412](this:0xb7ce4e18,id:412,api:0,p:-1,c:177) consumerConnect consumer=(177:/system/bin/surfaceflinger) controlledByApp=false
I/BufferQueue(  177): [unnamed-177-412](this:0xb7ce4e18,id:412,api:0,p:-1,c:177) setConsumerName: unnamed-177-412
I/GLConsumer(  177): [unnamed-177-412](this:0xb7cd7510,api:0) GLConsumer
I/BufferQueue(  177): [Application Error: com.crazyj36.avoidmeteors](this:0xb7ce4e18,id:412,api:0,p:-1,c:177) setConsumerName: Application Error: com.crazyj36.avoidmeteors
I/BufferQueue(  177): [Application Error: com.crazyj36.avoidmeteors](this:0xb7ce4e18,id:412,api:0,p:-1,c:177) setDefaultBufferSize: w=1, h=1
D/ActivityThread(19917): SVC-CREATE_SERVICE handled : 0 / CreateServiceData{token=android.os.BinderProxy@421a2de8 className=com.google.android.gms.stats.service.DropBoxEntryAddedService packageName=com.google.android.gms intent=null}
D/ActivityThread(19917): SVC-Calling onStartCommand: com.google.android.gms.stats.service.DropBoxEntryAddedService@4250bb20, flags=0, startId=1
I/BufferQueue(  177): [Application Error: com.crazyj36.avoidmeteors](this:0xb7ce4e18,id:412,api:0,p:-1,c:177) setDefaultBufferSize: w=466, h=127
D/ActivityThread(19917): SVC-SERVICE_ARGS handled : 0 / ServiceArgsData{token=android.os.BinderProxy@421a2de8 startId=1 args=Intent { act=com.google.android.gms.stats.ACTION_UPLOAD_DROPBOX_ENTRIES pkg=com.google.android.gms (has extras) }}
D/ActivityThread(19917): BDC-Calling onReceive: intent=Intent { act=android.intent.action.DROPBOX_ENTRY_ADDED flg=0x10 cmp=com.google.android.gms/.chimera.GmsIntentOperationService$PersistentTrustedReceiver (has extras) }, ordered=true, receiver=com.google.android.gms.chimera.GmsIntentOperationService$PersistentTrustedReceiver@425cd958
I/BufferQueue(  177): [Application Error: com.crazyj36.avoidmeteors](this:0xb7ce4e18,id:412,api:0,p:691,c:177) connect: api=2 producer=(691:system_server) producerControlledByApp=false
I/BufferQueue(  177): [Application Error: com.crazyj36.avoidmeteors](this:0xb7ce4e18,id:412,api:2,p:691,c:177) new GraphicBuffer needed
D/BufferQueue(  177):     [OLD] gb:NULL
I/GraphicBuffer(  177): allocate buffer (w:480 h:127 f:1) handle(0xb7cf0510) err(0)
W/GraphicBufferExtra_hal(  177): gralloc extra device setBufInfo(...) is not supported
I/BufferQueue(  177):     [NEW] gb=0xb7cdd668, handle=0xb7cf0510, w=466, h=127, s=480, f=0x1, u=0x00000933
D/GraphicBuffer(  691): create handle(0x6322f658) (w:480, h:127, f:1)
D/ActivityThread(19838): SVC-Creating service: CreateServiceData{token=android.os.BinderProxy@42610fa8 className=com.google.android.gms.chimera.GmsIntentOperationService packageName=com.google.android.gms intent=null}
V/Provider/Settings(19917): get setting for user 0 by user 0 so skipping cache
V/Provider/Settings(19917):  from settings cache , name = multi_cb , value = null
D/ActivityThread(19917): BDC-RECEIVER handled : 0 / ReceiverData{intent=Intent { act=android.intent.action.DROPBOX_ENTRY_ADDED flg=0x10 cmp=com.google.android.gms/.chimera.GmsIntentOperationService$PersistentTrustedReceiver (has extras) } packageName=com.google.android.gms resultCode=0 resultData=null resultExtras=null}
D/ActivityThread(19838): SVC-CREATE_SERVICE handled : 0 / CreateServiceData{token=android.os.BinderProxy@42610fa8 className=com.google.android.gms.chimera.GmsIntentOperationService packageName=com.google.android.gms intent=null}
D/ActivityThread(19838): SVC-Calling onStartCommand: com.google.android.gms.chimera.GmsIntentOperationService@42611a68, flags=0, startId=1
W/MALI    (  177): MTK_AUX_isMTKFormat:168: int MTK_AUX_isMTKFormat(ANativeWindowBuffer_t*): format=1
D/dalvikvm(19838): create interp thread : stack size=128KB
D/dalvikvm(19838): create new thread
D/dalvikvm(19838): new thread created
D/dalvikvm(19838): update thread list
D/ActivityThread(19917): SVC-Destroying service: com.google.android.gms.stats.service.DropBoxEntryAddedService@4250bb20
D/ActivityThread(19838): SVC-SERVICE_ARGS handled : 0 / ServiceArgsData{token=android.os.BinderProxy@42610fa8 startId=1 args=Intent { act=android.intent.action.DROPBOX_ENTRY_ADDED flg=0x10 pkg=com.google.android.gms cmp=com.google.android.gms/.chimera.GmsIntentOperationService (has extras) }}
D/dalvikvm(19917): threadid=18: exiting
D/dalvikvm(19917): threadid=18: bye!
D/ActivityThread(19917): SVC-STOP_SERVICE handled : 0 / android.os.BinderProxy@421a2de8
V/WallpaperService(  754): Visibility change in com.android.systemui.ImageWallpaper$DrawableEngine@41fe94c0: 0
V/WallpaperService(  754): onVisibilityChanged(false): com.android.systemui.ImageWallpaper$DrawableEngine@41fe94c0
D/dalvikvm(19838): threadid=17: interp stack at 0x639bf000
D/dalvikvm(19838): init ref table
D/dalvikvm(19838): init mutex
D/dalvikvm(19838): threadid=17: created from interp
D/dalvikvm(19838): start new thread
D/dalvikvm(19838): threadid=17: notify debugger
D/dalvikvm(19838): threadid=17 ([com.google.android.gms.chimera.GmsIntentOperationService$ChimeraService-Executor] idle): calling run()
D/dalvikvm(19838): create interp thread : stack size=128KB
D/dalvikvm(19838): create new thread
D/dalvikvm(19838): new thread created
D/dalvikvm(19838): update thread list
D/dalvikvm(19838): threadid=18: interp stack at 0x63add000
D/dalvikvm(19838): init ref table
D/dalvikvm(19838): init mutex
D/dalvikvm(19838): threadid=18: created from interp
D/dalvikvm(19838): start new thread
D/dalvikvm(19838): threadid=18: notify debugger
D/dalvikvm(19838): threadid=18 ([com.google.android.gms.chimera.GmsIntentOperationService$ChimeraService-Executor] idle): calling run()
I/BufferQueue(  177): [com.android.launcher/com.android.launcher2.Launcher](this:0xb7cdc9f8,id:410,api:0,p:-1,c:-1) consumerDisconnect
I/GraphicBuffer(  177): free buffer (w:976 h:600 f:1) handle(0xb7cd8748)
I/BufferQueue(  177): [com.android.launcher/com.android.launcher2.Launcher](this:0xb7cdc9f8,id:410,api:0,p:-1,c:-1) ~BufferQueue
V/Provider/Settings(19838): get setting for user 0 by user 0 so skipping cache
V/Provider/Settings(19838):  from settings cache , name = package_verifier_user_consent , value = -1
D/dalvikvm(19838): GC_CONCURRENT freed 3021K (49197), 26% free 9194K/12316K, paused 11ms+4ms, total 94ms
W/ActivityManager(  691): Activity pause timeout for ActivityRecord{42638d30 u0 com.crazyj36.avoidmeteors/.MainActivity t84 f}
D/ActivityManager(  691): Find previous pending finishing task with mOnTopOfHome: TaskRecord{423b7908 #84 A=com.crazyj36.avoidmeteors U=0 sz=1}
D/ActivityManager(  691): resumeTopActivityLocked: Launching home due to previous pending finishing task
D/ActivityManager(  691): ACT-isFrontStack(), stack is HomeStack and mStackState : STACK_STATE_HOME_IN_BACK
D/ActivityManager(  691): ACT-moveHomeTask toFront : true homeInFront = false
D/WindowManager(  691): initFloatStackSize orientation = -1
E/WindowManager(  691): Non floating stack did the function initFloatStackSize
D/ActivityManager(  691): ACT-isFrontStack(), stack is back : ActivityStack{425f1a20 stackId=60, 2 tasks}
D/ActivityManager(  691): ACT-isFrontStack(), stack is HomeStack and mStackState : STACK_STATE_HOME_TO_FRONT
D/ActivityManager(  691): ACT-isFrontStack(), stack is back : ActivityStack{425f1a20 stackId=60, 2 tasks}
D/ActivityManager(  691): ACT-isFrontStack(), stack is HomeStack and mStackState : STACK_STATE_HOME_TO_FRONT
I/libPerfService(  691): 1: set: 2
E/        (  691): Could not open '/data/data/hotplug/cmd'
E/        (  691): error : 2, No such file or directory
D/ActivityManager(  691): ACT-isFrontStack(), stack is back : ActivityStack{425f1a20 stackId=60, 2 tasks}
D/ActivityManager(  691): ACT-isFrontStack(), stack is HomeStack and mStackState : STACK_STATE_HOME_TO_FRONT
D/ActivityManager(  691): ACT-isFrontStack(), stack is HomeStack and mStackState : STACK_STATE_HOME_TO_FRONT
D/InputReader(  691): InputReader:: getSwitchState lock 
D/InputReader(  691): InputReader::getStateLocked:: return 
V/ActivityManager(  691): ensureActivitiesVisibleLocked: consider front
D/ActivityManager(  691): ACT-isFrontStack(), stack is back : ActivityStack{425f1a20 stackId=60, 2 tasks}
D/ActivityManager(  691): ACT-isFrontStack(), stack is HomeStack and mStackState : STACK_STATE_HOME_TO_FRONT
D/ActivityManager(  691): ACT-isFrontStack(), stack is HomeStack and mStackState : STACK_STATE_HOME_TO_FRONT
V/ActivityManager(  691): ensureActivitiesVisibleLocked: consider back
D/ActivityManager(  691): ACT-isFrontStack(), stack is back : ActivityStack{425f1a20 stackId=60, 2 tasks}
D/ActivityManager(  691): ACT-isFrontStack(), stack is back : ActivityStack{425f1a20 stackId=60, 2 tasks}
D/ActivityManager(  691): ACT-isFrontStack(), stack is HomeStack and mStackState : STACK_STATE_HOME_TO_FRONT
D/ActivityManager(  691): ACT-isFrontStack(), stack is HomeStack and mStackState : STACK_STATE_HOME_TO_FRONT
D/ActivityManager(  691): ACT-isFrontStack(), stack is back : ActivityStack{425f1a20 stackId=60, 2 tasks}
D/ActivityManager(  691): ACT-isFrontStack(), stack is HomeStack and mStackState : STACK_STATE_HOME_TO_FRONT
V/ActivityManager(  691): ensureActivitiesVisibleLocked: consider front
D/ActivityManager(  691): ACT-isFrontStack(), stack is back : ActivityStack{425f1a20 stackId=60, 2 tasks}
D/ActivityManager(  691): ACT-isFrontStack(), stack is HomeStack and mStackState : STACK_STATE_HOME_IN_FRONT
D/ActivityManager(  691): ACT-isFrontStack(), stack is HomeStack and mStackState : STACK_STATE_HOME_IN_FRONT
V/ActivityManager(  691): ensureActivitiesVisibleLocked: consider back
D/ActivityManager(  691): ACT-isFrontStack(), stack is back : ActivityStack{425f1a20 stackId=60, 2 tasks}
D/ActivityManager(  691): ACT-isFrontStack(), stack is back : ActivityStack{425f1a20 stackId=60, 2 tasks}
D/ActivityManager(  691): ACT-isFrontStack(), stack is HomeStack and mStackState : STACK_STATE_HOME_IN_FRONT
D/dalvikvm(  691): create interp thread : stack size=128KB
D/dalvikvm(  691): create new thread
D/dalvikvm(  691): new thread created
D/dalvikvm(  691): update thread list
D/dalvikvm(  691): threadid=79: interp stack at 0x64c1f000
D/dalvikvm(  691): init ref table
D/dalvikvm(  691): init mutex
D/dalvikvm(  691): threadid=79: created from interp
D/dalvikvm(  691): start new thread
D/dalvikvm(  691): threadid=79: notify debugger
D/dalvikvm(  691): threadid=79 (Thread-365): calling run()
D/NetworkPolicy(  691): onRecv: MSG_FOREGROUND_ACTIVITIES_CHANGED pid:uid:act=906:10013:true
V/NetworkStats(  691): setKernelCounterSet uid=10013 set=1
D/dalvikvm(  691): threadid=79: exiting
D/dalvikvm(  691): threadid=79: bye!
D/ConnectivityService(  691): onUidRulesChanged(uid=10013, uidRules=0)
D/OpenGLRenderer(  906): Flushing caches (mode 0)
V/ActivityThread(  906): Performing resume of ActivityRecord{41e4c680 token=android.os.BinderProxy@41e4be10 {com.android.launcher/com.android.launcher2.Launcher}} finished=false
D/Launcher(  906): Launcher, (Launcher)onStart: this = com.android.launcher2.Launcher@420b46c0
D/Launcher(  906): Launcher, (Launcher)onResume: mRestoring = false, mOnResumeNeedsLoad = false,mOrientationChanged = false,mPagesAreRecreated = false, this = com.android.launcher2.Launcher@420b46c0
D/Launcher(  906): OperatorChecker, getOperatorCheckerExt: context = com.android.launcher2.Launcher@420b46c0, mOperatorCheckerExt = com.mediatek.launcher2.ext.DefaultOperatorChecker@41f06940
D/DefaultOperatorChecker(  906): default supportEditAndHideApps called.
D/ActivityThread(  906): ACT-AM_ON_RESUME_CALLED ActivityRecord{41e4c680 token=android.os.BinderProxy@41e4be10 {com.android.launcher/com.android.launcher2.Launcher}}
V/ActivityThread(  906): Resume ActivityRecord{41e4c680 token=android.os.BinderProxy@41e4be10 {com.android.launcher/com.android.launcher2.Launcher}} started activity: false, hideForNow: false, finished: false
V/ActivityThread(  906): Resuming ActivityRecord{41e4c680 token=android.os.BinderProxy@41e4be10 {com.android.launcher/com.android.launcher2.Launcher}} with isForward=false
V/PhoneWindow(  906): DecorView setVisiblity: visibility = 0 ,Parent =ViewRoot{41f1eb48 com.android.launcher/com.android.launcher2.Launcher,ident = 2}, this =com.android.internal.policy.impl.PhoneWindow$DecorView{420139e8 V.E..... R.....ID 0,0-600,976}
V/ActivityThread(  906): Scheduling idle handler for ActivityRecord{41e4c680 token=android.os.BinderProxy@41e4be10 {com.android.launcher/com.android.launcher2.Launcher}}
D/ActivityThread(  906): ACT-RESUME_ACTIVITY handled : 0 / android.os.BinderProxy@41e4be10
I/BufferQueue(  177): [unnamed-177-413](this:0xb7cdc9f8,id:413,api:0,p:-1,c:-1) BufferQueue
I/BufferQueue(  177): [unnamed-177-413](this:0xb7cdc9f8,id:413,api:0,p:-1,c:177) consumerConnect consumer=(177:/system/bin/surfaceflinger) controlledByApp=false
I/BufferQueue(  177): [unnamed-177-413](this:0xb7cdc9f8,id:413,api:0,p:-1,c:177) setConsumerName: unnamed-177-413
I/GLConsumer(  177): [unnamed-177-413](this:0xb7cecd08,api:0) GLConsumer
I/BufferQueue(  177): [com.android.launcher/com.android.launcher2.Launcher](this:0xb7cdc9f8,id:413,api:0,p:-1,c:177) setConsumerName: com.android.launcher/com.android.launcher2.Launcher
I/BufferQueue(  177): [com.android.launcher/com.android.launcher2.Launcher](this:0xb7cdc9f8,id:413,api:0,p:-1,c:177) setDefaultBufferSize: w=600, h=976
I/BufferQueue(  177): [com.android.launcher/com.android.launcher2.Launcher](this:0xb7cdc9f8,id:413,api:0,p:906,c:177) connect: api=1 producer=(906:com.android.launcher) producerControlledByApp=true
I/BufferQueue(  177): [com.android.launcher/com.android.launcher2.Launcher](this:0xb7cdc9f8,id:413,api:1,p:906,c:177) new GraphicBuffer needed
D/BufferQueue(  177):     [OLD] gb:NULL
I/GraphicBuffer(  177): allocate buffer (w:608 h:976 f:1) handle(0xb7cda440) err(0)
W/GraphicBufferExtra_hal(  177): gralloc extra device setBufInfo(...) is not supported
I/BufferQueue(  177):     [NEW] gb=0xb7cfe628, handle=0xb7cda440, w=600, h=976, s=608, f=0x1, u=0x00000f02
D/GraphicBuffer(  906): create handle(0x60254720) (w:608, h:976, f:1)
D/BufferQueue(  177): [com.android.launcher/com.android.launcher2.Launcher](this:0xb7cdc9f8,id:413,api:1,p:906,c:177) cancelBuffer: slot=0
I/MaliEGL (  906): [Mali]surface->num_buffers=4, surface->num_frames=3, win_min_undequeued=1
I/MaliEGL (  906): [Mali]max_allowed_dequeued_buffers=3
I/BufferQueue(  177): [com.android.launcher/com.android.launcher2.Launcher](this:0xb7cdc9f8,id:413,api:1,p:906,c:177) setBufferCount: count=4
I/GraphicBuffer(  177): free buffer (w:608 h:976 f:1) handle(0xb7cda440)
I/BufferQueue(  177): [com.android.launcher/com.android.launcher2.Launcher](this:0xb7cdc9f8,id:413,api:1,p:906,c:177) getReleasedBuffers: returning mask 0xffffffff
D/GraphicBuffer(  906): close handle(0x60254720) (w:608 h:976 f:1)
I/BufferQueue(  177): [com.android.launcher/com.android.launcher2.Launcher](this:0xb7cdc9f8,id:413,api:1,p:906,c:177) new GraphicBuffer needed
D/BufferQueue(  177):     [OLD] gb:NULL
I/GraphicBuffer(  177): allocate buffer (w:976 h:600 f:1) handle(0xb7cf2598) err(0)
W/GraphicBufferExtra_hal(  177): gralloc extra device setBufInfo(...) is not supported
I/BufferQueue(  177):     [NEW] gb=0xb7cfe628, handle=0xb7cf2598, w=976, h=600, s=976, f=0x1, u=0x00000f02
D/GraphicBuffer(  906): create handle(0x60254720) (w:976, h:600, f:1)
D/OpenGLRenderer(  906): setViewport 600x976 <0x5fa71020>
W/ResourceType(  906): No known package when getting name for resource number 0x9c020000
W/ResourceType(  906): No known package when getting name for resource number 0x9c020000
W/ResourceType(  906): No known package when getting name for resource number 0x9c020103
W/ResourceType(  906): No known package when getting name for resource number 0x9c020103
W/ResourceType(  906): No known package when getting name for resource number 0x9c020304
W/ResourceType(  906): No known package when getting name for resource number 0x9c020304
W/ResourceType(  906): No known package when getting name for resource number 0x9c020404
W/ResourceType(  906): No known package when getting name for resource number 0x9c020404
W/ResourceType(  906): No known package when getting name for resource number 0x9c020005
W/ResourceType(  906): No known package when getting name for resource number 0x9c020005
W/ResourceType(  906): No known package when getting name for resource number 0x9c020105
W/ResourceType(  906): No known package when getting name for resource number 0x9c020105
W/ResourceType(  906): No known package when getting name for resource number 0x9c020405
W/ResourceType(  906): No known package when getting name for resource number 0x9c020405
W/ResourceType(  906): No known package when getting name for resource number 0x9c020203
W/ResourceType(  906): No known package when getting name for resource number 0x9c020203
W/ResourceType(  906): No known package when getting name for resource number 0x9b000000
W/ResourceType(  906): No known package when getting name for resource number 0x9b040400
W/ResourceType(  906): No known package when getting name for resource number 0x9b050500
W/ResourceType(  906): No known package when getting name for resource number 0x9b060600
I/libPerfService(  691): 1: set: 1
E/        (  691): Could not open '/data/data/hotplug/cmd'
E/        (  691): error : 2, No such file or directory
D/ActivityManager(  691): ACT-isFrontStack(), stack is back : ActivityStack{425f1a20 stackId=60, 2 tasks}
D/ActivityManager(  691): ACT-isFrontStack(), stack is HomeStack and mStackState : STACK_STATE_HOME_IN_FRONT
V/WallpaperService(  754): Visibility change in com.android.systemui.ImageWallpaper$DrawableEngine@41fe94c0: 1
V/WallpaperService(  754): onVisibilityChanged(true): com.android.systemui.ImageWallpaper$DrawableEngine@41fe94c0
V/WallpaperService(  754): Offsets change in com.android.systemui.ImageWallpaper$DrawableEngine@41fe94c0: 0.0,0.0
D/PowerManagerService(  691): releaseWakeLockInternal: lock=1106374536 [ActivityManager-Launch], flags=0x0, total_time=870ms
D/PowerManagerNotifier(  691): onWakeLockReleased: flags=1, tag="ActivityManager-Launch", packageName=android, ownerUid=1000, ownerPid=691, workSource=null
D/PowerManagerService(  691): updateWakeLockSummaryLocked: mWakefulness=Awake, mWakeLockSummary=0x0
D/PowerManagerService(  691): newScreenState = 2
D/PowerManagerService(  691): updateScreenStateLocked: mScreenBrightnessModeSetting=0, autoBrightness=false, ecoBrightness=false, screenAutoBrightnessAdjustment=0.0, screenBrightness=255
D/PowerManagerDisplayController(  691): requestPowerState: screenState=2, useProximitySensor=false, forceProximitySensorEnable=false, forceWakeUpEnable=false, screenBrightness=255, screenAutoBrightnessAdjustment=0.0, useAutoBrightness=false, useEcoBrightness=false, blockScreenOn=false, waitForNegativeProximity=false
I/PowerManagerService(  691): setBrightness mButtonLight 0.
D/PowerManagerService(  691): updateScreenStateLocked: mDisplayReady=true, newScreenState=2, mWakefulness=1, mWakeLockSummary=0x0, mUserActivitySummary=0x1, mBootCompleted=true
D/PowerManagerService(  691): Releasing suspend blocker "PowerManagerService.WakeLocks".
W/MALI    (  177): MTK_AUX_isMTKFormat:168: int MTK_AUX_isMTKFormat(ANativeWindowBuffer_t*): format=1
V/ActivityManager(  691): ensureActivitiesVisibleLocked: consider front
D/ActivityManager(  691): ACT-isFrontStack(), stack is back : ActivityStack{425f1a20 stackId=60, 2 tasks}
D/ActivityManager(  691): ACT-isFrontStack(), stack is HomeStack and mStackState : STACK_STATE_HOME_IN_FRONT
D/ActivityManager(  691): ACT-isFrontStack(), stack is HomeStack and mStackState : STACK_STATE_HOME_IN_FRONT
V/ActivityManager(  691): ensureActivitiesVisibleLocked: consider back
D/ActivityManager(  691): ACT-isFrontStack(), stack is back : ActivityStack{425f1a20 stackId=60, 2 tasks}
D/ActivityManager(  691): ACT-isFrontStack(), stack is back : ActivityStack{425f1a20 stackId=60, 2 tasks}
D/ActivityManager(  691): ACT-isFrontStack(), stack is HomeStack and mStackState : STACK_STATE_HOME_IN_FRONT
D/ActivityManager(  691): ACT-isFrontStack(), stack is HomeStack and mStackState : STACK_STATE_HOME_IN_FRONT
D/PowerManagerService(  691): handleSandman: canDream=true, mWakefulness=Awake
D/NetworkPolicy(  691): onRecv: MSG_FOREGROUND_ACTIVITIES_CHANGED pid:uid:act=20757:10111:false
V/NetworkStats(  691): setKernelCounterSet uid=10111 set=0
D/ConnectivityService(  691): onUidRulesChanged(uid=10111, uidRules=0)
I/SurfaceFlinger(  177): [Built-in Screen (type:0)] fps:43.432407,dur:1013.07,max:150.38,min:8.22
D/SurfaceFlinger(  177): SurfaceFlingerWatchdog:ERROR: open /dev/RT_Monitor failed.
I/BufferQueue(  177): [FrameBufferSurface_0](this:0xb7ccd740,id:0,api:1,p:177,c:177) [release] fps:46.34, dur:1014.13, max:150.36, min:8.24
I/BufferQueue(  177): [FrameBufferSurface_0](this:0xb7ccd740,id:0,api:1,p:177,c:177) [queue] fps:46.33, dur:1014.41, max:150.36, min:8.24
I/BufferQueue(  177): [Application Error: com.crazyj36.avoidmeteors](this:0xb7ce4e18,id:412,api:2,p:691,c:177) new GraphicBuffer needed
D/BufferQueue(  177):     [OLD] gb:NULL
I/GraphicBuffer(  177): allocate buffer (w:480 h:127 f:1) handle(0xb7cef4e8) err(0)
W/GraphicBufferExtra_hal(  177): gralloc extra device setBufInfo(...) is not supported
I/BufferQueue(  177):     [NEW] gb=0xb7cdb898, handle=0xb7cef4e8, w=466, h=127, s=480, f=0x1, u=0x00000933
D/GraphicBuffer(  691): create handle(0x6326d378) (w:480, h:127, f:1)
W/MALI    (  177): MTK_AUX_isMTKFormat:168: int MTK_AUX_isMTKFormat(ANativeWindowBuffer_t*): format=1
I/GLConsumer(  177): [Application Error: com.crazyj36.avoidmeteors](this:0xb7cd7510,api:2) [void* android::GLConsumer::createImage(EGLDisplay, const android::sp<android::GraphicBuffer>&, const android::Rect&)]
D/GLConsumer(  177):     GraphicBuffer: gb=0xb7cdb898 handle=0xb7cef4e8 fmt=1
D/GLConsumer(  177):     EGLImage: dpy=0x1, img=0x1000000d
I/BufferQueue(  177): [com.android.launcher/com.android.launcher2.Launcher](this:0xb7cdc9f8,id:413,api:1,p:906,c:177) new GraphicBuffer needed
D/BufferQueue(  177):     [OLD] gb:NULL
I/GraphicBuffer(  177): allocate buffer (w:976 h:600 f:1) handle(0xb7cdd740) err(0)
W/GraphicBufferExtra_hal(  177): gralloc extra device setBufInfo(...) is not supported
I/BufferQueue(  177):     [NEW] gb=0xb7ce5e70, handle=0xb7cdd740, w=976, h=600, s=976, f=0x1, u=0x00000f02
D/GraphicBuffer(  906): create handle(0x5fa76de0) (w:976, h:600, f:1)
I/BufferQueue(  177): [Application Error: com.crazyj36.avoidmeteors](this:0xb7ce4e18,id:412,api:2,p:691,c:177) new GraphicBuffer needed
D/BufferQueue(  177):     [OLD] gb:NULL
I/GraphicBuffer(  177): allocate buffer (w:480 h:127 f:1) handle(0xb7d1b038) err(0)
W/GraphicBufferExtra_hal(  177): gralloc extra device setBufInfo(...) is not supported
I/BufferQueue(  177):     [NEW] gb=0xb7d1afb8, handle=0xb7d1b038, w=466, h=127, s=480, f=0x1, u=0x00000933
D/GraphicBuffer(  691): create handle(0x63380660) (w:480, h:127, f:1)
I/BufferQueue(  177): [Application Error: com.crazyj36.avoidmeteors](this:0xb7ce4e18,id:412,api:2,p:691,c:177) [queue] fps:1.74, dur:1150.66, max:936.75, min:213.92
W/MALI    (  177): MTK_AUX_isMTKFormat:168: int MTK_AUX_isMTKFormat(ANativeWindowBuffer_t*): format=1
I/GLConsumer(  177): [Application Error: com.crazyj36.avoidmeteors](this:0xb7cd7510,api:2) [void* android::GLConsumer::createImage(EGLDisplay, const android::sp<android::GraphicBuffer>&, const android::Rect&)]
D/GLConsumer(  177):     GraphicBuffer: gb=0xb7d1afb8 handle=0xb7d1b038 fmt=1
D/GLConsumer(  177):     EGLImage: dpy=0x1, img=0x1000000f
