W/PackageManager(  303): Resource path for pkg : com.crazyj36.activitycycle changing from /data/app/com.crazyj36.activitycycle-1.apk to /data/app/com.crazyj36.activitycycle-2.apk
D/PackageManager(  303): [PackageManagerService.java:5957:updateSettingsLI()] New package installed in /data/app/com.crazyj36.activitycycle-2.apk
I/ActivityManager(  303): Force stopping package com.crazyj36.activitycycle uid=10002
E/PackageChangeReceiver( 1442): [Logging.java:117:e()] action/data of the intent is NULL or empty
D/[LGHome]LGAppMenuInfoAdapter( 2462): [LGLog.java:28:d()] [LGAppMenuInfoAdapter.java:78:beginTransaction()] beginTransaction
D/[LGHome]LGAppMenuInfoAdapter( 2462): [LGLog.java:28:d()] [LGAppMenuInfoAdapter.java:92:setTransactionSuccessful()] setTransactionSuccessful
D/[LGHome]LGAppMenuInfoAdapter( 2462): [LGLog.java:28:d()] [LGAppMenuInfoAdapter.java:109:endTransaction()] endTransaction
W/Launcher.Model( 2462): [LauncherModel.java:1665:run()] Nobody to tell about the new app.  Launcher is probably loading.
E/PackageChangeReceiver( 1442): [Logging.java:117:e()] action/data of the intent is NULL or empty
W/RecognitionManagerService(  303): no available voice recognition services found
W/Searchables(  303): [Searchables.java:266:findGlobalSearchActivity()] No global search activity found
I/ActivityManager(  303): Starting: Intent { act=android.intent.action.MAIN flg=0x10000000 cmp=com.crazyj36.activitycycle/.MainActivity } from pid 464
W/ResourceType(  303): Entry identifier 0x128 is larger than entry count 0xab
W/ResourceType(  303): Entry identifier 0x128 is larger than entry count 0xab
W/WindowManager(  303): [PhoneWindowManager.java:1099:addStartingWindow()] HistoryRecord{4070f9f8 com.crazyj36.activitycycle/.MainActivity} failed creating starting window
W/WindowManager(  303): java.lang.RuntimeException: Binary XML file line #25: You must supply a layout_height attribute.
W/WindowManager(  303): 	at android.content.res.TypedArray.getLayoutDimension(TypedArray.java:491)
W/WindowManager(  303): 	at android.view.ViewGroup$LayoutParams.setBaseAttributes(ViewGroup.java:3599)
W/WindowManager(  303): 	at android.view.ViewGroup$MarginLayoutParams.<init>(ViewGroup.java:3678)
W/WindowManager(  303): 	at android.widget.LinearLayout$LayoutParams.<init>(LinearLayout.java:1400)
W/WindowManager(  303): 	at android.widget.LinearLayout.generateLayoutParams(LinearLayout.java:1326)
W/WindowManager(  303): 	at android.widget.LinearLayout.generateLayoutParams(LinearLayout.java:47)
W/WindowManager(  303): 	at android.view.LayoutInflater.rInflate(LayoutInflater.java:625)
W/WindowManager(  303): 	at android.view.LayoutInflater.inflate(LayoutInflater.java:408)
W/WindowManager(  303): 	at android.view.LayoutInflater.inflate(LayoutInflater.java:320)
W/WindowManager(  303): 	at android.view.LayoutInflater.inflate(LayoutInflater.java:276)
W/WindowManager(  303): 	at com.android.internal.policy.impl.PhoneWindow.generateLayout(PhoneWindow.java:2290)
W/WindowManager(  303): 	at com.android.internal.policy.impl.PhoneWindow.installDecor(PhoneWindow.java:2345)
W/WindowManager(  303): 	at com.android.internal.policy.impl.PhoneWindow.getDecorView(PhoneWindow.java:1511)
W/WindowManager(  303): 	at com.android.internal.policy.impl.PhoneWindowManager.addStartingWindow(PhoneWindowManager.java:1070)
W/WindowManager(  303): 	at com.android.server.WindowManagerService$H.handleMessage(WindowManagerService.java:8347)
W/WindowManager(  303): 	at android.os.Handler.dispatchMessage(Handler.java:99)
W/WindowManager(  303): 	at android.os.Looper.loop(Looper.java:130)
W/WindowManager(  303): 	at com.android.server.WindowManagerService$WMThread.run(WindowManagerService.java:582)
I/ActivityManager(  303): process name to start: com.crazyj36.activitycycle
I/ActivityManager(  303): Start proc com.crazyj36.activitycycle for activity com.crazyj36.activitycycle/.MainActivity: pid=3616 uid=10002 gids={1015}
W/ResourceType( 3616): Entry identifier 0x128 is larger than entry count 0xab
I/APIPLAYGROUNDANYSDKLOGTAG( 3616): [MainActivity.java:29:onCreate()] apiplayground created
I/APIPLAYGROUNDANYSDKLOGTAG( 3616): [MainActivity.java:42:onResume()] apiplayground resumed
I/#LGIME  (  444): [Glog.java:35:i()] #### onStartInput restarting : false / inputType : 0
I/ActivityManager(  303): [ActivityRecord.java:444:windowsVisible()] Displayed com.crazyj36.activitycycle/.MainActivity: +162ms
D/WifiService(  303): ACTION_BATTERY_CHANGED pluggedType: 2
D/WifiService(  303): ### wifiShouldBeEnabled=true
D/WifiService(  303): ### mDeviceIdle=false
D/WifiService(  303): ### lockHeld=false
D/WifiService(  303): ACTION_BATTERY_CHANGED pluggedType: 2
D/WifiService(  303): ### wifiShouldBeEnabled=true
D/WifiService(  303): ### mDeviceIdle=false
D/WifiService(  303): ### lockHeld=false
D/WifiService(  303): ACTION_BATTERY_CHANGED pluggedType: 2
D/WifiService(  303): ### wifiShouldBeEnabled=true
D/WifiService(  303): ### mDeviceIdle=false
D/WifiService(  303): ### lockHeld=false
D/WifiService(  303): ACTION_BATTERY_CHANGED pluggedType: 2
D/WifiService(  303): ### wifiShouldBeEnabled=true
D/WifiService(  303): ### mDeviceIdle=false
D/WifiService(  303): ### lockHeld=false
D/WifiService(  303): ACTION_BATTERY_CHANGED pluggedType: 2
D/WifiService(  303): ### wifiShouldBeEnabled=true
D/WifiService(  303): ### mDeviceIdle=false
D/WifiService(  303): ### lockHeld=false
E/dalvikvm-heap( 3675): Creating VM heap of size start:2097152 max:536870912 base:0x4000d000
D/MHPManager( 3675): [MHPLog.java:14:d()] [MHP_GOOKY] Load Library libandroid_runtime.so
W/ActivityManager(  303): No content provider found for: 
D/PackageParser(  303): [PackageParser.java:391:parsePackage()] Scanning package: /data/app/vmdl677825315.tmp
W/ResourceType(  303): getEntry failing because entryIndex 296 is beyond type entryCount 171
W/ResourceType(  303): Failure getting entry for 0x01030128 (t=2 e=296) in package 0 (error -2147483647)
I/PackageParser(  303): [PackageParser.java:1139:parsePackage()] com.crazyj36.activitycycle: compat added android.permission.WRITE_EXTERNAL_STORAGE android.permission.READ_PHONE_STATE
W/ActivityManager(  303): No content provider found for: 
I/PackageManager(  303): [PackageManagerService.java:6549:deletePackageLI()] Removing non-system package:com.crazyj36.activitycycle
I/ActivityManager(  303): Force stopping package com.crazyj36.activitycycle uid=10002
E/JavaBinder(  303): Transact on 0x49fa58 in Java object 0x408b7500 with code 3 failed
E/JavaBinder(  303): !!! FAILED BINDER TRANSACTION !!!
E/BinderProxy(  303): [Binder.java:373:callback()]       android.os.BinderProxy.callback(Binder.java:369)]
E/BinderProxy(  303): [Binder.java:373:callback()]       android.os.BinderProxy.transact(Native Method)]
E/BinderProxy(  303): [Binder.java:373:callback()]       com.android.internal.view.IInputMethodClient$Stub$Proxy.onUnbindMethod(IInputMethodClient.java:140)]
E/BinderProxy(  303): [Binder.java:373:callback()]       com.android.server.InputMethodManagerService.handleMessage(InputMethodManagerService.java:1393)]
E/BinderProxy(  303): [Binder.java:373:callback()]       com.android.server.InputMethodManagerService.executeOrSendMessage(InputMethodManagerService.java:598)]
E/BinderProxy(  303): [Binder.java:373:callback()]       com.android.server.InputMethodManagerService.unbindCurrentClientLocked(InputMethodManagerService.java:614)]
E/BinderProxy(  303): [Binder.java:373:callback()]       com.android.server.InputMethodManagerService.startInputLocked(InputMethodManagerService.java:706)]
E/BinderProxy(  303): [Binder.java:373:callback()]       com.android.server.InputMethodManagerService.startInput(InputMethodManagerService.java:817)]
E/BinderProxy(  303): [Binder.java:373:callback()]       com.android.internal.view.IInputMethodManager$Stub.onTransact(IInputMethodManager.java:107)]
E/BinderProxy(  303): [Binder.java:373:callback()]       com.android.server.InputMethodManagerService.onTransact(InputMethodManagerService.java:523)]
E/BinderProxy(  303): [Binder.java:373:callback()]       android.os.Binder.execTransact(Binder.java:320)]
E/BinderProxy(  303): [Binder.java:373:callback()]       dalvik.system.NativeStart.run(Native Method)]
E/JavaBinder(  303): Transact on 0x49fa58 in Java object 0x408b7500 with code 4 failed
E/JavaBinder(  303): !!! FAILED BINDER TRANSACTION !!!
E/BinderProxy(  303): [Binder.java:373:callback()]       android.os.BinderProxy.callback(Binder.java:369)]
E/BinderProxy(  303): [Binder.java:373:callback()]       android.os.BinderProxy.transact(Native Method)]
E/BinderProxy(  303): [Binder.java:373:callback()]       com.android.internal.view.IInputMethodClient$Stub$Proxy.setActive(IInputMethodClient.java:152)]
E/InputDispatcher(  303): channel '406dd290 com.crazyj36.activitycycle/com.crazyj36.activitycycle.MainActivity (server)' ~ Consumer closed input channel or an error occurred.  events=0x8
E/InputDispatcher(  303): channel '406dd290 com.crazyj36.activitycycle/com.crazyj36.activitycycle.MainActivity (server)' ~ Channel is unrecoverably broken and will be disposed!
I/WindowManager(  303): WIN DEATH: Window{406dd290 com.crazyj36.activitycycle/com.crazyj36.activitycycle.MainActivity paused=false}
E/BinderProxy(  303): [Binder.java:373:callback()]       com.android.server.InputMethodManagerService.unbindCurrentClientLocked(InputMethodManagerService.java:620)]
E/BinderProxy(  303): [Binder.java:373:callback()]       com.android.server.InputMethodManagerService.startInputLocked(InputMethodManagerService.java:706)]
E/BinderProxy(  303): [Binder.java:373:callback()]       com.android.server.InputMethodManagerService.startInput(InputMethodManagerService.java:817)]
E/BinderProxy(  303): [Binder.java:373:callback()]       com.android.internal.view.IInputMethodManager$Stub.onTransact(IInputMethodManager.java:107)]
E/BinderProxy(  303): [Binder.java:373:callback()]       com.android.server.InputMethodManagerService.onTransact(InputMethodManagerService.java:523)]
E/BinderProxy(  303): [Binder.java:373:callback()]       android.os.Binder.execTransact(Binder.java:320)]
E/BinderProxy(  303): [Binder.java:373:callback()]       dalvik.system.NativeStart.run(Native Method)]
I/#LGIME  (  444): [Glog.java:35:i()] #### onStartInput restarting : false / inputType : 0
D/PackageManager(  303): [PackageManagerService.java:3046:scanPackageLI()] Scanning package com.crazyj36.activitycycle
I/PackageManager(  303): Package com.crazyj36.activitycycle codePath changed from /data/app/com.crazyj36.activitycycle-2.apk to /data/app/com.crazyj36.activitycycle-1.apk; Retaining data and using new
I/PackageManager(  303): Unpacking native libraries for /data/app/com.crazyj36.activitycycle-1.apk
E/dalvikvm-heap( 3709): Creating VM heap of size start:2097152 max:536870912 base:0x4000e000
I/ActivityManager(  303): Force stopping package com.crazyj36.activitycycle uid=10002
D/PackageManager(  303): [PackageManagerService.java:3663:scanPackageLI()]   Activities: com.crazyj36.activitycycle.MainActivity
W/PackageManager(  303): Code path for pkg : com.crazyj36.activitycycle changing from /data/app/com.crazyj36.activitycycle-2.apk to /data/app/com.crazyj36.activitycycle-1.apk
W/PackageManager(  303): Resource path for pkg : com.crazyj36.activitycycle changing from /data/app/com.crazyj36.activitycycle-2.apk to /data/app/com.crazyj36.activitycycle-1.apk
D/PackageManager(  303): [PackageManagerService.java:5957:updateSettingsLI()] New package installed in /data/app/com.crazyj36.activitycycle-1.apk
I/ActivityManager(  303): Force stopping package com.crazyj36.activitycycle uid=10002
E/PackageChangeReceiver( 1442): [Logging.java:117:e()] action/data of the intent is NULL or empty
D/[LGHome]LGAppMenuInfoAdapter( 2462): [LGLog.java:28:d()] [LGAppMenuInfoAdapter.java:78:beginTransaction()] beginTransaction
D/[LGHome]LGAppMenuInfoAdapter( 2462): [LGLog.java:28:d()] [LGAppMenuInfoAdapter.java:92:setTransactionSuccessful()] setTransactionSuccessful
D/[LGHome]LGAppMenuInfoAdapter( 2462): [LGLog.java:28:d()] [LGAppMenuInfoAdapter.java:109:endTransaction()] endTransaction
W/Launcher.Model( 2462): [LauncherModel.java:1665:run()] Nobody to tell about the new app.  Launcher is probably loading.
E/PackageChangeReceiver( 1442): [Logging.java:117:e()] action/data of the intent is NULL or empty
W/RecognitionManagerService(  303): no available voice recognition services found
W/Searchables(  303): [Searchables.java:266:findGlobalSearchActivity()] No global search activity found
E/dalvikvm-heap( 3716): Creating VM heap of size start:2097152 max:536870912 base:0x4000d000
D/MHPManager( 3716): [MHPLog.java:14:d()] [MHP_GOOKY] Load Library libandroid_runtime.so
W/ResourceType(  303): Entry identifier 0x128 is larger than entry count 0xab
W/ResourceType(  303): Entry identifier 0x128 is larger than entry count 0xab
W/WindowManager(  303): [PhoneWindowManager.java:1099:addStartingWindow()] HistoryRecord{40703460 com.crazyj36.activitycycle/.MainActivity} failed creating starting window
W/WindowManager(  303): java.lang.RuntimeException: Binary XML file line #25: You must supply a layout_height attribute.
W/WindowManager(  303): 	at android.content.res.TypedArray.getLayoutDimension(TypedArray.java:491)
W/WindowManager(  303): 	at android.view.ViewGroup$LayoutParams.setBaseAttributes(ViewGroup.java:3599)
W/WindowManager(  303): 	at android.view.ViewGroup$MarginLayoutParams.<init>(ViewGroup.java:3678)
W/WindowManager(  303): 	at android.widget.LinearLayout$LayoutParams.<init>(LinearLayout.java:1400)
W/WindowManager(  303): 	at android.widget.LinearLayout.generateLayoutParams(LinearLayout.java:1326)
W/WindowManager(  303): 	at android.widget.LinearLayout.generateLayoutParams(LinearLayout.java:47)
W/WindowManager(  303): 	at android.view.LayoutInflater.rInflate(LayoutInflater.java:625)
W/WindowManager(  303): 	at android.view.LayoutInflater.inflate(LayoutInflater.java:408)
W/WindowManager(  303): 	at android.view.LayoutInflater.inflate(LayoutInflater.java:320)
W/WindowManager(  303): 	at android.view.LayoutInflater.inflate(LayoutInflater.java:276)
W/WindowManager(  303): 	at com.android.internal.policy.impl.PhoneWindow.generateLayout(PhoneWindow.java:2290)
W/WindowManager(  303): 	at com.android.internal.policy.impl.PhoneWindow.installDecor(PhoneWindow.java:2345)
W/WindowManager(  303): 	at com.android.internal.policy.impl.PhoneWindow.getDecorView(PhoneWindow.java:1511)
W/WindowManager(  303): 	at com.android.internal.policy.impl.PhoneWindowManager.addStartingWindow(PhoneWindowManager.java:1070)
W/WindowManager(  303): 	at com.android.server.WindowManagerService$H.handleMessage(WindowManagerService.java:8347)
W/WindowManager(  303): 	at android.os.Handler.dispatchMessage(Handler.java:99)
W/WindowManager(  303): 	at android.os.Looper.loop(Looper.java:130)
W/WindowManager(  303): 	at com.android.server.WindowManagerService$WMThread.run(WindowManagerService.java:582)
I/ActivityManager(  303): Starting: Intent { flg=0x10000000 cmp=com.crazyj36.activitycycle/.MainActivity } from pid 3716
I/ActivityManager(  303): process name to start: com.crazyj36.activitycycle
I/ActivityManager(  303): Start proc com.crazyj36.activitycycle for activity com.crazyj36.activitycycle/.MainActivity: pid=3723 uid=10002 gids={1015}
W/ResourceType( 3723): Entry identifier 0x128 is larger than entry count 0xab
I/APIPLAYGROUNDANYSDKLOGTAG( 3723): [MainActivity.java:30:onCreate()] apiplayground created
I/APIPLAYGROUNDANYSDKLOGTAG( 3723): [MainActivity.java:47:onResume()] apiplayground resumed
I/#LGIME  (  444): [Glog.java:35:i()] #### onStartInput restarting : false / inputType : 0
I/ActivityManager(  303): [ActivityRecord.java:444:windowsVisible()] Displayed com.crazyj36.activitycycle/.MainActivity: +126ms
I/ActivityManager(  303): Starting: Intent { act=android.intent.action.MAIN cat=[android.intent.category.HOME] flg=0x10200000 cmp=com.crazyj36.launcher/.MainActivity } from pid 303
I/APIPLAYGROUNDANYSDKLOGTAG( 3723): [MainActivity.java:79:onSaveInstanceState()] apiplayground state saved
I/#LGIME  (  444): [Glog.java:35:i()] Action : android.intent.action.CLOSE_SYSTEM_DIALOGS
I/APIPLAYGROUNDANYSDKLOGTAG( 3723): [MainActivity.java:39:onPause()] apiplayground paused
I/#LGIME  (  444): [Glog.java:35:i()] #### onStartInput restarting : false / inputType : 0
I/APIPLAYGROUNDANYSDKLOGTAG( 3723): [MainActivity.java:55:onStop()] apiplayground stopped
I/#LGIME  (  444): [Glog.java:35:i()] Action : android.intent.action.CLOSE_SYSTEM_DIALOGS
I/ActivityManager(  303): Starting: Intent { flg=0x10100000 cmp=com.crazyj36.activitycycle/.MainActivity } from pid 303
I/APIPLAYGROUNDANYSDKLOGTAG( 3723): [MainActivity.java:47:onResume()] apiplayground resumed
I/#LGIME  (  444): [Glog.java:35:i()] #### onStartInput restarting : false / inputType : 0
I/#LGIME  (  444): [Glog.java:35:i()] onKeyDown: 4
I/APIPLAYGROUNDANYSDKLOGTAG( 3723): [MainActivity.java:39:onPause()] apiplayground paused
I/#LGIME  (  444): [Glog.java:35:i()] #### onStartInput restarting : false / inputType : 0
I/APIPLAYGROUNDANYSDKLOGTAG( 3723): [MainActivity.java:55:onStop()] apiplayground stopped
I/APIPLAYGROUNDANYSDKLOGTAG( 3723): [MainActivity.java:63:onDestroy()] apiplayground fully exited and destroyed
D/WifiService(  303): ACTION_BATTERY_CHANGED pluggedType: 2
D/WifiService(  303): ### wifiShouldBeEnabled=true
D/WifiService(  303): ### mDeviceIdle=false
D/WifiService(  303): ### lockHeld=false
W/ResourceType(  303): Entry identifier 0x128 is larger than entry count 0xab
I/ActivityManager(  303): Starting: Intent { act=android.intent.action.MAIN flg=0x10000000 cmp=com.crazyj36.activitycycle/.MainActivity } from pid 464
W/WindowManager(  303): [PhoneWindowManager.java:1099:addStartingWindow()] HistoryRecord{406d3f08 com.crazyj36.activitycycle/.MainActivity} failed creating starting window
W/WindowManager(  303): java.lang.RuntimeException: Binary XML file line #25: You must supply a layout_height attribute.
W/WindowManager(  303): 	at android.content.res.TypedArray.getLayoutDimension(TypedArray.java:491)
W/WindowManager(  303): 	at android.view.ViewGroup$LayoutParams.setBaseAttributes(ViewGroup.java:3599)
W/WindowManager(  303): 	at android.view.ViewGroup$MarginLayoutParams.<init>(ViewGroup.java:3678)
W/WindowManager(  303): 	at android.widget.LinearLayout$LayoutParams.<init>(LinearLayout.java:1400)
W/WindowManager(  303): 	at android.widget.LinearLayout.generateLayoutParams(LinearLayout.java:1326)
W/WindowManager(  303): 	at android.widget.LinearLayout.generateLayoutParams(LinearLayout.java:47)
W/WindowManager(  303): 	at android.view.LayoutInflater.rInflate(LayoutInflater.java:625)
W/WindowManager(  303): 	at android.view.LayoutInflater.inflate(LayoutInflater.java:408)
W/WindowManager(  303): 	at android.view.LayoutInflater.inflate(LayoutInflater.java:320)
W/WindowManager(  303): 	at android.view.LayoutInflater.inflate(LayoutInflater.java:276)
W/WindowManager(  303): 	at com.android.internal.policy.impl.PhoneWindow.generateLayout(PhoneWindow.java:2290)
W/WindowManager(  303): 	at com.android.internal.policy.impl.PhoneWindow.installDecor(PhoneWindow.java:2345)
W/WindowManager(  303): 	at com.android.internal.policy.impl.PhoneWindow.getDecorView(PhoneWindow.java:1511)
W/WindowManager(  303): 	at com.android.internal.policy.impl.PhoneWindowManager.addStartingWindow(PhoneWindowManager.java:1070)
W/WindowManager(  303): 	at com.android.server.WindowManagerService$H.handleMessage(WindowManagerService.java:8347)
W/WindowManager(  303): 	at android.os.Handler.dispatchMessage(Handler.java:99)
W/WindowManager(  303): 	at android.os.Looper.loop(Looper.java:130)
W/WindowManager(  303): 	at com.android.server.WindowManagerService$WMThread.run(WindowManagerService.java:582)
W/ResourceType( 3723): Entry identifier 0x128 is larger than entry count 0xab
I/APIPLAYGROUNDANYSDKLOGTAG( 3723): [MainActivity.java:30:onCreate()] apiplayground created
I/APIPLAYGROUNDANYSDKLOGTAG( 3723): [MainActivity.java:47:onResume()] apiplayground resumed
I/#LGIME  (  444): [Glog.java:35:i()] #### onStartInput restarting : false / inputType : 0
I/ActivityManager(  303): [ActivityRecord.java:444:windowsVisible()] Displayed com.crazyj36.activitycycle/.MainActivity: +76ms
I/ActivityManager(  303): Starting: Intent { act=android.intent.action.MAIN cat=[android.intent.category.HOME] flg=0x10200000 cmp=com.crazyj36.launcher/.MainActivity } from pid 303
I/#LGIME  (  444): [Glog.java:35:i()] Action : android.intent.action.CLOSE_SYSTEM_DIALOGS
I/APIPLAYGROUNDANYSDKLOGTAG( 3723): [MainActivity.java:79:onSaveInstanceState()] apiplayground state saved
I/APIPLAYGROUNDANYSDKLOGTAG( 3723): [MainActivity.java:39:onPause()] apiplayground paused
I/#LGIME  (  444): [Glog.java:35:i()] #### onStartInput restarting : false / inputType : 0
I/APIPLAYGROUNDANYSDKLOGTAG( 3723): [MainActivity.java:55:onStop()] apiplayground stopped
I/#LGIME  (  444): [Glog.java:35:i()] Action : android.intent.action.CLOSE_SYSTEM_DIALOGS
I/APIPLAYGROUNDANYSDKLOGTAG( 3723): [MainActivity.java:47:onResume()] apiplayground resumed
I/ActivityManager(  303): Starting: Intent { act=android.intent.action.MAIN flg=0x10100000 cmp=com.crazyj36.activitycycle/.MainActivity } from pid 303
I/#LGIME  (  444): [Glog.java:35:i()] #### onStartInput restarting : false / inputType : 0
I/#LGIME  (  444): [Glog.java:35:i()] onKeyDown: 4
I/APIPLAYGROUNDANYSDKLOGTAG( 3723): [MainActivity.java:39:onPause()] apiplayground paused
I/#LGIME  (  444): [Glog.java:35:i()] #### onStartInput restarting : false / inputType : 0
I/APIPLAYGROUNDANYSDKLOGTAG( 3723): [MainActivity.java:55:onStop()] apiplayground stopped
I/APIPLAYGROUNDANYSDKLOGTAG( 3723): [MainActivity.java:63:onDestroy()] apiplayground fully exited and destroyed
