--------- beginning of /dev/log/system
D/WifiService(  303): ### mDeviceIdle=false
D/WifiService(  303): ### lockHeld=false
W/ActivityManager(  303): No content provider found for: 
W/ActivityManager(  303): No content provider found for: 
I/ActivityManager(  303): Force stopping package com.crazyj36.activitycycle uid=10002
I/WindowManager(  303): WIN DEATH: Window{407de190 com.crazyj36.activitycycle/com.crazyj36.activitycycle.MainActivity paused=false}
W/InputManagerService(  303): Got RemoteException sending setActive(false) notification to pid 1485 uid 10002
I/PackageManager(  303): Package com.crazyj36.activitycycle codePath changed from /data/app/com.crazyj36.activitycycle-1.apk to /data/app/com.crazyj36.activitycycle-2.apk; Retaining data and using new
I/PackageManager(  303): Unpacking native libraries for /data/app/com.crazyj36.activitycycle-2.apk
I/ActivityManager(  303): Force stopping package com.crazyj36.activitycycle uid=10002
W/PackageManager(  303): Code path for pkg : com.crazyj36.activitycycle changing from /data/app/com.crazyj36.activitycycle-1.apk to /data/app/com.crazyj36.activitycycle-2.apk
W/PackageManager(  303): Resource path for pkg : com.crazyj36.activitycycle changing from /data/app/com.crazyj36.activitycycle-1.apk to /data/app/com.crazyj36.activitycycle-2.apk
I/ActivityManager(  303): Force stopping package com.crazyj36.activitycycle uid=10002
I/ActivityManager(  303): process name to start: com.lge.launcher2
I/ActivityManager(  303): Start proc com.lge.launcher2 for broadcast com.lge.launcher2/.theme.LGThemeReceiver: pid=2462 uid=10061 gids={3003, 1015}
W/RecognitionManagerService(  303): no available voice recognition services found
I/ActivityManager(  303): Starting: Intent { flg=0x10000000 cmp=com.crazyj36.activitycycle/.MainActivity } from pid 2500
I/ActivityManager(  303): process name to start: com.crazyj36.activitycycle
I/ActivityManager(  303): Start proc com.crazyj36.activitycycle for activity com.crazyj36.activitycycle/.MainActivity: pid=2509 uid=10002 gids={1015}
W/ProcessStats(  303): Skipping unknown process pid 2499
W/ProcessStats(  303): Skipping unknown process pid 2500
D/WifiService(  303): ACTION_BATTERY_CHANGED pluggedType: 2
D/WifiService(  303): ### wifiShouldBeEnabled=true
D/WifiService(  303): ### mDeviceIdle=false
D/WifiService(  303): ### lockHeld=false
I/ActivityManager(  303): Starting: Intent { act=android.intent.action.MAIN flg=0x10000000 cmp=com.crazyj36.activitycycle/.MainActivity } from pid 464
I/ActivityManager(  303): Starting: Intent { act=android.intent.action.MAIN cat=[android.intent.category.HOME] flg=0x10200000 cmp=com.crazyj36.launcher/.MainActivity } from pid 303
W/InputManagerService(  303): Window already focused, ignoring focus gain of: com.android.internal.view.IInputMethodClient$Stub$Proxy@406eecb0
D/WifiService(  303): ACTION_BATTERY_CHANGED pluggedType: 2
D/WifiService(  303): ### wifiShouldBeEnabled=true
D/WifiService(  303): ### mDeviceIdle=false
D/WifiService(  303): ### lockHeld=false
D/WifiService(  303): ACTION_BATTERY_CHANGED pluggedType: 2
D/WifiService(  303): ### wifiShouldBeEnabled=true
D/WifiService(  303): ### mDeviceIdle=false
D/WifiService(  303): ### lockHeld=false
W/Vold    (  173): [AutoRun] Switch Event - name:usb_connected, state:0
W/Vold    (  173): [Apply Autorun]Ignoring unknown switch 'usb_connected'
W/Vold    (  173): [AutoRun] Switch Event - name:usb_configuration, state:0
W/Vold    (  173): [Apply Autorun]Ignoring unknown switch 'usb_configuration'
W/Vold    (  173): [AutoRun] Switch Event - name:usb_mass_storage, state:offline
D/Vold    (  173): Share method ums now unavailable
I/StorageNotification(  436): UMS connection changed to false (media state mounted)
D/WifiService(  303): ACTION_BATTERY_CHANGED pluggedType: 2
D/WifiService(  303): ### wifiShouldBeEnabled=true
D/WifiService(  303): ### mDeviceIdle=false
D/WifiService(  303): ### lockHeld=false
D/WifiService(  303): ACTION_BATTERY_CHANGED pluggedType: 2
D/WifiService(  303): ### wifiShouldBeEnabled=true
D/WifiService(  303): ### mDeviceIdle=false
D/WifiService(  303): ### lockHeld=false
W/Vold    (  173): [AutoRun] Switch Event - name:usb_connected, state:1
W/Vold    (  173): [Apply Autorun]Ignoring unknown switch 'usb_connected'
D/WifiService(  303): ACTION_BATTERY_CHANGED pluggedType: 2
D/WifiService(  303): ### wifiShouldBeEnabled=true
D/WifiService(  303): ### mDeviceIdle=false
D/WifiService(  303): ### lockHeld=false
D/WifiService(  303): ACTION_BATTERY_CHANGED pluggedType: 2
D/WifiService(  303): ### wifiShouldBeEnabled=true
D/WifiService(  303): ### mDeviceIdle=false
D/WifiService(  303): ### lockHeld=false
W/Vold    (  173): [AutoRun] Switch Event - name:usb_mass_storage, state:online
D/Vold    (  173): Share method ums now available
I/StorageNotification(  436): UMS connection changed to true (media state mounted)
W/Vold    (  173): [AutoRun] Switch Event - name:usb_configuration, state:1
W/Vold    (  173): [Apply Autorun]Ignoring unknown switch 'usb_configuration'
D/WifiService(  303): ACTION_BATTERY_CHANGED pluggedType: 2
D/WifiService(  303): ### wifiShouldBeEnabled=true
D/WifiService(  303): ### mDeviceIdle=false
D/WifiService(  303): ### lockHeld=false
I/ActivityManager(  303): Starting: Intent { act=android.intent.action.MAIN flg=0x10100000 cmp=com.crazyj36.activitycycle/.MainActivity } from pid 303
D/WifiService(  303): ACTION_BATTERY_CHANGED pluggedType: 2
D/WifiService(  303): ### wifiShouldBeEnabled=true
D/WifiService(  303): ### mDeviceIdle=false
D/WifiService(  303): ### lockHeld=false
W/Vold    (  173): [AutoRun] Switch Event - name:usb_mass_storage, state:offline
D/Vold    (  173): Share method ums now unavailable
W/Vold    (  173): [AutoRun] Switch Event - name:usb_connected, state:0
W/Vold    (  173): [Apply Autorun]Ignoring unknown switch 'usb_connected'
W/Vold    (  173): [AutoRun] Switch Event - name:usb_configuration, state:0
W/Vold    (  173): [Apply Autorun]Ignoring unknown switch 'usb_configuration'
I/StorageNotification(  436): UMS connection changed to false (media state mounted)
D/WifiService(  303): ACTION_BATTERY_CHANGED pluggedType: 2
D/WifiService(  303): ### wifiShouldBeEnabled=true
D/WifiService(  303): ### mDeviceIdle=false
D/WifiService(  303): ### lockHeld=false
W/Vold    (  173): [AutoRun] Switch Event - name:usb_connected, state:1
W/Vold    (  173): [Apply Autorun]Ignoring unknown switch 'usb_connected'
W/Vold    (  173): [AutoRun] Switch Event - name:usb_mass_storage, state:online
D/Vold    (  173): Share method ums now available
I/StorageNotification(  436): UMS connection changed to true (media state mounted)
W/Vold    (  173): [AutoRun] Switch Event - name:usb_configuration, state:1
W/Vold    (  173): [Apply Autorun]Ignoring unknown switch 'usb_configuration'
D/WifiService(  303): ACTION_BATTERY_CHANGED pluggedType: 2
D/WifiService(  303): ### wifiShouldBeEnabled=true
D/WifiService(  303): ### mDeviceIdle=false
D/WifiService(  303): ### lockHeld=false
I/ActivityManager(  303): Starting: Intent { act=android.intent.action.MAIN cat=[android.intent.category.HOME] flg=0x10200000 cmp=com.crazyj36.launcher/.MainActivity } from pid 303
W/InputManagerService(  303): Window already focused, ignoring focus gain of: com.android.internal.view.IInputMethodClient$Stub$Proxy@40592b08
I/ActivityManager(  303): Starting: Intent { act=android.intent.action.MAIN flg=0x10000000 cmp=com.crazyj36.launcher/.MainActivity } from pid 464
I/ActivityManager(  303): Starting: Intent { act=android.intent.action.MAIN flg=0x10000000 cmp=com.crazyj36.activitycycle/.MainActivity } from pid 464
D/WifiService(  303): ACTION_BATTERY_CHANGED pluggedType: 2
D/WifiService(  303): ### wifiShouldBeEnabled=true
D/WifiService(  303): ### mDeviceIdle=false
D/WifiService(  303): ### lockHeld=false
D/WifiService(  303): ACTION_BATTERY_CHANGED pluggedType: 2
D/WifiService(  303): ### wifiShouldBeEnabled=true
D/WifiService(  303): ### mDeviceIdle=false
D/WifiService(  303): ### lockHeld=false
I/ActivityManager(  303): Starting: Intent { act=android.intent.action.MAIN flg=0x10000000 cmp=com.crazyj36.activitycycle/.MainActivity } from pid 464
D/WifiService(  303): ACTION_BATTERY_CHANGED pluggedType: 2
D/WifiService(  303): ### wifiShouldBeEnabled=true
D/WifiService(  303): ### mDeviceIdle=false
D/WifiService(  303): ### lockHeld=false
D/WifiService(  303): ACTION_BATTERY_CHANGED pluggedType: 2
D/WifiService(  303): ### wifiShouldBeEnabled=true
D/WifiService(  303): ### mDeviceIdle=false
D/WifiService(  303): ### lockHeld=false
D/WifiService(  303): ACTION_BATTERY_CHANGED pluggedType: 2
D/WifiService(  303): ### wifiShouldBeEnabled=true
D/WifiService(  303): ### mDeviceIdle=false
D/WifiService(  303): ### lockHeld=false
D/WifiService(  303): ACTION_BATTERY_CHANGED pluggedType: 2
D/WifiService(  303): ### wifiShouldBeEnabled=true
D/WifiService(  303): ### mDeviceIdle=false
D/WifiService(  303): ### lockHeld=false
D/WifiService(  303): ACTION_BATTERY_CHANGED pluggedType: 2
D/WifiService(  303): ### wifiShouldBeEnabled=true
D/WifiService(  303): ### mDeviceIdle=false
D/WifiService(  303): ### lockHeld=false
D/WifiService(  303): ACTION_BATTERY_CHANGED pluggedType: 2
D/WifiService(  303): ### wifiShouldBeEnabled=true
D/WifiService(  303): ### mDeviceIdle=false
D/WifiService(  303): ### lockHeld=false
D/WifiService(  303): ACTION_BATTERY_CHANGED pluggedType: 2
D/WifiService(  303): ### wifiShouldBeEnabled=true
D/WifiService(  303): ### mDeviceIdle=false
D/WifiService(  303): ### lockHeld=false
W/ActivityManager(  303): No content provider found for: 
W/ActivityManager(  303): No content provider found for: 
I/ActivityManager(  303): Force stopping package com.crazyj36.activitycycle uid=10002
I/WindowManager(  303): WINDOW DIED Window{40828608 com.crazyj36.activitycycle/com.crazyj36.activitycycle.MainActivity paused=false}
I/PackageManager(  303): Package com.crazyj36.activitycycle codePath changed from /data/app/com.crazyj36.activitycycle-2.apk to /data/app/com.crazyj36.activitycycle-1.apk; Retaining data and using new
I/PackageManager(  303): Unpacking native libraries for /data/app/com.crazyj36.activitycycle-1.apk
I/ActivityManager(  303): Force stopping package com.crazyj36.activitycycle uid=10002
W/PackageManager(  303): Code path for pkg : com.crazyj36.activitycycle changing from /data/app/com.crazyj36.activitycycle-2.apk to /data/app/com.crazyj36.activitycycle-1.apk
W/PackageManager(  303): Resource path for pkg : com.crazyj36.activitycycle changing from /data/app/com.crazyj36.activitycycle-2.apk to /data/app/com.crazyj36.activitycycle-1.apk
I/ActivityManager(  303): Force stopping package com.crazyj36.activitycycle uid=10002
W/RecognitionManagerService(  303): no available voice recognition services found
I/ActivityManager(  303): Starting: Intent { flg=0x10000000 cmp=com.crazyj36.activitycycle/.MainActivity } from pid 2867
I/ActivityManager(  303): process name to start: com.crazyj36.activitycycle
I/ActivityManager(  303): Start proc com.crazyj36.activitycycle for activity com.crazyj36.activitycycle/.MainActivity: pid=2876 uid=10002 gids={1015}
I/ActivityManager(  303): Starting: Intent { act=android.intent.action.MAIN flg=0x10000000 cmp=com.crazyj36.activitycycle/.MainActivity } from pid 464
D/WifiService(  303): ACTION_BATTERY_CHANGED pluggedType: 2
D/WifiService(  303): ### wifiShouldBeEnabled=true
D/WifiService(  303): ### mDeviceIdle=false
D/WifiService(  303): ### lockHeld=false
W/Vold    (  173): [AutoRun] Switch Event - name:usb_mass_storage, state:offline
D/Vold    (  173): Share method ums now unavailable
I/StorageNotification(  436): UMS connection changed to false (media state mounted)
W/Vold    (  173): [AutoRun] Switch Event - name:MSM72K_UDC_AUTORUN, state:offline
W/Vold    (  173): [AutoRun] Switch Event - name:usb_connected, state:0
W/Vold    (  173): [Apply Autorun]Ignoring unknown switch 'usb_connected'
W/Vold    (  173): [AutoRun] Switch Event - name:usb_configuration, state:0
W/Vold    (  173): [Apply Autorun]Ignoring unknown switch 'usb_configuration'
D/VoldCmdListener(  173): volume shared /mnt/sdcard ums
D/WifiService(  303): ACTION_BATTERY_CHANGED pluggedType: 0
D/WifiService(  303): ### wifiShouldBeEnabled=true
D/WifiService(  303): ### mDeviceIdle=false
D/WifiService(  303): ### lockHeld=false
D/WifiService(  303): ACTION_BATTERY_CHANGED pluggedType: 0
D/WifiService(  303): ### wifiShouldBeEnabled=true
D/WifiService(  303): ### mDeviceIdle=false
D/WifiService(  303): ### lockHeld=false
D/PowerManagerService(  303): setALSOption mAutoBrightessEnabled : false
D/PowerManagerService(  303): [T] sys/devices/i2c-0/0-0038/lm3537_powersave write value : 2
D/WifiService(  303): ACTION_BATTERY_CHANGED pluggedType: 0
D/WifiService(  303): ### wifiShouldBeEnabled=true
D/WifiService(  303): ### mDeviceIdle=false
D/WifiService(  303): ### lockHeld=false
D/WifiService(  303): ACTION_BATTERY_CHANGED pluggedType: 0
D/WifiService(  303): ### wifiShouldBeEnabled=true
D/WifiService(  303): ### mDeviceIdle=false
D/WifiService(  303): ### lockHeld=false
W/Vold    (  173): [AutoRun] Switch Event - name:usb_connected, state:1
W/Vold    (  173): [Apply Autorun]Ignoring unknown switch 'usb_connected'
W/Vold    (  173): [AutoRun] Switch Event - name:usb_mass_storage, state:online
D/Vold    (  173): Share method ums now available
W/Vold    (  173): [AutoRun] Switch Event - name:MSM72K_UDC_AUTORUN, state:online
W/Vold    (  173): [AutoRun] Switch Event - name:usb_configuration, state:1
W/Vold    (  173): [Apply Autorun]Ignoring unknown switch 'usb_configuration'
I/StorageNotification(  436): UMS connection changed to true (media state mounted)
D/VoldCmdListener(  173): volume shared /mnt/sdcard ums
D/PowerManagerService(  303): setALSOption mAutoBrightessEnabled : false
D/PowerManagerService(  303): [T] sys/devices/i2c-0/0-0038/lm3537_powersave write value : 2
D/PowerManagerService(  303): setALSOption mAutoBrightessEnabled : false
D/PowerManagerService(  303): [T] sys/devices/i2c-0/0-0038/lm3537_powersave write value : 2
D/WifiService(  303): ACTION_BATTERY_CHANGED pluggedType: 2
D/WifiService(  303): ### wifiShouldBeEnabled=true
D/WifiService(  303): ### mDeviceIdle=false
D/WifiService(  303): ### lockHeld=false
D/VoldCmdListener(  173): volume shared /mnt/sdcard ums
W/Vold    (  173): [AutoRun] Switch Event - name:usb_connected, state:0
W/Vold    (  173): [Apply Autorun]Ignoring unknown switch 'usb_connected'
W/Vold    (  173): [AutoRun] Switch Event - name:usb_configuration, state:0
W/Vold    (  173): [Apply Autorun]Ignoring unknown switch 'usb_configuration'
W/Vold    (  173): [AutoRun] Switch Event - name:usb_mass_storage, state:offline
D/Vold    (  173): Share method ums now unavailable
I/StorageNotification(  436): UMS connection changed to false (media state mounted)
D/PowerManagerService(  303): setALSOption mAutoBrightessEnabled : false
D/PowerManagerService(  303): [T] sys/devices/i2c-0/0-0038/lm3537_powersave write value : 2
D/WifiService(  303): ACTION_BATTERY_CHANGED pluggedType: 2
D/WifiService(  303): ### wifiShouldBeEnabled=true
D/WifiService(  303): ### mDeviceIdle=false
D/WifiService(  303): ### lockHeld=false
D/WifiService(  303): ACTION_BATTERY_CHANGED pluggedType: 2
D/WifiService(  303): ### wifiShouldBeEnabled=true
D/WifiService(  303): ### mDeviceIdle=false
D/WifiService(  303): ### lockHeld=false
D/WifiService(  303): ACTION_BATTERY_CHANGED pluggedType: 2
D/WifiService(  303): ### wifiShouldBeEnabled=true
D/WifiService(  303): ### mDeviceIdle=false
D/WifiService(  303): ### lockHeld=false
D/PowerManagerService(  303): setALSOption mAutoBrightessEnabled : false
D/PowerManagerService(  303): [T] sys/devices/i2c-0/0-0038/lm3537_powersave write value : 2
W/Vold    (  173): [AutoRun] Switch Event - name:usb_connected, state:1
W/Vold    (  173): [Apply Autorun]Ignoring unknown switch 'usb_connected'
D/WifiService(  303): ACTION_BATTERY_CHANGED pluggedType: 2
D/WifiService(  303): ### wifiShouldBeEnabled=true
D/WifiService(  303): ### mDeviceIdle=false
D/WifiService(  303): ### lockHeld=false
D/WifiService(  303): ACTION_BATTERY_CHANGED pluggedType: 2
D/WifiService(  303): ### wifiShouldBeEnabled=true
D/WifiService(  303): ### mDeviceIdle=false
D/WifiService(  303): ### lockHeld=false
W/Vold    (  173): [AutoRun] Switch Event - name:usb_mass_storage, state:online
D/Vold    (  173): Share method ums now available
I/StorageNotification(  436): UMS connection changed to true (media state mounted)
W/Vold    (  173): [AutoRun] Switch Event - name:usb_configuration, state:1
W/Vold    (  173): [Apply Autorun]Ignoring unknown switch 'usb_configuration'
D/WifiService(  303): ACTION_BATTERY_CHANGED pluggedType: 2
D/WifiService(  303): ### wifiShouldBeEnabled=true
D/WifiService(  303): ### mDeviceIdle=false
D/WifiService(  303): ### lockHeld=false
D/WifiService(  303): ACTION_BATTERY_CHANGED pluggedType: 2
D/WifiService(  303): ### wifiShouldBeEnabled=true
D/WifiService(  303): ### mDeviceIdle=false
D/WifiService(  303): ### lockHeld=false
D/WifiService(  303): ACTION_BATTERY_CHANGED pluggedType: 2
D/WifiService(  303): ### wifiShouldBeEnabled=true
D/WifiService(  303): ### mDeviceIdle=false
D/WifiService(  303): ### lockHeld=false
D/WifiService(  303): ACTION_BATTERY_CHANGED pluggedType: 2
D/WifiService(  303): ### wifiShouldBeEnabled=true
D/WifiService(  303): ### mDeviceIdle=false
D/WifiService(  303): ### lockHeld=false
D/WifiService(  303): ACTION_BATTERY_CHANGED pluggedType: 2
D/WifiService(  303): ### wifiShouldBeEnabled=true
D/WifiService(  303): ### mDeviceIdle=false
D/WifiService(  303): ### lockHeld=false
W/Vold    (  173): [AutoRun] Switch Event - name:usb_connected, state:0
W/Vold    (  173): [Apply Autorun]Ignoring unknown switch 'usb_connected'
W/Vold    (  173): [AutoRun] Switch Event - name:usb_configuration, state:0
W/Vold    (  173): [Apply Autorun]Ignoring unknown switch 'usb_configuration'
W/Vold    (  173): [AutoRun] Switch Event - name:usb_mass_storage, state:offline
D/Vold    (  173): Share method ums now unavailable
I/StorageNotification(  436): UMS connection changed to false (media state mounted)
W/Vold    (  173): [AutoRun] Switch Event - name:MSM72K_UDC_AUTORUN, state:offline
D/WifiService(  303): ACTION_BATTERY_CHANGED pluggedType: 0
D/WifiService(  303): ### wifiShouldBeEnabled=true
D/WifiService(  303): ### mDeviceIdle=false
D/WifiService(  303): ### lockHeld=false
D/VoldCmdListener(  173): volume shared /mnt/sdcard ums
D/PowerManagerService(  303): setALSOption mAutoBrightessEnabled : false
D/PowerManagerService(  303): [T] sys/devices/i2c-0/0-0038/lm3537_powersave write value : 2
D/WifiService(  303): ACTION_BATTERY_CHANGED pluggedType: 0
D/WifiService(  303): ### wifiShouldBeEnabled=true
D/WifiService(  303): ### mDeviceIdle=false
D/WifiService(  303): ### lockHeld=false
D/WifiService(  303): ACTION_BATTERY_CHANGED pluggedType: 0
D/WifiService(  303): ### wifiShouldBeEnabled=true
D/WifiService(  303): ### mDeviceIdle=false
D/WifiService(  303): ### lockHeld=false
D/WifiService(  303): ACTION_BATTERY_CHANGED pluggedType: 0
D/WifiService(  303): ### wifiShouldBeEnabled=true
D/WifiService(  303): ### mDeviceIdle=false
D/WifiService(  303): ### lockHeld=false
W/Vold    (  173): [AutoRun] Switch Event - name:usb_connected, state:1
W/Vold    (  173): [Apply Autorun]Ignoring unknown switch 'usb_connected'
W/Vold    (  173): [AutoRun] Switch Event - name:usb_mass_storage, state:online
D/Vold    (  173): Share method ums now available
W/Vold    (  173): [AutoRun] Switch Event - name:MSM72K_UDC_AUTORUN, state:online
W/Vold    (  173): [AutoRun] Switch Event - name:usb_configuration, state:1
W/Vold    (  173): [Apply Autorun]Ignoring unknown switch 'usb_configuration'
I/StorageNotification(  436): UMS connection changed to true (media state mounted)
D/VoldCmdListener(  173): volume shared /mnt/sdcard ums
W/Vold    (  173): [AutoRun] Switch Event - name:MSM72K_UDC_AUTORUN, state:offline
W/Vold    (  173): [AutoRun] Switch Event - name:usb_mass_storage, state:offline
D/Vold    (  173): Share method ums now unavailable
W/Vold    (  173): [AutoRun] Switch Event - name:usb_connected, state:0
W/Vold    (  173): [Apply Autorun]Ignoring unknown switch 'usb_connected'
W/Vold    (  173): [AutoRun] Switch Event - name:usb_configuration, state:0
W/Vold    (  173): [Apply Autorun]Ignoring unknown switch 'usb_configuration'
I/StorageNotification(  436): UMS connection changed to false (media state mounted)
D/VoldCmdListener(  173): volume shared /mnt/sdcard ums
D/VoldCmdListener(  173): volume shared /mnt/sdcard ums
W/Vold    (  173): [AutoRun] Switch Event - name:usb_connected, state:1
W/Vold    (  173): [Apply Autorun]Ignoring unknown switch 'usb_connected'
W/Vold    (  173): [AutoRun] Switch Event - name:usb_connected, state:0
W/Vold    (  173): [Apply Autorun]Ignoring unknown switch 'usb_connected'
D/WifiService(  303): ACTION_BATTERY_CHANGED pluggedType: 0
D/WifiService(  303): ### wifiShouldBeEnabled=true
D/WifiService(  303): ### mDeviceIdle=false
D/WifiService(  303): ### lockHeld=false
D/WifiService(  303): ACTION_BATTERY_CHANGED pluggedType: 0
D/WifiService(  303): ### wifiShouldBeEnabled=true
D/WifiService(  303): ### mDeviceIdle=false
D/WifiService(  303): ### lockHeld=false
D/WifiService(  303): ACTION_BATTERY_CHANGED pluggedType: 0
D/WifiService(  303): ### wifiShouldBeEnabled=true
D/WifiService(  303): ### mDeviceIdle=false
D/WifiService(  303): ### lockHeld=false
D/WifiService(  303): ACTION_BATTERY_CHANGED pluggedType: 0
D/WifiService(  303): ### wifiShouldBeEnabled=true
D/WifiService(  303): ### mDeviceIdle=false
D/WifiService(  303): ### lockHeld=false
D/WifiService(  303): ACTION_BATTERY_CHANGED pluggedType: 0
D/WifiService(  303): ### wifiShouldBeEnabled=true
D/WifiService(  303): ### mDeviceIdle=false
D/WifiService(  303): ### lockHeld=false
D/WifiService(  303): ACTION_BATTERY_CHANGED pluggedType: 0
D/WifiService(  303): ### wifiShouldBeEnabled=true
D/WifiService(  303): ### mDeviceIdle=false
D/WifiService(  303): ### lockHeld=false
D/WifiService(  303): ACTION_BATTERY_CHANGED pluggedType: 0
D/WifiService(  303): ### wifiShouldBeEnabled=true
D/WifiService(  303): ### mDeviceIdle=false
D/WifiService(  303): ### lockHeld=false
D/WifiService(  303): ACTION_BATTERY_CHANGED pluggedType: 0
D/WifiService(  303): ### wifiShouldBeEnabled=true
D/WifiService(  303): ### mDeviceIdle=false
D/WifiService(  303): ### lockHeld=false
D/WifiService(  303): ACTION_BATTERY_CHANGED pluggedType: 0
D/WifiService(  303): ### wifiShouldBeEnabled=true
D/WifiService(  303): ### mDeviceIdle=false
D/WifiService(  303): ### lockHeld=false
D/WifiService(  303): ACTION_BATTERY_CHANGED pluggedType: 0
D/WifiService(  303): ### wifiShouldBeEnabled=true
D/WifiService(  303): ### mDeviceIdle=false
D/WifiService(  303): ### lockHeld=false
D/WifiService(  303): ACTION_BATTERY_CHANGED pluggedType: 0
D/WifiService(  303): ### wifiShouldBeEnabled=true
D/WifiService(  303): ### mDeviceIdle=false
D/WifiService(  303): ### lockHeld=false
D/WifiService(  303): ACTION_BATTERY_CHANGED pluggedType: 0
D/WifiService(  303): ### wifiShouldBeEnabled=true
D/WifiService(  303): ### mDeviceIdle=false
D/WifiService(  303): ### lockHeld=false
D/WifiService(  303): ACTION_BATTERY_CHANGED pluggedType: 0
D/WifiService(  303): ### wifiShouldBeEnabled=true
D/WifiService(  303): ### mDeviceIdle=false
D/WifiService(  303): ### lockHeld=false
I/WindowManager(  303): Setting rotation to 3, animFlags=0
I/ActivityManager(  303): Config changed: { scale=1.0 imsi=0/0 loc=en_US touch=3 keys=1/1/2 nav=1/1 orien=2 layout=34 uiMode=17 seq=4}
W/ProcessStats(  303): Skipping unknown process pid 3193
W/ProcessStats(  303): Skipping unknown process pid 3194
W/ProcessStats(  303): Skipping unknown process pid 3195
W/ProcessStats(  303): Skipping unknown process pid 3196
W/ProcessStats(  303): Skipping unknown process pid 3197
W/ProcessStats(  303): Skipping unknown process pid 3198
W/ProcessStats(  303): Skipping unknown process pid 3199
W/ProcessStats(  303): Skipping unknown process pid 3200
W/ProcessStats(  303): Skipping unknown process pid 3201
W/ProcessStats(  303): Skipping unknown process pid 3202
W/ProcessStats(  303): Skipping unknown process pid 3203
W/ProcessStats(  303): Skipping unknown process pid 3204
W/ProcessStats(  303): Skipping unknown process pid 3205
W/ProcessStats(  303): Skipping unknown process pid 3206
W/ProcessStats(  303): Skipping unknown process pid 3207
W/ProcessStats(  303): Skipping unknown process pid 3208
W/ProcessStats(  303): Skipping unknown process pid 3209
W/ProcessStats(  303): Skipping unknown process pid 3210
W/ProcessStats(  303): Skipping unknown process pid 3211
W/ProcessStats(  303): Skipping unknown process pid 3212
W/ProcessStats(  303): Skipping unknown process pid 3213
W/ProcessStats(  303): Skipping unknown process pid 3214
D/WifiService(  303): ACTION_BATTERY_CHANGED pluggedType: 0
D/WifiService(  303): ### wifiShouldBeEnabled=true
D/WifiService(  303): ### mDeviceIdle=false
D/WifiService(  303): ### lockHeld=false
I/WindowManager(  303): Setting rotation to 0, animFlags=0
I/ActivityManager(  303): Config changed: { scale=1.0 imsi=0/0 loc=en_US touch=3 keys=1/1/2 nav=1/1 orien=1 layout=34 uiMode=17 seq=5}
D/WifiService(  303): ACTION_BATTERY_CHANGED pluggedType: 0
D/WifiService(  303): ### wifiShouldBeEnabled=true
D/WifiService(  303): ### mDeviceIdle=false
D/WifiService(  303): ### lockHeld=false
D/WifiService(  303): ACTION_BATTERY_CHANGED pluggedType: 0
D/WifiService(  303): ### wifiShouldBeEnabled=true
D/WifiService(  303): ### mDeviceIdle=false
D/WifiService(  303): ### lockHeld=false
D/WifiService(  303): ACTION_BATTERY_CHANGED pluggedType: 0
D/WifiService(  303): ### wifiShouldBeEnabled=true
D/WifiService(  303): ### mDeviceIdle=false
D/WifiService(  303): ### lockHeld=false
D/WifiService(  303): ACTION_BATTERY_CHANGED pluggedType: 0
D/WifiService(  303): ### wifiShouldBeEnabled=true
D/WifiService(  303): ### mDeviceIdle=false
D/WifiService(  303): ### lockHeld=false
D/WifiService(  303): ACTION_BATTERY_CHANGED pluggedType: 0
D/WifiService(  303): ### wifiShouldBeEnabled=true
D/WifiService(  303): ### mDeviceIdle=false
D/WifiService(  303): ### lockHeld=false
W/Vold    (  173): [AutoRun] Switch Event - name:usb_connected, state:1
W/Vold    (  173): [Apply Autorun]Ignoring unknown switch 'usb_connected'
W/Vold    (  173): [AutoRun] Switch Event - name:usb_mass_storage, state:online
D/Vold    (  173): Share method ums now available
W/Vold    (  173): [AutoRun] Switch Event - name:MSM72K_UDC_AUTORUN, state:online
W/Vold    (  173): [AutoRun] Switch Event - name:usb_configuration, state:1
W/Vold    (  173): [Apply Autorun]Ignoring unknown switch 'usb_configuration'
I/StorageNotification(  436): UMS connection changed to true (media state mounted)
D/VoldCmdListener(  173): volume shared /mnt/sdcard ums
W/Vold    (  173): [AutoRun] Switch Event - name:MSM72K_UDC_AUTORUN, state:offline
W/Vold    (  173): [AutoRun] Switch Event - name:usb_mass_storage, state:offline
D/Vold    (  173): Share method ums now unavailable
W/Vold    (  173): [AutoRun] Switch Event - name:usb_connected, state:0
W/Vold    (  173): [Apply Autorun]Ignoring unknown switch 'usb_connected'
W/Vold    (  173): [AutoRun] Switch Event - name:usb_configuration, state:0
W/Vold    (  173): [Apply Autorun]Ignoring unknown switch 'usb_configuration'
I/StorageNotification(  436): UMS connection changed to false (media state mounted)
D/WifiService(  303): ACTION_BATTERY_CHANGED pluggedType: 0
D/WifiService(  303): ### wifiShouldBeEnabled=true
D/WifiService(  303): ### mDeviceIdle=false
D/WifiService(  303): ### lockHeld=false
D/WifiService(  303): ACTION_BATTERY_CHANGED pluggedType: 0
D/WifiService(  303): ### wifiShouldBeEnabled=true
D/WifiService(  303): ### mDeviceIdle=false
D/WifiService(  303): ### lockHeld=false
D/PowerManagerService(  303): setALSOption mAutoBrightessEnabled : false
D/PowerManagerService(  303): [T] sys/devices/i2c-0/0-0038/lm3537_powersave write value : 2
D/PowerManagerService(  303): setALSOption mAutoBrightessEnabled : false
D/PowerManagerService(  303): [T] sys/devices/i2c-0/0-0038/lm3537_powersave write value : 2
D/VoldCmdListener(  173): volume shared /mnt/sdcard ums
D/PowerManagerService(  303): setALSOption mAutoBrightessEnabled : false
D/PowerManagerService(  303): [T] sys/devices/i2c-0/0-0038/lm3537_powersave write value : 2
D/PowerManagerService(  303): setALSOption mAutoBrightessEnabled : false
D/PowerManagerService(  303): [T] sys/devices/i2c-0/0-0038/lm3537_powersave write value : 2
D/WifiService(  303): ACTION_BATTERY_CHANGED pluggedType: 0
D/WifiService(  303): ### wifiShouldBeEnabled=true
D/WifiService(  303): ### mDeviceIdle=false
D/WifiService(  303): ### lockHeld=false
D/WifiService(  303): ACTION_BATTERY_CHANGED pluggedType: 0
D/WifiService(  303): ### wifiShouldBeEnabled=true
D/WifiService(  303): ### mDeviceIdle=false
D/WifiService(  303): ### lockHeld=false
D/WifiService(  303): ACTION_BATTERY_CHANGED pluggedType: 0
D/WifiService(  303): ### wifiShouldBeEnabled=true
D/WifiService(  303): ### mDeviceIdle=false
D/WifiService(  303): ### lockHeld=false
D/WifiService(  303): ACTION_BATTERY_CHANGED pluggedType: 0
D/WifiService(  303): ### wifiShouldBeEnabled=true
D/WifiService(  303): ### mDeviceIdle=false
D/WifiService(  303): ### lockHeld=false
D/WifiService(  303): ACTION_BATTERY_CHANGED pluggedType: 0
D/WifiService(  303): ### wifiShouldBeEnabled=true
D/WifiService(  303): ### mDeviceIdle=false
D/WifiService(  303): ### lockHeld=false
W/Vold    (  173): [AutoRun] Switch Event - name:usb_connected, state:1
W/Vold    (  173): [Apply Autorun]Ignoring unknown switch 'usb_connected'
W/Vold    (  173): [AutoRun] Switch Event - name:usb_mass_storage, state:online
D/Vold    (  173): Share method ums now available
W/Vold    (  173): [AutoRun] Switch Event - name:MSM72K_UDC_AUTORUN, state:online
W/Vold    (  173): [AutoRun] Switch Event - name:usb_configuration, state:1
W/Vold    (  173): [Apply Autorun]Ignoring unknown switch 'usb_configuration'
I/StorageNotification(  436): UMS connection changed to true (media state mounted)
D/VoldCmdListener(  173): volume shared /mnt/sdcard ums
D/PowerManagerService(  303): setALSOption mAutoBrightessEnabled : false
D/PowerManagerService(  303): [T] sys/devices/i2c-0/0-0038/lm3537_powersave write value : 2
D/PowerManagerService(  303): setALSOption mAutoBrightessEnabled : false
D/PowerManagerService(  303): [T] sys/devices/i2c-0/0-0038/lm3537_powersave write value : 2
D/WifiService(  303): ACTION_BATTERY_CHANGED pluggedType: 2
D/WifiService(  303): ### wifiShouldBeEnabled=true
D/WifiService(  303): ### mDeviceIdle=false
D/WifiService(  303): ### lockHeld=false
D/WifiService(  303): ACTION_BATTERY_CHANGED pluggedType: 2
D/WifiService(  303): ### wifiShouldBeEnabled=true
D/WifiService(  303): ### mDeviceIdle=false
D/WifiService(  303): ### lockHeld=false
D/VoldCmdListener(  173): volume shared /mnt/sdcard ums
W/Vold    (  173): [AutoRun] Switch Event - name:usb_connected, state:0
W/Vold    (  173): [Apply Autorun]Ignoring unknown switch 'usb_connected'
W/Vold    (  173): [AutoRun] Switch Event - name:usb_configuration, state:0
W/Vold    (  173): [Apply Autorun]Ignoring unknown switch 'usb_configuration'
W/Vold    (  173): [AutoRun] Switch Event - name:usb_mass_storage, state:offline
D/Vold    (  173): Share method ums now unavailable
I/StorageNotification(  436): UMS connection changed to false (media state mounted)
D/PowerManagerService(  303): setALSOption mAutoBrightessEnabled : false
D/PowerManagerService(  303): [T] sys/devices/i2c-0/0-0038/lm3537_powersave write value : 2
D/WifiService(  303): ACTION_BATTERY_CHANGED pluggedType: 2
D/WifiService(  303): ### wifiShouldBeEnabled=true
D/WifiService(  303): ### mDeviceIdle=false
D/WifiService(  303): ### lockHeld=false
D/WifiService(  303): ACTION_BATTERY_CHANGED pluggedType: 2
D/WifiService(  303): ### wifiShouldBeEnabled=true
D/WifiService(  303): ### mDeviceIdle=false
D/WifiService(  303): ### lockHeld=false
D/PowerManagerService(  303): setALSOption mAutoBrightessEnabled : false
D/PowerManagerService(  303): [T] sys/devices/i2c-0/0-0038/lm3537_powersave write value : 2
W/Vold    (  173): [AutoRun] Switch Event - name:usb_connected, state:1
W/Vold    (  173): [Apply Autorun]Ignoring unknown switch 'usb_connected'
D/WifiService(  303): ACTION_BATTERY_CHANGED pluggedType: 2
D/WifiService(  303): ### wifiShouldBeEnabled=true
D/WifiService(  303): ### mDeviceIdle=false
D/WifiService(  303): ### lockHeld=false
D/WifiService(  303): ACTION_BATTERY_CHANGED pluggedType: 2
D/WifiService(  303): ### wifiShouldBeEnabled=true
D/WifiService(  303): ### mDeviceIdle=false
D/WifiService(  303): ### lockHeld=false
W/Vold    (  173): [AutoRun] Switch Event - name:usb_mass_storage, state:online
D/Vold    (  173): Share method ums now available
I/StorageNotification(  436): UMS connection changed to true (media state mounted)
W/Vold    (  173): [AutoRun] Switch Event - name:usb_configuration, state:1
W/Vold    (  173): [Apply Autorun]Ignoring unknown switch 'usb_configuration'
D/WifiService(  303): ACTION_BATTERY_CHANGED pluggedType: 2
D/WifiService(  303): ### wifiShouldBeEnabled=true
D/WifiService(  303): ### mDeviceIdle=false
D/WifiService(  303): ### lockHeld=false
D/WifiService(  303): ACTION_BATTERY_CHANGED pluggedType: 2
D/WifiService(  303): ### wifiShouldBeEnabled=true
D/WifiService(  303): ### mDeviceIdle=false
D/WifiService(  303): ### lockHeld=false
D/WifiService(  303): ACTION_BATTERY_CHANGED pluggedType: 2
D/WifiService(  303): ### wifiShouldBeEnabled=true
D/WifiService(  303): ### mDeviceIdle=false
D/WifiService(  303): ### lockHeld=false
D/WifiService(  303): ACTION_BATTERY_CHANGED pluggedType: 2
D/WifiService(  303): ### wifiShouldBeEnabled=true
D/WifiService(  303): ### mDeviceIdle=false
D/WifiService(  303): ### lockHeld=false
D/WifiService(  303): ACTION_BATTERY_CHANGED pluggedType: 2
D/WifiService(  303): ### wifiShouldBeEnabled=true
D/WifiService(  303): ### mDeviceIdle=false
D/WifiService(  303): ### lockHeld=false
I/ActivityManager(  303): Starting: Intent { flg=0x10000000 cmp=com.crazyj36.activitycycle/.MainActivity } from pid 3336
D/WifiService(  303): ACTION_BATTERY_CHANGED pluggedType: 2
D/WifiService(  303): ### wifiShouldBeEnabled=true
D/WifiService(  303): ### mDeviceIdle=false
D/WifiService(  303): ### lockHeld=false
D/WifiService(  303): ACTION_BATTERY_CHANGED pluggedType: 2
D/WifiService(  303): ### wifiShouldBeEnabled=true
D/WifiService(  303): ### mDeviceIdle=false
D/WifiService(  303): ### lockHeld=false
W/Vold    (  173): [AutoRun] Switch Event - name:usb_connected, state:0
W/Vold    (  173): [Apply Autorun]Ignoring unknown switch 'usb_connected'
W/Vold    (  173): [AutoRun] Switch Event - name:usb_configuration, state:0
W/Vold    (  173): [Apply Autorun]Ignoring unknown switch 'usb_configuration'
W/Vold    (  173): [AutoRun] Switch Event - name:usb_mass_storage, state:offline
D/Vold    (  173): Share method ums now unavailable
W/Vold    (  173): [AutoRun] Switch Event - name:MSM72K_UDC_AUTORUN, state:offline
I/StorageNotification(  436): UMS connection changed to false (media state mounted)
D/WifiService(  303): ACTION_BATTERY_CHANGED pluggedType: 0
D/WifiService(  303): ### wifiShouldBeEnabled=true
D/WifiService(  303): ### mDeviceIdle=false
D/WifiService(  303): ### lockHeld=false
D/VoldCmdListener(  173): volume shared /mnt/sdcard ums
D/WifiService(  303): ACTION_BATTERY_CHANGED pluggedType: 0
D/WifiService(  303): ### wifiShouldBeEnabled=true
D/WifiService(  303): ### mDeviceIdle=false
D/WifiService(  303): ### lockHeld=false
D/WifiService(  303): ACTION_BATTERY_CHANGED pluggedType: 0
D/WifiService(  303): ### wifiShouldBeEnabled=true
D/WifiService(  303): ### mDeviceIdle=false
D/WifiService(  303): ### lockHeld=false
D/WifiService(  303): ACTION_BATTERY_CHANGED pluggedType: 0
D/WifiService(  303): ### wifiShouldBeEnabled=true
D/WifiService(  303): ### mDeviceIdle=false
D/WifiService(  303): ### lockHeld=false
D/PowerManagerService(  303): setALSOption mAutoBrightessEnabled : false
D/PowerManagerService(  303): [T] sys/devices/i2c-0/0-0038/lm3537_powersave write value : 2
D/WifiService(  303): ACTION_BATTERY_CHANGED pluggedType: 0
D/WifiService(  303): ### wifiShouldBeEnabled=true
D/WifiService(  303): ### mDeviceIdle=false
D/WifiService(  303): ### lockHeld=false
W/Vold    (  173): [AutoRun] Switch Event - name:usb_connected, state:1
W/Vold    (  173): [Apply Autorun]Ignoring unknown switch 'usb_connected'
W/Vold    (  173): [AutoRun] Switch Event - name:usb_mass_storage, state:online
D/Vold    (  173): Share method ums now available
W/Vold    (  173): [AutoRun] Switch Event - name:MSM72K_UDC_AUTORUN, state:online
W/Vold    (  173): [AutoRun] Switch Event - name:usb_configuration, state:1
W/Vold    (  173): [Apply Autorun]Ignoring unknown switch 'usb_configuration'
I/StorageNotification(  436): UMS connection changed to true (media state mounted)
D/VoldCmdListener(  173): volume shared /mnt/sdcard ums
W/Vold    (  173): [AutoRun] Switch Event - name:MSM72K_UDC_AUTORUN, state:offline
W/Vold    (  173): [AutoRun] Switch Event - name:usb_mass_storage, state:offline
D/Vold    (  173): Share method ums now unavailable
W/Vold    (  173): [AutoRun] Switch Event - name:usb_connected, state:0
W/Vold    (  173): [Apply Autorun]Ignoring unknown switch 'usb_connected'
W/Vold    (  173): [AutoRun] Switch Event - name:usb_configuration, state:0
W/Vold    (  173): [Apply Autorun]Ignoring unknown switch 'usb_configuration'
D/WifiService(  303): ACTION_BATTERY_CHANGED pluggedType: 0
D/WifiService(  303): ### wifiShouldBeEnabled=true
D/WifiService(  303): ### mDeviceIdle=false
D/WifiService(  303): ### lockHeld=false
I/StorageNotification(  436): UMS connection changed to false (media state mounted)
D/PowerManagerService(  303): setALSOption mAutoBrightessEnabled : false
D/PowerManagerService(  303): [T] sys/devices/i2c-0/0-0038/lm3537_powersave write value : 2
D/WifiService(  303): ACTION_BATTERY_CHANGED pluggedType: 0
D/WifiService(  303): ### wifiShouldBeEnabled=true
D/WifiService(  303): ### mDeviceIdle=false
D/WifiService(  303): ### lockHeld=false
D/WifiService(  303): ACTION_BATTERY_CHANGED pluggedType: 0
D/WifiService(  303): ### wifiShouldBeEnabled=true
D/WifiService(  303): ### mDeviceIdle=false
D/WifiService(  303): ### lockHeld=false
D/PowerManagerService(  303): setALSOption mAutoBrightessEnabled : false
D/PowerManagerService(  303): [T] sys/devices/i2c-0/0-0038/lm3537_powersave write value : 2
D/VoldCmdListener(  173): volume shared /mnt/sdcard ums
D/PowerManagerService(  303): setALSOption mAutoBrightessEnabled : false
D/PowerManagerService(  303): [T] sys/devices/i2c-0/0-0038/lm3537_powersave write value : 2
D/PowerManagerService(  303): setALSOption mAutoBrightessEnabled : false
D/PowerManagerService(  303): [T] sys/devices/i2c-0/0-0038/lm3537_powersave write value : 2
W/Vold    (  173): [AutoRun] Switch Event - name:usb_connected, state:1
W/Vold    (  173): [Apply Autorun]Ignoring unknown switch 'usb_connected'
W/Vold    (  173): [AutoRun] Switch Event - name:usb_mass_storage, state:online
D/Vold    (  173): Share method ums now available
W/Vold    (  173): [AutoRun] Switch Event - name:MSM72K_UDC_AUTORUN, state:online
W/Vold    (  173): [AutoRun] Switch Event - name:usb_configuration, state:1
W/Vold    (  173): [Apply Autorun]Ignoring unknown switch 'usb_configuration'
I/StorageNotification(  436): UMS connection changed to true (media state mounted)
D/VoldCmdListener(  173): volume shared /mnt/sdcard ums
D/PowerManagerService(  303): setALSOption mAutoBrightessEnabled : false
D/PowerManagerService(  303): [T] sys/devices/i2c-0/0-0038/lm3537_powersave write value : 2
D/PowerManagerService(  303): setALSOption mAutoBrightessEnabled : false
D/PowerManagerService(  303): [T] sys/devices/i2c-0/0-0038/lm3537_powersave write value : 2
W/Vold    (  173): [AutoRun] Switch Event - name:MSM72K_UDC_AUTORUN, state:offline
W/Vold    (  173): [AutoRun] Switch Event - name:usb_mass_storage, state:offline
D/Vold    (  173): Share method ums now unavailable
W/Vold    (  173): [AutoRun] Switch Event - name:usb_connected, state:0
W/Vold    (  173): [Apply Autorun]Ignoring unknown switch 'usb_connected'
W/Vold    (  173): [AutoRun] Switch Event - name:usb_configuration, state:0
W/Vold    (  173): [Apply Autorun]Ignoring unknown switch 'usb_configuration'
D/WifiService(  303): ACTION_BATTERY_CHANGED pluggedType: 0
D/WifiService(  303): ### wifiShouldBeEnabled=true
D/WifiService(  303): ### mDeviceIdle=false
D/WifiService(  303): ### lockHeld=false
I/StorageNotification(  436): UMS connection changed to false (media state mounted)
D/VoldCmdListener(  173): volume shared /mnt/sdcard ums
D/PowerManagerService(  303): setALSOption mAutoBrightessEnabled : false
D/PowerManagerService(  303): [T] sys/devices/i2c-0/0-0038/lm3537_powersave write value : 2
D/PowerManagerService(  303): setALSOption mAutoBrightessEnabled : false
D/PowerManagerService(  303): [T] sys/devices/i2c-0/0-0038/lm3537_powersave write value : 2
D/WifiService(  303): ACTION_BATTERY_CHANGED pluggedType: 0
D/WifiService(  303): ### wifiShouldBeEnabled=true
D/WifiService(  303): ### mDeviceIdle=false
D/WifiService(  303): ### lockHeld=false
W/Vold    (  173): [AutoRun] Switch Event - name:usb_connected, state:1
W/Vold    (  173): [Apply Autorun]Ignoring unknown switch 'usb_connected'
W/Vold    (  173): [AutoRun] Switch Event - name:usb_mass_storage, state:online
D/Vold    (  173): Share method ums now available
W/Vold    (  173): [AutoRun] Switch Event - name:MSM72K_UDC_AUTORUN, state:online
W/Vold    (  173): [AutoRun] Switch Event - name:usb_configuration, state:1
W/Vold    (  173): [Apply Autorun]Ignoring unknown switch 'usb_configuration'
I/StorageNotification(  436): UMS connection changed to true (media state mounted)
--------- beginning of /dev/log/main
W/AutorunUtil(  541): [AutorunUtil.java:519:writeToFile()] can not write to this file : /sys/module/android/parameters/user_mode to this path : /sys/module/android/parameters/user_mode
D/AutorunService(  541): [AutorunService.java:112:onStartCommand()] write user mode : 0
D/UsbConnectivitySwitch(  541): [UsbConnectivitySwitch.java:246:switchUsbMode()] try to switch mode to : AutoRun(CD-Rom)
D/UsbConnectivitySwitch(  541): [UsbConnectivitySwitch.java:269:prepare()] prepare to switch
D/UsbConnectivitySwitch(  541): [UsbConnectivitySwitch.java:270:prepare()] mode : AutoRun(CD-Rom) state : Idle
D/UsbConnectivitySwitch(  541): [UsbConnectivitySwitch.java:271:prepare()] is the Media Sync started ? >> false
D/UsbConnectivitySwitch(  541): [UsbConnectivitySwitch.java:466:startSwitchUsbModeTimerTask()] start UsbModeTimer remain time(ms) : 3000
I/AutorunUtil(  541): [AutorunUtil.java:455:showNotification()] text : Select to switch USB connection mode ticker : null
D/VoldCmdListener(  173): volume shared /mnt/sdcard ums
D/AutorunUtil(  541): [AutorunUtil.java:381:isValidAutorunCondition()] is AutoRun on testing : false
D/AutorunUtil(  541): [AutorunUtil.java:69:getPID()] pid : 6320
D/AutorunUtil(  541): [AutorunUtil.java:382:isValidAutorunCondition()] isFactoryCable : false
W/AutorunService(  541): [AutorunService.java:184:finalize()] finalize
D/AutorunUtil(  541): [AutorunUtil.java:383:isValidAutorunCondition()] (obsolete) isPhoneActivated : false
D/AutorunUtil(  541): [AutorunUtil.java:384:isValidAutorunCondition()] isSkipUICCProvisionedEnabled : false
E/AutorunUtil(  541): [AutorunUtil.java:296:isUICCProvisioned()] imsi_m error!!!
D/AutorunUtil(  541): [AutorunUtil.java:385:isValidAutorunCondition()] isUICCProvisioned : true
D/AutorunUtil(  541): [AutorunUtil.java:224:isAutorunOn()] autorun hidden : autorun_enable
D/AutorunUtil(  541): [AutorunUtil.java:386:isValidAutorunCondition()] isAutorunOn : true
D/AutorunUtil(  541): [AutorunUtil.java:387:isValidAutorunCondition()] isInEmergencyCall : false
D/AutorunUtil(  541): [AutorunUtil.java:388:isValidAutorunCondition()] getCallState : 0
W/AutorunUtil(  541): [AutorunUtil.java:557:readFromFile()] can not read from this file : /sys/module/android/parameters/manual_test_mode
D/AutorunUtil(  541): [AutorunUtil.java:359:isTestMode()] test mode : 
D/AutorunUtil(  541): [AutorunUtil.java:389:isValidAutorunCondition()] isTestMode : false
D/AutorunUtil(  541): [AutorunUtil.java:69:getPID()] pid : 6320
E/AutorunUtil(  541): [AutorunUtil.java:296:isUICCProvisioned()] imsi_m error!!!
D/AutorunUtil(  541): [AutorunUtil.java:224:isAutorunOn()] autorun hidden : autorun_enable
W/AutorunUtil(  541): [AutorunUtil.java:557:readFromFile()] can not read from this file : /sys/module/android/parameters/manual_test_mode
D/AutorunUtil(  541): [AutorunUtil.java:359:isTestMode()] test mode : 
I/UsbConnectivitySwitch(  541): [UsbConnectivitySwitch.java:144:handleMessage()] mode : AutoRun(CD-Rom), state : Prepared
D/AutorunUtil(  541): [AutorunUtil.java:510:writeToFile()] write to file this value : auto_run to this path : /sys/module/android/parameters/usb_mode
D/UsbConnectivitySwitch(  541): [UsbConnectivitySwitch.java:423:waitForUsbConfigured()] usb state is configured
D/UsbConnectivitySwitch(  541): [UsbConnectivitySwitch.java:415:waitForUsbConfigured()] USB State is configured
D/UsbConnectivitySwitch(  541): [UsbConnectivitySwitch.java:697:mountAutorunISO()] try to mount autorun iso image
W/AutorunUtil(  541): [AutorunUtil.java:519:writeToFile()] can not write to this file : /sys/devices/platform/msm_hsusb/gadget/lun2/file to this path : /sys/devices/platform/msm_hsusb/gadget/lun2/file
I/UsbConnectivitySwitch(  541): [UsbConnectivitySwitch.java:701:mountAutorunISO()] autorun iso has been mounted
D/PowerManagerService(  303): setALSOption mAutoBrightessEnabled : false
D/PowerManagerService(  303): [T] sys/devices/i2c-0/0-0038/lm3537_powersave write value : 2
D/PowerManagerService(  303): setALSOption mAutoBrightessEnabled : false
D/PowerManagerService(  303): [T] sys/devices/i2c-0/0-0038/lm3537_powersave write value : 2
D/WifiService(  303): ACTION_BATTERY_CHANGED pluggedType: 2
D/WifiService(  303): ### wifiShouldBeEnabled=true
D/WifiService(  303): ### mDeviceIdle=false
D/WifiService(  303): ### lockHeld=false
D/PhoneChargerListener(  807): [null:-1:debug()] onReceive
D/WifiService(  303): ACTION_BATTERY_CHANGED pluggedType: 2
D/WifiService(  303): ### wifiShouldBeEnabled=true
D/WifiService(  303): ### mDeviceIdle=false
D/WifiService(  303): ### lockHeld=false
W/Vold    (  173): [AutoRun] Switch Event - name:MSM72K_UDC_AUTORUN, state:offline
W/Vold    (  173): [AutoRun] Switch Event - name:usb_connected, state:0
W/Vold    (  173): [Apply Autorun]Ignoring unknown switch 'usb_connected'
W/Vold    (  173): [AutoRun] Switch Event - name:usb_configuration, state:0
W/Vold    (  173): [Apply Autorun]Ignoring unknown switch 'usb_configuration'
W/Vold    (  173): [AutoRun] Switch Event - name:usb_mass_storage, state:offline
D/Vold    (  173): Share method ums now unavailable
I/StorageNotification(  436): UMS connection changed to false (media state mounted)
D/AutorunStarter(  541): [AutorunStarter.java:27:onReceive()] action : android.intent.action.AUTORUN_DISCONNECTED
D/AutorunUtil(  541): [AutorunUtil.java:69:getPID()] pid : 6320
W/AutorunUtil(  541): [AutorunUtil.java:557:readFromFile()] can not read from this file : /sys/module/android/parameters/manual_test_mode
D/AutorunUtil(  541): [AutorunUtil.java:359:isTestMode()] test mode : 
D/Tethering(  303): [Tethering.java:810:processMessage()] InitialState.processMessage what=4
D/Diag Command Observer(  303): [DiagCommandObserver.java:2581:onReceive()] [FLIGHT]usbConnected2=false
D/Diag Command Observer(  303): [DiagCommandObserver.java:2582:onReceive()] [FLIGHT]sleepmode_test_on2=false
D/UsbConnectivitySwitch(  541): [UsbConnectivitySwitch.java:815:release()] release UsbConnectivitySwitch
D/UsbConnectivitySwitch(  541): [UsbConnectivitySwitch.java:506:cancelTimer()] mSwitchUsbModeTimer is cancelled
D/WifiService(  303): ACTION_BATTERY_CHANGED pluggedType: 0
D/WifiService(  303): ### wifiShouldBeEnabled=true
D/WifiService(  303): ### mDeviceIdle=false
D/WifiService(  303): ### lockHeld=false
D/VoldCmdListener(  173): volume shared /mnt/sdcard ums
D/WifiService(  303): ACTION_BATTERY_CHANGED pluggedType: 0
D/WifiService(  303): ### wifiShouldBeEnabled=true
D/WifiService(  303): ### mDeviceIdle=false
D/WifiService(  303): ### lockHeld=false
D/PowerManagerService(  303): setALSOption mAutoBrightessEnabled : false
D/PowerManagerService(  303): [T] sys/devices/i2c-0/0-0038/lm3537_powersave write value : 2
W/AutorunUtil(  541): [AutorunUtil.java:519:writeToFile()] can not write to this file : /sys/devices/platform/msm_hsusb/gadget/lun2/file to this path : /sys/devices/platform/msm_hsusb/gadget/lun2/file
D/AutorunUtil(  541): [AutorunUtil.java:224:isAutorunOn()] autorun hidden : autorun_enable
D/PowerManagerService(  303): setALSOption mAutoBrightessEnabled : false
D/PowerManagerService(  303): [T] sys/devices/i2c-0/0-0038/lm3537_powersave write value : 2
D/AutorunUtil(  541): [AutorunUtil.java:510:writeToFile()] write to file this value : mass_storage to this path : /sys/module/android/parameters/usb_mode
D/AutorunService(  541): [AutorunService.java:167:onDestroy()] Service is destroyed
D/AutorunService(  541): [AutorunService.java:242:unregisterReceiver()] AutorunReceiver is unregisted
D/PhoneChargerListener(  807): [null:-1:debug()] onReceive
D/WifiService(  303): ACTION_BATTERY_CHANGED pluggedType: 0
D/WifiService(  303): ### wifiShouldBeEnabled=true
D/WifiService(  303): ### mDeviceIdle=false
D/WifiService(  303): ### lockHeld=false
D/WifiService(  303): ACTION_BATTERY_CHANGED pluggedType: 0
D/WifiService(  303): ### wifiShouldBeEnabled=true
D/WifiService(  303): ### mDeviceIdle=false
D/WifiService(  303): ### lockHeld=false
D/WifiService(  303): ACTION_BATTERY_CHANGED pluggedType: 0
