--------- beginning of perf
02-01 08:09:03.690  2689  2689 I 100     : Open /data/app/~~pqjiX-khtngRtqdYZEmuhA==/net.oneplus.launcher-TTFRhP8elUJDIHF2E5Egkw==/base.apk took:75ms
02-01 08:09:04.595  1547  1547 I 100     : Open /system/priv-app/Telecom/Telecom.apk took:59ms
02-01 08:09:05.658  2348  2348 I 309     : package:com.android.systemui took:2484 calssname:android.app.ActivityThread$H callback:null what:114
02-01 08:09:05.767  2983  2983 I 309     : package:com.android.phone took:1371 calssname:android.app.ActivityThread$H callback:null what:110
02-01 08:09:07.544  3236  3236 I 309     : package:com.google.android.gms took:1481 calssname:android.app.ActivityThread$H callback:null what:110
02-01 08:09:08.140  3423  3423 I 100     : Open /data/app/~~XzyTzynL7td7AMqCD7QJJg==/com.google.android.apps.wellbeing-jdwAxmPxN_8Jt8KBcx16yg==/base.apk took:68ms
02-01 08:09:09.128  3608  3608 I 100     : Open /data/app/~~yhkNUUrbFHYMVaFjFHy3kw==/com.google.android.marvin.talkback-q3VZaxTtQQe8PHk7KeMT5Q==/base.apk took:185ms
02-01 09:21:05.970  1547  1777 I 300     : 358
02-01 15:37:51.934  1547  1777 I 300     : 347
02-01 15:38:14.540  3784  6509 I 110     :  OptJank - total:142 frameGap:150 delta#133#6#5#1#0#1
02-01 15:38:19.754 12688 12688 I 100     : Open /data/app/~~1v8PbYhZ5_ekxqacsgBsWg==/com.microsoft.office.outlook-OESQ1DNZiNGE7BZupn9EPw==/base.apk took:120ms
02-01 15:38:19.757 12707 12707 I 100     : Open /data/app/~~VT2iWBmcTH5uOMvKeP2CEQ==/com.google.android.apps.photos--kYchEGqTXnkFJz0mHDNpA==/base.apk took:61ms
02-01 15:38:19.920 12761 12761 I 100     : Open /data/app/~~W7ELWq_uFoHKrvJTSfuy9A==/com.google.android.googlequicksearchbox-ekSTQdWTjlLkR7NP5n8lig==/base.apk took:126ms
02-01 15:38:20.699 12680 12680 I 309     : package:com.TWCableTV took:1120 calssname:android.app.ActivityThread$H callback:null what:110
02-01 15:38:20.776 13183 13183 I 100     : Open /data/app/~~BneDEvejj1qHFwJ6St5igw==/com.spotify.music-XjVDLIM2_f7rJfUtTytEjQ==/base.apk took:98ms
02-01 15:38:20.930 12707 12707 I 309     : package:com.google.android.apps.photos took:1258 calssname:android.app.ActivityThread$H callback:null what:110
02-01 15:38:21.060 13258 13258 I 100     : Open /data/app/~~rE7-OHoonVcmBfR4X_pnmQ==/com.android.vending-VpDKtjgrZN8PWFU-qBp4kA==/base.apk took:215ms
02-01 15:38:21.064 12874 12874 I 309     : package:com.android.nfc took:1002 calssname:android.app.ActivityThread$H callback:null what:110
02-01 15:38:21.222 12688 12970 I 100     : Open /data/user_de/0/com.google.android.gms/app_chimera/m/0000000e/DynamiteLoader.apk took:321ms
02-01 15:38:21.384  3784  3784 I 309     : package:com.oneplus.dialer took:1527 calssname:android.app.ActivityThread$H callback:null what:145
02-01 15:38:21.468 13469 13469 I 100     : Open /data/app/~~dad08svZBeb1iHjdbSy9TQ==/com.oneplus.gamespace-s3h7__Np4GOZSwDx6TxCSw==/base.apk took:86ms
02-01 15:38:21.480 13425 13425 I 100     : Open /data/app/~~E5IIgKaCZVwHum6V8Romcw==/com.google.android.projection.gearhead-lgcAb2z0XhfjwDmG5H-b5Q==/base.apk took:159ms
02-01 15:38:21.515  3731  3731 I 309     : package:com.google.android.gms took:1866 calssname:android.app.ActivityThread$H callback:null what:145
02-01 15:38:22.112 13603 13603 I 100     : Open /system/reserve/Weather/Weather.apk took:80ms
02-01 15:38:22.253 12688 12688 I 309     : package:com.microsoft.office.outlook took:2636 calssname:android.app.ActivityThread$H callback:null what:110
02-01 15:38:22.283  2851  2851 I 309     : package:se.dirac.acs took:1106 calssname:android.app.ActivityThread$H callback:null what:114
02-01 15:38:22.292 13640 13640 I 100     : Open /system_ext/priv-app/SettingsIntelligence/SettingsIntelligence.apk took:102ms
02-01 15:38:22.581 13156 13156 I 309     : package:net.oneplus.launcher took:1951 calssname:android.app.ActivityThread$H callback:null what:110
02-01 15:38:22.694  3236  3236 I 309     : package:com.google.android.gms took:1767 calssname:android.app.ActivityThread$H callback:null what:121
02-01 15:38:22.952 13912 13912 I 100     : Open /data/app/~~5R8U6-4VY86KreaLuHU7eg==/com.oneplus.brickmode-xsIJpLztxv00R6Dlu5J0Yw==/base.apk took:79ms
02-01 15:38:23.270 13603 13603 I 309     : package:net.oneplus.weather took:1286 calssname:android.app.ActivityThread$H callback:null what:110
02-01 15:38:23.527 13183 13183 I 309     : package:com.spotify.music took:2863 calssname:android.app.ActivityThread$H callback:null what:110
02-01 15:38:23.600 13469 13880 I 101     : #210
02-01 15:38:23.632  3986  3986 I 309     : package:com.google.android.ims took:3772 calssname:android.app.ActivityThread$H callback:android.app.-$$Lambda$LoadedApk$ReceiverDispatcher$Args$_BumDX2UKsnxLVrE6UJsJZkotuA@71f4b04 what:0
02-01 15:38:23.747 14139 14139 I 100     : Open /data/app/~~ro1DXzaeTLg9pBcj0U8FOQ==/com.facebook.katana-7WxFOVR0e0WsAsR1-jcnHA==/base.apk took:232ms
02-01 15:38:23.758 13725 13725 I 309     : package:com.oneplus.operator.tmo.wfctracker took:1167 calssname:android.app.ActivityThread$H callback:null what:114
02-01 15:38:23.774 13258 13258 I 309     : package:com.android.vending took:2980 calssname:android.app.ActivityThread$H callback:null what:110
02-01 15:38:23.833 14176 14176 I 100     : Open /data/app/~~6MVVseX7lW7B58OjxRX_sA==/com.google.android.apps.messaging-bng4Ljx0URzCjgCSr_oaCQ==/base.apk took:180ms
02-01 15:38:23.866 13912 13912 I 309     : package:com.oneplus.brickmode took:1046 calssname:android.app.ActivityThread$H callback:null what:110
02-01 15:38:24.427  2348  3073 I 111     : OptJank - big and big
02-01 15:38:24.455 12688 14197 I 101     : #453
02-01 15:38:24.467  2348  3073 I 111     :  OptJank - continuously drops frames:4
02-01 15:38:24.470 14279 14279 I 100     : Open /data/app/~~ffq8F_rCrFJM7owW2V254Q==/com.google.android.apps.tachyon-grbgU2gO3eKP1Su3adFUxw==/base.apk took:80ms
02-01 15:38:24.570  2348  3073 I 110     :  OptJank - total:33 frameGap:102 delta#22#3#3#0#0#6
02-01 15:38:24.598  2348  3073 I 111     : OptJank - big and small
02-01 15:38:24.689 12707 12707 I 309     : package:com.google.android.apps.photos took:1198 calssname:android.app.job.JobServiceEngine$JobHandler callback:null what:2
02-01 15:38:24.749 13156 13156 I 309     : package:net.oneplus.launcher took:2167 calssname:android.app.ActivityThread$H callback:null what:159
02-01 15:38:24.982 12680 12767 I 101     : #333
02-01 15:38:25.024 12688 12814 I 101     : #208
02-01 15:38:25.040 14139 14139 I 309     : package:com.facebook.katana took:1560 calssname:android.app.ActivityThread$H callback:null what:110
02-01 15:38:25.107 12761 12761 I 309     : package:com.google.android.googlequicksearchbox took:1377 calssname:android.app.job.JobServiceEngine$JobHandler callback:null what:2
02-01 15:38:25.188 12688 12720 I 101     : #163
02-01 15:38:25.672 14279 14279 I 309     : package:com.google.android.apps.tachyon took:1316 calssname:android.app.ActivityThread$H callback:null what:110
02-01 15:38:25.881 14613 14613 I 100     : Open /data/app/~~E5IIgKaCZVwHum6V8Romcw==/com.google.android.projection.gearhead-lgcAb2z0XhfjwDmG5H-b5Q==/base.apk took:82ms
02-01 15:38:26.758 14758 14758 I 100     : Open /data/app/~~rE7-OHoonVcmBfR4X_pnmQ==/com.android.vending-VpDKtjgrZN8PWFU-qBp4kA==/base.apk took:103ms
02-01 15:38:26.998 13183 13183 I 309     : package:com.spotify.music took:1209 calssname:android.os.Handler callback:p.oab$b@cfaf328 what:0
02-01 15:38:27.259 12761 14874 I 100     : Open /data/app/~~JsgLFgH2a88RH49MDAMSow==/com.google.android.webview-esNBNLWThkhjpOJVywAC9A==/base.apk took:55ms
02-01 15:38:27.354  3236  3236 I 309     : package:com.google.android.gms took:4459 calssname:android.app.ActivityThread$H callback:null what:114
02-01 15:38:27.574 13183 13183 I 101     : #383
02-01 15:38:29.950  1547  1766 I 322     : net.oneplus.launcher#-1#5571
02-01 15:38:30.146  1547  1777 I 300     : 694
02-01 15:38:30.167 12761 13353 I 100     : Open /data/user_de/0/com.google.android.gms/app_chimera/m/0000000d/CronetDynamite.apk took:60ms
02-01 15:38:30.515 15139 15139 I 309     : package:com.tmobile.pr.adapt took:1132 calssname:android.app.ActivityThread$H callback:null what:110
02-01 15:38:31.986 15331 15331 I 100     : Open /data/app/~~0CdcG4PzSQgeEOti1QYM3g==/com.metropcs.service.vvm-tSxqZmiNazjQqrHTdYZfwA==/base.apk took:87ms
02-01 15:38:32.310 12761 12761 I 309     : package:com.google.android.googlequicksearchbox took:1068 calssname:android.app.job.JobServiceEngine$JobHandler callback:null what:2
02-01 15:38:33.748 15531 15531 I 100     : Open /data/app/~~aA1DnlEWtG-2WEx-8qxvjg==/com.google.android.apps.youtube.music-5wpex3T8yWTPJB4nkIsGRA==/base.apk took:124ms
02-01 15:38:34.653 15531 15622 I 100     : Open /data/app/~~aB16zHjOK5oJWXMufh-eCg==/com.google.android.gms-h_P2srWyFI4iZ8poh2_-hg==/base.apk took:81ms
02-01 15:38:35.066 15531 15622 I 100     : Open /data/user_de/0/com.google.android.gms/app_chimera/m/0000001c/dl-AdsFdrDynamite.integ_214106404100000.apk took:156ms
02-01 15:38:35.472 15531 15622 I 100     : Open /data/user/0/com.google.android.apps.youtube.music/cache/1633031840514.jar took:135ms
02-01 15:38:35.568 15765 15765 I 100     : Open /data/app/~~rE7-OHoonVcmBfR4X_pnmQ==/com.android.vending-VpDKtjgrZN8PWFU-qBp4kA==/base.apk took:88ms
02-01 15:38:36.657 15929 15929 I 100     : Open /data/app/~~7ghWRGVp1zrPvGWVnQXCEg==/com.facebook.orca-KzJpPW_TDKpitWsJcYUFKw==/base.apk took:275ms
02-01 15:38:37.052 15979 15979 I 100     : Open /data/app/~~Eqfpzd-D3-KLJV1DCYm59g==/com.google.android.deskclock-XWRaO3ftYVd8BaknMtt5gg==/base.apk took:110ms
02-01 15:38:37.421 16029 16029 I 100     : Open /data/app/~~1W-iJ34_HsgOWpbjBwXOAg==/com.android.chrome-hqI2OfjwjNZKtvm9uDFw1w==/base.apk took:69ms
02-01 15:38:38.546 16029 16081 I 100     : Open /data/user_de/0/com.google.android.gms/app_chimera/m/0000000e/DynamiteLoader.apk took:81ms
02-01 15:38:39.053 15531 15562 I 101     : #266
02-01 15:38:39.248 16199 16199 I 100     : Open /data/app/~~km4IpET1hz-llcNOWYecoA==/com.google.android.tts-F0ylJGRDFeIb57L_L4DCzw==/base.apk took:153ms
02-01 15:38:39.691 15929 15929 I 309     : package:com.facebook.orca took:3362 calssname:android.app.ActivityThread$H callback:null what:110
02-01 15:38:40.342 16029 16029 I 309     : package:com.android.chrome took:2081 calssname:android.app.ActivityThread$H callback:null what:114
02-01 15:38:40.530 16199 16199 I 309     : package:com.google.android.tts took:1476 calssname:android.app.ActivityThread$H callback:null what:110
02-01 15:38:40.701 16307 16307 I 100     : Open /system_ext/priv-app/Dialer/Dialer.apk took:92ms
02-01 15:38:41.542 16391 16391 I 100     : Open /system/priv-app/OnePlusWizard/OnePlusWizard.apk took:72ms
02-01 15:38:43.304 16557 16557 I 100     : Open /data/app/~~yhkNUUrbFHYMVaFjFHy3kw==/com.google.android.marvin.talkback-q3VZaxTtQQe8PHk7KeMT5Q==/base.apk took:227ms
02-01 15:38:43.673 16613 16613 I 100     : Open /data/app/~~8SgHrpgrKmv-kTUtQPkllg==/com.lastpass.lpandroid-RiwtO1MqNA4jBD7ns_R0AQ==/base.apk took:76ms
02-01 15:38:44.155 15765 15828 I 101     : #395
02-01 15:38:44.885 16769 16769 I 100     : Open /system_ext/app/NVBackupUI/NVBackupUI.apk took:52ms
02-01 15:38:45.547 16873 16873 I 100     : Open /data/app/~~6MVVseX7lW7B58OjxRX_sA==/com.google.android.apps.messaging-bng4Ljx0URzCjgCSr_oaCQ==/base.apk took:66ms
02-01 15:38:47.760 17163 17163 I 100     : Open /data/app/~~-QmP1D6JI20VJJwXyJ2IrQ==/com.google.android.apps.maps-HBb8jmpbNmyJg7gA9h3srg==/base.apk took:142ms
02-01 15:38:48.987 17291 17291 I 100     : Open /data/app/~~-QmP1D6JI20VJJwXyJ2IrQ==/com.google.android.apps.maps-HBb8jmpbNmyJg7gA9h3srg==/base.apk took:90ms
02-01 15:38:49.370 17321 17321 I 100     : Open /data/app/~~VT2iWBmcTH5uOMvKeP2CEQ==/com.google.android.apps.photos--kYchEGqTXnkFJz0mHDNpA==/base.apk took:98ms
02-01 15:38:52.620 15765 15765 I 309     : package:com.android.vending took:2389 calssname:android.os.AsyncTask$InternalHandler callback:null what:1
02-01 15:38:54.034 17883 17883 I 100     : Open /data/app/~~aA1DnlEWtG-2WEx-8qxvjg==/com.google.android.apps.youtube.music-5wpex3T8yWTPJB4nkIsGRA==/base.apk took:52ms
02-01 15:38:54.564 17983 17983 I 100     : Open /data/app/~~AT6ktBKigGVviJXqMg4j1w==/com.google.android.calendar-aw8jhTKdX_x3ESyHkq68xQ==/base.apk took:75ms
02-01 15:38:54.719 15765 15765 I 309     : package:com.android.vending took:1165 calssname:android.os.Handler callback:vny@ae6decf what:0
02-01 15:38:55.778 18208 18208 I 100     : Open /data/app/~~E9-HvhGV2qobMsJZTF-lnw==/com.google.android.gm-WeGkFzBoWup6-9E6sskG7g==/base.apk took:82ms
02-01 15:38:57.401 18396 18396 I 100     : Open /data/app/~~oe3pwTU5nMvvPcyHO27ojA==/com.google.android.inputmethod.latin-w9olLST89rFFPmDg9ZbAGw==/base.apk took:60ms
02-01 15:39:00.297 18851 18851 I 100     : Open /data/app/~~zh16-aFjid_IQftS6G6psg==/com.google.android.videos-tBxIKhcVCoXyLeQgMarMlg==/base.apk took:51ms
02-01 15:39:02.790 19194 19194 I 100     : Open /system/priv-app/RcsSDK/RcsSDK.apk took:333ms
02-01 15:39:03.488 19194 19194 I 309     : package:com.gsma.rcs took:1095 calssname:android.app.ActivityThread$H callback:null what:110
02-01 15:39:03.535 19312 19312 I 100     : Open /data/app/~~1W-iJ34_HsgOWpbjBwXOAg==/com.android.chrome-hqI2OfjwjNZKtvm9uDFw1w==/base.apk took:89ms
02-01 15:39:03.922 19397 19397 I 100     : Open /data/app/~~h2_v68y-ZNbcSgSkuNyd7A==/com.nuance.nmc.sihome.metropcs-RGZ5D3YY061H0RWQFu8X9Q==/base.apk took:105ms
02-01 15:39:05.773 19397 19397 I 309     : package:com.nuance.nmc.sihome.metropcs took:1987 calssname:android.app.ActivityThread$H callback:null what:110
02-01 15:39:07.493 19194 19194 I 309     : package:com.gsma.rcs took:1295 calssname:android.app.ActivityThread$H callback:null what:114
02-01 15:39:11.956 20682 20682 I 100     : Open /data/app/~~rE7-OHoonVcmBfR4X_pnmQ==/com.android.vending-VpDKtjgrZN8PWFU-qBp4kA==/base.apk took:62ms
02-01 15:39:12.993 20863 20863 I 100     : Open /data/app/~~rE7-OHoonVcmBfR4X_pnmQ==/com.android.vending-VpDKtjgrZN8PWFU-qBp4kA==/base.apk took:52ms
02-01 15:39:16.004 21415 21415 I 100     : Open /data/app/~~HH-RfbpwStP186SZVIo29w==/com.apple.android.music-bZS90beX1KDxkdjQTD-9rg==/base.apk took:51ms
02-01 15:39:16.939 21610 21610 I 100     : Open /data/app/~~ro1DXzaeTLg9pBcj0U8FOQ==/com.facebook.katana-7WxFOVR0e0WsAsR1-jcnHA==/base.apk took:70ms
02-01 15:39:17.018 21648 21648 I 100     : Open /data/app/~~LznzjHvQs3rJ6WVdtqcJyQ==/com.google.android.apps.books-9AMgg4KcyQzgWZNSYh_uSA==/base.apk took:66ms
02-01 15:39:18.355 21858 21858 I 100     : Open /data/app/~~l9LfYBUzcvQUh9CdyZsioA==/com.google.android.apps.paidtasks-fwZ88M_u292o_EiH9Fiulw==/base.apk took:57ms
02-01 15:39:18.909 21933 21933 I 100     : Open /data/app/~~i8rwUY556Jcfi8yGpGSy1g==/com.google.android.apps.walletnfcrel-VQhE4ElaWo0BA2Ri1KIr9Q==/base.apk took:72ms
02-01 15:39:19.900 22102 22102 I 100     : Open /data/app/~~2Y0qk7TQg_S9AOwANCq6Aw==/com.google.android.apps.youtube.creator-hvcgO3clhTOB3cfe4vM0qg==/base.apk took:65ms
02-01 15:39:20.317 22195 22195 I 100     : Open /data/app/~~nYH1GGIx7B_TNkHP0wjjnQ==/com.google.android.contacts-G-Kz-D-8vhDiBTfPQ8xlmQ==/base.apk took:63ms
02-01 15:39:23.067 22559 22559 I 100     : Open /data/app/~~u_1GmgPcXAtb_MZSPEuejg==/com.instagram.android-psRqq62CuvnYMvjM9wHYNg==/base.apk took:106ms
02-01 15:39:24.251 22559 22559 I 309     : package:com.instagram.android took:1314 calssname:android.app.ActivityThread$H callback:null what:110
02-01 15:39:24.445 22775 22775 I 100     : Open /data/app/~~u_1GmgPcXAtb_MZSPEuejg==/com.instagram.android-psRqq62CuvnYMvjM9wHYNg==/base.apk took:65ms
02-01 15:39:25.056 22933 22933 I 100     : Open /data/app/~~1v8PbYhZ5_ekxqacsgBsWg==/com.microsoft.office.outlook-OESQ1DNZiNGE7BZupn9EPw==/base.apk took:176ms
02-01 15:39:26.541 23159 23159 I 100     : Open /data/app/~~dZnefluAe_a2BVb0D401jg==/com.pandora.android-PFgJI157w0lBA-DJLr2vRg==/base.apk took:162ms
02-01 15:39:27.482 23358 23358 I 100     : Open /data/app/~~xG4C7YuZ6dygOqY662KUKQ==/com.reddit.frontpage-rMf1QNCMLNupU-qkLmc2YA==/base.apk took:112ms
02-01 15:39:28.618 23530 23530 I 100     : Open /data/app/~~tCuMrrQcKZ1df4gmXTKv3w==/com.twitter.android-LuD_1WuZ9gS5M8L9yYU6hA==/base.apk took:137ms
02-01 15:39:32.368 24055 24055 I 100     : Open /data/app/~~aA1DnlEWtG-2WEx-8qxvjg==/com.google.android.apps.youtube.music-5wpex3T8yWTPJB4nkIsGRA==/base.apk took:87ms
02-01 15:39:36.778 19921 19921 I 100     : Open /data/app/~~KdAodMnaGWeD9-aEGTTryg==/com.zhiliaoapp.musically-MHYgnawtAKPfhUjN9YtF_g==/base.apk took:152ms
02-01 15:39:37.158 19921 24680 I 309     : package:com.zhiliaoapp.musically took:27053353 calssname:android.os.Handler callback:X.2wn@54e2b1c what:0
02-01 15:39:37.394 19928 19928 I 100     : Open /data/app/~~1v8PbYhZ5_ekxqacsgBsWg==/com.microsoft.office.outlook-OESQ1DNZiNGE7BZupn9EPw==/base.apk took:70ms
02-01 15:39:37.472 19921 24719 I 100     : Open /data/user_de/0/com.google.android.gms/app_chimera/m/0000000e/DynamiteLoader.apk took:85ms
02-01 15:39:37.574 24744 24744 I 100     : Open /system_ext/priv-app/OpLogkit/OpLogkit.apk took:64ms
02-01 15:39:38.822 25055 25055 I 100     : Open /data/app/~~i8rwUY556Jcfi8yGpGSy1g==/com.google.android.apps.walletnfcrel-VQhE4ElaWo0BA2Ri1KIr9Q==/base.apk took:89ms
02-01 15:39:40.130 25177 25177 I 100     : Open /data/app/~~rE7-OHoonVcmBfR4X_pnmQ==/com.android.vending-VpDKtjgrZN8PWFU-qBp4kA==/base.apk took:62ms
02-01 15:39:43.504 25408 25408 I 100     : Open /data/app/~~6MVVseX7lW7B58OjxRX_sA==/com.google.android.apps.messaging-bng4Ljx0URzCjgCSr_oaCQ==/base.apk took:59ms
02-01 15:39:43.951 25448 25448 I 100     : Open /data/app/~~W7ELWq_uFoHKrvJTSfuy9A==/com.google.android.googlequicksearchbox-ekSTQdWTjlLkR7NP5n8lig==/base.apk took:125ms
02-01 15:39:49.770 26177 26177 I 100     : Open /data/app/~~tCuMrrQcKZ1df4gmXTKv3w==/com.twitter.android-LuD_1WuZ9gS5M8L9yYU6hA==/base.apk took:73ms
02-01 15:39:50.898 26298 26298 I 100     : Open /data/app/~~u_1GmgPcXAtb_MZSPEuejg==/com.instagram.android-psRqq62CuvnYMvjM9wHYNg==/base.apk took:57ms
02-01 15:39:51.535 26378 26378 I 100     : Open /data/app/~~ro1DXzaeTLg9pBcj0U8FOQ==/com.facebook.katana-7WxFOVR0e0WsAsR1-jcnHA==/base.apk took:115ms
02-01 15:39:51.866 26298 26298 I 309     : package:com.instagram.android took:1046 calssname:android.app.ActivityThread$H callback:null what:110
02-01 15:39:52.256 26538 26538 I 100     : Open /data/app/~~u_1GmgPcXAtb_MZSPEuejg==/com.instagram.android-psRqq62CuvnYMvjM9wHYNg==/base.apk took:88ms
02-01 15:39:52.403 25805 25828 I 101     : #282
02-01 15:39:53.561 26794 26794 I 100     : Open /data/app/~~rE7-OHoonVcmBfR4X_pnmQ==/com.android.vending-VpDKtjgrZN8PWFU-qBp4kA==/base.apk took:74ms
02-01 15:39:55.149 26972 26972 I 100     : Open /data/app/~~W7ELWq_uFoHKrvJTSfuy9A==/com.google.android.googlequicksearchbox-ekSTQdWTjlLkR7NP5n8lig==/base.apk took:77ms
02-01 15:39:58.818 27284 27284 I 100     : Open /data/app/~~7ghWRGVp1zrPvGWVnQXCEg==/com.facebook.orca-KzJpPW_TDKpitWsJcYUFKw==/base.apk took:59ms
02-01 15:40:03.806 27475 27475 I 100     : Open /data/app/~~5sOtkaRlZXGojpp0MlPdtg==/com.google.android.youtube-_x_-tlQmFDAZVlQ-_tVXUw==/base.apk took:54ms
02-01 15:40:05.959 27718 27718 I 100     : Open /data/app/~~1W-iJ34_HsgOWpbjBwXOAg==/com.android.chrome-hqI2OfjwjNZKtvm9uDFw1w==/base.apk took:86ms
02-01 15:40:06.168 27768 27768 I 100     : Open /data/app/~~XzyTzynL7td7AMqCD7QJJg==/com.google.android.apps.wellbeing-jdwAxmPxN_8Jt8KBcx16yg==/base.apk took:58ms
02-01 15:40:33.591 28181 28181 I 100     : Open /data/app/~~2Y0qk7TQg_S9AOwANCq6Aw==/com.google.android.apps.youtube.creator-hvcgO3clhTOB3cfe4vM0qg==/base.apk took:150ms
02-01 15:40:33.646 28230 28230 I 100     : Open /data/app/~~tCuMrrQcKZ1df4gmXTKv3w==/com.twitter.android-LuD_1WuZ9gS5M8L9yYU6hA==/base.apk took:79ms
02-01 15:40:36.679 28526 28526 I 100     : Open /data/app/~~ro1DXzaeTLg9pBcj0U8FOQ==/com.facebook.katana-7WxFOVR0e0WsAsR1-jcnHA==/base.apk took:102ms
02-01 15:40:38.089 28119 28119 I 309     : package:com.instagram.android took:5051 calssname:android.app.ActivityThread$H callback:null what:110
02-01 15:41:13.648 29113 29113 I 100     : Open /data/app/~~6MVVseX7lW7B58OjxRX_sA==/com.google.android.apps.messaging-bng4Ljx0URzCjgCSr_oaCQ==/base.apk took:69ms
02-01 15:41:16.011 29426 29426 I 100     : Open /data/app/~~1W-iJ34_HsgOWpbjBwXOAg==/com.android.chrome-hqI2OfjwjNZKtvm9uDFw1w==/base.apk took:76ms
02-01 15:41:43.538 29747 29747 I 100     : Open /data/app/~~rE7-OHoonVcmBfR4X_pnmQ==/com.android.vending-VpDKtjgrZN8PWFU-qBp4kA==/base.apk took:71ms
02-01 15:41:47.279 29792 29792 I 309     : package:com.paypal.android.p2pmobile took:3305 calssname:android.app.ActivityThread$H callback:null what:110
02-01 15:42:17.210 30768 30768 I 100     : Open /data/app/~~1W-iJ34_HsgOWpbjBwXOAg==/com.android.chrome-hqI2OfjwjNZKtvm9uDFw1w==/base.apk took:84ms
02-01 15:42:22.615 30943 30943 I 100     : Open /data/app/~~rE7-OHoonVcmBfR4X_pnmQ==/com.android.vending-VpDKtjgrZN8PWFU-qBp4kA==/base.apk took:63ms
02-01 15:44:38.758 31382 31382 I 100     : Open /data/app/~~dZnefluAe_a2BVb0D401jg==/com.pandora.android-PFgJI157w0lBA-DJLr2vRg==/base.apk took:142ms
02-01 15:44:45.353 31671 31671 I 100     : Open /data/app/~~7ghWRGVp1zrPvGWVnQXCEg==/com.facebook.orca-KzJpPW_TDKpitWsJcYUFKw==/base.apk took:69ms
02-01 15:48:28.921 32326 32326 I 100     : Open /data/app/~~6MVVseX7lW7B58OjxRX_sA==/com.google.android.apps.messaging-bng4Ljx0URzCjgCSr_oaCQ==/base.apk took:67ms
02-01 15:50:02.177 32563 32563 I 309     : package:com.instagram.android took:2065 calssname:android.app.ActivityThread$H callback:null what:110
02-01 15:53:23.410  1413  1413 I 100     : Open /data/app/~~1v8PbYhZ5_ekxqacsgBsWg==/com.microsoft.office.outlook-OESQ1DNZiNGE7BZupn9EPw==/base.apk took:201ms
02-01 15:54:25.788  2019  2019 I 100     : Open /data/app/~~qoXqG_R68_RgiItQ32GIsA==/com.adobe.spark.post-ydPCnYR34DCCpymdYpz_NQ==/base.apk took:72ms
02-01 15:55:28.378  2555  2555 I 100     : Open /data/app/~~xG4C7YuZ6dygOqY662KUKQ==/com.reddit.frontpage-rMf1QNCMLNupU-qkLmc2YA==/base.apk took:98ms
02-01 15:58:25.904  3545  3545 I 100     : Open /data/app/~~6MVVseX7lW7B58OjxRX_sA==/com.google.android.apps.messaging-bng4Ljx0URzCjgCSr_oaCQ==/base.apk took:60ms
02-01 15:59:58.358  3873  3873 I 100     : Open /data/app/~~tCuMrrQcKZ1df4gmXTKv3w==/com.twitter.android-LuD_1WuZ9gS5M8L9yYU6hA==/base.apk took:82ms
02-01 16:00:59.556  4170  4170 I 100     : Open /data/app/~~ro1DXzaeTLg9pBcj0U8FOQ==/com.facebook.katana-7WxFOVR0e0WsAsR1-jcnHA==/base.apk took:95ms
02-01 16:01:00.754  4099  4099 I 309     : package:com.instagram.android took:1918 calssname:android.app.ActivityThread$H callback:null what:110
02-01 16:04:49.544  4852  4852 I 100     : Open /data/app/~~AT6ktBKigGVviJXqMg4j1w==/com.google.android.calendar-aw8jhTKdX_x3ESyHkq68xQ==/base.apk took:76ms
02-01 16:10:00.281  5475  5475 I 100     : Open /data/app/~~oe3pwTU5nMvvPcyHO27ojA==/com.google.android.inputmethod.latin-w9olLST89rFFPmDg9ZbAGw==/base.apk took:72ms
02-01 16:10:00.346  5508  5508 I 100     : Open /data/app/~~W7ELWq_uFoHKrvJTSfuy9A==/com.google.android.googlequicksearchbox-ekSTQdWTjlLkR7NP5n8lig==/base.apk took:94ms
02-01 16:10:00.744  5508  5633 I 100     : Open /data/user_de/0/com.google.android.gms/app_chimera/m/0000001d/dl-BrellaDynamite.optional_214815100400.apk took:92ms
02-01 16:13:07.310  6750  6750 I 100     : Open /data/app/~~bXvam8f-OaY0hbCrxksX5w==/com.nvidia.geforcenow-9XP-8kmc3N_TmDu2S-eP3A==/base.apk took:65ms
02-01 16:19:31.883  1547  1777 I 300     : 254
02-01 16:19:34.065  7358  7358 I 309     : package:com.instagram.android took:1811 calssname:android.app.ActivityThread$H callback:null what:110
02-01 16:19:42.038  1547  1777 I 300     : 390
02-01 16:20:06.719  1547  1777 I 300     : 401
02-01 16:20:14.886  7808  7808 I 100     : Open /data/app/~~rE7-OHoonVcmBfR4X_pnmQ==/com.android.vending-VpDKtjgrZN8PWFU-qBp4kA==/base.apk took:54ms
02-01 16:20:15.573  7896  7896 I 100     : Open /data/app/~~rE7-OHoonVcmBfR4X_pnmQ==/com.android.vending-VpDKtjgrZN8PWFU-qBp4kA==/base.apk took:60ms
02-01 16:20:54.618  1547  1777 I 300     : 372
02-01 16:20:54.663  1547  1766 I 322     : com.oneplus.dialer#-1#566
02-01 16:20:55.051  2348  3073 I 111     :  OptJank - continuously drops frames:4
02-01 16:20:57.682  8036  8201 I 110     :  OptJank - total:148 frameGap:157 delta#144#1#0#1#0#2
02-01 16:20:59.554  2348  3073 I 111     :  OptJank - continuously drops frames:4
02-01 16:20:59.597  2348  3073 I 111     :  OptJank - continuously drops frames:4
02-01 16:21:23.635  8392  8392 I 100     : Open /data/app/~~6MVVseX7lW7B58OjxRX_sA==/com.google.android.apps.messaging-bng4Ljx0URzCjgCSr_oaCQ==/base.apk took:60ms
02-01 16:25:00.858  8941  8941 I 100     : Open /data/app/~~ro1DXzaeTLg9pBcj0U8FOQ==/com.facebook.katana-7WxFOVR0e0WsAsR1-jcnHA==/base.apk took:88ms
02-01 16:25:02.055  8876  8876 I 309     : package:com.instagram.android took:1932 calssname:android.app.ActivityThread$H callback:null what:110
02-01 16:25:12.971  9647  9647 I 100     : Open /data/app/~~rE7-OHoonVcmBfR4X_pnmQ==/com.android.vending-VpDKtjgrZN8PWFU-qBp4kA==/base.apk took:55ms
02-01 16:37:05.729 10701 10701 I 100     : Open /data/app/~~6MVVseX7lW7B58OjxRX_sA==/com.google.android.apps.messaging-bng4Ljx0URzCjgCSr_oaCQ==/base.apk took:55ms
02-01 16:37:05.785  1547  1777 I 300     : 589
02-01 16:37:05.967  2348  3073 I 110     :  OptJank - total:61 frameGap:61 delta#33#105#6#98#0#4
02-01 16:37:05.967  2348  3073 I 111     : OptJank - big and big
02-01 16:37:15.037 19932 19932 I 100     : Open /data/app/~~KdAodMnaGWeD9-aEGTTryg==/com.zhiliaoapp.musically-MHYgnawtAKPfhUjN9YtF_g==/base.apk took:123ms
02-01 16:37:15.154 19932 19932 I 100     : Open /data/app/~~KdAodMnaGWeD9-aEGTTryg==/com.zhiliaoapp.musically-MHYgnawtAKPfhUjN9YtF_g==/split_df_fusing.apk took:103ms
02-01 16:37:15.433 19932 11153 I 309     : package:com.zhiliaoapp.musically took:30151518 calssname:android.os.Handler callback:X.2wn@4db4359 what:0
02-01 16:37:16.171  1547  1766 I 322     : com.zhiliaoapp.musically#96#1371
02-01 16:37:55.084  1547  1766 I 322     : com.zhiliaoapp.musically#-1#284
02-01 16:38:27.089 12256 12256 I 100     : Open /data/app/~~aA1DnlEWtG-2WEx-8qxvjg==/com.google.android.apps.youtube.music-5wpex3T8yWTPJB4nkIsGRA==/base.apk took:92ms
02-01 16:38:33.941 12410 12410 I 100     : Open /data/app/~~W7ELWq_uFoHKrvJTSfuy9A==/com.google.android.googlequicksearchbox-ekSTQdWTjlLkR7NP5n8lig==/base.apk took:118ms
02-01 16:40:15.448 13409 13409 I 100     : Open /data/app/~~KdAodMnaGWeD9-aEGTTryg==/com.zhiliaoapp.musically-MHYgnawtAKPfhUjN9YtF_g==/base.apk took:80ms
02-01 16:40:15.896 13487 13487 I 100     : Open /data/app/~~KdAodMnaGWeD9-aEGTTryg==/com.zhiliaoapp.musically-MHYgnawtAKPfhUjN9YtF_g==/base.apk took:100ms
02-01 16:40:16.275 13487 13698 I 309     : package:com.zhiliaoapp.musically took:30332359 calssname:android.os.Handler callback:X.2wn@2b07119 what:0
02-01 16:40:16.349  1547  1766 I 322     : com.microsoft.office.outlook#-1#761
02-01 16:40:16.457  2348  3073 I 110     :  OptJank - total:102 frameGap:616 delta#22#30#1#0#0#50
02-01 16:40:16.457  2348  3073 I 111     : OptJank - big and big
02-01 16:40:16.555 12538 12577 I 101     : #311
02-01 16:40:21.893 12538 13470 I 110     :  OptJank - total:289 frameGap:292 delta#0#287#7#264#0#2
02-01 16:40:21.991 12538 13470 I 110     :  OptJank - total:97 frameGap:97 delta#366#6#3#1#0#1
02-01 16:40:22.089 12538 13470 I 110     :  OptJank - total:96 frameGap:98 delta#83#9#3#4#0#3
02-01 16:40:26.670 14407 14407 I 100     : Open /data/app/~~ro1DXzaeTLg9pBcj0U8FOQ==/com.facebook.katana-7WxFOVR0e0WsAsR1-jcnHA==/base.apk took:106ms
02-01 16:40:28.442 14290 14290 I 309     : package:com.instagram.android took:2198 calssname:android.app.ActivityThread$H callback:null what:110
02-01 16:40:29.073 12538 13470 I 110     :  OptJank - total:78 frameGap:78 delta#50#27#13#6#0#2
02-01 16:41:29.027 12538 13470 I 110     :  OptJank - total:67 frameGap:73 delta#0#64#0#52#0#3
02-01 16:41:48.346 12538 13470 I 111     :  OptJank - continuously drops frames:4
02-01 16:41:48.651 12538 13470 I 111     :  OptJank - continuously drops frames:4
02-01 16:42:08.803  1547  1777 I 300     : 397
02-01 16:42:11.109 19934 19934 I 100     : Open /data/app/~~c5nPD0eSCvdjgk7yFjmQRw==/com.spotify.s4a-XF2BDVKzBRgG8thLnk42YQ==/base.apk took:54ms
02-01 16:42:11.553  1547  1766 I 322     : com.spotify.s4a#77#589
02-01 16:42:17.660 16107 16107 I 100     : Open /data/app/~~5sOtkaRlZXGojpp0MlPdtg==/com.google.android.youtube-_x_-tlQmFDAZVlQ-_tVXUw==/base.apk took:51ms
02-01 16:42:19.344 16274 16307 I 100     : Open /data/user_de/0/com.google.android.gms/app_chimera/m/00000011/GoogleCertificates.apk took:84ms
02-01 16:42:19.936 16358 16358 I 100     : Open /data/app/~~1W-iJ34_HsgOWpbjBwXOAg==/com.android.chrome-hqI2OfjwjNZKtvm9uDFw1w==/base.apk took:64ms
02-01 16:42:56.443 16595 16595 I 100     : Open /data/app/~~VT2iWBmcTH5uOMvKeP2CEQ==/com.google.android.apps.photos--kYchEGqTXnkFJz0mHDNpA==/base.apk took:89ms
02-01 16:43:22.160 17093 17093 I 100     : Open /data/app/~~W7ELWq_uFoHKrvJTSfuy9A==/com.google.android.googlequicksearchbox-ekSTQdWTjlLkR7NP5n8lig==/base.apk took:85ms
02-01 16:45:18.747  1547  1777 I 300     : 109
02-01 16:45:22.047  1547  1766 I 322     : com.facebook.katana#87#677
02-01 16:45:36.109 18034 18034 I 309     : package:com.instagram.android took:2622 calssname:android.app.ActivityThread$H callback:null what:110
02-01 16:45:36.488  1547  1766 I 322     : com.microsoft.office.outlook#67#814
02-01 16:45:36.878  1547  1766 I 322     : com.microsoft.office.outlook#-1#414
02-01 16:45:43.613 13156 13861 I 110     :  OptJank - total:80 frameGap:2475 delta#0#67#56#10#7#6
02-01 16:45:43.623 13156 13861 I 111     : OptJank - big and small
02-01 16:45:47.998  1547  1777 I 300     : 377
02-01 16:48:21.896  1547  1777 I 300     : 55
02-01 16:48:22.195 18921 18921 I 100     : Open /data/app/~~6MVVseX7lW7B58OjxRX_sA==/com.google.android.apps.messaging-bng4Ljx0URzCjgCSr_oaCQ==/base.apk took:68ms
02-01 16:48:54.916  1547  1777 I 300     : 296
02-01 16:48:55.679  2348  3073 I 110     :  OptJank - total:36 frameGap:36 delta#11#73#10#61#0#5
02-01 16:48:55.679  2348  3073 I 111     : OptJank - big and big
02-01 16:49:12.251 19936 19936 I 309     : package:com.solutran.otc took:1222 calssname:android.app.ActivityThread$H callback:null what:159
02-01 16:49:12.511  1547  1766 I 322     : com.solutran.otc#84#2494
02-01 16:49:13.027 19936 19352 I 110     :  OptJank - total:23 frameGap:23 delta#466#69#7#61#0#13
02-01 16:49:41.017 19918 19918 I 100     : Open /data/app/~~aA1DnlEWtG-2WEx-8qxvjg==/com.google.android.apps.youtube.music-5wpex3T8yWTPJB4nkIsGRA==/base.apk took:51ms
02-01 16:49:41.759 19918 20033 I 100     : Open /data/user_de/0/com.google.android.gms/app_chimera/m/0000001c/dl-AdsFdrDynamite.integ_214106404100000.apk took:132ms
02-01 16:49:43.321 20605 20605 I 100     : Open /data/app/~~1W-iJ34_HsgOWpbjBwXOAg==/com.android.chrome-hqI2OfjwjNZKtvm9uDFw1w==/base.apk took:69ms
02-01 16:49:43.551 20671 20671 I 100     : Open /data/app/~~XzyTzynL7td7AMqCD7QJJg==/com.google.android.apps.wellbeing-jdwAxmPxN_8Jt8KBcx16yg==/base.apk took:53ms
02-01 16:50:19.342  1547  1766 I 322     : com.android.vending#-1#290
02-01 16:50:19.726  9443 21026 I 110     :  OptJank - total:69 frameGap:77 delta#0#55#0#54#1#12
02-01 16:50:19.740  9443 21026 I 111     : OptJank - big and small
02-01 16:50:35.893 21320 21320 I 100     : Open /data/app/~~rE7-OHoonVcmBfR4X_pnmQ==/com.android.vending-VpDKtjgrZN8PWFU-qBp4kA==/base.apk took:98ms
02-01 16:50:37.096  1547  1766 I 322     : com.android.chrome#-1#1014
02-01 16:50:45.831 21464 21464 I 309     : package:com.instagram.android took:2460 calssname:android.app.ActivityThread$H callback:null what:110
02-01 16:50:55.319 21719 21719 I 100     : Open /data/app/~~rE7-OHoonVcmBfR4X_pnmQ==/com.android.vending-VpDKtjgrZN8PWFU-qBp4kA==/base.apk took:61ms
02-01 16:50:55.931 21814 21814 I 100     : Open /data/app/~~rE7-OHoonVcmBfR4X_pnmQ==/com.android.vending-VpDKtjgrZN8PWFU-qBp4kA==/base.apk took:58ms
02-01 16:50:57.827 19946 21872 I 100     : Open /data/user_de/0/com.google.android.gms/app_chimera/m/00000011/GoogleCertificates.apk took:118ms
02-01 16:50:57.925  1547  1766 I 322     : com.android.chrome#62#563
02-01 16:50:58.200 21907 21907 I 100     : Open /data/app/~~1W-iJ34_HsgOWpbjBwXOAg==/com.android.chrome-hqI2OfjwjNZKtvm9uDFw1w==/base.apk took:174ms
02-01 16:54:07.051 22387 22387 I 100     : Open /data/app/~~1v8PbYhZ5_ekxqacsgBsWg==/com.microsoft.office.outlook-OESQ1DNZiNGE7BZupn9EPw==/base.apk took:234ms
02-01 16:54:07.837 22387 22387 I 309     : package:com.microsoft.office.outlook took:1042 calssname:android.app.ActivityThread$H callback:null what:110
02-01 16:54:12.290 22555 22555 I 100     : Open /data/app/~~KdAodMnaGWeD9-aEGTTryg==/com.zhiliaoapp.musically-MHYgnawtAKPfhUjN9YtF_g==/base.apk took:135ms
02-01 16:54:12.375 22555 22555 I 100     : Open /data/app/~~KdAodMnaGWeD9-aEGTTryg==/com.zhiliaoapp.musically-MHYgnawtAKPfhUjN9YtF_g==/split_df_fusing.apk took:78ms
02-01 17:00:00.939 23215 23215 I 100     : Open /data/app/~~ro1DXzaeTLg9pBcj0U8FOQ==/com.facebook.katana-7WxFOVR0e0WsAsR1-jcnHA==/base.apk took:129ms
02-01 17:00:02.145 23148 23148 I 309     : package:com.instagram.android took:2037 calssname:android.app.ActivityThread$H callback:null what:110
02-01 17:00:03.784 23600 23600 I 100     : Open /data/app/~~W7ELWq_uFoHKrvJTSfuy9A==/com.google.android.googlequicksearchbox-ekSTQdWTjlLkR7NP5n8lig==/base.apk took:101ms
02-01 17:00:07.659 23666 23666 I 100     : Open /data/app/~~7ghWRGVp1zrPvGWVnQXCEg==/com.facebook.orca-KzJpPW_TDKpitWsJcYUFKw==/base.apk took:75ms
02-01 17:00:18.926  1547  1777 I 300     : 47
02-01 17:00:19.338 23927 23927 I 100     : Open /data/app/~~6MVVseX7lW7B58OjxRX_sA==/com.google.android.apps.messaging-bng4Ljx0URzCjgCSr_oaCQ==/base.apk took:95ms
02-01 17:05:57.347  1547  1777 I 300     : 287
02-01 17:06:16.139  1547  1766 I 322     : pl.solidexplorer2#96#547
02-01 17:06:16.355 19937 24399 I 111     : OptJank - big and small
02-01 17:06:16.376 19937 24399 I 111     :  OptJank - continuously drops frames:4
02-01 17:06:30.572 24592 24592 I 100     : Open /data/app/~~1W-iJ34_HsgOWpbjBwXOAg==/com.android.chrome-hqI2OfjwjNZKtvm9uDFw1w==/base.apk took:58ms
02-01 17:06:40.965 12761 14651 I 111     :  OptJank - continuously drops frames:4
02-01 17:08:04.197 25522 25522 I 100     : Open /data/app/~~VT2iWBmcTH5uOMvKeP2CEQ==/com.google.android.apps.photos--kYchEGqTXnkFJz0mHDNpA==/base.apk took:76ms
02-01 17:08:04.234 25532 25532 I 100     : Open /data/app/~~qoXqG_R68_RgiItQ32GIsA==/com.adobe.spark.post-ydPCnYR34DCCpymdYpz_NQ==/base.apk took:92ms
02-01 17:08:27.059 26190 26190 I 100     : Open /data/app/~~aA1DnlEWtG-2WEx-8qxvjg==/com.google.android.apps.youtube.music-5wpex3T8yWTPJB4nkIsGRA==/base.apk took:86ms
02-01 17:08:27.564 26302 26302 I 100     : Open /data/app/~~KdAodMnaGWeD9-aEGTTryg==/com.zhiliaoapp.musically-MHYgnawtAKPfhUjN9YtF_g==/base.apk took:87ms
02-01 17:08:27.924 26393 26393 I 100     : Open /data/app/~~KdAodMnaGWeD9-aEGTTryg==/com.zhiliaoapp.musically-MHYgnawtAKPfhUjN9YtF_g==/base.apk took:91ms
02-01 17:08:28.222 26393 26511 I 309     : package:com.zhiliaoapp.musically took:31573734 calssname:android.os.Handler callback:X.2wn@fbda4bb what:0
02-01 17:08:41.630 12761 14651 I 111     :  OptJank - continuously drops frames:4
02-01 17:08:45.325 12761 14651 I 111     :  OptJank - continuously drops frames:4
02-01 17:10:36.668 27572 27572 I 100     : Open /data/app/~~W7ELWq_uFoHKrvJTSfuy9A==/com.google.android.googlequicksearchbox-ekSTQdWTjlLkR7NP5n8lig==/base.apk took:86ms
02-01 17:11:08.234 27626 27626 I 100     : Open /data/app/~~6MVVseX7lW7B58OjxRX_sA==/com.google.android.apps.messaging-bng4Ljx0URzCjgCSr_oaCQ==/base.apk took:83ms
02-01 17:11:46.930  1547  1777 I 300     : 410
02-01 17:11:51.752 28187 28187 I 100     : Open /data/app/~~tCuMrrQcKZ1df4gmXTKv3w==/com.twitter.android-LuD_1WuZ9gS5M8L9yYU6hA==/base.apk took:113ms
02-01 17:12:24.958 28446 28446 I 100     : Open /data/app/~~KdAodMnaGWeD9-aEGTTryg==/com.zhiliaoapp.musically-MHYgnawtAKPfhUjN9YtF_g==/base.apk took:86ms
02-01 17:19:14.471  1547  1777 I 300     : 312
02-01 17:31:14.662  1547  1777 I 300     : 165
02-01 17:31:14.977  2348  3073 I 110     :  OptJank - total:47 frameGap:47 delta#77#78#6#71#0#1
02-01 17:31:14.982  2348  3073 I 111     : OptJank - big and big
02-01 17:32:54.589 30164 30164 I 100     : Open /data/app/~~V4jv1Vva7aphknJXAG-zyg==/com.TWCableTV-Hnj8boBxBoBXZkC1xPQ5xQ==/base.apk took:55ms
02-01 17:32:55.075 30243 30243 I 100     : Open /data/app/~~E5IIgKaCZVwHum6V8Romcw==/com.google.android.projection.gearhead-lgcAb2z0XhfjwDmG5H-b5Q==/base.apk took:74ms
02-01 17:32:55.763 30392 30392 I 100     : Open /data/app/~~zh16-aFjid_IQftS6G6psg==/com.google.android.videos-tBxIKhcVCoXyLeQgMarMlg==/base.apk took:67ms
02-01 17:32:56.905 30104 30104 I 309     : package:com.instagram.android took:2863 calssname:android.app.ActivityThread$H callback:null what:110
02-01 17:32:57.288 30749 30749 I 100     : Open /data/app/~~xG4C7YuZ6dygOqY662KUKQ==/com.reddit.frontpage-rMf1QNCMLNupU-qkLmc2YA==/base.apk took:109ms
02-01 17:33:00.449 31679 31679 I 100     : Open /data/app/~~1W-iJ34_HsgOWpbjBwXOAg==/com.android.chrome-hqI2OfjwjNZKtvm9uDFw1w==/base.apk took:84ms
02-01 17:33:06.291 31858 31858 I 100     : Open /data/app/~~6MVVseX7lW7B58OjxRX_sA==/com.google.android.apps.messaging-bng4Ljx0URzCjgCSr_oaCQ==/base.apk took:55ms
02-01 17:33:08.221 31933 31933 I 100     : Open /data/app/~~W7ELWq_uFoHKrvJTSfuy9A==/com.google.android.googlequicksearchbox-ekSTQdWTjlLkR7NP5n8lig==/base.apk took:91ms
02-01 17:33:08.784 31980 31980 I 100     : Open /data/app/~~rE7-OHoonVcmBfR4X_pnmQ==/com.android.vending-VpDKtjgrZN8PWFU-qBp4kA==/base.apk took:75ms
02-01 17:34:43.950  1547  1766 I 322     : com.crazyj36.textdatabase#70#426
02-01 17:34:50.447  1547  1766 I 322     : pl.solidexplorer2#73#582
02-01 17:34:50.652 18556   310 I 111     : OptJank - big and big
02-01 17:34:50.662 18556   310 I 111     : OptJank - big and small
02-01 17:34:50.662 18556   310 I 111     :  OptJank - continuously drops frames:4
02-01 17:35:20.544   811   811 I 100     : Open /data/app/~~oe3pwTU5nMvvPcyHO27ojA==/com.google.android.inputmethod.latin-w9olLST89rFFPmDg9ZbAGw==/base.apk took:57ms
02-01 17:37:52.873 18556   310 I 111     :  OptJank - continuously drops frames:4
02-01 17:37:56.420  1547  1766 I 322     : pl.solidexplorer2#-1#488
02-01 17:38:11.956 13156 13861 I 110     :  OptJank - total:122 frameGap:686 delta#111#5#4#0#0#5
02-01 17:38:12.120  6304  6304 I 100     : Open /data/app/~~ysijEaaFBhwxot5gmyfu9w==/com.paypal.android.p2pmobile-_mBZamqShlMxPZipgGa5PA==/base.apk took:88ms
02-01 17:38:13.335  6304  6304 I 309     : package:com.paypal.android.p2pmobile took:1325 calssname:android.app.ActivityThread$H callback:null what:110
02-01 17:38:13.507  1547  1766 I 322     : com.paypal.android.p2pmobile#165#1654
02-01 17:38:15.096  1547  1766 I 322     : com.paypal.android.p2pmobile#-1#290
02-01 17:38:30.008  2348  3073 I 111     :  OptJank - continuously drops frames:4
02-01 17:38:30.150  2348  3073 I 111     :  OptJank - continuously drops frames:4
02-01 17:38:30.307  2348  3073 I 111     :  OptJank - continuously drops frames:4
02-01 17:38:30.968  2571  2571 I 100     : Open /data/app/~~W7ELWq_uFoHKrvJTSfuy9A==/com.google.android.googlequicksearchbox-ekSTQdWTjlLkR7NP5n8lig==/base.apk took:94ms
02-01 17:38:31.194  2601  2601 I 100     : Open /data/app/~~ffq8F_rCrFJM7owW2V254Q==/com.google.android.apps.tachyon-grbgU2gO3eKP1Su3adFUxw==/base.apk took:52ms
02-01 17:38:35.139  2846  2846 I 309     : package:com.paypal.android.p2pmobile took:1138 calssname:android.app.ActivityThread$H callback:null what:110
02-01 17:38:56.972  3658  3658 I 100     : Open /data/app/~~6MVVseX7lW7B58OjxRX_sA==/com.google.android.apps.messaging-bng4Ljx0URzCjgCSr_oaCQ==/base.apk took:77ms
02-01 17:38:57.300  3712  3712 I 100     : Open /data/app/~~6MVVseX7lW7B58OjxRX_sA==/com.google.android.apps.messaging-bng4Ljx0URzCjgCSr_oaCQ==/base.apk took:58ms
02-01 17:39:04.133  6302 32566 I 110     :  OptJank - total:92 frameGap:97 delta#0#5#0#5#0#87
02-01 17:39:08.375  1547  1766 I 322     : pl.solidexplorer2#-1#142
02-01 17:39:10.190 18556   310 I 111     :  OptJank - continuously drops frames:4
02-01 17:39:31.968  1547  1766 I 322     : pl.solidexplorer2#-1#115
02-01 17:39:41.314  1547  1766 I 322     : com.crazyj36.textdatabase#63#240
02-01 17:40:35.723  4464  4464 I 100     : Open /data/app/~~1v8PbYhZ5_ekxqacsgBsWg==/com.microsoft.office.outlook-OESQ1DNZiNGE7BZupn9EPw==/base.apk took:226ms
02-01 17:44:12.783  4902  4902 I 100     : Open /data/app/~~tCuMrrQcKZ1df4gmXTKv3w==/com.twitter.android-LuD_1WuZ9gS5M8L9yYU6hA==/base.apk took:158ms
02-01 18:00:59.979  5401  5401 I 100     : Open /data/app/~~ro1DXzaeTLg9pBcj0U8FOQ==/com.facebook.katana-7WxFOVR0e0WsAsR1-jcnHA==/base.apk took:142ms
02-01 18:01:01.185  5336  5336 I 309     : package:com.instagram.android took:2368 calssname:android.app.ActivityThread$H callback:null what:110
02-01 18:01:06.641  5713  5713 I 100     : Open /data/app/~~7ghWRGVp1zrPvGWVnQXCEg==/com.facebook.orca-KzJpPW_TDKpitWsJcYUFKw==/base.apk took:61ms
02-01 18:15:11.898  1547  1766 I 322     : com.google.android.permissioncontroller#184#1010
02-01 18:15:22.652  1547  1766 I 322     : pl.solidexplorer2#74#464
02-01 18:16:46.799  1547  1766 I 322     : com.crazyj36.apiplaygroundanysdk#118#704
02-01 18:17:02.871  7160  7160 I 100     : Open /data/app/~~6MVVseX7lW7B58OjxRX_sA==/com.google.android.apps.messaging-bng4Ljx0URzCjgCSr_oaCQ==/base.apk took:55ms
--------- beginning of system
02-01 18:17:21.024  1547  1616 I FastCharge: read mChargeType = 0
--------- beginning of main
02-01 18:17:21.572  3236  3236 D BoundBrokerSvc: onUnbind: Intent { act=com.google.android.gms.clearcut.bootcount.service.START pkg=com.google.android.gms }
02-01 18:17:21.891 23370 23370 D BoundBrokerSvc: onUnbind: Intent { act=com.google.android.gms.ocr.service.START cmp=com.google.android.gms/.chimera.GmsApiService }
02-01 18:17:21.892 23370 23370 D BoundBrokerSvc: onUnbind: Intent { act=com.google.android.gms.ocr.service.internal.START cmp=com.google.android.gms/.chimera.GmsInternalApiService }
02-01 18:17:21.966 23370 23370 D BoundBrokerSvc: onUnbind: Intent { act=com.google.android.gms.fido.fido2.regular.START cmp=com.google.android.gms/.chimera.GmsBoundBrokerService }
02-01 18:17:22.603   936  2257 I WifiHAL : event received NL80211_CMD_VENDOR, vendor_id = 0x1374, subcmd = 0xd
02-01 18:17:22.604  1364  1364 I cnss-daemon: nl80211 response handler invoked
02-01 18:17:22.604  1364  1364 I cnss-daemon: nl80211_response_handler: cmd 103, vendorID 4980, subcmd 13  received
02-01 18:17:24.053  7160  7291 I BugleDataModel: FixupMessageStatusOnStartupAction: sendFailedCnt: 0, downloadFailedCnt: 0, partsProcessingFailedCnt: 0
02-01 18:17:24.073  7160  7291 W BugleRcsEngine: [4379] aqyt.i: Cannot use CS.apk as it's battery optimized
02-01 18:17:24.083  7160  7291 I BugleDataModel: PendingMessagesProcessor: process from FixupMessageStatusOnStartupAction due to connectivity changed with delay 0 with queues:
02-01 18:17:24.083  7160  7291 I BugleDataModel: ProcessPendingMessagesTimers: cleared next retry time for channel sms_send 
02-01 18:17:24.083  7160  7291 I BugleDataModel: ProcessPendingMessagesTimers: cleared next retry time for channel mms_send 
02-01 18:17:24.083  7160  7291 I BugleDataModel: ProcessPendingMessagesTimers: cleared next retry time for channel mms_download 
02-01 18:17:24.083  7160  7291 I BugleDataModel: ProcessPendingMessagesTimers: cleared next retry time for channel rcs_send 
02-01 18:17:24.083  7160  7291 I BugleDataModel: ProcessPendingMessagesTimers: cleared next retry time for channel rcs_ft_upload 
02-01 18:17:24.083  7160  7291 I BugleDataModel: ProcessPendingMessagesTimers: cleared next retry time for channel rcs_ft_download 
02-01 18:17:24.083  7160  7291 I BugleDataModel: ProcessPendingMessagesTimers: cleared next retry time for channel cloud_sync_send 
02-01 18:17:24.083  7160  7291 I BugleDataModel: ProcessPendingMessagesTimers: cleared next retry time for channel cloud_sync_attachment_download 
02-01 18:17:24.096  7160  7291 W BugleRcsEngine: [4379] aqyt.i: Cannot use CS.apk as it's battery optimized
02-01 18:17:24.105  7160  7291 I BugleDataModel: PendingMessagesProcessor: process from ProcessPendingMessagesAction due to scheduled processing with delay 0 with queues:
02-01 18:17:24.110  7160  7188 I BugleJobs: GenericWorkerQueueAction: Bailing early, no work found, no failed work found
02-01 18:17:24.607   936  2257 I WifiHAL : event received NL80211_CMD_VENDOR, vendor_id = 0x1374, subcmd = 0xd
02-01 18:17:24.608  1364  1364 I cnss-daemon: nl80211 response handler invoked
02-01 18:17:24.608  1364  1364 I cnss-daemon: nl80211_response_handler: cmd 103, vendorID 4980, subcmd 13  received
02-01 18:17:26.611  1364  1364 I cnss-daemon: nl80211 response handler invoked
02-01 18:17:26.611  1364  1364 I cnss-daemon: nl80211_response_handler: cmd 103, vendorID 4980, subcmd 13  received
02-01 18:17:26.611   936  2257 I WifiHAL : event received NL80211_CMD_VENDOR, vendor_id = 0x1374, subcmd = 0xd
02-01 18:17:26.691  1547  2133 D system_server: [tp] btn_touch = 1
02-01 18:17:26.692  1022  1100 E SurfaceFlinger: notifyInputMotion motionType=2
02-01 18:17:26.692  1022  1532 I DispPerfService: setHwcRefreshRate to rate=120, mode=1
02-01 18:17:26.693  1547  1547 W android.display: type=1400 audit(0.0:6493): avc: denied { read } for name="u:object_r:vendor_display_notch_prop:s0" dev="tmpfs" ino=9630 scontext=u:r:system_server:s0 tcontext=u:object_r:vendor_display_notch_prop:s0 tclass=file permissive=0
02-01 18:17:26.698  1547  1606 E libc    : Access denied finding property "vendor.display.disable_rounded_corner"
02-01 18:17:26.698  1547  1606 I DisplayManagerService: Display device changed: DisplayDeviceInfo{"Built-in Screen": uniqueId="local:19260285133098369", 1080 x 2400, modeId 2, defaultModeId 1, supportedModes [{id=1, width=1080, height=2400, fps=60.0}, {id=2, width=1080, height=2400, fps=90.0}], colorMode 0, supportedColorModes [0, 7, 9], HdrCapabilities HdrCapabilities{mSupportedHdrTypes=[2, 3, 4], mMaxLuminance=500.0, mMaxAverageLuminance=500.0, mMinLuminance=0.0}, allmSupported false, gameContentTypeSupported false, density 450, 318.976 x 319.162 dpi, appVsyncOff 1000000, presDeadline 17111110, cutout DisplayCutout{insets=Rect(0, 109 - 0, 0) waterfall=Insets{left=0, top=0, right=0, bottom=0} boundingRect={Bounds=[Rect(0, 0 - 0, 0), Rect(0, 0 - 141, 109), Rect(0, 0 - 0, 0), Rect(0, 0 - 0, 0)]}}, touch INTERNAL, rotation 0, type INTERNAL, address {port=129, model=0x446d2095a18d}, deviceProductInfo DeviceProductInfo{name=, manufacturerPnpId=QCM, productId=1, modelYear=null, manufactureDate=ManufactureDate{week=27, year=2006}, relativeAddress=null}, state ON, FLAG_DEFAULT_DISPLAY, FLAG_ROTATES_WITH_CONTENT, FLAG_SECURE, FLAG_SUPPORTS_PROTECTED_BUFFERS}
02-01 18:17:26.698  1547  1606 D DisplayManagerService: notifyAfterDisplayModeSpecChange modeId: 2
02-01 18:17:26.702   957  1138 W SDM     : HWCDisplay::SubmitDisplayConfig: In state: 1
02-01 18:17:26.702   957  1138 I SDM     : HWDeviceDRM::UpdateMixerAttributes: Mixer WxH 1080x2400-0 for Peripheral
02-01 18:17:26.702   957  1138 I SDM     : StrategyImpl::SetIdleTimeoutMs: Idle timeout: active = 90, inactive = 520
02-01 18:17:26.702   957  1138 W SDM     : HWCDisplay::SubmitDisplayConfig: activeConfig = 0, desireConfig = 1
02-01 18:17:26.702   957  1138 I SDM     : HWCDisplay::SubmitDisplayConfig: Active configuration changed to: 1
02-01 18:17:26.703  2335  3070 I BtGatt.ScanManager: msg.what = 8
02-01 18:17:26.706  2335  3070 I BtGatt.ScanManager: msg.what = 5
02-01 18:17:26.707  2348  3204 I ScreenDecorations: onDisplayChanged, displayId:0, now Rotation:0, newRotation:0
02-01 18:17:26.755  1547  2133 D system_server: [tp] btn_touch = 0
02-01 18:17:27.151  1547  2256 I FastCharge: read mChargeType = 0
02-01 18:17:27.155  2273  2273 I BroadcastDispatcher: ExplicitBroadcastReceiver got intent: Intent { act=android.intent.action.BATTERY_CHANGED flg=0x60000010 (has extras) }
02-01 18:17:27.155  2273  2273 I BroadcastDispatcher: dispatch target: com.oneplus.account, action: android.intent.action.BATTERY_CHANGED
02-01 18:17:27.156  2273  2273 W ContextImpl: Calling a method in the system process without a qualified user: android.app.ContextImpl.sendBroadcast:1122 android.content.ContextWrapper.sendBroadcast:468 com.oneplus.coreservice.BroadcastDispatch.xne$mab.onReceive:122 android.app.LoadedApk$ReceiverDispatcher$Args.lambda$getRunnable$0$LoadedApk$ReceiverDispatcher$Args:1566 android.app.-$$Lambda$LoadedApk$ReceiverDispatcher$Args$_BumDX2UKsnxLVrE6UJsJZkotuA.run:2 
02-01 18:17:27.156  2348  2348 D KeyguardUpdateMonitor: received broadcast android.intent.action.BATTERY_CHANGED
02-01 18:17:27.156  2348  2348 D KeyguardUpdateMonitor: pdCharge false, chargingstatus 0, fastcharge:0
02-01 18:17:27.156  2348  2348 D OpSWarpChargingView: level is same as latest one [92]
02-01 18:17:27.161  2910  2910 D DeviceStatisticsService: chargerType=0 batteryLevel=92 totalBatteryCapacity=3628200
02-01 18:17:28.279  7160  7315 D CompatibilityChangeReporter: Compat change id reported: 150939131; UID 10290; state: ENABLED
02-01 18:17:28.616   936  2257 I WifiHAL : event received NL80211_CMD_VENDOR, vendor_id = 0x1374, subcmd = 0xd
02-01 18:17:28.617  1364  1364 I cnss-daemon: nl80211 response handler invoked
02-01 18:17:28.617  1364  1364 I cnss-daemon: nl80211_response_handler: cmd 103, vendorID 4980, subcmd 13  received
