--------- beginning of /dev/log/system
I/ActivityManager(  297): Starting: Intent { act=android.intent.action.MAIN cat=[android.intent.category.LAUNCHER] flg=0x10200000 cmp=com.crazyj36.apiplaygroundanysdk/.MainActivity } from pid 467
--------- beginning of /dev/log/main
W/ResourceType(  297): Entry identifier 0x128 is larger than entry count 0xab
W/WindowManager(  297): [PhoneWindowManager.java:1099:addStartingWindow()] HistoryRecord{408befd8 com.crazyj36.apiplaygroundanysdk/.MainActivity} failed creating starting window
W/WindowManager(  297): java.lang.RuntimeException: Binary XML file line #25: You must supply a layout_height attribute.
W/WindowManager(  297): 	at android.content.res.TypedArray.getLayoutDimension(TypedArray.java:491)
W/WindowManager(  297): 	at android.view.ViewGroup$LayoutParams.setBaseAttributes(ViewGroup.java:3599)
W/WindowManager(  297): 	at android.view.ViewGroup$MarginLayoutParams.<init>(ViewGroup.java:3678)
W/WindowManager(  297): 	at android.widget.LinearLayout$LayoutParams.<init>(LinearLayout.java:1400)
W/WindowManager(  297): 	at android.widget.LinearLayout.generateLayoutParams(LinearLayout.java:1326)
W/WindowManager(  297): 	at android.widget.LinearLayout.generateLayoutParams(LinearLayout.java:47)
W/WindowManager(  297): 	at android.view.LayoutInflater.rInflate(LayoutInflater.java:625)
W/WindowManager(  297): 	at android.view.LayoutInflater.inflate(LayoutInflater.java:408)
W/WindowManager(  297): 	at android.view.LayoutInflater.inflate(LayoutInflater.java:320)
W/WindowManager(  297): 	at android.view.LayoutInflater.inflate(LayoutInflater.java:276)
W/WindowManager(  297): 	at com.android.internal.policy.impl.PhoneWindow.generateLayout(PhoneWindow.java:2290)
W/WindowManager(  297): 	at com.android.internal.policy.impl.PhoneWindow.installDecor(PhoneWindow.java:2345)
W/WindowManager(  297): 	at com.android.internal.policy.impl.PhoneWindow.getDecorView(PhoneWindow.java:1511)
W/WindowManager(  297): 	at com.android.internal.policy.impl.PhoneWindowManager.addStartingWindow(PhoneWindowManager.java:1070)
W/WindowManager(  297): 	at com.android.server.WindowManagerService$H.handleMessage(WindowManagerService.java:8347)
W/WindowManager(  297): 	at android.os.Handler.dispatchMessage(Handler.java:99)
W/WindowManager(  297): 	at android.os.Looper.loop(Looper.java:130)
W/WindowManager(  297): 	at com.android.server.WindowManagerService$WMThread.run(WindowManagerService.java:582)
D/Launcher.Workspace(  467): [Workspace.java:2036:hideWallpaper()] Show wallpaper
I/ActivityManager(  297): process name to start: com.crazyj36.apiplaygroundanysdk
E/ActivityManager(  297): heap conf. property name string trimmed: hs.com.crazyj36.apiplaygroundan
I/ActivityManager(  297): Start proc com.crazyj36.apiplaygroundanysdk for activity com.crazyj36.apiplaygroundanysdk/.MainActivity: pid=4611 uid=10015 gids={1015}
D/WifiService(  297): ACTION_BATTERY_CHANGED pluggedType: 2
D/WifiService(  297): ### wifiShouldBeEnabled=true
D/WifiService(  297): ### mDeviceIdle=false
D/WifiService(  297): ### lockHeld=false
W/dalvikvm( 4611): VFY: unable to resolve virtual method 74: Landroid/os/Vibrator;.hasVibrator ()Z
W/dalvikvm( 4611): VFY: unable to resolve virtual method 74: Landroid/os/Vibrator;.hasVibrator ()Z
W/dalvikvm( 4611): VFY: unable to resolve virtual method 73: Landroid/os/Vibrator;.hasAmplitudeControl ()Z
W/dalvikvm( 4611): VFY: unable to resolve virtual method 212: Lcom/crazyj36/apiplaygroundanysdk/MainActivity;.getActionBar ()Landroid/app/ActionBar;
E/dalvikvm( 4611): Could not find class 'android.app.NotificationChannel', referenced from method com.crazyj36.apiplaygroundanysdk.MainActivity.onCreate
W/dalvikvm( 4611): VFY: unable to resolve new-instance 9 (Landroid/app/NotificationChannel;) in Lcom/crazyj36/apiplaygroundanysdk/MainActivity;
W/dalvikvm( 4611): VFY: unable to resolve virtual method 206: Lcom/crazyj36/apiplaygroundanysdk/MainActivity;.checkSelfPermission (Ljava/lang/String;)I
W/ResourceType( 4611): Entry identifier 0x128 is larger than entry count 0xab
W/dalvikvm( 4611): threadid=1: thread exiting with uncaught exception (group=0x40019560)
E/AndroidRuntime( 4611): FATAL EXCEPTION: main
E/AndroidRuntime( 4611): java.lang.NoSuchMethodError: android.os.Vibrator.hasVibrator
E/AndroidRuntime( 4611): 	at com.crazyj36.apiplaygroundanysdk.MainActivity.vibratorInfo(MainActivity.java:764)
E/AndroidRuntime( 4611): 	at com.crazyj36.apiplaygroundanysdk.MainActivity.onCreate(MainActivity.java:117)
E/AndroidRuntime( 4611): 	at android.app.Instrumentation.callActivityOnCreate(Instrumentation.java:1047)
E/AndroidRuntime( 4611): 	at android.app.ActivityThread.performLaunchActivity(ActivityThread.java:1622)
E/AndroidRuntime( 4611): 	at android.app.ActivityThread.handleLaunchActivity(ActivityThread.java:1674)
E/AndroidRuntime( 4611): 	at android.app.ActivityThread.access$1500(ActivityThread.java:117)
E/AndroidRuntime( 4611): 	at android.app.ActivityThread$H.handleMessage(ActivityThread.java:942)
E/AndroidRuntime( 4611): 	at android.os.Handler.dispatchMessage(Handler.java:99)
E/AndroidRuntime( 4611): 	at android.os.Looper.loop(Looper.java:130)
E/AndroidRuntime( 4611): 	at android.app.ActivityThread.main(ActivityThread.java:3694)
E/AndroidRuntime( 4611): 	at java.lang.reflect.Method.invokeNative(Native Method)
E/AndroidRuntime( 4611): 	at java.lang.reflect.Method.invoke(Method.java:507)
E/AndroidRuntime( 4611): 	at com.android.internal.os.ZygoteInit$MethodAndArgsCaller.run(ZygoteInit.java:895)
E/AndroidRuntime( 4611): 	at com.android.internal.os.ZygoteInit.main(ZygoteInit.java:653)
E/AndroidRuntime( 4611): 	at dalvik.system.NativeStart.main(Native Method)
W/ActivityManager(  297):   Force finishing activity com.crazyj36.apiplaygroundanysdk/.MainActivity
W/Vold    (  166): [AutoRun] Switch Event - name:usb_connected, state:0
W/Vold    (  166): [Apply Autorun]Ignoring unknown switch 'usb_connected'
W/Vold    (  166): [AutoRun] Switch Event - name:usb_configuration, state:0
W/Vold    (  166): [Apply Autorun]Ignoring unknown switch 'usb_configuration'
W/Vold    (  166): [AutoRun] Switch Event - name:usb_mass_storage, state:offline
D/Vold    (  166): Share method ums now unavailable
I/StorageNotification(  438): UMS connection changed to false (media state eject)
D/Tethering(  297): [Tethering.java:810:processMessage()] InitialState.processMessage what=4
D/Diag Command Observer(  297): [DiagCommandObserver.java:2581:onReceive()] [FLIGHT]usbConnected2=false
D/Diag Command Observer(  297): [DiagCommandObserver.java:2582:onReceive()] [FLIGHT]sleepmode_test_on2=false
D/WifiService(  297): ACTION_BATTERY_CHANGED pluggedType: 2
D/WifiService(  297): ### wifiShouldBeEnabled=true
D/WifiService(  297): ### mDeviceIdle=false
D/WifiService(  297): ### lockHeld=false
D/WifiService(  297): ACTION_BATTERY_CHANGED pluggedType: 2
D/WifiService(  297): ### wifiShouldBeEnabled=true
D/WifiService(  297): ### mDeviceIdle=false
D/WifiService(  297): ### lockHeld=false
W/ActivityManager(  297): Activity pause timeout for HistoryRecord{408befd8 com.crazyj36.apiplaygroundanysdk/.MainActivity}
D/Launcher.Workspace(  467): [Workspace.java:2034:hideWallpaper()] Hide wallpaper
E/ActivityThread(  467): Failed to find provider info for call_log
E/ActivityThread(  467): Failed to find provider info for com.lge.providers.lgemail
E/ActivityThread(  467): Failed to find provider info for com.android.whatsnew
D/Launcher.Workspace(  467): [Workspace.java:2034:hideWallpaper()] Hide wallpaper
W/Vold    (  166): [AutoRun] Switch Event - name:usb_connected, state:1
W/Vold    (  166): [Apply Autorun]Ignoring unknown switch 'usb_connected'
D/Tethering(  297): [Tethering.java:311:interfaceAdded()] interfaceAdded :usb0
D/Diag Command Observer(  297): [DiagCommandObserver.java:2581:onReceive()] [FLIGHT]usbConnected2=true
D/Diag Command Observer(  297): [DiagCommandObserver.java:2582:onReceive()] [FLIGHT]sleepmode_test_on2=false
I/ActivityManager(  297): No longer want com.crazyj36.toast (pid 2071): hidden #26
D/WifiService(  297): ACTION_BATTERY_CHANGED pluggedType: 2
D/WifiService(  297): ### wifiShouldBeEnabled=true
D/WifiService(  297): ### mDeviceIdle=false
D/WifiService(  297): ### lockHeld=false
W/Vold    (  166): [AutoRun] Switch Event - name:usb_mass_storage, state:online
D/Vold    (  166): Share method ums now available
I/StorageNotification(  438): UMS connection changed to true (media state eject)
W/Vold    (  166): [AutoRun] Switch Event - name:usb_configuration, state:1
W/Vold    (  166): [Apply Autorun]Ignoring unknown switch 'usb_configuration'
E/Tethering(  297): [Tethering.java:304:interfaceAdded()] active iface (usb0) reported as added, ignoring
D/Diag Command Observer(  297): [DiagCommandObserver.java:2581:onReceive()] [FLIGHT]usbConnected2=true
D/Diag Command Observer(  297): [DiagCommandObserver.java:2582:onReceive()] [FLIGHT]sleepmode_test_on2=false
D/WifiService(  297): ACTION_BATTERY_CHANGED pluggedType: 2
D/WifiService(  297): ### wifiShouldBeEnabled=true
D/WifiService(  297): ### mDeviceIdle=false
D/WifiService(  297): ### lockHeld=false
W/InputManagerService(  297): Window already focused, ignoring focus gain of: com.android.internal.view.IInputMethodClient$Stub$Proxy@4076b3d0
I/ActivityManager(  297): Process com.crazyj36.apiplaygroundanysdk (pid 4611) has died.
W/ActivityManager(  297): Activity destroy timeout for HistoryRecord{408befd8 com.crazyj36.apiplaygroundanysdk/.MainActivity}
W/ResourceType(  297): Entry identifier 0x128 is larger than entry count 0xab
W/WindowManager(  297): [PhoneWindowManager.java:1099:addStartingWindow()] HistoryRecord{4081fc70 com.crazyj36.apiplaygroundanysdk/.MainActivity} failed creating starting window
W/WindowManager(  297): java.lang.RuntimeException: Binary XML file line #25: You must supply a layout_height attribute.
W/WindowManager(  297): 	at android.content.res.TypedArray.getLayoutDimension(TypedArray.java:491)
W/WindowManager(  297): 	at android.view.ViewGroup$LayoutParams.setBaseAttributes(ViewGroup.java:3599)
W/WindowManager(  297): 	at android.view.ViewGroup$MarginLayoutParams.<init>(ViewGroup.java:3678)
W/WindowManager(  297): 	at android.widget.LinearLayout$LayoutParams.<init>(LinearLayout.java:1400)
W/WindowManager(  297): 	at android.widget.LinearLayout.generateLayoutParams(LinearLayout.java:1326)
W/WindowManager(  297): 	at android.widget.LinearLayout.generateLayoutParams(LinearLayout.java:47)
W/WindowManager(  297): 	at android.view.LayoutInflater.rInflate(LayoutInflater.java:625)
W/WindowManager(  297): 	at android.view.LayoutInflater.inflate(LayoutInflater.java:408)
W/WindowManager(  297): 	at android.view.LayoutInflater.inflate(LayoutInflater.java:320)
W/WindowManager(  297): 	at android.view.LayoutInflater.inflate(LayoutInflater.java:276)
W/WindowManager(  297): 	at com.android.internal.policy.impl.PhoneWindow.generateLayout(PhoneWindow.java:2290)
W/WindowManager(  297): 	at com.android.internal.policy.impl.PhoneWindow.installDecor(PhoneWindow.java:2345)
W/WindowManager(  297): 	at com.android.internal.policy.impl.PhoneWindow.getDecorView(PhoneWindow.java:1511)
W/WindowManager(  297): 	at com.android.internal.policy.impl.PhoneWindowManager.addStartingWindow(PhoneWindowManager.java:1070)
W/WindowManager(  297): 	at com.android.server.WindowManagerService$H.handleMessage(WindowManagerService.java:8347)
W/WindowManager(  297): 	at android.os.Handler.dispatchMessage(Handler.java:99)
W/WindowManager(  297): 	at android.os.Looper.loop(Looper.java:130)
W/WindowManager(  297): 	at com.android.server.WindowManagerService$WMThread.run(WindowManagerService.java:582)
I/ActivityManager(  297): Starting: Intent { act=android.intent.action.MAIN cat=[android.intent.category.LAUNCHER] flg=0x10200000 cmp=com.crazyj36.apiplaygroundanysdk/.MainActivity } from pid 467
D/Launcher.Workspace(  467): [Workspace.java:2036:hideWallpaper()] Show wallpaper
I/ActivityManager(  297): process name to start: com.crazyj36.apiplaygroundanysdk
E/ActivityManager(  297): heap conf. property name string trimmed: hs.com.crazyj36.apiplaygroundan
I/ActivityManager(  297): Start proc com.crazyj36.apiplaygroundanysdk for activity com.crazyj36.apiplaygroundanysdk/.MainActivity: pid=4672 uid=10015 gids={1015}
W/dalvikvm( 4672): VFY: unable to resolve virtual method 74: Landroid/os/Vibrator;.hasVibrator ()Z
W/dalvikvm( 4672): VFY: unable to resolve virtual method 74: Landroid/os/Vibrator;.hasVibrator ()Z
W/dalvikvm( 4672): VFY: unable to resolve virtual method 73: Landroid/os/Vibrator;.hasAmplitudeControl ()Z
W/dalvikvm( 4672): VFY: unable to resolve virtual method 212: Lcom/crazyj36/apiplaygroundanysdk/MainActivity;.getActionBar ()Landroid/app/ActionBar;
E/dalvikvm( 4672): Could not find class 'android.app.NotificationChannel', referenced from method com.crazyj36.apiplaygroundanysdk.MainActivity.onCreate
W/dalvikvm( 4672): VFY: unable to resolve new-instance 9 (Landroid/app/NotificationChannel;) in Lcom/crazyj36/apiplaygroundanysdk/MainActivity;
W/dalvikvm( 4672): VFY: unable to resolve virtual method 206: Lcom/crazyj36/apiplaygroundanysdk/MainActivity;.checkSelfPermission (Ljava/lang/String;)I
W/ResourceType( 4672): Entry identifier 0x128 is larger than entry count 0xab
W/dalvikvm( 4672): threadid=1: thread exiting with uncaught exception (group=0x40019560)
E/AndroidRuntime( 4672): FATAL EXCEPTION: main
E/AndroidRuntime( 4672): java.lang.NoSuchMethodError: android.os.Vibrator.hasVibrator
E/AndroidRuntime( 4672): 	at com.crazyj36.apiplaygroundanysdk.MainActivity.vibratorInfo(MainActivity.java:764)
E/AndroidRuntime( 4672): 	at com.crazyj36.apiplaygroundanysdk.MainActivity.onCreate(MainActivity.java:117)
E/AndroidRuntime( 4672): 	at android.app.Instrumentation.callActivityOnCreate(Instrumentation.java:1047)
E/AndroidRuntime( 4672): 	at android.app.ActivityThread.performLaunchActivity(ActivityThread.java:1622)
E/AndroidRuntime( 4672): 	at android.app.ActivityThread.handleLaunchActivity(ActivityThread.java:1674)
E/AndroidRuntime( 4672): 	at android.app.ActivityThread.access$1500(ActivityThread.java:117)
E/AndroidRuntime( 4672): 	at android.app.ActivityThread$H.handleMessage(ActivityThread.java:942)
E/AndroidRuntime( 4672): 	at android.os.Handler.dispatchMessage(Handler.java:99)
E/AndroidRuntime( 4672): 	at android.os.Looper.loop(Looper.java:130)
E/AndroidRuntime( 4672): 	at android.app.ActivityThread.main(ActivityThread.java:3694)
E/AndroidRuntime( 4672): 	at java.lang.reflect.Method.invokeNative(Native Method)
E/AndroidRuntime( 4672): 	at java.lang.reflect.Method.invoke(Method.java:507)
E/AndroidRuntime( 4672): 	at com.android.internal.os.ZygoteInit$MethodAndArgsCaller.run(ZygoteInit.java:895)
E/AndroidRuntime( 4672): 	at com.android.internal.os.ZygoteInit.main(ZygoteInit.java:653)
E/AndroidRuntime( 4672): 	at dalvik.system.NativeStart.main(Native Method)
W/ActivityManager(  297):   Force finishing activity com.crazyj36.apiplaygroundanysdk/.MainActivity
W/ActivityManager(  297): Activity pause timeout for HistoryRecord{4081fc70 com.crazyj36.apiplaygroundanysdk/.MainActivity}
D/Launcher.Workspace(  467): [Workspace.java:2034:hideWallpaper()] Hide wallpaper
E/ActivityThread(  467): Failed to find provider info for call_log
E/ActivityThread(  467): Failed to find provider info for com.lge.providers.lgemail
E/ActivityThread(  467): Failed to find provider info for com.android.whatsnew
D/Launcher.Workspace(  467): [Workspace.java:2034:hideWallpaper()] Hide wallpaper
W/InputManagerService(  297): Window already focused, ignoring focus gain of: com.android.internal.view.IInputMethodClient$Stub$Proxy@405b9af0
I/ActivityManager(  297): Process com.crazyj36.apiplaygroundanysdk (pid 4672) has died.
W/ActivityManager(  297): Activity destroy timeout for HistoryRecord{4081fc70 com.crazyj36.apiplaygroundanysdk/.MainActivity}
D/WifiService(  297): ACTION_BATTERY_CHANGED pluggedType: 2
D/WifiService(  297): ### wifiShouldBeEnabled=true
D/WifiService(  297): ### mDeviceIdle=false
D/WifiService(  297): ### lockHeld=false
W/ResourceType(  297): Entry identifier 0x128 is larger than entry count 0xab
W/WindowManager(  297): [PhoneWindowManager.java:1099:addStartingWindow()] HistoryRecord{4092db90 com.crazyj36.apiplaygroundanysdk/.MainActivity} failed creating starting window
W/WindowManager(  297): java.lang.RuntimeException: Binary XML file line #25: You must supply a layout_height attribute.
W/WindowManager(  297): 	at android.content.res.TypedArray.getLayoutDimension(TypedArray.java:491)
W/WindowManager(  297): 	at android.view.ViewGroup$LayoutParams.setBaseAttributes(ViewGroup.java:3599)
W/WindowManager(  297): 	at android.view.ViewGroup$MarginLayoutParams.<init>(ViewGroup.java:3678)
W/WindowManager(  297): 	at android.widget.LinearLayout$LayoutParams.<init>(LinearLayout.java:1400)
W/WindowManager(  297): 	at android.widget.LinearLayout.generateLayoutParams(LinearLayout.java:1326)
W/WindowManager(  297): 	at android.widget.LinearLayout.generateLayoutParams(LinearLayout.java:47)
W/WindowManager(  297): 	at android.view.LayoutInflater.rInflate(LayoutInflater.java:625)
W/WindowManager(  297): 	at android.view.LayoutInflater.inflate(LayoutInflater.java:408)
W/WindowManager(  297): 	at android.view.LayoutInflater.inflate(LayoutInflater.java:320)
W/WindowManager(  297): 	at android.view.LayoutInflater.inflate(LayoutInflater.java:276)
W/WindowManager(  297): 	at com.android.internal.policy.impl.PhoneWindow.generateLayout(PhoneWindow.java:2290)
W/WindowManager(  297): 	at com.android.internal.policy.impl.PhoneWindow.installDecor(PhoneWindow.java:2345)
W/WindowManager(  297): 	at com.android.internal.policy.impl.PhoneWindow.getDecorView(PhoneWindow.java:1511)
W/WindowManager(  297): 	at com.android.internal.policy.impl.PhoneWindowManager.addStartingWindow(PhoneWindowManager.java:1070)
W/WindowManager(  297): 	at com.android.server.WindowManagerService$H.handleMessage(WindowManagerService.java:8347)
W/WindowManager(  297): 	at android.os.Handler.dispatchMessage(Handler.java:99)
W/WindowManager(  297): 	at android.os.Looper.loop(Looper.java:130)
W/WindowManager(  297): 	at com.android.server.WindowManagerService$WMThread.run(WindowManagerService.java:582)
I/ActivityManager(  297): Starting: Intent { act=android.intent.action.MAIN cat=[android.intent.category.LAUNCHER] flg=0x10200000 cmp=com.crazyj36.apiplaygroundanysdk/.MainActivity } from pid 467
D/Launcher.Workspace(  467): [Workspace.java:2036:hideWallpaper()] Show wallpaper
I/ActivityManager(  297): process name to start: com.crazyj36.apiplaygroundanysdk
E/ActivityManager(  297): heap conf. property name string trimmed: hs.com.crazyj36.apiplaygroundan
I/ActivityManager(  297): Start proc com.crazyj36.apiplaygroundanysdk for activity com.crazyj36.apiplaygroundanysdk/.MainActivity: pid=4713 uid=10015 gids={1015}
W/dalvikvm( 4713): VFY: unable to resolve virtual method 74: Landroid/os/Vibrator;.hasVibrator ()Z
W/dalvikvm( 4713): VFY: unable to resolve virtual method 74: Landroid/os/Vibrator;.hasVibrator ()Z
W/dalvikvm( 4713): VFY: unable to resolve virtual method 73: Landroid/os/Vibrator;.hasAmplitudeControl ()Z
W/dalvikvm( 4713): VFY: unable to resolve virtual method 212: Lcom/crazyj36/apiplaygroundanysdk/MainActivity;.getActionBar ()Landroid/app/ActionBar;
E/dalvikvm( 4713): Could not find class 'android.app.NotificationChannel', referenced from method com.crazyj36.apiplaygroundanysdk.MainActivity.onCreate
W/dalvikvm( 4713): VFY: unable to resolve new-instance 9 (Landroid/app/NotificationChannel;) in Lcom/crazyj36/apiplaygroundanysdk/MainActivity;
W/dalvikvm( 4713): VFY: unable to resolve virtual method 206: Lcom/crazyj36/apiplaygroundanysdk/MainActivity;.checkSelfPermission (Ljava/lang/String;)I
W/ResourceType( 4713): Entry identifier 0x128 is larger than entry count 0xab
W/dalvikvm( 4713): threadid=1: thread exiting with uncaught exception (group=0x40019560)
E/AndroidRuntime( 4713): FATAL EXCEPTION: main
E/AndroidRuntime( 4713): java.lang.NoSuchMethodError: android.os.Vibrator.hasVibrator
E/AndroidRuntime( 4713): 	at com.crazyj36.apiplaygroundanysdk.MainActivity.vibratorInfo(MainActivity.java:764)
E/AndroidRuntime( 4713): 	at com.crazyj36.apiplaygroundanysdk.MainActivity.onCreate(MainActivity.java:117)
E/AndroidRuntime( 4713): 	at android.app.Instrumentation.callActivityOnCreate(Instrumentation.java:1047)
E/AndroidRuntime( 4713): 	at android.app.ActivityThread.performLaunchActivity(ActivityThread.java:1622)
E/AndroidRuntime( 4713): 	at android.app.ActivityThread.handleLaunchActivity(ActivityThread.java:1674)
E/AndroidRuntime( 4713): 	at android.app.ActivityThread.access$1500(ActivityThread.java:117)
E/AndroidRuntime( 4713): 	at android.app.ActivityThread$H.handleMessage(ActivityThread.java:942)
E/AndroidRuntime( 4713): 	at android.os.Handler.dispatchMessage(Handler.java:99)
E/AndroidRuntime( 4713): 	at android.os.Looper.loop(Looper.java:130)
E/AndroidRuntime( 4713): 	at android.app.ActivityThread.main(ActivityThread.java:3694)
E/AndroidRuntime( 4713): 	at java.lang.reflect.Method.invokeNative(Native Method)
E/AndroidRuntime( 4713): 	at java.lang.reflect.Method.invoke(Method.java:507)
E/AndroidRuntime( 4713): 	at com.android.internal.os.ZygoteInit$MethodAndArgsCaller.run(ZygoteInit.java:895)
E/AndroidRuntime( 4713): 	at com.android.internal.os.ZygoteInit.main(ZygoteInit.java:653)
E/AndroidRuntime( 4713): 	at dalvik.system.NativeStart.main(Native Method)
W/ActivityManager(  297):   Force finishing activity com.crazyj36.apiplaygroundanysdk/.MainActivity
