--------- beginning of /dev/log/main
V/SoundPool-JNI(  296): android_media_SoundPool_play
V/SoundPool(  296): play sampleID=1, leftVolume=0.007079, rightVolume=0.007079, priority=0, loop=0, rate=1.000000
V/SoundPool(  296): mState = 0 mChannelID=33, mNumChannels=1, mPos = 9600, mPriority=-1, mLoop=0
V/SoundPool(  296): mState = 0 mChannelID=32, mNumChannels=1, mPos = 9600, mPriority=-1, mLoop=0
V/SoundPool(  296): mState = 0 mChannelID=53, mNumChannels=1, mPos = 9600, mPriority=-1, mLoop=0
V/SoundPool(  296): mState = 0 mChannelID=0, mNumChannels=1, mPos = 0, mPriority=-1, mLoop=0
V/SoundPool(  296): Allocated active channel
V/SoundPool(  296): play channel 0x476870 state = 0
V/SoundPool(  296): SoundChannel::play 0x476870: sampleID=1, channelID=54, leftVolume=0.007079, rightVolume=0.007079, priority=0, loop=0, rate=1.000000
D/AudioTrack(  296): Request AudioFlinger to create track
D/AudioFlinger(  173): createTrack() lSessionId: 70
D/AudioFlinger(  173): Track constructor name 4099, calling thread 296
V/SoundPool(  296): setVolume 0x544380
D/AudioTrack(  296): start 0x544380
D/AudioFlinger(  173): start(4099), calling thread 296 session 70
E/AudioPolicyManager(  173): [EW0804]virtual android::status_t android::AudioPolicyManager::startOutput(android::audio_io_handle_t, android::AudioSystem::stream_type, int) start 56
V/AudioPolicyManager(  173): startOutput() output 1, stream 1
V/AudioPolicyManagerBase(  173): changeRefCount() stream 1, count 1
E/AudioPolicyManager(  173): [EW0804]virtual uint32_t android::AudioPolicyManager::getDeviceForStrategy(android::AudioPolicyManagerBase::routing_strategy, bool) start 64
V/AudioPolicyManager(  173): getDeviceForStrategy() from cache strategy 0, device 2
E/AudioPolicyManager(  173): [EW0804]virtual uint32_t android::AudioPolicyManager::getDeviceForStrategy(android::AudioPolicyManagerBase::routing_strategy, bool) end 64
V/AudioPolicyManagerBase(  173): getNewDevice() selected device 2
E/AudioPolicyManager(  173): [EW0804]void android::AudioPolicyManager::setOutputDevice(android::audio_io_handle_t, uint32_t, bool, int) start 112
V/AudioPolicyManager(  173): setOutputDevice() output 1 device 2 delayMs 0
E/AudioPolicyManager(  173): EASTAR 0 prevDevice =0x2 device = 0x2 force = 0
E/AudioPolicyManager(  173): [EW0804]void android::AudioPolicyManager::setOutputDevice(android::audio_io_handle_t, uint32_t, bool, int) end 112
V/AudioPolicyManager(  173): setOutputDevice() setting same device 2 or null device for output 1
V/AudioPolicyManager(  173): startOutput()...stream 1 , mStreams[stream].mIndexCur = 7, output 1
E/AudioPolicyManager(  173): [EW0804]virtual android::status_t android::AudioPolicyManager::checkAndSetVolume(int, int, android::audio_io_handle_t, uint32_t, int, bool) start 75
E/AudioPolicyManager(  173): [LGE]AudioPolicyManager::checkAndSetVolume : stream =1 index = 7
V/AudioPolicyManagerBase(  173): [LGE : device 2 Stream 1, VolIndex = 7 volmin =0 volmax =7
V/AudioPolicyManagerBase(  173): [LGE : volInt = 100 , Volume = 1.000000 Strategy = 0
V/AudioPolicyManagerBase(  173): [LGE : device 2 Stream 1
E/AudioPolicyManager(  173): [EW0804]virtual android::status_t android::AudioPolicyManager::checkAndSetVolume(int, int, android::audio_io_handle_t, uint32_t, int, bool) end 75
E/AudioPolicyManager(  173): [EW0804]virtual android::status_t android::AudioPolicyManager::startOutput(android::audio_io_handle_t, android::AudioSystem::stream_type, int) end 56
V/SoundPool(  296): delete oldTrack 0x539de0
D/AudioTrack(  296): stop 0x539de0
V/AudioPolicyManagerBase(  173): releaseOutput() 1
D/AudioFlinger(  173): remove track (4103) and delete from mixer
--------- beginning of /dev/log/system
I/ActivityManager(  296): Starting: Intent { act=android.intent.action.MAIN cat=[android.intent.category.LAUNCHER] flg=0x10200000 cmp=com.crazyj36.apiplaygroundanysdk/.MainActivity bnds=[122,387][238,527] } from pid 498
W/ResourceType(  296): Entry identifier 0x128 is larger than entry count 0xab
W/WindowManager(  296): [PhoneWindowManager.java:1099:addStartingWindow()] HistoryRecord{40aaabf8 com.crazyj36.apiplaygroundanysdk/.MainActivity} failed creating starting window
W/WindowManager(  296): java.lang.RuntimeException: Binary XML file line #25: You must supply a layout_height attribute.
W/WindowManager(  296): 	at android.content.res.TypedArray.getLayoutDimension(TypedArray.java:491)
W/WindowManager(  296): 	at android.view.ViewGroup$LayoutParams.setBaseAttributes(ViewGroup.java:3599)
W/WindowManager(  296): 	at android.view.ViewGroup$MarginLayoutParams.<init>(ViewGroup.java:3678)
W/WindowManager(  296): 	at android.widget.LinearLayout$LayoutParams.<init>(LinearLayout.java:1400)
W/WindowManager(  296): 	at android.widget.LinearLayout.generateLayoutParams(LinearLayout.java:1326)
W/WindowManager(  296): 	at android.widget.LinearLayout.generateLayoutParams(LinearLayout.java:47)
W/WindowManager(  296): 	at android.view.LayoutInflater.rInflate(LayoutInflater.java:625)
W/WindowManager(  296): 	at android.view.LayoutInflater.inflate(LayoutInflater.java:408)
W/WindowManager(  296): 	at android.view.LayoutInflater.inflate(LayoutInflater.java:320)
W/WindowManager(  296): 	at android.view.LayoutInflater.inflate(LayoutInflater.java:276)
W/WindowManager(  296): 	at com.android.internal.policy.impl.PhoneWindow.generateLayout(PhoneWindow.java:2290)
W/WindowManager(  296): 	at com.android.internal.policy.impl.PhoneWindow.installDecor(PhoneWindow.java:2345)
W/WindowManager(  296): 	at com.android.internal.policy.impl.PhoneWindow.getDecorView(PhoneWindow.java:1511)
W/WindowManager(  296): 	at com.android.internal.policy.impl.PhoneWindowManager.addStartingWindow(PhoneWindowManager.java:1070)
W/WindowManager(  296): 	at com.android.server.WindowManagerService$H.handleMessage(WindowManagerService.java:8347)
W/WindowManager(  296): 	at android.os.Handler.dispatchMessage(Handler.java:99)
W/WindowManager(  296): 	at android.os.Looper.loop(Looper.java:130)
W/WindowManager(  296): 	at com.android.server.WindowManagerService$WMThread.run(WindowManagerService.java:582)
D/Launcher.Workspace(  498): [Workspace.java:2036:hideWallpaper()] Show wallpaper
I/ActivityManager(  296): process name to start: com.crazyj36.apiplaygroundanysdk
E/ActivityManager(  296): heap conf. property name string trimmed: hs.com.crazyj36.apiplaygroundan
I/ActivityManager(  296): Start proc com.crazyj36.apiplaygroundanysdk for activity com.crazyj36.apiplaygroundanysdk/.MainActivity: pid=7051 uid=10001 gids={}
V/AudioHardwareMSM8660(  173): open driver
V/AudioHardwareMSM8660(  173): get config
V/AudioHardwareMSM8660(  173): set config
V/AudioHardwareMSM8660(  173): buffer_size: 4800
V/AudioHardwareMSM8660(  173): buffer_count: 2
V/AudioHardwareMSM8660(  173): channel_count: 2
V/AudioHardwareMSM8660(  173): sample_rate: 44100
D/AudioHardwareMSM8660(  173): write(): dec_id = 2 cur_rx = 22
V/AudioHardwareMSM8660(  173): cur_rx for pcm playback = 22
D/AudioHardwareMSM8660(  173): value of device and enable is 22 1 ALSA dev id:14
W/dalvikvm( 7051): VFY: unable to resolve virtual method 76: Lcom/crazyj36/apiplaygroundanysdk/MainActivity;.checkSelfPermission (Ljava/lang/String;)I
W/dalvikvm( 7051): VFY: unable to resolve virtual method 76: Lcom/crazyj36/apiplaygroundanysdk/MainActivity;.checkSelfPermission (Ljava/lang/String;)I
W/dalvikvm( 7051): VFY: unable to resolve virtual method 26: Landroid/os/Vibrator;.hasVibrator ()Z
W/dalvikvm( 7051): VFY: unable to resolve virtual method 26: Landroid/os/Vibrator;.hasVibrator ()Z
W/dalvikvm( 7051): VFY: unable to resolve virtual method 26: Landroid/os/Vibrator;.hasVibrator ()Z
W/dalvikvm( 7051): VFY: unable to resolve virtual method 26: Landroid/os/Vibrator;.hasVibrator ()Z
W/dalvikvm( 7051): VFY: unable to resolve virtual method 19: Landroid/content/res/Resources;.getColor (ILandroid/content/res/Resources$Theme;)I
W/ResourceType( 7051): Entry identifier 0x128 is larger than entry count 0xab
I/APIPLAYGROUNDLOG( 7051): [MainActivity.java:165:onCreate()] App Started
D/ACDB-LOADER(  173): ACDB -> send_audio_cal, acdb_id = 15, path =  0
D/ACDB-LOADER(  173): ACDB -> send_audtable
D/ACDB-LOADER(  173): ACDB -> ACDB_CMD_GET_AUDPROC_COMMON_TABLE
D/ACDB-LOADER(  173): ACDB -> AUDIO_SET_AUDPROC_CAL
D/ACDB-LOADER(  173): ACDB -> send_audvoltable
D/ACDB-LOADER(  173): ACDB -> ACDB_CMD_GET_AUDPROC_GAIN_DEP_VOLTBL_STEP_COPP
D/ACDB-LOADER(  173): ACDB -> AUDIO_SET_AUDPROC_VOL_CAL
D/AudioHardwareMSM8660(  173): addToTable stream 1
W/AudioFlinger(  173): write blocked for 103 msecs, 22 delayed writes, thread 0x25320
V/SoundPool(  296): process 0x476870 channel 54 EVENT_UNDERRUN
V/SoundPool(  296): awake
V/SoundPool(  296): Getting channel from stop list
V/SoundPool(  296): stop
D/AudioTrack(  296): stop 0x544380
D/AudioFlinger(  173): stop(4099), calling thread 296
E/AudioPolicyManager(  173): [EW0804]virtual android::status_t android::AudioPolicyManager::stopOutput(android::audio_io_handle_t, android::AudioSystem::stream_type, int) start 56
V/AudioPolicyManager(  173): stopOutput() output 1, stream 1
V/AudioPolicyManagerBase(  173): changeRefCount() stream 1, count 0
V/AudioPolicyManagerBase(  173): getNewDevice() selected device 0
E/AudioPolicyManager(  173): [EW0804]void android::AudioPolicyManager::setOutputDevice(android::audio_io_handle_t, uint32_t, bool, int) start 113
V/AudioPolicyManager(  173): setOutputDevice() output 1 device 0 delayMs 0
E/AudioPolicyManager(  173): EASTAR 0 prevDevice =0x2 device = 0x0 force = 0
E/AudioPolicyManager(  173): [EW0804]void android::AudioPolicyManager::setOutputDevice(android::audio_io_handle_t, uint32_t, bool, int) end 113
V/AudioPolicyManager(  173): setOutputDevice() setting same device 0 or null device for output 1
E/AudioPolicyManager(  173): [EW0804]virtual android::status_t android::AudioPolicyManager::stopOutput(android::audio_io_handle_t, android::AudioSystem::stream_type, int) end 56
V/SoundPool(  296): done_l(54)
V/SoundPool(  296): move to front
I/#LGIME  (  463): [Glog.java:35:i()] #### onStartInput restarting : false / inputType : 1
I/ActivityManager(  296): [ActivityRecord.java:444:windowsVisible()] Displayed com.crazyj36.apiplaygroundanysdk/.MainActivity: +506ms
V/SoundPool-JNI(  296): android_media_SoundPool_play
V/SoundPool(  296): play sampleID=1, leftVolume=0.007079, rightVolume=0.007079, priority=0, loop=0, rate=1.000000
V/SoundPool(  296): mState = 0 mChannelID=33, mNumChannels=1, mPos = 9600, mPriority=-1, mLoop=0
V/SoundPool(  296): mState = 0 mChannelID=32, mNumChannels=1, mPos = 9600, mPriority=-1, mLoop=0
V/SoundPool(  296): mState = 0 mChannelID=54, mNumChannels=1, mPos = 9600, mPriority=-1, mLoop=0
V/SoundPool(  296): mState = 0 mChannelID=0, mNumChannels=1, mPos = 0, mPriority=-1, mLoop=0
V/SoundPool(  296): Allocated active channel
V/SoundPool(  296): play channel 0x476870 state = 0
V/SoundPool(  296): SoundChannel::play 0x476870: sampleID=1, channelID=55, leftVolume=0.007079, rightVolume=0.007079, priority=0, loop=0, rate=1.000000
D/AudioTrack(  296): Request AudioFlinger to create track
D/AudioFlinger(  173): createTrack() lSessionId: 71
D/AudioFlinger(  173): Track constructor name 4103, calling thread 296
V/SoundPool(  296): setVolume 0x654428
D/AudioTrack(  296): start 0x654428
D/AudioFlinger(  173): start(4103), calling thread 296 session 71
E/AudioPolicyManager(  173): [EW0804]virtual android::status_t android::AudioPolicyManager::startOutput(android::audio_io_handle_t, android::AudioSystem::stream_type, int) start 57
V/AudioPolicyManager(  173): startOutput() output 1, stream 1
V/AudioPolicyManagerBase(  173): changeRefCount() stream 1, count 1
E/AudioPolicyManager(  173): [EW0804]virtual uint32_t android::AudioPolicyManager::getDeviceForStrategy(android::AudioPolicyManagerBase::routing_strategy, bool) start 65
V/AudioPolicyManager(  173): getDeviceForStrategy() from cache strategy 0, device 2
E/AudioPolicyManager(  173): [EW0804]virtual uint32_t android::AudioPolicyManager::getDeviceForStrategy(android::AudioPolicyManagerBase::routing_strategy, bool) end 65
V/AudioPolicyManagerBase(  173): getNewDevice() selected device 2
E/AudioPolicyManager(  173): [EW0804]void android::AudioPolicyManager::setOutputDevice(android::audio_io_handle_t, uint32_t, bool, int) start 114
V/AudioPolicyManager(  173): setOutputDevice() output 1 device 2 delayMs 0
E/AudioPolicyManager(  173): EASTAR 0 prevDevice =0x2 device = 0x2 force = 0
E/AudioPolicyManager(  173): [EW0804]void android::AudioPolicyManager::setOutputDevice(android::audio_io_handle_t, uint32_t, bool, int) end 114
V/AudioPolicyManager(  173): setOutputDevice() setting same device 2 or null device for output 1
V/AudioPolicyManager(  173): startOutput()...stream 1 , mStreams[stream].mIndexCur = 7, output 1
E/AudioPolicyManager(  173): [EW0804]virtual android::status_t android::AudioPolicyManager::checkAndSetVolume(int, int, android::audio_io_handle_t, uint32_t, int, bool) start 76
E/AudioPolicyManager(  173): [LGE]AudioPolicyManager::checkAndSetVolume : stream =1 index = 7
V/AudioPolicyManagerBase(  173): [LGE : device 2 Stream 1, VolIndex = 7 volmin =0 volmax =7
V/AudioPolicyManagerBase(  173): [LGE : volInt = 100 , Volume = 1.000000 Strategy = 0
V/AudioPolicyManagerBase(  173): [LGE : device 2 Stream 1
E/AudioPolicyManager(  173): [EW0804]virtual android::status_t android::AudioPolicyManager::checkAndSetVolume(int, int, android::audio_io_handle_t, uint32_t, int, bool) end 76
E/AudioPolicyManager(  173): [EW0804]virtual android::status_t android::AudioPolicyManager::startOutput(android::audio_io_handle_t, android::AudioSystem::stream_type, int) end 57
V/SoundPool(  296): delete oldTrack 0x544380
D/AudioTrack(  296): stop 0x544380
V/AudioPolicyManagerBase(  173): releaseOutput() 1
D/AudioFlinger(  173): remove track (4099) and delete from mixer
W/dalvikvm( 7051): threadid=1: thread exiting with uncaught exception (group=0x40019560)
I/ActivityManager(  296): Starting: Intent { cmp=com.crazyj36.apiplaygroundanysdk/.Main2Activity } from pid 7051
E/AndroidRuntime( 7051): FATAL EXCEPTION: main
E/AndroidRuntime( 7051): android.content.ActivityNotFoundException: Unable to find explicit activity class {com.crazyj36.apiplaygroundanysdk/com.crazyj36.apiplaygroundanysdk.Main2Activity}; have you declared this activity in your AndroidManifest.xml?
E/AndroidRuntime( 7051): 	at android.app.Instrumentation.checkStartActivityResult(Instrumentation.java:1405)
E/AndroidRuntime( 7051): 	at android.app.Instrumentation.execStartActivity(Instrumentation.java:1379)
E/AndroidRuntime( 7051): 	at android.app.Activity.startActivityForResult(Activity.java:2827)
E/AndroidRuntime( 7051): 	at android.app.Activity.startActivity(Activity.java:2933)
E/AndroidRuntime( 7051): 	at com.crazyj36.apiplaygroundanysdk.MainActivity$1.onClick(MainActivity.java:56)
E/AndroidRuntime( 7051): 	at android.view.View.performClick(View.java:2520)
E/AndroidRuntime( 7051): 	at android.view.View$PerformClick.run(View.java:9157)
E/AndroidRuntime( 7051): 	at android.os.Handler.handleCallback(Handler.java:587)
E/AndroidRuntime( 7051): 	at android.os.Handler.dispatchMessage(Handler.java:92)
E/AndroidRuntime( 7051): 	at android.os.Looper.loop(Looper.java:130)
E/AndroidRuntime( 7051): 	at android.app.ActivityThread.main(ActivityThread.java:3694)
E/AndroidRuntime( 7051): 	at java.lang.reflect.Method.invokeNative(Native Method)
E/AndroidRuntime( 7051): 	at java.lang.reflect.Method.invoke(Method.java:507)
E/AndroidRuntime( 7051): 	at com.android.internal.os.ZygoteInit$MethodAndArgsCaller.run(ZygoteInit.java:895)
E/AndroidRuntime( 7051): 	at com.android.internal.os.ZygoteInit.main(ZygoteInit.java:653)
E/AndroidRuntime( 7051): 	at dalvik.system.NativeStart.main(Native Method)
W/ActivityManager(  296):   Force finishing activity com.crazyj36.apiplaygroundanysdk/.MainActivity
V/SoundPool(  296): process 0x476870 channel 55 EVENT_UNDERRUN
V/SoundPool(  296): awake
V/SoundPool(  296): Getting channel from stop list
V/SoundPool(  296): stop
D/AudioTrack(  296): stop 0x654428
D/AudioFlinger(  173): stop(4103), calling thread 296
E/AudioPolicyManager(  173): [EW0804]virtual android::status_t android::AudioPolicyManager::stopOutput(android::audio_io_handle_t, android::AudioSystem::stream_type, int) start 57
V/AudioPolicyManager(  173): stopOutput() output 1, stream 1
V/AudioPolicyManagerBase(  173): changeRefCount() stream 1, count 0
V/AudioPolicyManagerBase(  173): getNewDevice() selected device 0
E/AudioPolicyManager(  173): [EW0804]void android::AudioPolicyManager::setOutputDevice(android::audio_io_handle_t, uint32_t, bool, int) start 115
V/AudioPolicyManager(  173): setOutputDevice() output 1 device 0 delayMs 0
E/AudioPolicyManager(  173): EASTAR 0 prevDevice =0x2 device = 0x0 force = 0
E/AudioPolicyManager(  173): [EW0804]void android::AudioPolicyManager::setOutputDevice(android::audio_io_handle_t, uint32_t, bool, int) end 115
V/AudioPolicyManager(  173): setOutputDevice() setting same device 0 or null device for output 1
E/AudioPolicyManager(  173): [EW0804]virtual android::status_t android::AudioPolicyManager::stopOutput(android::audio_io_handle_t, android::AudioSystem::stream_type, int) end 57
V/SoundPool(  296): done_l(55)
V/SoundPool(  296): move to front
W/ActivityManager(  296): Activity pause timeout for HistoryRecord{40aaabf8 com.crazyj36.apiplaygroundanysdk/.MainActivity}
D/Launcher.Workspace(  498): [Workspace.java:2036:hideWallpaper()] Show wallpaper
D/Launcher.Workspace(  498): [Workspace.java:2034:hideWallpaper()] Hide wallpaper
V/LGEmailProvider(  654): [LGEmailProvider.java:184:query()] EmailProvider.query: uri=content://com.lge.providers.lgemail/account, projection=[Ljava.lang.String;@4051f8c0, selection=null, match is 0
V/LGEmailProvider(  654): [LGEmailProvider.java:223:query()] 1 : TABLE_NAMES=EAccount
V/LGEmailProvider(  654): [LGEmailProvider.java:332:query()] EmailProvider.query result count=0
