10-22 02:52:40.703  1416  2739 D CompatibilityInfo: applicationScale - 1.0
10-22 02:52:40.713  1416  2800 D CompatibilityInfo: mCompatibilityFlags - 4
10-22 02:52:40.713  1416  2800 D CompatibilityInfo: applicationDensity - 337
10-22 02:52:40.713  1416  2800 D CompatibilityInfo: applicationScale - 1.0
10-22 02:52:40.723  1416 11150 E OpenGLRenderer: void android::uirenderer::renderthread::CanvasContext::setSurface(android::Surface *) to create EGLSurface Application Error: com.crazyj36.apiplaygroundanysdk
10-22 02:52:40.723  1416 11150 I Adreno  : QUALCOMM build                   : ead2395, I23cc4685e6
10-22 02:52:40.723  1416 11150 I Adreno  : Build Date                       : 04/11/17
10-22 02:52:40.723  1416 11150 I Adreno  : OpenGL ES Shader Compiler Version: XE031.09.00.04
10-22 02:52:40.723  1416 11150 I Adreno  : Local Branch                     : 
10-22 02:52:40.723  1416 11150 I Adreno  : Remote Branch                    : quic/gfx-adreno.lnx.1.0.r5-rel
10-22 02:52:40.723  1416 11150 I Adreno  : Remote Branch                    : NONE
10-22 02:52:40.723  1416 11150 I Adreno  : Reconstruct Branch               : NOTHING
10-22 02:52:40.733  1416 11150 I OpenGLRenderer: Initialized EGL, version 1.4
10-22 02:52:40.733  1416 11150 D OpenGLRenderer: Swap behavior 1
10-22 02:52:40.953  1845  1845 D systemUI_BatteryMeterDrawable: drawBattery level: 99....mLevel: 99
10-22 02:52:41.153  1416  1470 W ActivityManager: Activity pause timeout for ActivityRecord{7c9a552 u0 com.crazyj36.apiplaygroundanysdk/.MainActivity t16 f}
10-22 02:52:41.173  1416  7035 D WindowManager: [ZTE-SNS]rotationForOrientationLw(orient=5, last=0); user=0 USER_ROTATION_LOCKED
10-22 02:52:41.173  1416  7035 D WindowManager: [ZTE-SNS] sensorRotation = -1
10-22 02:52:41.173  1416  7035 D WindowManager: [SNS-WMS] updateRotationUncheckedLocked altOrientation = false
10-22 02:52:41.173  1416  7035 V WindowManager: [SNS-WMS] Selected orientation 5, got rotation 0 which has compatible metrics
10-22 02:52:41.213  1416  2776 I SurfaceControl: create Surface amirz.rootless.nexuslauncher/com.google.android.apps.nexuslauncher.NexusLauncherActivity
10-22 02:52:41.213  2579  6632 E OpenGLRenderer: void android::uirenderer::renderthread::CanvasContext::setSurface(android::Surface *) to create EGLSurface amirz.rootless.nexuslauncher/com.google.android.apps.nexuslauncher.NexusLauncherActivity
10-22 02:52:41.273   704   704 V QCNEA   : |CORE:COM| there are 1 file descriptor(s) with events pending
10-22 02:52:41.273   704   704 V QCNEA   : |CORE:COM| processing event number: 0, handling 1 for 30
10-22 02:52:41.273   704   704 V QCNEA   : |CORE:COM| file descriptor '30' is processing events [callback:0x7fa0218c6c, data:0x7f9f815640]
10-22 02:52:41.273   704   704 I QCNEA   : |CORE|  processCneEvent rv = 0, recordLen = 204
10-22 02:52:41.273   704   704 V QCNEA   : |CORE| ****Decoding**** 'REQUEST_UPDATE_WLAN_INFO' (2) [command 1417, count 1420], payload size 196
10-22 02:52:41.273   704   704 D QCNEA   : |CORE:COM| ****Decoding****: netType=1, subType=101, networkState=1, wifiState=3, ipAddr=192.168.0.8, ipAddrV6=2603:9000:8a00:9000:a1ee:46e0:8812:904c, iface=wlan0, ifaceV6=wlan0, timeStamp=2018-10-22 02:52:41.286, isAndroidValidated=true, nethdl=433808132830, rssi=-50, freqBand=2.4GHz, ssid=BHNTG1682G40E2, bssid=5c:8f:e0:f7:40:e0, dns1=209.18.47.61, dns2=75.114.81.1, dns3=0.0.0.0, dns4=0.0.0.0 
10-22 02:52:41.273   704   704 I QCNEA   : |CORE:SRM| SRM processCommand: Rcvd command, cmdType=2
10-22 02:52:41.273  2122  2122 D VendorTeleService: vendor:PhoneAppBroadcastReceiver onReceive: act=android.net.wifi.RSSI_CHANGED
10-22 02:52:41.273  2122  2122 D Telephony WFC: mReceiver: RSSI_CHANGED_ACTION
10-22 02:52:41.273  1416  1470 D CompatibilityInfo: mCompatibilityFlags - 4
10-22 02:52:41.273  1416  1470 D CompatibilityInfo: applicationDensity - 337
10-22 02:52:41.273  1416  1470 D CompatibilityInfo: applicationScale - 1.0
10-22 02:52:41.273   704   704 D QCNEA   : |CORE:SRM|  Wlan:putResourceToTable - type=1, state=1, rssi=-50, ssid=BHNTG1682G40E2, bssid=5c:8f:e0:f7:40:e0, freqBand = 2.4GHz, ipAddr=192.168.0.8, iface=wlan0, ipAddrV6=2603:9000:8a00:9000:a1ee:46e0:8812:904c, ifaceV6=wlan0, timeStamp=2018-10-22 02:52:41.286, netHdl=433808132830 DNS addrs= 209.18.47.61, 75.114.81.1, 0.0.0.0, 0.0.0.0validated =1, wifiState =3, index=0
10-22 02:52:41.273  1845  2168 D systemUI_WIPE_DATA_NetworkControllerImpl: onReceive , intent action: android.net.wifi.RSSI_CHANGED
10-22 02:52:41.273   704   704 I QCNEA   : |CORE:SRM| SRM processCommand: WlanInfo, type=1, state=1, rssi=-50, ssid=BHNTG1682G40E2, bssid=5c:8f:e0:f7:40:e0, ipAddr=192.168.0.8, iface=wlan0, ipAddrV6=2603:9000:8a00:9000:a1ee:46e0:8812:904c, ifaceV6=wlan0, timeStamp=2018-10-22 02:52:41.286, isAndroidValidated = true, freqBand = 2.4GHz, dnsAddrs = 209.18.47.61 , 75.114.81.1 , 0.0.0.0, 0.0.0.0
10-22 02:52:41.273   704   704 D QCNEA   : |CORE:SRM| Caching connected wlan event
10-22 02:52:41.273   704   704 D QCNEA   : |CORE:SRM|  Wlan:putResourceToTable - type=1, state=1, rssi=-50, ssid=BHNTG1682G40E2, bssid=5c:8f:e0:f7:40:e0, freqBand = 2.4GHz, ipAddr=192.168.0.8, iface=wlan0, ipAddrV6=2603:9000:8a00:9000:a1ee:46e0:8812:904c, ifaceV6=wlan0, timeStamp=2018-10-22 02:52:41.286, netHdl=433808132830 DNS addrs= 209.18.47.61, 75.114.81.1, 0.0.0.0, 0.0.0.0validated =1, wifiState =3, index=5
10-22 02:52:41.273   704   704 I QCNEA   : |CORE:SRM| SRM processCommand: RSSI/Link configuration/ipv4/ipv6/dns/nethdl/isAndroidValidated) has changed, dispatching SRM_SQI_CHANGE_EVENT.
10-22 02:52:41.273   704   704 I QCNEA   : |CORE:CAS| Network Change Event - network_type:1 subtype:1 status:1 ipaddr:192.168.0.8 iface:wlan0 ipaddrv6:2603:9000:8a00:9000:a1ee:46e0:8812:904c ifacev6:wlan0 bssid:5c:8f:e0:f7:40:e0
10-22 02:52:41.273   704   704 D QCNEA   : |CORE:CAS| Updating wlan cache
10-22 02:52:41.273   704   704 I QCNEA   : |CORE:CAS| processing network update on rat 1
10-22 02:52:41.273   704   704 D QCNEA   : |CORE:CAS| prev ip=192.168.0.8, new ip=192.168.0.8, inet_pton returns 1
10-22 02:52:41.273   704   704 D QCNEA   : |CORE:CAS| prev ipv6=2603:9000:8a00:9000:a1ee:46e0:8812:904c, new ipv6=2603:9000:8a00:9000:a1ee:46e0:8812:904c, inet_pton returns 1
10-22 02:52:41.273 12709 12709 D WifiCallingStatusControl: wfc---onReceive begin intent = android.net.wifi.RSSI_CHANGED
10-22 02:52:41.273   704   704 D QCNEA   : |CORE:CAS| src ssid strlen = 14
10-22 02:52:41.273   704   704 D QCNEA   : |CORE:CAS| ***** CneNetworkCache ***************************************
10-22 02:52:41.273   704   704 D QCNEA   : |CORE:CAS|         Network: net:1 type:1 
10-22 02:52:41.273   704   704 D QCNEA   : |CORE:CAS|          status: default:true dormant:false connected:true
10-22 02:52:41.273   704   704 D QCNEA   : |CORE:CAS|          update: netcfg:false
10-22 02:52:41.273   704   704 D QCNEA   : |CORE:CAS|             ip4: iface:wlan0  mtu:1500  addr:192.168.0.8
10-22 02:52:41.273   704   704 D QCNEA   : |CORE:CAS|             ip6: iface:wlan0  mtu:1500  addr:2603:9000:8a00:9000:a1ee:46e0:8812:904c
10-22 02:52:41.273   704   704 D QCNEA   : |CORE:CAS|          netHandle: 0
10-22 02:52:41.273   704   704 D QCNEA   : |CORE:CAS|          slot: 0
10-22 02:52:41.273   704   704 D QCNEA   : |CORE:CAS|          error: 0
10-22 02:52:41.273   704   704 D QCNEA   : |CORE:CAS|             bssid: 5c:8f:e0:f7:40:e0
10-22 02:52:41.273   704   704 D QCNEA   : |CORE:CAS|             ssid: BHNTG1682G40E2
10-22 02:52:41.273   704   704 D QCNEA   : |CORE:CAS|             dns: 209.18.47.61
10-22 02:52:41.273   704   704 D QCNEA   : |CORE:CAS|             dns: 75.114.81.1
10-22 02:52:41.273   704   704 D QCNEA   : |CORE:CAS|             dns: 0.0.0.0
10-22 02:52:41.273   704   704 D QCNEA   : |CORE:CAS|             dns: 0.0.0.0
10-22 02:52:41.273   704   704 D QCNEA   : |CORE:CAS| isAndroidValidated: 1
10-22 02:52:41.273   704   704 V QCNEA   : |CORE:CAS| processing network update on WLAN complete
10-22 02:52:41.273   704   704 I QCNEA   : |CORE:CAS| reporting net config update needed as false
10-22 02:52:41.273   704   704 I QCNEA   : |CORE:CAS| reporting net config update over qmi needed as false
10-22 02:52:41.273   704   704 I QCNEA   : |CORE|  processCneEvent rv = -1, recordLen = 204
10-22 02:52:41.273   704   704 V QCNEA   : |CORE:COM| waiting on events (-1ms)
10-22 02:52:41.283  1845  1845 D systemUI_PhoneStatusBarPolicyAdapt: WFC Status enabled false registered false wifi connected true
10-22 02:52:41.283 12709 12709 D WifiCallingStatusControl: readWifiCallPreferredMode = 1
10-22 02:52:41.283  1845  1845 D systemUI_SignalClusterViewAdapt: anyMobileVisibletrue airplanMode false ShowNoSim false
10-22 02:52:41.283  1845  1845 D systemUI_TmoSignalViewAdapt: Refresh signalClusterView com.android.systemui.statusbar.SignalClusterView{1b1b5c2 V.E...... ........ 5,4-97,46 #7f120236 app:id
10-22 02:52:41.283  1845  1845 D systemUI_TmoSignalViewAdapt: /signal_cluster}
10-22 02:52:41.283  1416  2775 I AppWidgetServiceImpl: startListening() 0
10-22 02:52:41.283 12709 12709 D WifiCallingStatusControl: getRssi() is -50, mIsWifiSignalWeak is false
10-22 02:52:41.283 12709 12709 D WifiCallingStatusControl: mIsWifiSwitchTurnOn =true, mWifiCallPreferred = 1, mWifiCallRegisterState = 2, mIsWifiCallAvailable = false
10-22 02:52:41.283 12709 12709 D WifiCallingStatusControl: mIsWifiCallSwitchTurnOn = false, mIsWifiConnected = true, mIsWifiSignalWeak = false, mIsWifiCallReady = false
10-22 02:52:41.283 12709 12709 I WifiCallingStatusControl: showWifiCallWizard = false
10-22 02:52:41.283 12709 12709 D WifiCallingStatusControl: WFC switch is off, setsummary disabled
10-22 02:52:41.293  2857  2857 D Typeface: fontPath: 
10-22 02:52:41.293  1845  1845 D systemUI_AloneDataView:  iswfc:false
10-22 02:52:41.293  1845  1845 D systemUI_AloneDataView: mIsMmsApnDataState: false isWFCState:false
10-22 02:52:41.293  1845  1845 D systemUI_AloneDataView: MakeAllAloneDataViewGone
10-22 02:52:41.293  1845  1845 D systemUI_SignalClusterViewAdapt: anyMobileVisibletrue airplanMode false ShowNoSim false
10-22 02:52:41.293  1845  1845 D systemUI_TmoSignalViewAdapt: Refresh signalClusterView com.android.systemui.statusbar.SignalClusterView{5da5710 V.E...... ......ID 5,4-97,46 #7f120236 app:id
10-22 02:52:41.293  1845  1845 D systemUI_TmoSignalViewAdapt: /signal_cluster}
10-22 02:52:41.293  1845  1845 D systemUI_AloneDataView:  iswfc:false
10-22 02:52:41.293  1845  1845 D systemUI_AloneDataView: mIsMmsApnDataState: false isWFCState:false
10-22 02:52:41.293  1845  1845 D systemUI_AloneDataView: MakeAllAloneDataViewGone
10-22 02:52:41.303  1416  2130 E ActivityManager: Sending non-protected broadcast com.android.wificall.READY from system 12709:com.android.settings/1000 pkg com.android.settings
10-22 02:52:41.303  1416  2130 E ActivityManager: java.lang.Throwable
10-22 02:52:41.303  1416  2130 E ActivityManager: 	at com.android.server.am.ActivityManagerService.checkBroadcastFromSystem(ActivityManagerService.java:19108)
10-22 02:52:41.303  1416  2130 E ActivityManager: 	at com.android.server.am.ActivityManagerService.broadcastIntentLocked(ActivityManagerService.java:19606)
10-22 02:52:41.303  1416  2130 E ActivityManager: 	at com.android.server.am.ActivityManagerService.broadcastIntent(ActivityManagerService.java:19792)
10-22 02:52:41.303  1416  2130 E ActivityManager: 	at android.app.ActivityManagerNative.onTransact(ActivityManagerNative.java:499)
10-22 02:52:41.303  1416  2130 E ActivityManager: 	at com.android.server.am.ActivityManagerService.onTransact(ActivityManagerService.java:3293)
10-22 02:52:41.303  1416  2130 E ActivityManager: 	at android.os.Binder.execTransact(Binder.java:565)
10-22 02:52:41.303  1416  2130 E ActivityManager: Sending non-protected broadcast com.android.wificall.READY from system 12709:com.android.settings/1000 pkg com.android.settings
10-22 02:52:41.303  1416  2130 E ActivityManager: java.lang.Throwable
10-22 02:52:41.303  1416  2130 E ActivityManager: 	at com.android.server.am.ActivityManagerService.checkBroadcastFromSystem(ActivityManagerService.java:19108)
10-22 02:52:41.303  1416  2130 E ActivityManager: 	at com.android.server.am.ActivityManagerService.broadcastIntentLocked(ActivityManagerService.java:19697)
10-22 02:52:41.303  1416  2130 E ActivityManager: 	at com.android.server.am.ActivityManagerService.broadcastIntent(ActivityManagerService.java:19792)
10-22 02:52:41.303  1416  2130 E ActivityManager: 	at android.app.ActivityManagerNative.onTransact(ActivityManagerNative.java:499)
10-22 02:52:41.303  1416  2130 E ActivityManager: 	at com.android.server.am.ActivityManagerService.onTransact(ActivityManagerService.java:3293)
10-22 02:52:41.303  1416  2130 E ActivityManager: 	at android.os.Binder.execTransact(Binder.java:565)
10-22 02:52:41.303  1845  1845 D systemUI_PhoneStatusBarPolicyAdapt: action
10-22 02:52:41.313  1416  2775 D CompatibilityInfo: mCompatibilityFlags - 4
10-22 02:52:41.313 12709 12709 D WifiCallingStatusControl: notifyWifiCallingReady callstate = 0
10-22 02:52:41.313 12709 12709 D WifiCallingStatusControl: wfc---cancelNotification IN
10-22 02:52:41.313  1416  2775 D CompatibilityInfo: applicationDensity - 337
10-22 02:52:41.313  1416  2775 D CompatibilityInfo: applicationScale - 1.0
10-22 02:52:41.313  1416  2776 I SurfaceControl: create Surface amirz.rootless.nexuslauncher/com.google.android.apps.nexuslauncher.NexusLauncherActivity
10-22 02:52:41.313  2857  6612 E OpenGLRenderer: void android::uirenderer::renderthread::CanvasContext::setSurface(android::Surface *) to create EGLSurface amirz.rootless.nexuslauncher/com.google.android.apps.nexuslauncher.NexusLauncherActivity
10-22 02:52:41.333  6505  6518 W BridgeImpl: callbacks {0=amirz.aidlbridge.BridgeCallback$Stub$Proxy@8c8eb3c, 1=amirz.aidlbridge.BridgeCallback$Stub$Proxy@500923f}
10-22 02:52:41.333  2579  2579 W SessionLifecycleManager: Handover failed. Creating new session controller.
10-22 02:52:41.363  1416  1426 I art     : Background partial concurrent mark sweep GC freed 95168(6MB) AllocSpace objects, 7(140KB) LOS objects, 33% free, 20MB/30MB, paused 2.314ms total 143.875ms
10-22 02:52:41.373  2579  2579 I StreamController: registerScope: nowcards-394b1b-73ee
10-22 02:52:41.443  2579  2579 W TemplatedStringEvaluato: Got templated string with no display string
10-22 02:52:41.443  2579  2579 I ClusterController: Found empty cluster, or no children successfully created.
10-22 02:52:41.463  1845  1845 D systemUI_BatteryMeterDrawable: drawBattery level: 99....mLevel: 99
10-22 02:52:41.483  2579 12156 I OptInChecker: Sidekick thinks 1 is Eligible = true
10-22 02:52:41.483  2579 12156 I OptInChecker: Sidekick thinks 2 is Eligible = true
10-22 02:52:41.483  2579 12156 I OptInChecker: Sidekick thinks 4 is Eligible = true
10-22 02:52:41.483  2579 12156 I OptInChecker: Sidekick thinks 5 is Eligible = true
10-22 02:52:41.483  2579 12156 I OptInChecker: Sidekick thinks 6 is Eligible = true
10-22 02:52:41.483  2579 12156 I OptInChecker: Sidekick thinks 7 is Eligible = true
10-22 02:52:41.483  2579 12156 I OptInChecker: Sidekick thinks 8 is Eligible = true
10-22 02:52:41.483  2579 12156 I OptInChecker: Sidekick thinks 9 is Eligible = true
10-22 02:52:41.483  2579 12156 I OptInChecker: Sidekick thinks 11 is Eligible = true
10-22 02:52:41.483  2579 12156 I OptInChecker: Sidekick thinks 12 is Eligible = true
10-22 02:52:41.483  2579 12156 I OptInChecker: UDC thinks - Setting = LOCATION_HISTORY_AND_REPORTING, Eligibility = ELIGIBLE
10-22 02:52:41.483  2579 12156 I OptInChecker: Using UDC cache for Setting: LOCATION_HISTORY_AND_REPORTING
10-22 02:52:41.483  2579 12156 I OptInChecker: UDC Setting = LOCATION_HISTORY_AND_REPORTING, optedIn = true
10-22 02:52:41.493  2579  2579 I MicroDetectionState: Keep running hotword in interactor process
10-22 02:52:41.513  1416  1799 W AlarmManager_ZTE_ALIGN: FLAG_STANDALONE and not in blocklist:NOT Align com.google.android.gms type is 2  flags 1 triggerAtTime= 4166488,  360000ms later , interval = 0,elapsednow = 3806488,currentTimenow = 1540191161528
10-22 02:52:41.523  1845  1845 E systemUI_SignalViewFactory: Failed to get adapt for 2
10-22 02:52:41.523  1845  1845 E systemUI_SignalViewFactory: Failed to get adapt for 2
10-22 02:52:41.523  1845  1845 E systemUI_SignalViewFactory: Failed to get adapt for 2
10-22 02:52:41.523  1845  1845 E systemUI_SignalViewFactory: Failed to get adapt for 2
10-22 02:52:41.523  1845  1845 E systemUI_SignalViewFactory: Failed to get adapt for 2
10-22 02:52:41.523  1845  1845 E systemUI_SignalViewFactory: Failed to get adapt for 2
10-22 02:52:41.523  1845  1845 E systemUI_SignalViewFactory: Failed to get adapt for 2
10-22 02:52:41.523  1845  1845 E systemUI_SignalViewFactory: Failed to get adapt for 2
10-22 02:52:41.523  1845  1845 E systemUI_SignalViewFactory: Failed to get adapt for 2
10-22 02:52:41.523  1845  1845 E systemUI_SignalViewFactory: Failed to get adapt for 2
10-22 02:52:41.523  1845  1845 E systemUI_SignalViewFactory: Failed to get adapt for 2
10-22 02:52:41.523  1845  1845 E systemUI_SignalViewFactory: Failed to get adapt for 2
10-22 02:52:41.523  1845  1845 E systemUI_SignalViewFactory: Failed to get adapt for 2
10-22 02:52:41.523  1845  1845 E systemUI_SignalViewFactory: Failed to get adapt for 2
10-22 02:52:41.543  1416  1470 I ActivityManager: Killing 10928:com.android.printspooler/u0a81 (adj 906): empty #9
10-22 02:52:41.553  1416  2803 D ActivityManager: cleanUpApplicationRecord -- 10928
10-22 02:52:41.633  1416  7035 D CompatibilityInfo: mCompatibilityFlags - 4
10-22 02:52:41.633  1416  7035 D CompatibilityInfo: applicationDensity - 337
10-22 02:52:41.633  1416  7035 D CompatibilityInfo: applicationScale - 1.0
10-22 02:52:41.703  2069 12753 E ctxmgr  : [ProducerStatusImpl]updateStateForNewContextData: inactive, contextName=7
10-22 02:52:41.723  1416  1458 D CompatibilityInfo: mCompatibilityFlags - 4
10-22 02:52:41.723  1416  1458 D CompatibilityInfo: applicationDensity - 337
10-22 02:52:41.723  1416  1458 D CompatibilityInfo: applicationScale - 1.0
10-22 02:52:41.753  2069  4559 I PlaceInferenceEngine: [anon] Changed inference mode: 0
10-22 02:52:41.753  1416  2802 W AlarmManager_ZTE_ALIGN: FLAG_STANDALONE and not in blocklist:NOT Align com.google.android.gms type is 2  flags 1 triggerAtTime= 7406707,  3599985ms later , interval = 0,elapsednow = 3806722,currentTimenow = 1540191161762
10-22 02:52:41.753  1416  2803 W AlarmManager_ZTE_ALIGN: FLAG_STANDALONE and not in blocklist:NOT Align com.google.android.gms type is 2  flags 1 triggerAtTime= 7406707,  3599982ms later , interval = 0,elapsednow = 3806725,currentTimenow = 1540191161765
10-22 02:52:41.763  1416  1457 W AlarmManager_ZTE_ALIGN: FLAG_STANDALONE and not in blocklist:NOT Align com.google.android.gms type is 2  flags 1 triggerAtTime= 7406708,  3599977ms later , interval = 0,elapsednow = 3806731,currentTimenow = 1540191161771
10-22 02:52:41.763  1416  6438 W AlarmManager_ZTE_ALIGN: FLAG_STANDALONE and not in blocklist:NOT Align com.google.android.gms type is 2  flags 1 triggerAtTime= 7406708,  3599972ms later , interval = 0,elapsednow = 3806736,currentTimenow = 1540191161775
10-22 02:52:41.813  1416  2140 D CompatibilityInfo: mCompatibilityFlags - 4
10-22 02:52:41.813  1416  2140 D CompatibilityInfo: applicationDensity - 337
10-22 02:52:41.813  1416  2140 D CompatibilityInfo: applicationScale - 1.0
10-22 02:52:41.823  2069  4559 I Places  : ?: PlacesBleScanner start() with priority 2
10-22 02:52:41.823  2069  4559 I PlaceInferenceEngine: [anon] Changed inference mode: 1
10-22 02:52:41.853  2857  6612 W OpenGLRenderer: Incorrectly called buildLayer on View: ShortcutAndWidgetContainer, destroying layer...
10-22 02:52:41.863  2069  4559 I Places  : Converted 0 out of 2 WiFi scans
10-22 02:52:41.873  2069  4559 I PlaceInferenceEngine: [anon] Changed inference mode: 1
10-22 02:52:41.883  2069 12618 I PlaceInferenceEngine: No beacon scan available - ignoring candidates.
10-22 02:52:41.893  2069  2069 I BeaconBle: Client requested scan, settings=BleSettings [scanMode=ZERO_POWER, callbackType=ALL_MATCHES, reportDelayMillis=0, 1 filters, 0 clients, callingClientName=Places]
10-22 02:52:41.913  2069  2069 I BeaconBle: ZERO_POWER is disabled.
10-22 02:52:41.913  2069  2069 I BeaconBle: 'L' hardware scan: scan stopped, no powered clients
10-22 02:52:41.923  1416  2890 D CompatibilityInfo: mCompatibilityFlags - 4
10-22 02:52:41.923  1416  2890 D CompatibilityInfo: applicationDensity - 337
10-22 02:52:41.923  1416  2890 D CompatibilityInfo: applicationScale - 1.0
10-22 02:52:41.973  1845  1845 D systemUI_BatteryMeterDrawable: drawBattery level: 99....mLevel: 99
10-22 02:52:42.483  1845  1845 D systemUI_BatteryMeterDrawable: drawBattery level: 99....mLevel: 99
10-22 02:52:42.493  1416  2800 E ActivityManager: Sending non-protected broadcast update-hint from system 2579:com.google.android.googlequicksearchbox:search/u0a50 pkg com.google.android.googlequicksearchbox
10-22 02:52:42.493  1416  2800 E ActivityManager: java.lang.Throwable
10-22 02:52:42.493  1416  2800 E ActivityManager: 	at com.android.server.am.ActivityManagerService.checkBroadcastFromSystem(ActivityManagerService.java:19108)
10-22 02:52:42.493  1416  2800 E ActivityManager: 	at com.android.server.am.ActivityManagerService.broadcastIntentLocked(ActivityManagerService.java:19697)
10-22 02:52:42.493  1416  2800 E ActivityManager: 	at com.android.server.am.ActivityManagerService.broadcastIntent(ActivityManagerService.java:19792)
10-22 02:52:42.493  1416  2800 E ActivityManager: 	at android.app.ActivityManagerNative.onTransact(ActivityManagerNative.java:499)
10-22 02:52:42.493  1416  2800 E ActivityManager: 	at com.android.server.am.ActivityManagerService.onTransact(ActivityManagerService.java:3293)
10-22 02:52:42.493  1416  2800 E ActivityManager: 	at android.os.Binder.execTransact(Binder.java:565)
10-22 02:52:42.503  1416  1470 D CompatibilityInfo: mCompatibilityFlags - 4
10-22 02:52:42.503  1416  1470 D CompatibilityInfo: applicationDensity - 337
10-22 02:52:42.503  1416  1470 D CompatibilityInfo: applicationScale - 1.0
10-22 02:52:42.513  1416  2739 I AppWidgetServiceImpl: getAppWidgetIds() 0
10-22 02:52:42.513  1416  2140 I AppWidgetServiceImpl: getAppWidgetOptions() 0
10-22 02:52:42.513  1416  2890 I AppWidgetServiceImpl: getAppWidgetOptions() 0
10-22 02:52:42.513  1416  2775 I AppWidgetServiceImpl: getAppWidgetOptions() 0
10-22 02:52:42.513  1845  1845 D systemUI_PhoneStatusBarPolicyAdapt: WFC Status enabled false registered false wifi connected true
10-22 02:52:42.523  1845  1845 D systemUI_SignalClusterViewAdapt: anyMobileVisibletrue airplanMode false ShowNoSim false
10-22 02:52:42.523  1845  1845 D systemUI_TmoSignalViewAdapt: Refresh signalClusterView com.android.systemui.statusbar.SignalClusterView{1b1b5c2 V.E...... ........ 46,4-138,46 #7f120236 app:
10-22 02:52:42.523  1845  1845 D systemUI_TmoSignalViewAdapt: id/signal_cluster}
10-22 02:52:42.523  1845  1845 D systemUI_AloneDataView:  iswfc:false
10-22 02:52:42.523  1845  1845 D systemUI_AloneDataView: mIsMmsApnDataState: false isWFCState:false
10-22 02:52:42.523  1845  1845 D systemUI_AloneDataView: MakeAllAloneDataViewGone
10-22 02:52:42.523  1845  1845 D systemUI_TmoSignalViewAdapt: GetWifiActivityIconId state.activityIntrue state.activityOutfalse
10-22 02:52:42.523  1845  1845 D systemUI_SignalClusterViewAdapt: anyMobileVisibletrue airplanMode false ShowNoSim false
10-22 02:52:42.523  1845  1845 D systemUI_TmoSignalViewAdapt: Refresh signalClusterView com.android.systemui.statusbar.SignalClusterView{5da5710 V.E...... ......ID 46,4-138,46 #7f120236 app:
10-22 02:52:42.523  1845  1845 D systemUI_TmoSignalViewAdapt: id/signal_cluster}
10-22 02:52:42.523  1845  1845 D systemUI_AloneDataView:  iswfc:false
10-22 02:52:42.523  1845  1845 D systemUI_AloneDataView: mIsMmsApnDataState: false isWFCState:false
10-22 02:52:42.523  1845  1845 D systemUI_AloneDataView: MakeAllAloneDataViewGone
10-22 02:52:42.533  1845  1845 D systemUI_TmoSignalViewAdapt: GetWifiActivityIconId state.activityIntrue state.activityOutfalse
10-22 02:52:42.533  1845  1845 E systemUI_SignalViewFactory: Failed to get adapt for 2
10-22 02:52:42.533  1845  1845 E systemUI_SignalViewFactory: Failed to get adapt for 2
10-22 02:52:42.533  1845  1845 E systemUI_SignalViewFactory: Failed to get adapt for 2
10-22 02:52:42.533  1845  1845 E systemUI_SignalViewFactory: Failed to get adapt for 2
10-22 02:52:42.533  1845  1845 E systemUI_SignalViewFactory: Failed to get adapt for 2
10-22 02:52:42.533  1845  1845 E systemUI_SignalViewFactory: Failed to get adapt for 2
10-22 02:52:42.533  1845  1845 E systemUI_SignalViewFactory: Failed to get adapt for 2
10-22 02:52:42.533  1845  1845 E systemUI_SignalViewFactory: Failed to get adapt for 2
10-22 02:52:42.533  1845  1845 E systemUI_SignalViewFactory: Failed to get adapt for 2
10-22 02:52:42.533  1845  1845 E systemUI_SignalViewFactory: Failed to get adapt for 2
10-22 02:52:42.533  1845  1845 E systemUI_SignalViewFactory: Failed to get adapt for 2
10-22 02:52:42.533  1845  1845 E systemUI_SignalViewFactory: Failed to get adapt for 2
10-22 02:52:42.533  1845  1845 E systemUI_SignalViewFactory: Failed to get adapt for 2
10-22 02:52:42.533  1845  1845 E systemUI_SignalViewFactory: Failed to get adapt for 2
10-22 02:52:42.573  1416  2802 I AppWidgetServiceImpl: partiallyUpdateAppWidgetIds() 0
10-22 02:52:42.583  1416  2774 I AppWidgetServiceImpl: getAppWidgetOptions() 0
10-22 02:52:42.603  1416  1458 I AppWidgetServiceImpl: partiallyUpdateAppWidgetIds() 0
