10-29 00:21:04.034   706   706 V QCNEA   : |CORE:CAS| processing network update on WLAN complete
10-29 00:21:04.034   706   706 I QCNEA   : |CORE:CAS| reporting net config update needed as false
10-29 00:21:04.034   706   706 I QCNEA   : |CORE:CAS| reporting net config update over qmi needed as false
10-29 00:21:04.034   706   706 I QCNEA   : |CORE|  processCneEvent rv = -1, recordLen = 204
10-29 00:21:04.034   706   706 V QCNEA   : |CORE:COM| waiting on events (-1ms)
10-29 00:21:04.034  1852  1852 D systemUI_PhoneStatusBarPolicyAdapt: WFC Status enabled false registered false wifi connected true
10-29 00:21:04.044  1838  1838 D WifiCallingStatusControl: wfc---onReceive begin intent = android.net.wifi.RSSI_CHANGED
10-29 00:21:04.044  1852  1852 D systemUI_SignalClusterViewAdapt: anyMobileVisibletrue airplanMode false ShowNoSim false
10-29 00:21:04.044  1852  1852 D systemUI_TmoSignalViewAdapt: Refresh signalClusterView com.android.systemui.statusbar.SignalClusterView{930d176 V.E...... ........ 46,4-137,45 #7f120236 app:
10-29 00:21:04.044  1852  1852 D systemUI_TmoSignalViewAdapt: id/signal_cluster}
10-29 00:21:04.044  1838  1838 D WifiCallingStatusControl: readWifiCallPreferredMode = 1
10-29 00:21:04.044  1852  1852 D systemUI_AloneDataView:  iswfc:false
10-29 00:21:04.044  1852  1852 D systemUI_AloneDataView: mIsMmsApnDataState: false isWFCState:false
10-29 00:21:04.044  1852  1852 D systemUI_AloneDataView: MakeAllAloneDataViewGone
10-29 00:21:04.044  1852  1852 D systemUI_SignalClusterViewAdapt: anyMobileVisibletrue airplanMode false ShowNoSim false
10-29 00:21:04.044  1852  1852 D systemUI_TmoSignalViewAdapt: Refresh signalClusterView com.android.systemui.statusbar.SignalClusterView{f8efbe4 V.E...... ......ID 46,4-137,45 #7f120236 app:
10-29 00:21:04.044  1852  1852 D systemUI_TmoSignalViewAdapt: id/signal_cluster}
10-29 00:21:04.044  1838  1838 D WifiCallingStatusControl: getRssi() is -44, mIsWifiSignalWeak is false
10-29 00:21:04.044  1838  1838 D WifiCallingStatusControl: mIsWifiSwitchTurnOn =true, mWifiCallPreferred = 1, mWifiCallRegisterState = 2, mIsWifiCallAvailable = false
10-29 00:21:04.044  1838  1838 D WifiCallingStatusControl: mIsWifiCallSwitchTurnOn = false, mIsWifiConnected = true, mIsWifiSignalWeak = false, mIsWifiCallReady = false
10-29 00:21:04.044  1838  1838 I WifiCallingStatusControl: showWifiCallWizard = false
10-29 00:21:04.044  1838  1838 D WifiCallingStatusControl: WFC switch is off, setsummary disabled
10-29 00:21:04.044  1852  1852 D systemUI_AloneDataView:  iswfc:false
10-29 00:21:04.044  1852  1852 D systemUI_AloneDataView: mIsMmsApnDataState: false isWFCState:false
10-29 00:21:04.044  1852  1852 D systemUI_AloneDataView: MakeAllAloneDataViewGone
10-29 00:21:04.064  1838  1838 E ZteWifiCallingSettings: savedSummary = Disabled
10-29 00:21:04.064  1838  1838 E ZteWifiCallingSettings: summary = Disabled
10-29 00:21:04.064  1401  2127 E ActivityManager: Sending non-protected broadcast com.android.wificall.READY from system 1838:com.android.settings/1000 pkg com.android.settings
10-29 00:21:04.064  1401  2127 E ActivityManager: java.lang.Throwable
10-29 00:21:04.064  1401  2127 E ActivityManager: 	at com.android.server.am.ActivityManagerService.checkBroadcastFromSystem(ActivityManagerService.java:19108)
10-29 00:21:04.064  1401  2127 E ActivityManager: 	at com.android.server.am.ActivityManagerService.broadcastIntentLocked(ActivityManagerService.java:19606)
10-29 00:21:04.064  1401  2127 E ActivityManager: 	at com.android.server.am.ActivityManagerService.broadcastIntent(ActivityManagerService.java:19792)
10-29 00:21:04.064  1401  2127 E ActivityManager: 	at android.app.ActivityManagerNative.onTransact(ActivityManagerNative.java:499)
10-29 00:21:04.064  1401  2127 E ActivityManager: 	at com.android.server.am.ActivityManagerService.onTransact(ActivityManagerService.java:3293)
10-29 00:21:04.064  1401  2127 E ActivityManager: 	at android.os.Binder.execTransact(Binder.java:565)
10-29 00:21:04.064  1401  2127 E ActivityManager: Sending non-protected broadcast com.android.wificall.READY from system 1838:com.android.settings/1000 pkg com.android.settings
10-29 00:21:04.064  1401  2127 E ActivityManager: java.lang.Throwable
10-29 00:21:04.064  1401  2127 E ActivityManager: 	at com.android.server.am.ActivityManagerService.checkBroadcastFromSystem(ActivityManagerService.java:19108)
10-29 00:21:04.064  1401  2127 E ActivityManager: 	at com.android.server.am.ActivityManagerService.broadcastIntentLocked(ActivityManagerService.java:19697)
10-29 00:21:04.064  1401  2127 E ActivityManager: 	at com.android.server.am.ActivityManagerService.broadcastIntent(ActivityManagerService.java:19792)
10-29 00:21:04.064  1401  2127 E ActivityManager: 	at android.app.ActivityManagerNative.onTransact(ActivityManagerNative.java:499)
10-29 00:21:04.064  1401  2127 E ActivityManager: 	at com.android.server.am.ActivityManagerService.onTransact(ActivityManagerService.java:3293)
10-29 00:21:04.064  1401  2127 E ActivityManager: 	at android.os.Binder.execTransact(Binder.java:565)
10-29 00:21:04.064  1852  1852 D systemUI_PhoneStatusBarPolicyAdapt: action
10-29 00:21:04.064  1838  1838 D WifiCallingStatusControl: notifyWifiCallingReady callstate = 0
10-29 00:21:04.064  1838  1838 D WifiCallingStatusControl: wfc---cancelNotification IN
10-29 00:21:04.114  1852  1852 D systemUI_BatteryMeterDrawable: drawBattery level: 100....mLevel: 100
10-29 00:21:04.464  1401  1466 W ActivityManager: Activity pause timeout for ActivityRecord{7674f9d u0 com.crazyj36.apiplaygroundanysdk/.MainActivity t11 f}
10-29 00:21:04.474  1401  1466 D WindowManager: [ZTE-SNS]rotationForOrientationLw(orient=5, last=0); user=0 USER_ROTATION_LOCKED
10-29 00:21:04.474  1401  1466 D WindowManager: [ZTE-SNS] sensorRotation = -1
10-29 00:21:04.474  1401  1466 D WindowManager: [SNS-WMS] updateRotationUncheckedLocked altOrientation = false
10-29 00:21:04.474  1401  1466 V WindowManager: [SNS-WMS] Selected orientation 5, got rotation 0 which has compatible metrics
10-29 00:21:04.484  1401  1466 I WindowManager: Failed to capture screenshot of Token{1acec12 ActivityRecord{7674f9d u0 com.crazyj36.apiplaygroundanysdk/.MainActivity t11 f}} appWin=Window{f9f5436 u0 Starting com.crazyj36.apiplaygroundanysdk} drawState=4
10-29 00:21:04.484  3008  6720 E OpenGLRenderer: void android::uirenderer::renderthread::CanvasContext::setSurface(android::Surface *) to create EGLSurface amirz.rootless.nexuslauncher/com.google.android.apps.nexuslauncher.NexusLauncherActivity
10-29 00:21:04.574  2770  6687 E OpenGLRenderer: void android::uirenderer::renderthread::CanvasContext::setSurface(android::Surface *) to create EGLSurface amirz.rootless.nexuslauncher/com.google.android.apps.nexuslauncher.NexusLauncherActivity
10-29 00:21:04.594  2770  2770 D Typeface: fontPath: 
10-29 00:21:04.614  3008  3008 I MicroDetectionState: Keep running hotword in interactor process
10-29 00:21:04.624  1852  1852 D systemUI_BatteryMeterDrawable: drawBattery level: 100....mLevel: 100
10-29 00:21:04.634  1401  2063 E LocSvc_eng: E/Calling gnss_sv_status_cb
10-29 00:21:04.634  1401  2063 V GnssLocationProvider: SV count: 28
10-29 00:21:04.634  1401  2063 V GnssLocationProvider: svid: 7 cn0: 2.6 elev: 28.0 azimuth: 305.0   AU
10-29 00:21:04.634  1401  2063 V GnssLocationProvider: svid: 8 cn0: 2.0700002 elev: 53.0 azimuth: 172.0   AU
10-29 00:21:04.634  1401  2063 V GnssLocationProvider: svid: 3 cn0: 0.0 elev: 0.0 azimuth: 0.0   A
10-29 00:21:04.634  1401  2063 V GnssLocationProvider: svid: 5 cn0: 0.0 elev: 0.0 azimuth: 0.0   A
10-29 00:21:04.634  1401  2063 V GnssLocationProvider: svid: 9 cn0: 0.0 elev: 54.0 azimuth: 274.0   A
10-29 00:21:04.634  1401  2063 V GnssLocationProvider: svid: 11 cn0: 0.0 elev: 3.0 azimuth: 180.0   A
10-29 00:21:04.634  1401  2063 V GnssLocationProvider: svid: 16 cn0: 0.0 elev: 43.0 azimuth: 43.0   A
10-29 00:21:04.634  1401  2063 V GnssLocationProvider: svid: 18 cn0: 0.0 elev: 0.0 azimuth: 0.0   A
10-29 00:21:04.634  1401  2063 V GnssLocationProvider: svid: 21 cn0: 0.0 elev: 4.0 azimuth: 46.0   A
10-29 00:21:04.634  1401  2063 V GnssLocationProvider: svid: 22 cn0: 0.0 elev: 0.0 azimuth: 0.0   A
10-29 00:21:04.634  1401  2063 V GnssLocationProvider: svid: 23 cn0: 0.0 elev: 57.0 azimuth: 222.0   A
10-29 00:21:04.634  1401  2063 V GnssLocationProvider: svid: 26 cn0: 0.0 elev: 19.0 azimuth: 59.0   A
10-29 00:21:04.634  1401  2063 V GnssLocationProvider: svid: 27 cn0: 0.0 elev: 66.0 azimuth: 104.0   A
10-29 00:21:04.634  1401  2063 V GnssLocationProvider: svid: 28 cn0: 0.0 elev: 0.0 azimuth: 0.0   A
10-29 00:21:04.634  1401  2063 V GnssLocationProvider: svid: 30 cn0: 0.0 elev: 0.0 azimuth: 0.0   A
10-29 00:21:04.634  1401  2063 V GnssLocationProvider: svid: 31 cn0: 0.0 elev: 0.0 azimuth: 0.0   A
10-29 00:21:04.634  1401  2063 V GnssLocationProvider: svid: 11 cn0: 2.24 elev: 48.0 azimuth: 329.0   A
10-29 00:21:04.634  1401  2063 V GnssLocationProvider: svid: 10 cn0: 0.0 elev: 39.0 azimuth: 54.0   A
10-29 00:21:04.634  1401  2063 V GnssLocationProvider: svid: 2 cn0: 0.0 elev: 18.0 azimuth: 322.0   A
10-29 00:21:04.634  1401  2063 V GnssLocationProvider: svid: 22 cn0: 0.0 elev: 0.0 azimuth: 0.0   A
10-29 00:21:04.634  1401  2063 V GnssLocationProvider: svid: 9 cn0: 0.0 elev: 2.0 azimuth: 85.0   A
10-29 00:21:04.634  1401  2063 V GnssLocationProvider: svid: 12 cn0: 0.0 elev: 14.0 azimuth: 292.0   A
10-29 00:21:04.634  1401  2063 V GnssLocationProvider: svid: 1 cn0: 0.0 elev: 33.0 azimuth: 255.0   A
10-29 00:21:04.634  1401  2063 V GnssLocationProvider: svid: 20 cn0: 0.0 elev: 38.0 azimuth: 60.0   A
10-29 00:21:04.634  1401  2063 V GnssLocationProvider: svid: 19 cn0: 0.0 elev: 2.0 azimuth: 16.0   A
10-29 00:21:04.634  1401  2063 V GnssLocationProvider: svid: 21 cn0: 0.0 elev: 37.0 azimuth: 136.0   A
10-29 00:21:04.634  1401  2063 V GnssLocationProvider: svid: 3 cn0: 0.0 elev: 0.0 azimuth: 0.0   A
10-29 00:21:04.634  1401  2063 V GnssLocationProvider: svid: 8 cn0: 0.0 elev: 15.0 azimuth: 209.0   A
10-29 00:21:04.694  1401  1466 I ActivityManager: Killing 9261:com.google.android.partnersetup/u0a23 (adj 906): empty #9
10-29 00:21:04.714  1401  1658 D ActivityManager: cleanUpApplicationRecord -- 9261
10-29 00:21:04.764  1401  1727 D ZtePowerManagerService: mButtonLightEnable = true,mButtonBrightness = 255,mButtonLightTimeout = 2000
10-29 00:21:04.764  1852  1872 D systemUI_KeyguardService$1: KeyguardServiceUserActivity
10-29 00:21:04.764  1401  1727 D ZtePowerManagerService:  Trun on the button and after 2000s,then turn off the button !
10-29 00:21:04.764  1852  1872 E systemUI_KeyguardViewMediator: mZteLastUserActivityTime = 2196516
10-29 00:21:04.774  1401  1490 I SurfaceControl: destroy Surface Starting com.crazyj36.apiplaygroundanysdk
10-29 00:21:04.784  1401  2720 W ActivityManager:   Force finishing activity com.crazyj36.apiplaygroundanysdk/.MainActivity
10-29 00:21:04.814  1401  2720 I ActivityManager: Killing 9484:com.crazyj36.apiplaygroundanysdk/u0a159 (adj 900): crash
10-29 00:21:04.814  1401  2720 D ActivityManager: cleanUpApplicationRecord -- 9484
10-29 00:21:04.814  1401  1490 W WindowManager: Failed looking up window
10-29 00:21:04.814  1401  1490 W WindowManager: java.lang.IllegalArgumentException: Requested window android.view.ViewRootImpl$W@7a771d1 does not exist
10-29 00:21:04.814  1401  1490 W WindowManager: 	at com.android.server.wm.WindowManagerService.windowForClientLocked(WindowManagerService.java:9714)
10-29 00:21:04.814  1401  1490 W WindowManager: 	at com.android.server.wm.WindowManagerService.windowForClientLocked(WindowManagerService.java:9705)
10-29 00:21:04.814  1401  1490 W WindowManager: 	at com.android.server.wm.WindowManagerService.removeWindow(WindowManagerService.java:2575)
10-29 00:21:04.814  1401  1490 W WindowManager: 	at com.android.server.wm.Session.remove(Session.java:206)
10-29 00:21:04.814  1401  1490 W WindowManager: 	at android.view.ViewRootImpl.dispatchDetachedFromWindow(ViewRootImpl.java:3760)
10-29 00:21:04.814  1401  1490 W WindowManager: 	at android.view.ViewRootImpl.doDie(ViewRootImpl.java:6447)
10-29 00:21:04.814  1401  1490 W WindowManager: 	at android.view.ViewRootImpl$ViewRootHandler.handleMessage(ViewRootImpl.java:4114)
10-29 00:21:04.814  1401  1490 W WindowManager: 	at android.os.Handler.dispatchMessage(Handler.java:102)
10-29 00:21:04.814  1401  1490 W WindowManager: 	at android.os.Looper.loop(Looper.java:163)
10-29 00:21:04.814  1401  1490 W WindowManager: 	at android.os.HandlerThread.run(HandlerThread.java:61)
10-29 00:21:04.814  1401  1490 W WindowManager: 	at com.android.server.ServiceThread.run(ServiceThread.java:46)
10-29 00:21:04.814  1401  2660 W InputMethodManagerService: Window already focused, ignoring focus gain of: com.android.internal.view.IInputMethodClient$Stub$Proxy@85eb81b attribute=null, token = android.os.BinderProxy@d47825d
10-29 00:21:04.914  1401  1490 I SurfaceControl: destroy Surface Application Error: com.crazyj36.apiplaygroundanysdk
10-29 00:21:04.914  1401  1490 W AppOps  : Finishing op nesting under-run: uid 1000 pkg android code 24 time=0 duration=0 nesting=0
10-29 00:21:04.994  1401  1438 E ActivityManager: Sending non-protected broadcast update-hint from system 3008:com.google.android.googlequicksearchbox:search/u0a50 pkg com.google.android.googlequicksearchbox
10-29 00:21:04.994  1401  1438 E ActivityManager: java.lang.Throwable
10-29 00:21:04.994  1401  1438 E ActivityManager: 	at com.android.server.am.ActivityManagerService.checkBroadcastFromSystem(ActivityManagerService.java:19108)
10-29 00:21:04.994  1401  1438 E ActivityManager: 	at com.android.server.am.ActivityManagerService.broadcastIntentLocked(ActivityManagerService.java:19697)
10-29 00:21:04.994  1401  1438 E ActivityManager: 	at com.android.server.am.ActivityManagerService.broadcastIntent(ActivityManagerService.java:19792)
10-29 00:21:04.994  1401  1438 E ActivityManager: 	at android.app.ActivityManagerNative.onTransact(ActivityManagerNative.java:499)
10-29 00:21:04.994  1401  1438 E ActivityManager: 	at com.android.server.am.ActivityManagerService.onTransact(ActivityManagerService.java:3293)
10-29 00:21:04.994  1401  1438 E ActivityManager: 	at android.os.Binder.execTransact(Binder.java:565)
10-29 00:21:04.994  1401  1466 D CompatibilityInfo: mCompatibilityFlags - 4
10-29 00:21:04.994  1401  1466 D CompatibilityInfo: applicationDensity - 332
10-29 00:21:04.994  1401  1466 D CompatibilityInfo: applicationScale - 1.0
10-29 00:21:05.094  2770  6687 W OpenGLRenderer: Incorrectly called buildLayer on View: ShortcutAndWidgetContainer, destroying layer...
10-29 00:21:05.124  1852  1852 D systemUI_BatteryMeterDrawable: drawBattery level: 100....mLevel: 100
10-29 00:21:05.214  1401  2628 D BatteryService: Processing new values: force=	falsechargerAcOnline=false, chargerUsbOnline=true, chargerWirelessOnline=false, maxChargingCurrent0, batteryStatus=5, batteryHealth=2, batteryPresent=true, batteryLevel=100, batteryTechnology=Li-ion, batteryVoltage=4234, batteryTemperature=275, mBatteryLevelCritical=false, mPlugType=2, mLastOemChargerTyp=-1, mOemChargerTyp=-1, mLast_Hvdcp_Status=false, mHvdcp_Status=false
10-29 00:21:05.214  1401  2628 I ZteBatteryService: ZteUpdateHotBroadCastLocked update
10-29 00:21:05.214  1401  2628 D ZteBatteryService: ZTESending Processing new Temperature values: highTempValue=45lowTempValue=43mNowTempValue=27mLastTempValue=27
10-29 00:21:05.214  1401  2628 I ZteBatteryService: ZteUpdateLightsLocked update
10-29 00:21:05.214  1401  2628 E ZteBatteryService: ZTE level= 100  status= 5  ZTE_TARGET_PRODUCT= P840T21_MPCS  mLedBlinkEnabled= true  mLedTimeEnabled= true  mLedBlinkEnabled_batchg= false  mLedBlinkEnabled_batlow= falseConfig.ZTE_FEATURE_MFV:false
10-29 00:21:05.214  1401  2628 D ZteBatteryService: HomeBreathing Mode.
10-29 00:21:05.214  1401  1401 I DeviceIdleController: becomeActiveLocked, reason = charging
10-29 00:21:05.214  1401  1738 D WifiController: battery changed pluggedType: 2
10-29 00:21:05.214  1852  1852 D KeyguardUpdateMonitor: received broadcast android.intent.action.BATTERY_CHANGED
10-29 00:21:05.214  2095  2147 W QCNEJ   : |CORE| CNE received unexpected action: android.intent.action.BATTERY_CHANGED
10-29 00:21:05.214  1852  1852 D KeyguardUpdateMonitor: handleBatteryUpdate
10-29 00:21:05.214  1401  2689 D BatteryService: Processing new values: force=	falsechargerAcOnline=false, chargerUsbOnline=true, chargerWirelessOnline=false, maxChargingCurrent0, batteryStatus=5, batteryHealth=2, batteryPresent=true, batteryLevel=100, batteryTechnology=Li-ion, batteryVoltage=4192, batteryTemperature=275, mBatteryLevelCritical=false, mPlugType=2, mLastOemChargerTyp=-1, mOemChargerTyp=-1, mLast_Hvdcp_Status=false, mHvdcp_Status=false
10-29 00:21:05.214  1401  2689 I ZteBatteryService: ZteUpdateHotBroadCastLocked update
10-29 00:21:05.214  1401  2689 D ZteBatteryService: ZTESending Processing new Temperature values: highTempValue=45lowTempValue=43mNowTempValue=27mLastTempValue=27
10-29 00:21:05.214  1401  2689 I ZteBatteryService: ZteUpdateLightsLocked update
10-29 00:21:05.214  1401  2689 E ZteBatteryService: ZTE level= 100  status= 5  ZTE_TARGET_PRODUCT= P840T21_MPCS  mLedBlinkEnabled= true  mLedTimeEnabled= true  mLedBlinkEnabled_batchg= false  mLedBlinkEnabled_batlow= falseConfig.ZTE_FEATURE_MFV:false
10-29 00:21:05.214  1401  2689 D ZteBatteryService: HomeBreathing Mode.
10-29 00:21:05.214  1401  1401 I DeviceIdleController: becomeActiveLocked, reason = charging
10-29 00:21:05.214  1401  1738 D WifiController: battery changed pluggedType: 2
10-29 00:21:05.214  2095  2147 W QCNEJ   : |CORE| CNE received unexpected action: android.intent.action.BATTERY_CHANGED
10-29 00:21:05.214  2124  2124 D TelephonyManager: getLine1Number getLine1NumberForSubscriber info!= null
10-29 00:21:05.224  2124  2124 D TelephonyManager: getLine1Number getLine1NumberForSubscriber info!= null
10-29 00:21:05.234   758   758 I cnss-daemon: RTM_NEWNEIGH message received: 28
10-29 00:21:05.234   758   758 E cnss-daemon: Stale or unreachable neighbors, ndm state: 16
10-29 00:21:05.234  1852  1852 D KeyguardUpdateMonitor: received broadcast android.intent.action.BATTERY_CHANGED
10-29 00:21:05.244  1852  1852 D systemUI_BatteryMeterDrawable: drawBattery level: 100....mLevel: 100
10-29 00:21:05.244  1852  1852 D KeyguardUpdateMonitor: handleBatteryUpdate
10-29 00:21:05.254   758   758 I cnss-daemon: RTM_NEWNEIGH message received: 28
10-29 00:21:05.254   758   758 I cnss-daemon: NDA_DST received: 192.168.0.1 ul: 562992919914688
10-29 00:21:05.254   758   758 I cnss-daemon: NDA_LLADDR received
