--------- beginning of main
10-22 02:52:34.733  1845  1845 D systemUI_BatteryMeterDrawable: drawBattery level: 99....mLevel: 99
10-22 02:52:35.133  1845  2168 D systemUI_WIPE_DATA_NetworkControllerImpl: onReceive , intent action: android.net.wifi.RSSI_CHANGED
10-22 02:52:35.133  2122  2122 D VendorTeleService: vendor:PhoneAppBroadcastReceiver onReceive: act=android.net.wifi.RSSI_CHANGED
10-22 02:52:35.133  2122  2122 D Telephony WFC: mReceiver: RSSI_CHANGED_ACTION
10-22 02:52:35.133  1845  1845 D systemUI_PhoneStatusBarPolicyAdapt: WFC Status enabled false registered false wifi connected true
10-22 02:52:35.133  1416  1470 D CompatibilityInfo: mCompatibilityFlags - 4
10-22 02:52:35.133  1416  1470 D CompatibilityInfo: applicationDensity - 337
10-22 02:52:35.133  1416  1470 D CompatibilityInfo: applicationScale - 1.0
10-22 02:52:35.133   704   704 V QCNEA   : |CORE:COM| there are 1 file descriptor(s) with events pending
10-22 02:52:35.133   704   704 V QCNEA   : |CORE:COM| processing event number: 0, handling 1 for 30
10-22 02:52:35.133   704   704 V QCNEA   : |CORE:COM| file descriptor '30' is processing events [callback:0x7fa0218c6c, data:0x7f9f815640]
10-22 02:52:35.133   704   704 I QCNEA   : |CORE|  processCneEvent rv = 0, recordLen = 204
10-22 02:52:35.133   704   704 V QCNEA   : |CORE| ****Decoding**** 'REQUEST_UPDATE_WLAN_INFO' (2) [command 1415, count 1418], payload size 196
10-22 02:52:35.133   704   704 D QCNEA   : |CORE:COM| ****Decoding****: netType=1, subType=101, networkState=1, wifiState=3, ipAddr=192.168.0.8, ipAddrV6=2603:9000:8a00:9000:a1ee:46e0:8812:904c, iface=wlan0, ifaceV6=wlan0, timeStamp=2018-10-22 02:52:35.142, isAndroidValidated=true, nethdl=433808132830, rssi=-53, freqBand=2.4GHz, ssid=BHNTG1682G40E2, bssid=5c:8f:e0:f7:40:e0, dns1=209.18.47.61, dns2=75.114.81.1, dns3=0.0.0.0, dns4=0.0.0.0 
10-22 02:52:35.133   704   704 I QCNEA   : |CORE:SRM| SRM processCommand: Rcvd command, cmdType=2
10-22 02:52:35.133   704   704 D QCNEA   : |CORE:SRM|  Wlan:putResourceToTable - type=1, state=1, rssi=-53, ssid=BHNTG1682G40E2, bssid=5c:8f:e0:f7:40:e0, freqBand = 2.4GHz, ipAddr=192.168.0.8, iface=wlan0, ipAddrV6=2603:9000:8a00:9000:a1ee:46e0:8812:904c, ifaceV6=wlan0, timeStamp=2018-10-22 02:52:35.142, netHdl=433808132830 DNS addrs= 209.18.47.61, 75.114.81.1, 0.0.0.0, 0.0.0.0validated =1, wifiState =3, index=8
10-22 02:52:35.133   704   704 I QCNEA   : |CORE:SRM| SRM processCommand: WlanInfo, type=1, state=1, rssi=-53, ssid=BHNTG1682G40E2, bssid=5c:8f:e0:f7:40:e0, ipAddr=192.168.0.8, iface=wlan0, ipAddrV6=2603:9000:8a00:9000:a1ee:46e0:8812:904c, ifaceV6=wlan0, timeStamp=2018-10-22 02:52:35.142, isAndroidValidated = true, freqBand = 2.4GHz, dnsAddrs = 209.18.47.61 , 75.114.81.1 , 0.0.0.0, 0.0.0.0
10-22 02:52:35.133   704   704 D QCNEA   : |CORE:SRM| Caching connected wlan event
10-22 02:52:35.133   704   704 D QCNEA   : |CORE:SRM|  Wlan:putResourceToTable - type=1, state=1, rssi=-53, ssid=BHNTG1682G40E2, bssid=5c:8f:e0:f7:40:e0, freqBand = 2.4GHz, ipAddr=192.168.0.8, iface=wlan0, ipAddrV6=2603:9000:8a00:9000:a1ee:46e0:8812:904c, ifaceV6=wlan0, timeStamp=2018-10-22 02:52:35.142, netHdl=433808132830 DNS addrs= 209.18.47.61, 75.114.81.1, 0.0.0.0, 0.0.0.0validated =1, wifiState =3, index=3
10-22 02:52:35.133   704   704 I QCNEA   : |CORE:SRM| SRM processCommand: RSSI/Link configuration/ipv4/ipv6/dns/nethdl/isAndroidValidated) has changed, dispatching SRM_SQI_CHANGE_EVENT.
10-22 02:52:35.133   704   704 I QCNEA   : |CORE:CAS| Network Change Event - network_type:1 subtype:1 status:1 ipaddr:192.168.0.8 iface:wlan0 ipaddrv6:2603:9000:8a00:9000:a1ee:46e0:8812:904c ifacev6:wlan0 bssid:5c:8f:e0:f7:40:e0
10-22 02:52:35.133   704   704 D QCNEA   : |CORE:CAS| Updating wlan cache
10-22 02:52:35.133   704   704 I QCNEA   : |CORE:CAS| processing network update on rat 1
10-22 02:52:35.133   704   704 D QCNEA   : |CORE:CAS| prev ip=192.168.0.8, new ip=192.168.0.8, inet_pton returns 1
10-22 02:52:35.133   704   704 D QCNEA   : |CORE:CAS| prev ipv6=2603:9000:8a00:9000:a1ee:46e0:8812:904c, new ipv6=2603:9000:8a00:9000:a1ee:46e0:8812:904c, inet_pton returns 1
10-22 02:52:35.133   704   704 D QCNEA   : |CORE:CAS| src ssid strlen = 14
10-22 02:52:35.133 12709 12709 D WifiCallingStatusControl: wfc---onReceive begin intent = android.net.wifi.RSSI_CHANGED
10-22 02:52:35.133   704   704 D QCNEA   : |CORE:CAS| ***** CneNetworkCache ***************************************
10-22 02:52:35.133   704   704 D QCNEA   : |CORE:CAS|         Network: net:1 type:1 
10-22 02:52:35.133   704   704 D QCNEA   : |CORE:CAS|          status: default:true dormant:false connected:true
10-22 02:52:35.133   704   704 D QCNEA   : |CORE:CAS|          update: netcfg:false
10-22 02:52:35.133   704   704 D QCNEA   : |CORE:CAS|             ip4: iface:wlan0  mtu:1500  addr:192.168.0.8
10-22 02:52:35.133   704   704 D QCNEA   : |CORE:CAS|             ip6: iface:wlan0  mtu:1500  addr:2603:9000:8a00:9000:a1ee:46e0:8812:904c
10-22 02:52:35.133   704   704 D QCNEA   : |CORE:CAS|          netHandle: 0
10-22 02:52:35.133   704   704 D QCNEA   : |CORE:CAS|          slot: 0
10-22 02:52:35.133   704   704 D QCNEA   : |CORE:CAS|          error: 0
10-22 02:52:35.133   704   704 D QCNEA   : |CORE:CAS|             bssid: 5c:8f:e0:f7:40:e0
10-22 02:52:35.133   704   704 D QCNEA   : |CORE:CAS|             ssid: BHNTG1682G40E2
10-22 02:52:35.133   704   704 D QCNEA   : |CORE:CAS|             dns: 209.18.47.61
10-22 02:52:35.133   704   704 D QCNEA   : |CORE:CAS|             dns: 75.114.81.1
10-22 02:52:35.133   704   704 D QCNEA   : |CORE:CAS|             dns: 0.0.0.0
10-22 02:52:35.133   704   704 D QCNEA   : |CORE:CAS|             dns: 0.0.0.0
10-22 02:52:35.133   704   704 D QCNEA   : |CORE:CAS| isAndroidValidated: 1
10-22 02:52:35.133   704   704 V QCNEA   : |CORE:CAS| processing network update on WLAN complete
10-22 02:52:35.133   704   704 I QCNEA   : |CORE:CAS| reporting net config update needed as false
10-22 02:52:35.133   704   704 I QCNEA   : |CORE:CAS| reporting net config update over qmi needed as false
10-22 02:52:35.133   704   704 I QCNEA   : |CORE|  processCneEvent rv = -1, recordLen = 204
10-22 02:52:35.133   704   704 V QCNEA   : |CORE:COM| waiting on events (-1ms)
10-22 02:52:35.133  1845  1845 D systemUI_SignalClusterViewAdapt: anyMobileVisibletrue airplanMode false ShowNoSim false
10-22 02:52:35.133  1845  1845 D systemUI_TmoSignalViewAdapt: Refresh signalClusterView com.android.systemui.statusbar.SignalClusterView{1b1b5c2 V.E...... ........ 5,4-97,46 #7f120236 app:id
10-22 02:52:35.133  1845  1845 D systemUI_TmoSignalViewAdapt: /signal_cluster}
10-22 02:52:35.133  1845  1845 D systemUI_AloneDataView:  iswfc:false
10-22 02:52:35.133  1845  1845 D systemUI_AloneDataView: mIsMmsApnDataState: false isWFCState:false
10-22 02:52:35.133  1845  1845 D systemUI_AloneDataView: MakeAllAloneDataViewGone
10-22 02:52:35.133  1845  1845 D systemUI_SignalClusterViewAdapt: anyMobileVisibletrue airplanMode false ShowNoSim false
10-22 02:52:35.133  1845  1845 D systemUI_TmoSignalViewAdapt: Refresh signalClusterView com.android.systemui.statusbar.SignalClusterView{5da5710 V.E...... ......ID 5,4-97,46 #7f120236 app:id
10-22 02:52:35.133  1845  1845 D systemUI_TmoSignalViewAdapt: /signal_cluster}
10-22 02:52:35.143 12709 12709 D WifiCallingStatusControl: readWifiCallPreferredMode = 1
10-22 02:52:35.143  1845  1845 D systemUI_AloneDataView:  iswfc:false
10-22 02:52:35.143  1845  1845 D systemUI_AloneDataView: mIsMmsApnDataState: false isWFCState:false
10-22 02:52:35.143  1845  1845 D systemUI_AloneDataView: MakeAllAloneDataViewGone
10-22 02:52:35.143 12709 12709 D WifiCallingStatusControl: getRssi() is -53, mIsWifiSignalWeak is false
10-22 02:52:35.143 12709 12709 D WifiCallingStatusControl: mIsWifiSwitchTurnOn =true, mWifiCallPreferred = 1, mWifiCallRegisterState = 2, mIsWifiCallAvailable = false
10-22 02:52:35.143 12709 12709 D WifiCallingStatusControl: mIsWifiCallSwitchTurnOn = false, mIsWifiConnected = true, mIsWifiSignalWeak = false, mIsWifiCallReady = false
10-22 02:52:35.143 12709 12709 I WifiCallingStatusControl: showWifiCallWizard = false
10-22 02:52:35.143 12709 12709 D WifiCallingStatusControl: WFC switch is off, setsummary disabled
10-22 02:52:35.153  1416  2802 E ActivityManager: Sending non-protected broadcast com.android.wificall.READY from system 12709:com.android.settings/1000 pkg com.android.settings
10-22 02:52:35.153  1416  2802 E ActivityManager: java.lang.Throwable
10-22 02:52:35.153  1416  2802 E ActivityManager: 	at com.android.server.am.ActivityManagerService.checkBroadcastFromSystem(ActivityManagerService.java:19108)
10-22 02:52:35.153  1416  2802 E ActivityManager: 	at com.android.server.am.ActivityManagerService.broadcastIntentLocked(ActivityManagerService.java:19606)
10-22 02:52:35.153  1416  2802 E ActivityManager: 	at com.android.server.am.ActivityManagerService.broadcastIntent(ActivityManagerService.java:19792)
10-22 02:52:35.153  1416  2802 E ActivityManager: 	at android.app.ActivityManagerNative.onTransact(ActivityManagerNative.java:499)
10-22 02:52:35.153  1416  2802 E ActivityManager: 	at com.android.server.am.ActivityManagerService.onTransact(ActivityManagerService.java:3293)
10-22 02:52:35.153  1416  2802 E ActivityManager: 	at android.os.Binder.execTransact(Binder.java:565)
10-22 02:52:35.163  1416  2802 E ActivityManager: Sending non-protected broadcast com.android.wificall.READY from system 12709:com.android.settings/1000 pkg com.android.settings
10-22 02:52:35.163  1416  2802 E ActivityManager: java.lang.Throwable
10-22 02:52:35.163  1416  2802 E ActivityManager: 	at com.android.server.am.ActivityManagerService.checkBroadcastFromSystem(ActivityManagerService.java:19108)
10-22 02:52:35.163  1416  2802 E ActivityManager: 	at com.android.server.am.ActivityManagerService.broadcastIntentLocked(ActivityManagerService.java:19697)
10-22 02:52:35.163  1416  2802 E ActivityManager: 	at com.android.server.am.ActivityManagerService.broadcastIntent(ActivityManagerService.java:19792)
10-22 02:52:35.163  1416  2802 E ActivityManager: 	at android.app.ActivityManagerNative.onTransact(ActivityManagerNative.java:499)
10-22 02:52:35.163  1416  2802 E ActivityManager: 	at com.android.server.am.ActivityManagerService.onTransact(ActivityManagerService.java:3293)
10-22 02:52:35.163  1416  2802 E ActivityManager: 	at android.os.Binder.execTransact(Binder.java:565)
10-22 02:52:35.173  1845  1845 D systemUI_PhoneStatusBarPolicyAdapt: action
10-22 02:52:35.173 12709 12709 D WifiCallingStatusControl: notifyWifiCallingReady callstate = 0
10-22 02:52:35.173 12709 12709 D WifiCallingStatusControl: wfc---cancelNotification IN
10-22 02:52:35.173  1416  6438 D CompatibilityInfo: mCompatibilityFlags - 4
10-22 02:52:35.173  1416  6438 D CompatibilityInfo: applicationDensity - 337
10-22 02:52:35.173  1416  6438 D CompatibilityInfo: applicationScale - 1.0
10-22 02:52:35.183  1416  2734 D CompatibilityInfo: mCompatibilityFlags - 4
10-22 02:52:35.183  1416  2734 D CompatibilityInfo: applicationDensity - 337
10-22 02:52:35.183  1416  2734 D CompatibilityInfo: applicationScale - 1.0
10-22 02:52:35.183  1416  2130 D CompatibilityInfo: mCompatibilityFlags - 4
10-22 02:52:35.183  1416  2130 D CompatibilityInfo: applicationDensity - 337
10-22 02:52:35.183  1416  2130 D CompatibilityInfo: applicationScale - 1.0
10-22 02:52:35.193  1416  2775 D CompatibilityInfo: mCompatibilityFlags - 4
10-22 02:52:35.193  1416  2775 D CompatibilityInfo: applicationDensity - 337
10-22 02:52:35.193  1416  2775 D CompatibilityInfo: applicationScale - 1.0
10-22 02:52:35.203  1416  2775 D CompatibilityInfo: mCompatibilityFlags - 4
10-22 02:52:35.203  1416  2775 D CompatibilityInfo: applicationDensity - 337
10-22 02:52:35.203  1416  2775 D CompatibilityInfo: applicationScale - 1.0
10-22 02:52:35.203  1416  2130 D CompatibilityInfo: mCompatibilityFlags - 4
10-22 02:52:35.203  1416  2130 D CompatibilityInfo: applicationDensity - 337
10-22 02:52:35.203  1416  2130 D CompatibilityInfo: applicationScale - 1.0
10-22 02:52:35.203  1416  2803 D CompatibilityInfo: mCompatibilityFlags - 4
10-22 02:52:35.203  1416  2803 D CompatibilityInfo: applicationDensity - 337
10-22 02:52:35.203  1416  2803 D CompatibilityInfo: applicationScale - 1.0
10-22 02:52:35.213  1416  6438 D CompatibilityInfo: mCompatibilityFlags - 4
10-22 02:52:35.213  1416  6438 D CompatibilityInfo: applicationDensity - 337
10-22 02:52:35.213  1416  6438 D CompatibilityInfo: applicationScale - 1.0
10-22 02:52:35.213  1416  2775 D CompatibilityInfo: mCompatibilityFlags - 4
10-22 02:52:35.213  1416  2775 D CompatibilityInfo: applicationDensity - 337
10-22 02:52:35.213  1416  2775 D CompatibilityInfo: applicationScale - 1.0
10-22 02:52:35.223  1416  2124 D CompatibilityInfo: mCompatibilityFlags - 4
10-22 02:52:35.223  1416  2124 D CompatibilityInfo: applicationDensity - 337
10-22 02:52:35.223  1416  2124 D CompatibilityInfo: applicationScale - 1.0
10-22 02:52:35.253  1845  1845 D systemUI_BatteryMeterDrawable: drawBattery level: 99....mLevel: 99
10-22 02:52:35.773  1845  1845 D systemUI_BatteryMeterDrawable: drawBattery level: 99....mLevel: 99
10-22 02:52:36.293  1845  1845 D systemUI_BatteryMeterDrawable: drawBattery level: 99....mLevel: 99
10-22 02:52:36.503  1845  1845 D systemUI_PhoneStatusBarPolicyAdapt: WFC Status enabled false registered false wifi connected true
10-22 02:52:36.503  1845  1845 D systemUI_SignalClusterViewAdapt: anyMobileVisibletrue airplanMode false ShowNoSim false
10-22 02:52:36.503  1845  1845 D systemUI_TmoSignalViewAdapt: Refresh signalClusterView com.android.systemui.statusbar.SignalClusterView{1b1b5c2 V.E...... ........ 5,4-97,46 #7f120236 app:id
10-22 02:52:36.503  1845  1845 D systemUI_TmoSignalViewAdapt: /signal_cluster}
10-22 02:52:36.513  1845  1845 D systemUI_AloneDataView:  iswfc:false
10-22 02:52:36.513  1845  1845 D systemUI_AloneDataView: mIsMmsApnDataState: false isWFCState:false
10-22 02:52:36.513  1845  1845 D systemUI_AloneDataView: MakeAllAloneDataViewGone
10-22 02:52:36.513  1845  1845 D systemUI_TmoSignalViewAdapt: GetWifiActivityIconId state.activityIntrue state.activityOutfalse
10-22 02:52:36.513  1845  1845 D systemUI_SignalClusterViewAdapt: anyMobileVisibletrue airplanMode false ShowNoSim false
10-22 02:52:36.513  1845  1845 D systemUI_TmoSignalViewAdapt: Refresh signalClusterView com.android.systemui.statusbar.SignalClusterView{5da5710 V.E...... ......ID 5,4-97,46 #7f120236 app:id
10-22 02:52:36.513  1845  1845 D systemUI_TmoSignalViewAdapt: /signal_cluster}
10-22 02:52:36.513  1845  1845 D systemUI_AloneDataView:  iswfc:false
10-22 02:52:36.513  1845  1845 D systemUI_AloneDataView: mIsMmsApnDataState: false isWFCState:false
10-22 02:52:36.513  1845  1845 D systemUI_AloneDataView: MakeAllAloneDataViewGone
10-22 02:52:36.513  1845  1845 D systemUI_TmoSignalViewAdapt: GetWifiActivityIconId state.activityIntrue state.activityOutfalse
10-22 02:52:36.523  1845  1845 E systemUI_SignalViewFactory: Failed to get adapt for 2
10-22 02:52:36.523  1845  1845 E systemUI_SignalViewFactory: Failed to get adapt for 2
10-22 02:52:36.523  1845  1845 E systemUI_SignalViewFactory: Failed to get adapt for 2
10-22 02:52:36.523  1845  1845 E systemUI_SignalViewFactory: Failed to get adapt for 2
10-22 02:52:36.523  1845  1845 E systemUI_SignalViewFactory: Failed to get adapt for 2
10-22 02:52:36.523  1845  1845 E systemUI_SignalViewFactory: Failed to get adapt for 2
10-22 02:52:36.523  1845  1845 E systemUI_SignalViewFactory: Failed to get adapt for 2
10-22 02:52:36.523  1845  1845 E systemUI_SignalViewFactory: Failed to get adapt for 2
10-22 02:52:36.523  1845  1845 E systemUI_SignalViewFactory: Failed to get adapt for 2
10-22 02:52:36.523  1845  1845 E systemUI_SignalViewFactory: Failed to get adapt for 2
10-22 02:52:36.523  1845  1845 E systemUI_SignalViewFactory: Failed to get adapt for 2
10-22 02:52:36.523  1845  1845 E systemUI_SignalViewFactory: Failed to get adapt for 2
10-22 02:52:36.523  1845  1845 E systemUI_SignalViewFactory: Failed to get adapt for 2
10-22 02:52:36.523  1845  1845 E systemUI_SignalViewFactory: Failed to get adapt for 2
10-22 02:52:36.803  1845  1845 D systemUI_BatteryMeterDrawable: drawBattery level: 99....mLevel: 99
10-22 02:52:37.323  1845  1845 D systemUI_BatteryMeterDrawable: drawBattery level: 99....mLevel: 99
10-22 02:52:37.513  1845  1845 D systemUI_PhoneStatusBarPolicyAdapt: WFC Status enabled false registered false wifi connected true
10-22 02:52:37.513  1845  1845 D systemUI_SignalClusterViewAdapt: anyMobileVisibletrue airplanMode false ShowNoSim false
10-22 02:52:37.513  1845  1845 D systemUI_TmoSignalViewAdapt: Refresh signalClusterView com.android.systemui.statusbar.SignalClusterView{1b1b5c2 V.E...... ........ 5,4-97,46 #7f120236 app:id
10-22 02:52:37.513  1845  1845 D systemUI_TmoSignalViewAdapt: /signal_cluster}
10-22 02:52:37.513  1845  1845 D systemUI_AloneDataView:  iswfc:false
10-22 02:52:37.513  1845  1845 D systemUI_AloneDataView: mIsMmsApnDataState: false isWFCState:false
10-22 02:52:37.513  1845  1845 D systemUI_AloneDataView: MakeAllAloneDataViewGone
10-22 02:52:37.513  1845  1845 D systemUI_SignalClusterViewAdapt: anyMobileVisibletrue airplanMode false ShowNoSim false
10-22 02:52:37.513  1845  1845 D systemUI_TmoSignalViewAdapt: Refresh signalClusterView com.android.systemui.statusbar.SignalClusterView{5da5710 V.E...... ......ID 5,4-97,46 #7f120236 app:id
10-22 02:52:37.513  1845  1845 D systemUI_TmoSignalViewAdapt: /signal_cluster}
10-22 02:52:37.513  1845  1845 D systemUI_AloneDataView:  iswfc:false
10-22 02:52:37.513  1845  1845 D systemUI_AloneDataView: mIsMmsApnDataState: false isWFCState:false
10-22 02:52:37.513  1845  1845 D systemUI_AloneDataView: MakeAllAloneDataViewGone
10-22 02:52:37.523  1845  1845 E systemUI_SignalViewFactory: Failed to get adapt for 2
10-22 02:52:37.523  1845  1845 E systemUI_SignalViewFactory: Failed to get adapt for 2
10-22 02:52:37.523  1845  1845 E systemUI_SignalViewFactory: Failed to get adapt for 2
10-22 02:52:37.523  1845  1845 E systemUI_SignalViewFactory: Failed to get adapt for 2
10-22 02:52:37.523  1845  1845 E systemUI_SignalViewFactory: Failed to get adapt for 2
10-22 02:52:37.523  1845  1845 E systemUI_SignalViewFactory: Failed to get adapt for 2
10-22 02:52:37.523  1845  1845 E systemUI_SignalViewFactory: Failed to get adapt for 2
10-22 02:52:37.523  1845  1845 E systemUI_SignalViewFactory: Failed to get adapt for 2
10-22 02:52:37.523  1845  1845 E systemUI_SignalViewFactory: Failed to get adapt for 2
10-22 02:52:37.523  1845  1845 E systemUI_SignalViewFactory: Failed to get adapt for 2
10-22 02:52:37.523  1845  1845 E systemUI_SignalViewFactory: Failed to get adapt for 2
10-22 02:52:37.523  1845  1845 E systemUI_SignalViewFactory: Failed to get adapt for 2
10-22 02:52:37.523  1845  1845 E systemUI_SignalViewFactory: Failed to get adapt for 2
10-22 02:52:37.523  1845  1845 E systemUI_SignalViewFactory: Failed to get adapt for 2
10-22 02:52:37.843  1845  1845 D systemUI_BatteryMeterDrawable: drawBattery level: 99....mLevel: 99
10-22 02:52:38.153  2122  2122 D VendorTeleService: vendor:PhoneAppBroadcastReceiver onReceive: act=android.net.wifi.RSSI_CHANGED
10-22 02:52:38.153  2122  2122 D Telephony WFC: mReceiver: RSSI_CHANGED_ACTION
10-22 02:52:38.153  1845  2168 D systemUI_WIPE_DATA_NetworkControllerImpl: onReceive , intent action: android.net.wifi.RSSI_CHANGED
10-22 02:52:38.153  1845  1845 D systemUI_PhoneStatusBarPolicyAdapt: WFC Status enabled false registered false wifi connected true
10-22 02:52:38.153   704   704 V QCNEA   : |CORE:COM| there are 1 file descriptor(s) with events pending
10-22 02:52:38.153   704   704 V QCNEA   : |CORE:COM| processing event number: 0, handling 1 for 30
10-22 02:52:38.153   704   704 V QCNEA   : |CORE:COM| file descriptor '30' is processing events [callback:0x7fa0218c6c, data:0x7f9f815640]
10-22 02:52:38.153   704   704 I QCNEA   : |CORE|  processCneEvent rv = 0, recordLen = 204
10-22 02:52:38.153   704   704 V QCNEA   : |CORE| ****Decoding**** 'REQUEST_UPDATE_WLAN_INFO' (2) [command 1416, count 1419], payload size 196
10-22 02:52:38.153   704   704 D QCNEA   : |CORE:COM| ****Decoding****: netType=1, subType=101, networkState=1, wifiState=3, ipAddr=192.168.0.8, ipAddrV6=2603:9000:8a00:9000:a1ee:46e0:8812:904c, iface=wlan0, ifaceV6=wlan0, timeStamp=2018-10-22 02:52:38.163, isAndroidValidated=true, nethdl=433808132830, rssi=-52, freqBand=2.4GHz, ssid=BHNTG1682G40E2, bssid=5c:8f:e0:f7:40:e0, dns1=209.18.47.61, dns2=75.114.81.1, dns3=0.0.0.0, dns4=0.0.0.0 
10-22 02:52:38.153   704   704 I QCNEA   : |CORE:SRM| SRM processCommand: Rcvd command, cmdType=2
10-22 02:52:38.153   704   704 D QCNEA   : |CORE:SRM|  Wlan:putResourceToTable - type=1, state=1, rssi=-52, ssid=BHNTG1682G40E2, bssid=5c:8f:e0:f7:40:e0, freqBand = 2.4GHz, ipAddr=192.168.0.8, iface=wlan0, ipAddrV6=2603:9000:8a00:9000:a1ee:46e0:8812:904c, ifaceV6=wlan0, timeStamp=2018-10-22 02:52:38.163, netHdl=433808132830 DNS addrs= 209.18.47.61, 75.114.81.1, 0.0.0.0, 0.0.0.0validated =1, wifiState =3, index=9
10-22 02:52:38.153   704   704 I QCNEA   : |CORE:SRM| SRM processCommand: WlanInfo, type=1, state=1, rssi=-52, ssid=BHNTG1682G40E2, bssid=5c:8f:e0:f7:40:e0, ipAddr=192.168.0.8, iface=wlan0, ipAddrV6=2603:9000:8a00:9000:a1ee:46e0:8812:904c, ifaceV6=wlan0, timeStamp=2018-10-22 02:52:38.163, isAndroidValidated = true, freqBand = 2.4GHz, dnsAddrs = 209.18.47.61 , 75.114.81.1 , 0.0.0.0, 0.0.0.0
10-22 02:52:38.153   704   704 D QCNEA   : |CORE:SRM| Caching connected wlan event
10-22 02:52:38.153  1416  1470 D CompatibilityInfo: mCompatibilityFlags - 4
10-22 02:52:38.153   704   704 D QCNEA   : |CORE:SRM|  Wlan:putResourceToTable - type=1, state=1, rssi=-52, ssid=BHNTG1682G40E2, bssid=5c:8f:e0:f7:40:e0, freqBand = 2.4GHz, ipAddr=192.168.0.8, iface=wlan0, ipAddrV6=2603:9000:8a00:9000:a1ee:46e0:8812:904c, ifaceV6=wlan0, timeStamp=2018-10-22 02:52:38.163, netHdl=433808132830 DNS addrs= 209.18.47.61, 75.114.81.1, 0.0.0.0, 0.0.0.0validated =1, wifiState =3, index=4
10-22 02:52:38.153  1416  1470 D CompatibilityInfo: applicationDensity - 337
10-22 02:52:38.153   704   704 I QCNEA   : |CORE:SRM| SRM processCommand: RSSI/Link configuration/ipv4/ipv6/dns/nethdl/isAndroidValidated) has changed, dispatching SRM_SQI_CHANGE_EVENT.
10-22 02:52:38.153  1416  1470 D CompatibilityInfo: applicationScale - 1.0
10-22 02:52:38.153   704   704 I QCNEA   : |CORE:CAS| Network Change Event - network_type:1 subtype:1 status:1 ipaddr:192.168.0.8 iface:wlan0 ipaddrv6:2603:9000:8a00:9000:a1ee:46e0:8812:904c ifacev6:wlan0 bssid:5c:8f:e0:f7:40:e0
10-22 02:52:38.153   704   704 D QCNEA   : |CORE:CAS| Updating wlan cache
10-22 02:52:38.153   704   704 I QCNEA   : |CORE:CAS| processing network update on rat 1
10-22 02:52:38.153   704   704 D QCNEA   : |CORE:CAS| prev ip=192.168.0.8, new ip=192.168.0.8, inet_pton returns 1
10-22 02:52:38.153   704   704 D QCNEA   : |CORE:CAS| prev ipv6=2603:9000:8a00:9000:a1ee:46e0:8812:904c, new ipv6=2603:9000:8a00:9000:a1ee:46e0:8812:904c, inet_pton returns 1
10-22 02:52:38.153   704   704 D QCNEA   : |CORE:CAS| src ssid strlen = 14
10-22 02:52:38.153   704   704 D QCNEA   : |CORE:CAS| ***** CneNetworkCache ***************************************
10-22 02:52:38.153   704   704 D QCNEA   : |CORE:CAS|         Network: net:1 type:1 
10-22 02:52:38.153   704   704 D QCNEA   : |CORE:CAS|          status: default:true dormant:false connected:true
10-22 02:52:38.153   704   704 D QCNEA   : |CORE:CAS|          update: netcfg:false
10-22 02:52:38.153   704   704 D QCNEA   : |CORE:CAS|             ip4: iface:wlan0  mtu:1500  addr:192.168.0.8
10-22 02:52:38.153   704   704 D QCNEA   : |CORE:CAS|             ip6: iface:wlan0  mtu:1500  addr:2603:9000:8a00:9000:a1ee:46e0:8812:904c
10-22 02:52:38.153   704   704 D QCNEA   : |CORE:CAS|          netHandle: 0
10-22 02:52:38.153   704   704 D QCNEA   : |CORE:CAS|          slot: 0
10-22 02:52:38.153   704   704 D QCNEA   : |CORE:CAS|          error: 0
10-22 02:52:38.153   704   704 D QCNEA   : |CORE:CAS|             bssid: 5c:8f:e0:f7:40:e0
10-22 02:52:38.153   704   704 D QCNEA   : |CORE:CAS|             ssid: BHNTG1682G40E2
10-22 02:52:38.153   704   704 D QCNEA   : |CORE:CAS|             dns: 209.18.47.61
10-22 02:52:38.153   704   704 D QCNEA   : |CORE:CAS|             dns: 75.114.81.1
10-22 02:52:38.153   704   704 D QCNEA   : |CORE:CAS|             dns: 0.0.0.0
10-22 02:52:38.153   704   704 D QCNEA   : |CORE:CAS|             dns: 0.0.0.0
10-22 02:52:38.153   704   704 D QCNEA   : |CORE:CAS| isAndroidValidated: 1
10-22 02:52:38.153   704   704 V QCNEA   : |CORE:CAS| processing network update on WLAN complete
10-22 02:52:38.153   704   704 I QCNEA   : |CORE:CAS| reporting net config update needed as false
10-22 02:52:38.153   704   704 I QCNEA   : |CORE:CAS| reporting net config update over qmi needed as false
10-22 02:52:38.153   704   704 I QCNEA   : |CORE|  processCneEvent rv = -1, recordLen = 204
10-22 02:52:38.153  1845  1845 D systemUI_SignalClusterViewAdapt: anyMobileVisibletrue airplanMode false ShowNoSim false
10-22 02:52:38.153   704   704 V QCNEA   : |CORE:COM| waiting on events (-1ms)
10-22 02:52:38.153  1845  1845 D systemUI_TmoSignalViewAdapt: Refresh signalClusterView com.android.systemui.statusbar.SignalClusterView{1b1b5c2 V.E...... ........ 5,4-97,46 #7f120236 app:id
10-22 02:52:38.153  1845  1845 D systemUI_TmoSignalViewAdapt: /signal_cluster}
10-22 02:52:38.153 12709 12709 D WifiCallingStatusControl: wfc---onReceive begin intent = android.net.wifi.RSSI_CHANGED
10-22 02:52:38.153  1845  1845 D systemUI_AloneDataView:  iswfc:false
10-22 02:52:38.153  1845  1845 D systemUI_AloneDataView: mIsMmsApnDataState: false isWFCState:false
10-22 02:52:38.153  1845  1845 D systemUI_AloneDataView: MakeAllAloneDataViewGone
10-22 02:52:38.163  1845  1845 D systemUI_SignalClusterViewAdapt: anyMobileVisibletrue airplanMode false ShowNoSim false
10-22 02:52:38.163  1845  1845 D systemUI_TmoSignalViewAdapt: Refresh signalClusterView com.android.systemui.statusbar.SignalClusterView{5da5710 V.E...... ......ID 5,4-97,46 #7f120236 app:id
10-22 02:52:38.163  1845  1845 D systemUI_TmoSignalViewAdapt: /signal_cluster}
10-22 02:52:38.163  1845  1845 D systemUI_AloneDataView:  iswfc:false
10-22 02:52:38.163  1845  1845 D systemUI_AloneDataView: mIsMmsApnDataState: false isWFCState:false
10-22 02:52:38.163  1845  1845 D systemUI_AloneDataView: MakeAllAloneDataViewGone
10-22 02:52:38.163 12709 12709 D WifiCallingStatusControl: readWifiCallPreferredMode = 1
10-22 02:52:38.163 12709 12709 D WifiCallingStatusControl: getRssi() is -52, mIsWifiSignalWeak is false
10-22 02:52:38.163 12709 12709 D WifiCallingStatusControl: mIsWifiSwitchTurnOn =true, mWifiCallPreferred = 1, mWifiCallRegisterState = 2, mIsWifiCallAvailable = false
10-22 02:52:38.163 12709 12709 D WifiCallingStatusControl: mIsWifiCallSwitchTurnOn = false, mIsWifiConnected = true, mIsWifiSignalWeak = false, mIsWifiCallReady = false
10-22 02:52:38.163 12709 12709 I WifiCallingStatusControl: showWifiCallWizard = false
10-22 02:52:38.163 12709 12709 D WifiCallingStatusControl: WFC switch is off, setsummary disabled
10-22 02:52:38.173  1416  2803 E ActivityManager: Sending non-protected broadcast com.android.wificall.READY from system 12709:com.android.settings/1000 pkg com.android.settings
10-22 02:52:38.173  1416  2803 E ActivityManager: java.lang.Throwable
10-22 02:52:38.173  1416  2803 E ActivityManager: 	at com.android.server.am.ActivityManagerService.checkBroadcastFromSystem(ActivityManagerService.java:19108)
10-22 02:52:38.173  1416  2803 E ActivityManager: 	at com.android.server.am.ActivityManagerService.broadcastIntentLocked(ActivityManagerService.java:19606)
10-22 02:52:38.173  1416  2803 E ActivityManager: 	at com.android.server.am.ActivityManagerService.broadcastIntent(ActivityManagerService.java:19792)
10-22 02:52:38.173  1416  2803 E ActivityManager: 	at android.app.ActivityManagerNative.onTransact(ActivityManagerNative.java:499)
10-22 02:52:38.173  1416  2803 E ActivityManager: 	at com.android.server.am.ActivityManagerService.onTransact(ActivityManagerService.java:3293)
10-22 02:52:38.173  1416  2803 E ActivityManager: 	at android.os.Binder.execTransact(Binder.java:565)
10-22 02:52:38.183  1416  2803 E ActivityManager: Sending non-protected broadcast com.android.wificall.READY from system 12709:com.android.settings/1000 pkg com.android.settings
10-22 02:52:38.183  1416  2803 E ActivityManager: java.lang.Throwable
10-22 02:52:38.183  1416  2803 E ActivityManager: 	at com.android.server.am.ActivityManagerService.checkBroadcastFromSystem(ActivityManagerService.java:19108)
10-22 02:52:38.183  1416  2803 E ActivityManager: 	at com.android.server.am.ActivityManagerService.broadcastIntentLocked(ActivityManagerService.java:19697)
10-22 02:52:38.183  1416  2803 E ActivityManager: 	at com.android.server.am.ActivityManagerService.broadcastIntent(ActivityManagerService.java:19792)
10-22 02:52:38.183  1416  2803 E ActivityManager: 	at android.app.ActivityManagerNative.onTransact(ActivityManagerNative.java:499)
10-22 02:52:38.183  1416  2803 E ActivityManager: 	at com.android.server.am.ActivityManagerService.onTransact(ActivityManagerService.java:3293)
10-22 02:52:38.183  1416  2803 E ActivityManager: 	at android.os.Binder.execTransact(Binder.java:565)
10-22 02:52:38.193  1845  1845 D systemUI_PhoneStatusBarPolicyAdapt: action
10-22 02:52:38.193 12709 12709 D WifiCallingStatusControl: notifyWifiCallingReady callstate = 0
10-22 02:52:38.193 12709 12709 D WifiCallingStatusControl: wfc---cancelNotification IN
--------- beginning of system
10-22 02:52:38.193  1416  2776 I ActivityManager: Killing 12002:com.metropcs.service.vvm/u0a91 (adj 906): empty #9
10-22 02:52:38.203  1416  2776 D CompatibilityInfo: mCompatibilityFlags - 4
10-22 02:52:38.203  1416  2776 D CompatibilityInfo: applicationDensity - 337
10-22 02:52:38.203  1416  2776 D CompatibilityInfo: applicationScale - 1.0
10-22 02:52:38.203  1416  2800 D CompatibilityInfo: mCompatibilityFlags - 4
10-22 02:52:38.203  1416  2800 D CompatibilityInfo: applicationDensity - 337
10-22 02:52:38.203  1416  2800 D CompatibilityInfo: applicationScale - 1.0
10-22 02:52:38.213  1416  2130 D CompatibilityInfo: mCompatibilityFlags - 4
10-22 02:52:38.213  1416  2130 D CompatibilityInfo: applicationDensity - 337
10-22 02:52:38.213  1416  2130 D CompatibilityInfo: applicationScale - 1.0
10-22 02:52:38.213  1416  2739 D CompatibilityInfo: mCompatibilityFlags - 4
10-22 02:52:38.213  1416  2739 D CompatibilityInfo: applicationDensity - 337
10-22 02:52:38.213  1416  2739 D CompatibilityInfo: applicationScale - 1.0
10-22 02:52:38.223  1416  2776 D CompatibilityInfo: mCompatibilityFlags - 4
10-22 02:52:38.223  1416  2776 D CompatibilityInfo: applicationDensity - 337
10-22 02:52:38.223  1416  2776 D CompatibilityInfo: applicationScale - 1.0
10-22 02:52:38.233  1416  2890 D ActivityManager: cleanUpApplicationRecord -- 12002
10-22 02:52:38.363  1845  1845 D systemUI_BatteryMeterDrawable: drawBattery level: 99....mLevel: 99
10-22 02:52:38.883  1845  1845 D systemUI_BatteryMeterDrawable: drawBattery level: 99....mLevel: 99
10-22 02:52:39.263  2218  2218 D QcrilMsgTunnelIfaceManager: handleMessage what = 0
10-22 02:52:39.263  2122  2122 D VendorResponse: parseResponse
10-22 02:52:39.263  2122  2122 D VendorResponse: vendor response processSolicitedResponse requestId =590829
10-22 02:52:39.263  2122  2122 D VendorHook: VendorHook handleMessage msg id to 590829
10-22 02:52:39.263  2122  2122 D VendorHook: notify SigStrength to registrants
10-22 02:52:39.263  2122  2122 D VendorServiceStateTracker: handleMessage: Event: 12
10-22 02:52:39.263  2122  2122 D VendorServiceStateTracker: getlteEarfcn(), cellInfo =CellInfoLte:{mRegistered=YES mTimeStampType=oem_ril mTimeStamp=3093958712517ns CellIdentityLte:{ mMcc=310 mMnc=260 mCi=18468119 mPci=251 mTac=34142 mEarfcn=5035} CellSignalStrengthLte: ss=13 rsrp=-111 rsrq=-9 rssnr=2147483647 cqi=2147483647 ta=27}
10-22 02:52:39.263  2122  2122 D VendorServiceStateTracker: getlteEarfcn CellInfoLte, mEarfcn =5035
10-22 02:52:39.263  2122  2122 D VendorServiceStateTracker:  getlteBand =12
10-22 02:52:39.263  2122  2122 D VendorServiceStateTracker:  getlteRsrpDelta =0
10-22 02:52:39.263  1845  2168 D systemUI_MobileSignalController: updateTelephony hasServicetrue isRoaming false
10-22 02:52:39.263  1845  2168 D systemUI_MobileSignalControllerAdapt: Signal changed! Google 2 operator 4
10-22 02:52:39.263  2122  2122 D VendorServiceStateTracker: handleMessage: Event: 100
10-22 02:52:39.263  2122  2122 D VendorServiceStateTracker: Event EVENT_VENDOR_SIGNAL_STRENGTH_UPDATE Received
10-22 02:52:39.263  2122  2122 D QC_RIL_OEM_HOOK: Received Broadcast Intent ACTION_UNSOL_RESPONSE_OEM_HOOK_RAW
10-22 02:52:39.263  2122  2122 D QC_RIL_OEM_HOOK: Oem ID in QCRILHOOK UNSOL RESP is QOEMHOOK
10-22 02:52:39.263  2122  2122 D QC_RIL_OEM_HOOK: Received Broadcast Intent ACTION_UNSOL_RESPONSE_OEM_HOOK_RAW
10-22 02:52:39.263  2122  2122 D QC_RIL_OEM_HOOK: Oem ID in QCRILHOOK UNSOL RESP is QOEMHOOK
10-22 02:52:39.263  2122  2122 D QC_RIL_OEM_HOOK: Received Broadcast Intent ACTION_UNSOL_RESPONSE_OEM_HOOK_RAW
10-22 02:52:39.263  2122  2122 D QC_RIL_OEM_HOOK: Oem ID in QCRILHOOK UNSOL RESP is QOEMHOOK
10-22 02:52:39.263  2122  2122 D VendorTeleService: onSignalStrengthsChanged : lte signalStrength is-107
10-22 02:52:39.273  2122  2375 D PhoneInterfaceManager: [PhoneIntfMgr] getDataEnabled: subId=1 phoneId=0
10-22 02:52:39.273  2122  2375 D PhoneInterfaceManager: [PhoneIntfMgr] getDataEnabled: subId=1 retVal=true
10-22 02:52:39.273  1845  2168 D systemUI_TmoSignalViewAdapt: OnUpdateTelephony IsDataPhoneId:true carrierNetworkChangeMode false
10-22 02:52:39.273  1845  2168 D systemUI_TmoSignalViewAdapt: OnUpdateTelephony ids:[com.zte.tmo.TmoNetShowIds@417afd3]
10-22 02:52:39.273  1845  2168 D systemUI_TmoSignalViewAdapt: OnUpdateTelephony is coming datatype =13
10-22 02:52:39.273  1845  2168 D systemUI_TmoNetShowIds: OnUpdateIconSet type 13
10-22 02:52:39.273  1845  2168 D systemUI_NETSIGNALS_TmoNetShowIds: OnUpdateIconSet type 13
10-22 02:52:39.273  1845  2168 D systemUI_TmoNetShowIds:  isMmsApnDataState:false
10-22 02:52:39.273  1845  2168 D systemUI_NETSIGNALS_TmoNetShowIds: DataConnected false
10-22 02:52:39.283  1845  1845 D systemUI_AloneDataView:  iswfc:false
10-22 02:52:39.283  1845  1845 D systemUI_AloneDataView: mIsMmsApnDataState: false isWFCState:false
10-22 02:52:39.283  1845  1845 D systemUI_AloneDataView: MakeAllAloneDataViewGone
10-22 02:52:39.283  1845  1845 D systemUI_TmoSignalViewAdapt: Refresh mView java.lang.ref.WeakReference@cd4e3ad mView.get()com.android.systemui.statusbar.SignalClusterView{1b1b5c2 V.E...... 
10-22 02:52:39.283  1845  1845 D systemUI_TmoSignalViewAdapt: ........ 5,4-97,46 #7f120236 app:id/signal_cluster}
10-22 02:52:39.393  1845  1845 D systemUI_BatteryMeterDrawable: drawBattery level: 99....mLevel: 99
10-22 02:52:39.513  1845  1845 D systemUI_PhoneStatusBarPolicyAdapt: WFC Status enabled false registered false wifi connected true
10-22 02:52:39.513  1845  1845 D systemUI_SignalClusterViewAdapt: anyMobileVisibletrue airplanMode false ShowNoSim false
10-22 02:52:39.513  1845  1845 D systemUI_TmoSignalViewAdapt: Refresh signalClusterView com.android.systemui.statusbar.SignalClusterView{1b1b5c2 V.E...... ........ 5,4-97,46 #7f120236 app:id
10-22 02:52:39.513  1845  1845 D systemUI_TmoSignalViewAdapt: /signal_cluster}
10-22 02:52:39.513  1845  1845 D systemUI_AloneDataView:  iswfc:false
10-22 02:52:39.513  1845  1845 D systemUI_AloneDataView: mIsMmsApnDataState: false isWFCState:false
10-22 02:52:39.513  1845  1845 D systemUI_AloneDataView: MakeAllAloneDataViewGone
10-22 02:52:39.513  1845  1845 D systemUI_TmoSignalViewAdapt: GetWifiActivityIconId state.activityIntrue state.activityOutfalse
10-22 02:52:39.523  1845  1845 D systemUI_SignalClusterViewAdapt: anyMobileVisibletrue airplanMode false ShowNoSim false
10-22 02:52:39.523  1845  1845 D systemUI_TmoSignalViewAdapt: Refresh signalClusterView com.android.systemui.statusbar.SignalClusterView{5da5710 V.E...... ......ID 5,4-97,46 #7f120236 app:id
10-22 02:52:39.523  1845  1845 D systemUI_TmoSignalViewAdapt: /signal_cluster}
10-22 02:52:39.523  1845  1845 D systemUI_AloneDataView:  iswfc:false
10-22 02:52:39.523  1845  1845 D systemUI_AloneDataView: mIsMmsApnDataState: false isWFCState:false
10-22 02:52:39.523  1845  1845 D systemUI_AloneDataView: MakeAllAloneDataViewGone
10-22 02:52:39.523  1845  1845 D systemUI_TmoSignalViewAdapt: GetWifiActivityIconId state.activityIntrue state.activityOutfalse
10-22 02:52:39.533  1845  1845 E systemUI_SignalViewFactory: Failed to get adapt for 2
10-22 02:52:39.533  1845  1845 E systemUI_SignalViewFactory: Failed to get adapt for 2
10-22 02:52:39.533  1845  1845 E systemUI_SignalViewFactory: Failed to get adapt for 2
10-22 02:52:39.533  1845  1845 E systemUI_SignalViewFactory: Failed to get adapt for 2
10-22 02:52:39.533  1845  1845 E systemUI_SignalViewFactory: Failed to get adapt for 2
10-22 02:52:39.533  1845  1845 E systemUI_SignalViewFactory: Failed to get adapt for 2
10-22 02:52:39.533  1845  1845 E systemUI_SignalViewFactory: Failed to get adapt for 2
10-22 02:52:39.533  1845  1845 E systemUI_SignalViewFactory: Failed to get adapt for 2
10-22 02:52:39.533  1845  1845 E systemUI_SignalViewFactory: Failed to get adapt for 2
10-22 02:52:39.533  1845  1845 E systemUI_SignalViewFactory: Failed to get adapt for 2
10-22 02:52:39.533  1845  1845 E systemUI_SignalViewFactory: Failed to get adapt for 2
10-22 02:52:39.533  1845  1845 E systemUI_SignalViewFactory: Failed to get adapt for 2
10-22 02:52:39.533  1845  1845 E systemUI_SignalViewFactory: Failed to get adapt for 2
10-22 02:52:39.533  1845  1845 E systemUI_SignalViewFactory: Failed to get adapt for 2
10-22 02:52:39.913  1845  1845 D systemUI_BatteryMeterDrawable: drawBattery level: 99....mLevel: 99
10-22 02:52:40.433  1845  1845 D systemUI_BatteryMeterDrawable: drawBattery level: 99....mLevel: 99
10-22 02:52:40.473  1416  1729 D ZtePowerManagerService: zte_pm BUTTON_LIGHT_OFF
10-22 02:52:40.473 12732 12732 V BoostFramework: BoostFramework() : mPerf = com.qualcomm.qti.Performance@d9aa39f
10-22 02:52:40.473  1845  8743 D systemUI_KeyguardService$1: KeyguardServiceUserActivity
10-22 02:52:40.473  1845  8743 E systemUI_KeyguardViewMediator: mZteLastUserActivityTime = 3805443
10-22 02:52:40.513  1845  1845 D systemUI_PhoneStatusBarPolicyAdapt: WFC Status enabled false registered false wifi connected true
10-22 02:52:40.513  1845  1845 D systemUI_SignalClusterViewAdapt: anyMobileVisibletrue airplanMode false ShowNoSim false
10-22 02:52:40.513  1845  1845 D systemUI_TmoSignalViewAdapt: Refresh signalClusterView com.android.systemui.statusbar.SignalClusterView{1b1b5c2 V.E...... ........ 5,4-97,46 #7f120236 app:id
10-22 02:52:40.513  1845  1845 D systemUI_TmoSignalViewAdapt: /signal_cluster}
10-22 02:52:40.523  1845  1845 D systemUI_AloneDataView:  iswfc:false
10-22 02:52:40.523  1845  1845 D systemUI_AloneDataView: mIsMmsApnDataState: false isWFCState:false
10-22 02:52:40.523  1845  1845 D systemUI_AloneDataView: MakeAllAloneDataViewGone
10-22 02:52:40.523  1845  1845 D systemUI_SignalClusterViewAdapt: anyMobileVisibletrue airplanMode false ShowNoSim false
10-22 02:52:40.523  1845  1845 D systemUI_TmoSignalViewAdapt: Refresh signalClusterView com.android.systemui.statusbar.SignalClusterView{5da5710 V.E...... ......ID 5,4-97,46 #7f120236 app:id
10-22 02:52:40.523  1845  1845 D systemUI_TmoSignalViewAdapt: /signal_cluster}
10-22 02:52:40.523  1845  1845 D systemUI_AloneDataView:  iswfc:false
10-22 02:52:40.523  1845  1845 D systemUI_AloneDataView: mIsMmsApnDataState: false isWFCState:false
10-22 02:52:40.523  1845  1845 D systemUI_AloneDataView: MakeAllAloneDataViewGone
10-22 02:52:40.533  1845  1845 E systemUI_SignalViewFactory: Failed to get adapt for 2
10-22 02:52:40.533  1845  1845 E systemUI_SignalViewFactory: Failed to get adapt for 2
10-22 02:52:40.533  1845  1845 E systemUI_SignalViewFactory: Failed to get adapt for 2
10-22 02:52:40.533  1845  1845 E systemUI_SignalViewFactory: Failed to get adapt for 2
10-22 02:52:40.533  1845  1845 E systemUI_SignalViewFactory: Failed to get adapt for 2
10-22 02:52:40.533  1845  1845 E systemUI_SignalViewFactory: Failed to get adapt for 2
10-22 02:52:40.533  2218  2218 D QcrilMsgTunnelIfaceManager: handleMessage what = 0
10-22 02:52:40.533  2122  2122 D VendorResponse: parseResponse
10-22 02:52:40.533  2122  2122 D VendorResponse: vendor response processSolicitedResponse requestId =590829
10-22 02:52:40.533  2122  2122 D VendorHook: VendorHook handleMessage msg id to 590829
10-22 02:52:40.533  2122  2122 D VendorHook: notify SigStrength to registrants
10-22 02:52:40.533  2122  2122 D VendorServiceStateTracker: handleMessage: Event: 100
10-22 02:52:40.533  2122  2122 D VendorServiceStateTracker: Event EVENT_VENDOR_SIGNAL_STRENGTH_UPDATE Received
10-22 02:52:40.533  2122  2122 D VendorServiceStateTracker: handleMessage: Event: 12
10-22 02:52:40.533  1845  1845 E systemUI_SignalViewFactory: Failed to get adapt for 2
10-22 02:52:40.543  1845  1845 E systemUI_SignalViewFactory: Failed to get adapt for 2
10-22 02:52:40.543  1845  1845 E systemUI_SignalViewFactory: Failed to get adapt for 2
10-22 02:52:40.543  1845  1845 E systemUI_SignalViewFactory: Failed to get adapt for 2
10-22 02:52:40.543  1845  1845 E systemUI_SignalViewFactory: Failed to get adapt for 2
10-22 02:52:40.543  1845  1845 E systemUI_SignalViewFactory: Failed to get adapt for 2
10-22 02:52:40.543  1845  1845 E systemUI_SignalViewFactory: Failed to get adapt for 2
10-22 02:52:40.543  1845  1845 E systemUI_SignalViewFactory: Failed to get adapt for 2
10-22 02:52:40.543  2122  2122 D VendorServiceStateTracker: getlteEarfcn(), cellInfo =CellInfoLte:{mRegistered=YES mTimeStampType=oem_ril mTimeStamp=3093958712517ns CellIdentityLte:{ mMcc=310 mMnc=260 mCi=18468119 mPci=251 mTac=34142 mEarfcn=5035} CellSignalStrengthLte: ss=13 rsrp=-111 rsrq=-9 rssnr=2147483647 cqi=2147483647 ta=27}
10-22 02:52:40.543  2122  2122 D VendorServiceStateTracker: getlteEarfcn CellInfoLte, mEarfcn =5035
10-22 02:52:40.543  2122  2122 D VendorServiceStateTracker:  getlteBand =12
10-22 02:52:40.543  2122  2122 D VendorServiceStateTracker:  getlteRsrpDelta =0
10-22 02:52:40.543  1845  2168 D systemUI_MobileSignalController: updateTelephony hasServicetrue isRoaming false
10-22 02:52:40.543  1845  2168 D systemUI_MobileSignalControllerAdapt: Signal changed! Google 2 operator 4
10-22 02:52:40.543  2122  2122 D QC_RIL_OEM_HOOK: Received Broadcast Intent ACTION_UNSOL_RESPONSE_OEM_HOOK_RAW
10-22 02:52:40.543  2122  2122 D QC_RIL_OEM_HOOK: Oem ID in QCRILHOOK UNSOL RESP is QOEMHOOK
10-22 02:52:40.543  2122  2122 D QC_RIL_OEM_HOOK: Received Broadcast Intent ACTION_UNSOL_RESPONSE_OEM_HOOK_RAW
10-22 02:52:40.543  2122  2122 D QC_RIL_OEM_HOOK: Oem ID in QCRILHOOK UNSOL RESP is QOEMHOOK
10-22 02:52:40.543  2122  2122 D QC_RIL_OEM_HOOK: Received Broadcast Intent ACTION_UNSOL_RESPONSE_OEM_HOOK_RAW
10-22 02:52:40.543  2122  2122 D QC_RIL_OEM_HOOK: Oem ID in QCRILHOOK UNSOL RESP is QOEMHOOK
10-22 02:52:40.543  2122  2122 D VendorTeleService: onSignalStrengthsChanged : lte signalStrength is-108
10-22 02:52:40.543  2122  2375 D PhoneInterfaceManager: [PhoneIntfMgr] getDataEnabled: subId=1 phoneId=0
10-22 02:52:40.543  2122  2375 D PhoneInterfaceManager: [PhoneIntfMgr] getDataEnabled: subId=1 retVal=true
10-22 02:52:40.553  1845  2168 D systemUI_TmoSignalViewAdapt: OnUpdateTelephony IsDataPhoneId:true carrierNetworkChangeMode false
10-22 02:52:40.553  1845  2168 D systemUI_TmoSignalViewAdapt: OnUpdateTelephony ids:[com.zte.tmo.TmoNetShowIds@417afd3]
10-22 02:52:40.553  1845  2168 D systemUI_TmoSignalViewAdapt: OnUpdateTelephony is coming datatype =13
10-22 02:52:40.553  1845  2168 D systemUI_TmoNetShowIds: OnUpdateIconSet type 13
10-22 02:52:40.553  1845  2168 D systemUI_NETSIGNALS_TmoNetShowIds: OnUpdateIconSet type 13
10-22 02:52:40.553  1845  2168 D systemUI_TmoNetShowIds:  isMmsApnDataState:false
10-22 02:52:40.553  1845  2168 D systemUI_NETSIGNALS_TmoNetShowIds: DataConnected false
10-22 02:52:40.563  1845  1845 D systemUI_AloneDataView:  iswfc:false
10-22 02:52:40.563  1845  1845 D systemUI_AloneDataView: mIsMmsApnDataState: false isWFCState:false
10-22 02:52:40.563  1845  1845 D systemUI_AloneDataView: MakeAllAloneDataViewGone
10-22 02:52:40.563  1845  1845 D systemUI_TmoSignalViewAdapt: Refresh mView java.lang.ref.WeakReference@cd4e3ad mView.get()com.android.systemui.statusbar.SignalClusterView{1b1b5c2 V.E...... 
10-22 02:52:40.563  1845  1845 D systemUI_TmoSignalViewAdapt: ........ 5,4-97,46 #7f120236 app:id/signal_cluster}
10-22 02:52:40.643 12732 12732 D AndroidRuntime: Shutting down VM
10-22 02:52:40.643 12732 12732 E AndroidRuntime: FATAL EXCEPTION: main
10-22 02:52:40.643 12732 12732 E AndroidRuntime: Process: com.crazyj36.apiplaygroundanysdk, PID: 12732
10-22 02:52:40.643 12732 12732 E AndroidRuntime: android.os.FileUriExposedException: file:///storage/emulated/0/test/file1.txt exposed beyond app through ClipData.Item.getUri()
10-22 02:52:40.643 12732 12732 E AndroidRuntime: 	at android.os.StrictMode.onFileUriExposed(StrictMode.java:1799)
10-22 02:52:40.643 12732 12732 E AndroidRuntime: 	at android.net.Uri.checkFileUriExposed(Uri.java:2354)
10-22 02:52:40.643 12732 12732 E AndroidRuntime: 	at android.content.ClipData.prepareToLeaveProcess(ClipData.java:845)
10-22 02:52:40.643 12732 12732 E AndroidRuntime: 	at android.content.Intent.prepareToLeaveProcess(Intent.java:8988)
10-22 02:52:40.643 12732 12732 E AndroidRuntime: 	at android.content.Intent.prepareToLeaveProcess(Intent.java:8973)
10-22 02:52:40.643 12732 12732 E AndroidRuntime: 	at android.app.Instrumentation.execStartActivity(Instrumentation.java:1544)
10-22 02:52:40.643 12732 12732 E AndroidRuntime: 	at android.app.Activity.startActivityForResult(Activity.java:4288)
10-22 02:52:40.643 12732 12732 E AndroidRuntime: 	at android.app.Activity.startActivityForResult(Activity.java:4246)
10-22 02:52:40.643 12732 12732 E AndroidRuntime: 	at android.app.Activity.startActivity(Activity.java:4585)
10-22 02:52:40.643 12732 12732 E AndroidRuntime: 	at android.app.Activity.startActivity(Activity.java:4553)
10-22 02:52:40.643 12732 12732 E AndroidRuntime: 	at com.crazyj36.apiplaygroundanysdk.MainActivity$10.onItemClick(MainActivity.java:332)
10-22 02:52:40.643 12732 12732 E AndroidRuntime: 	at android.widget.AdapterView.performItemClick(AdapterView.java:310)
10-22 02:52:40.643 12732 12732 E AndroidRuntime: 	at android.widget.AbsListView.performItemClick(AbsListView.java:1188)
10-22 02:52:40.643 12732 12732 E AndroidRuntime: 	at android.widget.AbsListView$PerformClick.run(AbsListView.java:3160)
10-22 02:52:40.643 12732 12732 E AndroidRuntime: 	at android.widget.AbsListView$3.run(AbsListView.java:4080)
10-22 02:52:40.643 12732 12732 E AndroidRuntime: 	at android.os.Handler.handleCallback(Handler.java:751)
10-22 02:52:40.643 12732 12732 E AndroidRuntime: 	at android.os.Handler.dispatchMessage(Handler.java:95)
10-22 02:52:40.643 12732 12732 E AndroidRuntime: 	at android.os.Looper.loop(Looper.java:163)
10-22 02:52:40.643 12732 12732 E AndroidRuntime: 	at android.app.ActivityThread.main(ActivityThread.java:6228)
10-22 02:52:40.643 12732 12732 E AndroidRuntime: 	at java.lang.reflect.Method.invoke(Native Method)
10-22 02:52:40.643 12732 12732 E AndroidRuntime: 	at com.android.internal.os.ZygoteInit$MethodAndArgsCaller.run(ZygoteInit.java:886)
10-22 02:52:40.643 12732 12732 E AndroidRuntime: 	at com.android.internal.os.ZygoteInit.main(ZygoteInit.java:776)
10-22 02:52:40.643  1416  2734 W ActivityManager:   Force finishing activity com.crazyj36.apiplaygroundanysdk/.MainActivity
10-22 02:52:40.653  1416  2734 D ActivityTrigger: ActivityTrigger activityPauseTrigger 
10-22 02:52:40.653  1416  2734 D ActivityManager: --zc to bg, ProcessRecord{1b6d64b 12732:com.crazyj36.apiplaygroundanysdk/u0a158} rx/tx = 0 0
10-22 02:52:40.663  1416  1472 V BoostFramework: BoostFramework() : mPerf = com.qualcomm.qti.Performance@66ff440
10-22 02:52:40.663  1416  1472 V BoostFramework: BoostFramework() : mPerf = com.qualcomm.qti.Performance@396af79
10-22 02:52:40.673  1416  1472 V BoostFramework: BoostFramework() : mPerf = com.qualcomm.qti.Performance@780146c
10-22 02:52:40.673  1416  1472 V BoostFramework: BoostFramework() : mPerf = com.qualcomm.qti.Performance@f49ca35
10-22 02:52:40.673  1416  1470 D CompatibilityInfo: mCompatibilityFlags - 4
10-22 02:52:40.673  1416  1470 D CompatibilityInfo: applicationDensity - 337
10-22 02:52:40.673  1416  1470 D CompatibilityInfo: applicationScale - 1.0
10-22 02:52:40.683  1416  2803 D CompatibilityInfo: mCompatibilityFlags - 4
10-22 02:52:40.683  1416  2803 D CompatibilityInfo: applicationDensity - 337
10-22 02:52:40.683  1416  2803 D CompatibilityInfo: applicationScale - 1.0
10-22 02:52:40.683  1416  2775 D CompatibilityInfo: mCompatibilityFlags - 4
10-22 02:52:40.683  1416  2775 D CompatibilityInfo: applicationDensity - 337
10-22 02:52:40.683  1416  2775 D CompatibilityInfo: applicationScale - 1.0
10-22 02:52:40.693  1416  6438 D CompatibilityInfo: mCompatibilityFlags - 4
10-22 02:52:40.693  1416  6438 D CompatibilityInfo: applicationDensity - 337
10-22 02:52:40.693  1416  6438 D CompatibilityInfo: applicationScale - 1.0
10-22 02:52:40.703  1416  1941 D CompatibilityInfo: mCompatibilityFlags - 4
10-22 02:52:40.703  1416  1941 D CompatibilityInfo: applicationDensity - 337
10-22 02:52:40.703  1416  1941 D CompatibilityInfo: applicationScale - 1.0
10-22 02:52:40.703  1416  1472 I SurfaceControl: create Surface Application Error: com.crazyj36.apiplaygroundanysdk
10-22 02:52:40.703  1416  2739 D CompatibilityInfo: mCompatibilityFlags - 4
10-22 02:52:40.703  1416  2739 D CompatibilityInfo: applicationDensity - 337
