--------- beginning of /dev/log/main
W/ResourceType(  305): Entry identifier 0x128 is larger than entry count 0xab
W/WindowManager(  305): [PhoneWindowManager.java:1099:addStartingWindow()] HistoryRecord{40a7d580 com.crazyj36.apiplaygroundanysdk/.MainActivity} failed creating starting window
W/WindowManager(  305): java.lang.RuntimeException: Binary XML file line #25: You must supply a layout_height attribute.
W/WindowManager(  305): 	at android.content.res.TypedArray.getLayoutDimension(TypedArray.java:491)
W/WindowManager(  305): 	at android.view.ViewGroup$LayoutParams.setBaseAttributes(ViewGroup.java:3599)
W/WindowManager(  305): 	at android.view.ViewGroup$MarginLayoutParams.<init>(ViewGroup.java:3678)
W/WindowManager(  305): 	at android.widget.LinearLayout$LayoutParams.<init>(LinearLayout.java:1400)
W/WindowManager(  305): 	at android.widget.LinearLayout.generateLayoutParams(LinearLayout.java:1326)
W/WindowManager(  305): 	at android.widget.LinearLayout.generateLayoutParams(LinearLayout.java:47)
W/WindowManager(  305): 	at android.view.LayoutInflater.rInflate(LayoutInflater.java:625)
W/WindowManager(  305): 	at android.view.LayoutInflater.inflate(LayoutInflater.java:408)
W/WindowManager(  305): 	at android.view.LayoutInflater.inflate(LayoutInflater.java:320)
W/WindowManager(  305): 	at android.view.LayoutInflater.inflate(LayoutInflater.java:276)
W/WindowManager(  305): 	at com.android.internal.policy.impl.PhoneWindow.generateLayout(PhoneWindow.java:2290)
W/WindowManager(  305): 	at com.android.internal.policy.impl.PhoneWindow.installDecor(PhoneWindow.java:2345)
W/WindowManager(  305): 	at com.android.internal.policy.impl.PhoneWindow.getDecorView(PhoneWindow.java:1511)
W/WindowManager(  305): 	at com.android.internal.policy.impl.PhoneWindowManager.addStartingWindow(PhoneWindowManager.java:1070)
W/WindowManager(  305): 	at com.android.server.WindowManagerService$H.handleMessage(WindowManagerService.java:8347)
W/WindowManager(  305): 	at android.os.Handler.dispatchMessage(Handler.java:99)
W/WindowManager(  305): 	at android.os.Looper.loop(Looper.java:130)
W/WindowManager(  305): 	at com.android.server.WindowManagerService$WMThread.run(WindowManagerService.java:582)
--------- beginning of /dev/log/system
I/ActivityManager(  305): Starting: Intent { act=android.intent.action.MAIN cat=[android.intent.category.LAUNCHER] flg=0x10200000 cmp=com.crazyj36.apiplaygroundanysdk/.MainActivity bnds=[122,387][238,527] } from pid 3357
D/Launcher.Workspace( 3357): [Workspace.java:2036:hideWallpaper()] Show wallpaper
I/ActivityManager(  305): process name to start: com.crazyj36.apiplaygroundanysdk
E/ActivityManager(  305): heap conf. property name string trimmed: hs.com.crazyj36.apiplaygroundan
I/ActivityManager(  305): Start proc com.crazyj36.apiplaygroundanysdk for activity com.crazyj36.apiplaygroundanysdk/.MainActivity: pid=14068 uid=10000 gids={}
W/dalvikvm(14068): VFY: unable to resolve virtual method 94: Lcom/crazyj36/apiplaygroundanysdk/MainActivity;.getActionBar ()Landroid/app/ActionBar;
W/dalvikvm(14068): VFY: unable to resolve virtual method 91: Lcom/crazyj36/apiplaygroundanysdk/MainActivity;.checkSelfPermission (Ljava/lang/String;)I
W/dalvikvm(14068): VFY: unable to resolve virtual method 91: Lcom/crazyj36/apiplaygroundanysdk/MainActivity;.checkSelfPermission (Ljava/lang/String;)I
W/dalvikvm(14068): VFY: unable to resolve virtual method 33: Landroid/os/Vibrator;.hasVibrator ()Z
W/dalvikvm(14068): VFY: unable to resolve virtual method 33: Landroid/os/Vibrator;.hasVibrator ()Z
W/dalvikvm(14068): VFY: unable to resolve virtual method 33: Landroid/os/Vibrator;.hasVibrator ()Z
W/dalvikvm(14068): VFY: unable to resolve virtual method 33: Landroid/os/Vibrator;.hasVibrator ()Z
W/dalvikvm(14068): VFY: unable to resolve virtual method 19: Landroid/content/res/Resources;.getColor (ILandroid/content/res/Resources$Theme;)I
W/ResourceType(14068): Entry identifier 0x128 is larger than entry count 0xab
I/APIPLAYGROUNDLOG(14068): [MainActivity.java:166:onCreate()] App Started
I/#LGIME  (  464): [Glog.java:35:i()] #### onStartInput restarting : false / inputType : 1
I/ActivityManager(  305): [ActivityRecord.java:444:windowsVisible()] Displayed com.crazyj36.apiplaygroundanysdk/.MainActivity: +541ms
I/Finsky  ( 2444): [SourceFile:57:a()] [23] com.google.android.finsky.b.e.run(1148): Replicating app states via DFE.
E/Volley  ( 2444): [SourceFile:64:c()] [14] c.a: Unexpected response code 401 for https://android.clients.google.com/fdfe/apps/contentSync
E/Finsky  ( 2444): [SourceFile:97:d()] [1] com.google.android.finsky.api.n.a(21759): Null wrapper parsed for request=[[ ] https://android.clients.google.com/fdfe/apps/contentSync 0xe8d195d1 NORMAL 179]
I/Finsky  ( 2444): [SourceFile:57:a()] [1] com.google.android.finsky.b.c.a(311): Completed 1 account content syncs with 0 successful.
I/Finsky  ( 2444): [SourceFile:57:a()] [1] com.google.android.finsky.services.j.a(157): Installation state replication failed.
I/Finsky  ( 2444): [SourceFile:57:a()] [1] com.google.android.finsky.services.j.a(160): Giving up after 6 failures.
W/dalvikvm(14068): threadid=1: thread exiting with uncaught exception (group=0x40019560)
I/ActivityManager(  305): Starting: Intent { act=android.intent.action.OPEN_DOCUMENT dat=/mnt/sdcard/test/file.txt } from pid 14068
E/AndroidRuntime(14068): FATAL EXCEPTION: main
E/AndroidRuntime(14068): android.content.ActivityNotFoundException: No Activity found to handle Intent { act=android.intent.action.OPEN_DOCUMENT dat=/mnt/sdcard/test/file.txt }
E/AndroidRuntime(14068): 	at android.app.Instrumentation.checkStartActivityResult(Instrumentation.java:1409)
E/AndroidRuntime(14068): 	at android.app.Instrumentation.execStartActivity(Instrumentation.java:1379)
E/AndroidRuntime(14068): 	at android.app.Activity.startActivityForResult(Activity.java:2827)
E/AndroidRuntime(14068): 	at android.app.Activity.startActivity(Activity.java:2933)
E/AndroidRuntime(14068): 	at com.crazyj36.apiplaygroundanysdk.MainActivity$10.onItemClick(MainActivity.java:325)
E/AndroidRuntime(14068): 	at android.widget.AdapterView.performItemClick(AdapterView.java:284)
E/AndroidRuntime(14068): 	at android.widget.ListView.performItemClick(ListView.java:3513)
E/AndroidRuntime(14068): 	at android.widget.AbsListView$PerformClick.run(AbsListView.java:2621)
E/AndroidRuntime(14068): 	at android.os.Handler.handleCallback(Handler.java:587)
E/AndroidRuntime(14068): 	at android.os.Handler.dispatchMessage(Handler.java:92)
E/AndroidRuntime(14068): 	at android.os.Looper.loop(Looper.java:130)
E/AndroidRuntime(14068): 	at android.app.ActivityThread.main(ActivityThread.java:3694)
E/AndroidRuntime(14068): 	at java.lang.reflect.Method.invokeNative(Native Method)
E/AndroidRuntime(14068): 	at java.lang.reflect.Method.invoke(Method.java:507)
E/AndroidRuntime(14068): 	at com.android.internal.os.ZygoteInit$MethodAndArgsCaller.run(ZygoteInit.java:895)
E/AndroidRuntime(14068): 	at com.android.internal.os.ZygoteInit.main(ZygoteInit.java:653)
E/AndroidRuntime(14068): 	at dalvik.system.NativeStart.main(Native Method)
W/ActivityManager(  305):   Force finishing activity com.crazyj36.apiplaygroundanysdk/.MainActivity
W/ActivityManager(  305): Activity pause timeout for HistoryRecord{40a7d580 com.crazyj36.apiplaygroundanysdk/.MainActivity}
D/Launcher.Workspace( 3357): [Workspace.java:2036:hideWallpaper()] Show wallpaper
D/Launcher.Workspace( 3357): [Workspace.java:2034:hideWallpaper()] Hide wallpaper
E/ActivityThread( 3357): Failed to find provider info for com.lge.providers.lgemail
E/ActivityThread( 3357): Failed to find provider info for com.android.whatsnew
E/InputDispatcher(  305): channel '40b2ef78 com.crazyj36.apiplaygroundanysdk/com.crazyj36.apiplaygroundanysdk.MainActivity (server)' ~ Consumer closed input channel or an error occurred.  events=0x8
E/InputDispatcher(  305): channel '40b2ef78 com.crazyj36.apiplaygroundanysdk/com.crazyj36.apiplaygroundanysdk.MainActivity (server)' ~ Channel is unrecoverably broken and will be disposed!
I/ActivityManager(  305): Process com.crazyj36.apiplaygroundanysdk (pid 14068) has died.
I/WindowManager(  305): WIN DEATH: Window{40b2ef78 com.crazyj36.apiplaygroundanysdk/com.crazyj36.apiplaygroundanysdk.MainActivity paused=false}
E/JavaBinder(  305): Transact on 0x6647c0 in Java object 0x40ae0ba0 with code 3 failed
E/JavaBinder(  305): Transact on 0x6647c0 in Java object 0x40ae0ba0 with code 4 failed
E/JavaBinder(  464): Transact on 0x6de970 in Java object 0x406a9438 with code 15 failed
I/#LGIME  (  464): [Glog.java:35:i()] #### onStartInput restarting : false / inputType : 0
W/InputManagerService(  305): Got RemoteException sending setActive(false) notification to pid 14068 uid 10000
