--------- beginning of main
11-05 00:59:11.840   698   698 E thermal_src: ERROR, recvmsg expect 5, but get 2 
11-05 00:59:12.001   668   693 D AAL     : 11-05 12:59:11.955 BL=  55,ESS= 256, 11-05 12:59:11.984 BL=  56,ESS= 256, 
--------- beginning of system
11-05 00:59:12.334  1032  1282 D WindowManager: interceptKeyTq keycode=19 down=true injected=false mDisplayState=2 interactive=true keyguardActive=false flags=0x8 policyFlags=22001001
11-05 00:59:12.336  1032  1281 D WindowManager: interceptKeyTi keyCode=19 down=true repeatCount=0 keyguardOn=false mHomePressed=false canceled=false flags=0x8
11-05 00:59:12.336 18924 18924 I ViewRootImpl: ViewRoot's KeyEvent { action=ACTION_DOWN, keyCode=KEYCODE_DPAD_UP, scanCode=103, metaState=0, flags=0x8, repeatCount=0, eventTime=99817923, downTime=99817923, deviceId=9, source=0x101 } to DecorView@2139ebf[TermuxActivity]
11-05 00:59:12.366   492   492 I DisplayDevice: [Built-in Screen (type:0)] fps:3.035198,dur:1317.87,max:412.55,min:246.23
11-05 00:59:12.394   697   697 I thermal_repeater: [recvMdThermalInfo] ret=31, strLen=127,  3, 46, -127, -22945, 32767, -1
11-05 00:59:12.424  1032  1282 D WindowManager: interceptKeyTq keycode=19 down=false injected=false mDisplayState=2 interactive=true keyguardActive=false flags=0x8 policyFlags=22000000
11-05 00:59:12.424  1032  1281 D WindowManager: interceptKeyTi keyCode=19 down=false repeatCount=0 keyguardOn=false mHomePressed=false canceled=false flags=0x8
11-05 00:59:12.425 18924 18924 I ViewRootImpl: ViewRoot's KeyEvent { action=ACTION_UP, keyCode=KEYCODE_DPAD_UP, scanCode=103, metaState=0, flags=0x8, repeatCount=0, eventTime=99818013, downTime=99817923, deviceId=9, source=0x101 } to DecorView@2139ebf[TermuxActivity]
11-05 00:59:12.696  1032  1282 D WindowManager: interceptKeyTq keycode=67 down=true injected=false mDisplayState=2 interactive=true keyguardActive=false flags=0x8 policyFlags=22001001
11-05 00:59:12.700  1032  1281 D WindowManager: interceptKeyTi keyCode=67 down=true repeatCount=0 keyguardOn=false mHomePressed=false canceled=false flags=0x8
11-05 00:59:12.701 18924 18924 I ViewRootImpl: ViewRoot's KeyEvent { action=ACTION_DOWN, keyCode=KEYCODE_DEL, scanCode=14, metaState=0, flags=0x8, repeatCount=0, eventTime=99818286, downTime=99818286, deviceId=9, source=0x101 } to DecorView@2139ebf[TermuxActivity]
11-05 00:59:12.784  1032  1282 D WindowManager: interceptKeyTq keycode=67 down=false injected=false mDisplayState=2 interactive=true keyguardActive=false flags=0x8 policyFlags=22000000
11-05 00:59:12.790  1032  1281 D WindowManager: interceptKeyTi keyCode=67 down=false repeatCount=0 keyguardOn=false mHomePressed=false canceled=false flags=0x8
11-05 00:59:12.790 18924 18924 I ViewRootImpl: ViewRoot's KeyEvent { action=ACTION_UP, keyCode=KEYCODE_DEL, scanCode=14, metaState=0, flags=0x8, repeatCount=0, eventTime=99818374, downTime=99818286, deviceId=9, source=0x101 } to DecorView@2139ebf[TermuxActivity]
11-05 00:59:12.845   698   698 E thermal_src: ERROR, recvmsg expect 5, but get 2 
11-05 00:59:12.874  1032  1282 D WindowManager: interceptKeyTq keycode=67 down=true injected=false mDisplayState=2 interactive=true keyguardActive=false flags=0x8 policyFlags=22001001
11-05 00:59:12.876  1032  1281 D WindowManager: interceptKeyTi keyCode=67 down=true repeatCount=0 keyguardOn=false mHomePressed=false canceled=false flags=0x8
11-05 00:59:12.877 18924 18924 I ViewRootImpl: ViewRoot's KeyEvent { action=ACTION_DOWN, keyCode=KEYCODE_DEL, scanCode=14, metaState=0, flags=0x8, repeatCount=0, eventTime=99818464, downTime=99818464, deviceId=9, source=0x101 } to DecorView@2139ebf[TermuxActivity]
11-05 00:59:12.945  1032  1282 D WindowManager: interceptKeyTq keycode=67 down=false injected=false mDisplayState=2 interactive=true keyguardActive=false flags=0x8 policyFlags=22000000
11-05 00:59:12.945  1032  1281 D WindowManager: interceptKeyTi keyCode=67 down=false repeatCount=0 keyguardOn=false mHomePressed=false canceled=false flags=0x8
11-05 00:59:12.953 18924 18924 I ViewRootImpl: ViewRoot's KeyEvent { action=ACTION_UP, keyCode=KEYCODE_DEL, scanCode=14, metaState=0, flags=0x8, repeatCount=0, eventTime=99818534, downTime=99818464, deviceId=9, source=0x101 } to DecorView@2139ebf[TermuxActivity]
11-05 00:59:12.983   456   456 I WifiHAL : Get link stats
11-05 00:59:12.984   456   456 E android.hardware.wifi@1.0-service: Invalid radio stats in link layer stats
11-05 00:59:13.032  1032  1282 D WindowManager: interceptKeyTq keycode=67 down=true injected=false mDisplayState=2 interactive=true keyguardActive=false flags=0x8 policyFlags=22001001
11-05 00:59:13.034  1032  1281 D WindowManager: interceptKeyTi keyCode=67 down=true repeatCount=0 keyguardOn=false mHomePressed=false canceled=false flags=0x8
11-05 00:59:13.035 18924 18924 I ViewRootImpl: ViewRoot's KeyEvent { action=ACTION_DOWN, keyCode=KEYCODE_DEL, scanCode=14, metaState=0, flags=0x8, repeatCount=0, eventTime=99818621, downTime=99818621, deviceId=9, source=0x101 } to DecorView@2139ebf[TermuxActivity]
11-05 00:59:13.077  1032  1282 D WindowManager: interceptKeyTq keycode=67 down=false injected=false mDisplayState=2 interactive=true keyguardActive=false flags=0x8 policyFlags=22000000
11-05 00:59:13.077  1032  1281 D WindowManager: interceptKeyTi keyCode=67 down=false repeatCount=0 keyguardOn=false mHomePressed=false canceled=false flags=0x8
11-05 00:59:13.078 18924 18924 I ViewRootImpl: ViewRoot's KeyEvent { action=ACTION_UP, keyCode=KEYCODE_DEL, scanCode=14, metaState=0, flags=0x8, repeatCount=0, eventTime=99818666, downTime=99818621, deviceId=9, source=0x101 } to DecorView@2139ebf[TermuxActivity]
11-05 00:59:13.851   698   698 E thermal_src: ERROR, recvmsg expect 5, but get 2 
11-05 00:59:13.871  1032  1282 D WindowManager: interceptKeyTq keycode=62 down=true injected=false mDisplayState=2 interactive=true keyguardActive=false flags=0x8 policyFlags=22001001
11-05 00:59:13.875  1032  1281 D WindowManager: interceptKeyTi keyCode=62 down=true repeatCount=0 keyguardOn=false mHomePressed=false canceled=false flags=0x8
11-05 00:59:13.876 18924 18924 I ViewRootImpl: ViewRoot's KeyEvent { action=ACTION_DOWN, keyCode=KEYCODE_SPACE, scanCode=57, metaState=0, flags=0x8, repeatCount=0, eventTime=99819460, downTime=99819460, deviceId=9, source=0x101 } to DecorView@2139ebf[TermuxActivity]
11-05 00:59:13.956   492   492 I DisplayDevice: [Built-in Screen (type:0)] fps:2.516778,dur:1589.33,max:863.86,min:131.79
11-05 00:59:13.978  1032  1282 D WindowManager: interceptKeyTq keycode=62 down=false injected=false mDisplayState=2 interactive=true keyguardActive=false flags=0x8 policyFlags=22000000
11-05 00:59:13.979  1032  1281 D WindowManager: interceptKeyTi keyCode=62 down=false repeatCount=0 keyguardOn=false mHomePressed=false canceled=false flags=0x8
11-05 00:59:13.980 18924 18924 I ViewRootImpl: ViewRoot's KeyEvent { action=ACTION_UP, keyCode=KEYCODE_SPACE, scanCode=57, metaState=0, flags=0x8, repeatCount=0, eventTime=99819567, downTime=99819460, deviceId=9, source=0x101 } to DecorView@2139ebf[TermuxActivity]
11-05 00:59:14.009  1032  1319 V WifiServerServiceExt: checkPollTimer Cnt= 0 rssi =-50 threshold=-100
11-05 00:59:14.251  1032  1282 D WindowManager: interceptKeyTq keycode=59 down=true injected=false mDisplayState=2 interactive=true keyguardActive=false flags=0x8 policyFlags=22001001
11-05 00:59:14.256  1032  1281 D WindowManager: interceptKeyTi keyCode=59 down=true repeatCount=0 keyguardOn=false mHomePressed=false canceled=false flags=0x8
11-05 00:59:14.257 18924 18924 I ViewRootImpl: ViewRoot's KeyEvent { action=ACTION_DOWN, keyCode=KEYCODE_SHIFT_LEFT, scanCode=42, metaState=META_SHIFT_ON|META_SHIFT_LEFT_ON, flags=0x8, repeatCount=0, eventTime=99819840, downTime=99819840, deviceId=9, source=0x101 } to DecorView@2139ebf[TermuxActivity]
11-05 00:59:14.338  1032  1282 D WindowManager: interceptKeyTq keycode=56 down=true injected=false mDisplayState=2 interactive=true keyguardActive=false flags=0x8 policyFlags=22001001
11-05 00:59:14.340  1032  1281 D WindowManager: interceptKeyTi keyCode=56 down=true repeatCount=0 keyguardOn=false mHomePressed=false canceled=false flags=0x8
11-05 00:59:14.340 18924 18924 I ViewRootImpl: ViewRoot's KeyEvent { action=ACTION_DOWN, keyCode=KEYCODE_PERIOD, scanCode=52, metaState=META_SHIFT_ON|META_SHIFT_LEFT_ON, flags=0x8, repeatCount=0, eventTime=99819928, downTime=99819928, deviceId=9, source=0x101 } to DecorView@2139ebf[TermuxActivity]
11-05 00:59:14.431  1032  1282 D WindowManager: interceptKeyTq keycode=56 down=false injected=false mDisplayState=2 interactive=true keyguardActive=false flags=0x8 policyFlags=22000000
11-05 00:59:14.433  1032  1281 D WindowManager: interceptKeyTi keyCode=56 down=false repeatCount=0 keyguardOn=false mHomePressed=false canceled=false flags=0x8
11-05 00:59:14.435 18924 18924 I ViewRootImpl: ViewRoot's KeyEvent { action=ACTION_UP, keyCode=KEYCODE_PERIOD, scanCode=52, metaState=META_SHIFT_ON|META_SHIFT_LEFT_ON, flags=0x8, repeatCount=0, eventTime=99820020, downTime=99819928, deviceId=9, source=0x101 } to DecorView@2139ebf[TermuxActivity]
11-05 00:59:14.481  1032  1282 D WindowManager: interceptKeyTq keycode=59 down=false injected=false mDisplayState=2 interactive=true keyguardActive=false flags=0x8 policyFlags=22000000
11-05 00:59:14.481  1032  1281 D WindowManager: interceptKeyTi keyCode=59 down=false repeatCount=0 keyguardOn=false mHomePressed=false canceled=false flags=0x8
11-05 00:59:14.492   684   903 D NetlinkEvent: Unexpected netlink message type 52
11-05 00:59:14.493 18924 18924 I ViewRootImpl: ViewRoot's KeyEvent { action=ACTION_UP, keyCode=KEYCODE_SHIFT_LEFT, scanCode=42, metaState=0, flags=0x8, repeatCount=0, eventTime=99820070, downTime=99819928, deviceId=9, source=0x101 } to DecorView@2139ebf[TermuxActivity]
11-05 00:59:14.494  1032  1084 D NetworkManagement: InterfaceAddressChange valid=3600
11-05 00:59:14.496  1032  1084 D NetworkManagement: InterfaceAddressChange valid=3600
11-05 00:59:14.539  1032  1282 D WindowManager: interceptKeyTq keycode=62 down=true injected=false mDisplayState=2 interactive=true keyguardActive=false flags=0x8 policyFlags=22001001
11-05 00:59:14.541  1032  1281 D WindowManager: interceptKeyTi keyCode=62 down=true repeatCount=0 keyguardOn=false mHomePressed=false canceled=false flags=0x8
11-05 00:59:14.541 18924 18924 I ViewRootImpl: ViewRoot's KeyEvent { action=ACTION_DOWN, keyCode=KEYCODE_SPACE, scanCode=57, metaState=0, flags=0x8, repeatCount=0, eventTime=99820129, downTime=99820129, deviceId=9, source=0x101 } to DecorView@2139ebf[TermuxActivity]
11-05 00:59:14.652  1032  1282 D WindowManager: interceptKeyTq keycode=62 down=false injected=false mDisplayState=2 interactive=true keyguardActive=false flags=0x8 policyFlags=22000000
11-05 00:59:14.653  1032  1281 D WindowManager: interceptKeyTi keyCode=62 down=false repeatCount=0 keyguardOn=false mHomePressed=false canceled=false flags=0x8
11-05 00:59:14.654 18924 18924 I ViewRootImpl: ViewRoot's KeyEvent { action=ACTION_UP, keyCode=KEYCODE_SPACE, scanCode=57, metaState=0, flags=0x8, repeatCount=0, eventTime=99820241, downTime=99820129, deviceId=9, source=0x101 } to DecorView@2139ebf[TermuxActivity]
11-05 00:59:14.673  1032  1282 D WindowManager: interceptKeyTq keycode=40 down=true injected=false mDisplayState=2 interactive=true keyguardActive=false flags=0x8 policyFlags=22001001
11-05 00:59:14.674  1032  1281 D WindowManager: interceptKeyTi keyCode=40 down=true repeatCount=0 keyguardOn=false mHomePressed=false canceled=false flags=0x8
11-05 00:59:14.675 18924 18924 I ViewRootImpl: ViewRoot's KeyEvent { action=ACTION_DOWN, keyCode=KEYCODE_L, scanCode=38, metaState=0, flags=0x8, repeatCount=0, eventTime=99820263, downTime=99820263, deviceId=9, source=0x101 } to DecorView@2139ebf[TermuxActivity]
11-05 00:59:14.742  1032  1282 D WindowManager: interceptKeyTq keycode=40 down=false injected=false mDisplayState=2 interactive=true keyguardActive=false flags=0x8 policyFlags=22000000
11-05 00:59:14.742  1032  1281 D WindowManager: interceptKeyTi keyCode=40 down=false repeatCount=0 keyguardOn=false mHomePressed=false canceled=false flags=0x8
11-05 00:59:14.743 18924 18924 I ViewRootImpl: ViewRoot's KeyEvent { action=ACTION_UP, keyCode=KEYCODE_L, scanCode=38, metaState=0, flags=0x8, repeatCount=0, eventTime=99820331, downTime=99820263, deviceId=9, source=0x101 } to DecorView@2139ebf[TermuxActivity]
11-05 00:59:14.832  1032  1282 D WindowManager: interceptKeyTq keycode=43 down=true injected=false mDisplayState=2 interactive=true keyguardActive=false flags=0x8 policyFlags=22001001
11-05 00:59:14.835  1032  1281 D WindowManager: interceptKeyTi keyCode=43 down=true repeatCount=0 keyguardOn=false mHomePressed=false canceled=false flags=0x8
11-05 00:59:14.835 18924 18924 I ViewRootImpl: ViewRoot's KeyEvent { action=ACTION_DOWN, keyCode=KEYCODE_O, scanCode=24, metaState=0, flags=0x8, repeatCount=0, eventTime=99820421, downTime=99820421, deviceId=9, source=0x101 } to DecorView@2139ebf[TermuxActivity]
11-05 00:59:14.854   698   698 E thermal_src: ERROR, recvmsg expect 5, but get 2 
11-05 00:59:14.922  1032  1282 D WindowManager: interceptKeyTq keycode=43 down=false injected=false mDisplayState=2 interactive=true keyguardActive=false flags=0x8 policyFlags=22000000
11-05 00:59:14.922  1032  1282 D WindowManager: interceptKeyTq keycode=35 down=true injected=false mDisplayState=2 interactive=true keyguardActive=false flags=0x8 policyFlags=22001001
11-05 00:59:14.922  1032  1281 D WindowManager: interceptKeyTi keyCode=43 down=false repeatCount=0 keyguardOn=false mHomePressed=false canceled=false flags=0x8
11-05 00:59:14.923 18924 18924 I ViewRootImpl: ViewRoot's KeyEvent { action=ACTION_UP, keyCode=KEYCODE_O, scanCode=24, metaState=0, flags=0x8, repeatCount=0, eventTime=99820511, downTime=99820421, deviceId=9, source=0x101 } to DecorView@2139ebf[TermuxActivity]
11-05 00:59:14.923  1032  1281 D WindowManager: interceptKeyTi keyCode=35 down=true repeatCount=0 keyguardOn=false mHomePressed=false canceled=false flags=0x8
11-05 00:59:14.923 18924 18924 I ViewRootImpl: ViewRoot's KeyEvent { action=ACTION_DOWN, keyCode=KEYCODE_G, scanCode=34, metaState=0, flags=0x8, repeatCount=0, eventTime=99820511, downTime=99820511, deviceId=9, source=0x101 } to DecorView@2139ebf[TermuxActivity]
11-05 00:59:14.967  1032  1282 D WindowManager: interceptKeyTq keycode=35 down=false injected=false mDisplayState=2 interactive=true keyguardActive=false flags=0x8 policyFlags=22000000
11-05 00:59:14.969  1032  1281 D WindowManager: interceptKeyTi keyCode=35 down=false repeatCount=0 keyguardOn=false mHomePressed=false canceled=false flags=0x8
11-05 00:59:14.970 18924 18924 I ViewRootImpl: ViewRoot's KeyEvent { action=ACTION_UP, keyCode=KEYCODE_G, scanCode=34, metaState=0, flags=0x8, repeatCount=0, eventTime=99820556, downTime=99820511, deviceId=9, source=0x101 } to DecorView@2139ebf[TermuxActivity]
11-05 00:59:14.972   492   492 I DisplayDevice: [Built-in Screen (type:0)] fps:4.918206,dur:1016.63,max:558.33,min:66.93
11-05 00:59:15.079  1032  1282 D WindowManager: interceptKeyTq keycode=56 down=true injected=false mDisplayState=2 interactive=true keyguardActive=false flags=0x8 policyFlags=22001001
11-05 00:59:15.080  1032  1281 D WindowManager: interceptKeyTi keyCode=56 down=true repeatCount=0 keyguardOn=false mHomePressed=false canceled=false flags=0x8
11-05 00:59:15.081 18924 18924 I ViewRootImpl: ViewRoot's KeyEvent { action=ACTION_DOWN, keyCode=KEYCODE_PERIOD, scanCode=52, metaState=0, flags=0x8, repeatCount=0, eventTime=99820668, downTime=99820668, deviceId=9, source=0x101 } to DecorView@2139ebf[TermuxActivity]
11-05 00:59:15.169  1032  1282 D WindowManager: interceptKeyTq keycode=56 down=false injected=false mDisplayState=2 interactive=true keyguardActive=false flags=0x8 policyFlags=22000000
11-05 00:59:15.170  1032  1281 D WindowManager: interceptKeyTi keyCode=56 down=false repeatCount=0 keyguardOn=false mHomePressed=false canceled=false flags=0x8
11-05 00:59:15.170 18924 18924 I ViewRootImpl: ViewRoot's KeyEvent { action=ACTION_UP, keyCode=KEYCODE_PERIOD, scanCode=52, metaState=0, flags=0x8, repeatCount=0, eventTime=99820759, downTime=99820668, deviceId=9, source=0x101 } to DecorView@2139ebf[TermuxActivity]
11-05 00:59:15.214  1032  1282 D WindowManager: interceptKeyTq keycode=48 down=true injected=false mDisplayState=2 interactive=true keyguardActive=false flags=0x8 policyFlags=22001001
11-05 00:59:15.217  1032  1281 D WindowManager: interceptKeyTi keyCode=48 down=true repeatCount=0 keyguardOn=false mHomePressed=false canceled=false flags=0x8
11-05 00:59:15.218 18924 18924 I ViewRootImpl: ViewRoot's KeyEvent { action=ACTION_DOWN, keyCode=KEYCODE_T, scanCode=20, metaState=0, flags=0x8, repeatCount=0, eventTime=99820803, downTime=99820803, deviceId=9, source=0x101 } to DecorView@2139ebf[TermuxActivity]
11-05 00:59:15.303  1032  1282 D WindowManager: interceptKeyTq keycode=48 down=false injected=false mDisplayState=2 interactive=true keyguardActive=false flags=0x8 policyFlags=22000000
11-05 00:59:15.304  1032  1281 D WindowManager: interceptKeyTi keyCode=48 down=false repeatCount=0 keyguardOn=false mHomePressed=false canceled=false flags=0x8
11-05 00:59:15.304 18924 18924 I ViewRootImpl: ViewRoot's KeyEvent { action=ACTION_UP, keyCode=KEYCODE_T, scanCode=20, metaState=0, flags=0x8, repeatCount=0, eventTime=99820893, downTime=99820803, deviceId=9, source=0x101 } to DecorView@2139ebf[TermuxActivity]
11-05 00:59:15.372  1032  1282 D WindowManager: interceptKeyTq keycode=52 down=true injected=false mDisplayState=2 interactive=true keyguardActive=false flags=0x8 policyFlags=22001001
11-05 00:59:15.375  1032  1281 D WindowManager: interceptKeyTi keyCode=52 down=true repeatCount=0 keyguardOn=false mHomePressed=false canceled=false flags=0x8
11-05 00:59:15.376 18924 18924 I ViewRootImpl: ViewRoot's KeyEvent { action=ACTION_DOWN, keyCode=KEYCODE_X, scanCode=45, metaState=0, flags=0x8, repeatCount=0, eventTime=99820961, downTime=99820961, deviceId=9, source=0x101 } to DecorView@2139ebf[TermuxActivity]
11-05 00:59:15.417  1032  1282 D WindowManager: interceptKeyTq keycode=48 down=true injected=false mDisplayState=2 interactive=true keyguardActive=false flags=0x8 policyFlags=22001001
11-05 00:59:15.418  1032  1281 D WindowManager: interceptKeyTi keyCode=48 down=true repeatCount=0 keyguardOn=false mHomePressed=false canceled=false flags=0x8
11-05 00:59:15.431 18924 18924 I ViewRootImpl: ViewRoot's KeyEvent { action=ACTION_DOWN, keyCode=KEYCODE_T, scanCode=20, metaState=0, flags=0x8, repeatCount=0, eventTime=99821006, downTime=99821006, deviceId=9, source=0x101 } to DecorView@2139ebf[TermuxActivity]
11-05 00:59:15.484  1032  1282 D WindowManager: interceptKeyTq keycode=52 down=false injected=false mDisplayState=2 interactive=true keyguardActive=false flags=0x8 policyFlags=22000000
11-05 00:59:15.485  1032  1281 D WindowManager: interceptKeyTi keyCode=52 down=false repeatCount=0 keyguardOn=false mHomePressed=false canceled=false flags=0x8
11-05 00:59:15.486 18924 18924 I ViewRootImpl: ViewRoot's KeyEvent { action=ACTION_UP, keyCode=KEYCODE_X, scanCode=45, metaState=0, flags=0x8, repeatCount=0, eventTime=99821074, downTime=99821006, deviceId=9, source=0x101 } to DecorView@2139ebf[TermuxActivity]
11-05 00:59:15.506  1032  1282 D WindowManager: interceptKeyTq keycode=48 down=false injected=false mDisplayState=2 interactive=true keyguardActive=false flags=0x8 policyFlags=22000000
11-05 00:59:15.506  1032  1281 D WindowManager: interceptKeyTi keyCode=48 down=false repeatCount=0 keyguardOn=false mHomePressed=false canceled=false flags=0x8
11-05 00:59:15.507 18924 18924 I ViewRootImpl: ViewRoot's KeyEvent { action=ACTION_UP, keyCode=KEYCODE_T, scanCode=20, metaState=0, flags=0x8, repeatCount=0, eventTime=99821095, downTime=99821006, deviceId=9, source=0x101 } to DecorView@2139ebf[TermuxActivity]
11-05 00:59:15.517   698   698 E thermal_src: ERROR, recvmsg expect 5, but get 2 
11-05 00:59:15.844  1032  1282 D WindowManager: interceptKeyTq keycode=66 down=true injected=false mDisplayState=2 interactive=true keyguardActive=false flags=0x8 policyFlags=22001001
11-05 00:59:15.848  1032  1281 D WindowManager: interceptKeyTi keyCode=66 down=true repeatCount=0 keyguardOn=false mHomePressed=false canceled=false flags=0x8
11-05 00:59:15.848 18924 18924 I ViewRootImpl: ViewRoot's KeyEvent { action=ACTION_DOWN, keyCode=KEYCODE_ENTER, scanCode=28, metaState=0, flags=0x8, repeatCount=0, eventTime=99821433, downTime=99821433, deviceId=9, source=0x101 } to DecorView@2139ebf[TermuxActivity]
11-05 00:59:15.857   698   698 E thermal_src: ERROR, recvmsg expect 5, but get 2 
11-05 00:59:15.912  1032  1282 D WindowManager: interceptKeyTq keycode=66 down=false injected=false mDisplayState=2 interactive=true keyguardActive=false flags=0x8 policyFlags=22000000
11-05 00:59:15.913  1032  1281 D WindowManager: interceptKeyTi keyCode=66 down=false repeatCount=0 keyguardOn=false mHomePressed=false canceled=false flags=0x8
11-05 00:59:15.913 18924 18924 I ViewRootImpl: ViewRoot's KeyEvent { action=ACTION_UP, keyCode=KEYCODE_ENTER, scanCode=28, metaState=0, flags=0x8, repeatCount=0, eventTime=99821502, downTime=99821433, deviceId=9, source=0x101 } to DecorView@2139ebf[TermuxActivity]
11-05 00:59:15.990   456   456 I WifiHAL : Get link stats
11-05 00:59:15.991   456   456 E android.hardware.wifi@1.0-service: Invalid radio stats in link layer stats
11-05 00:59:16.550  1032  1282 D InputDispatcher: notifyMotion - action=ACTION_DOWN(0), id=0, pressure=0.173, tooltype=1, deviceId=3, source=0x1002, policyFlags=0x0, flags=0x0, metaState=0x0, buttonState=0x0, edgeFlags=0x0, eventTime=99822139652000, downTime=99822139652000, 
11-05 00:59:16.551  1032  1281 D InputTransport: channel '297af4f NavigationBar (server)' : action=ACTION_DOWN(0), id=0, tooltype=1, deviceId=3, source=0x1002, flags=0x0, edgeFlags=0x0, metaState=0x0, buttonState=0x0, downTime=99822139652000, eventTime=99822139652000, pointerCount=1
11-05 00:59:16.551  1400  1400 I ViewRootImpl: ViewRoot's Touch Event : ACTION_DOWN
11-05 00:59:16.556  1400  1400 I LGKeyButtonView: Navigation Key(3) sendEvent, action : 0, flags : 0, when : 99822146
11-05 00:59:16.557  1032  2220 D WindowManager: interceptKeyTq keycode=3 down=true injected=true mDisplayState=2 interactive=true keyguardActive=false flags=0x48 policyFlags=2b000002
11-05 00:59:16.563  1032  1281 D WindowManager: interceptKeyTi keyCode=3 down=true repeatCount=0 keyguardOn=false mHomePressed=false canceled=false flags=0x48
11-05 00:59:16.565  1808 17255 D TeleService: OtaspCallManager: isOtaSpActive is false only
11-05 00:59:16.587   492   492 I DisplayDevice: [Built-in Screen (type:0)] fps:3.716538,dur:1614.41,max:675.37,min:32.74
11-05 00:59:16.632  1032  1282 D InputDispatcher: notifyMotion - action=ACTION_UP(0), id=0, pressure=0.173, tooltype=1, deviceId=3, source=0x1002, policyFlags=0x0, flags=0x0, metaState=0x0, buttonState=0x0, edgeFlags=0x0, eventTime=99822221963000, downTime=99822139652000, 
11-05 00:59:16.632  1032  1281 D InputTransport: channel '297af4f NavigationBar (server)' : action=ACTION_UP(0), id=0, tooltype=1, deviceId=3, source=0x1002, flags=0x0, edgeFlags=0x0, metaState=0x0, buttonState=0x0, downTime=99822139652000, eventTime=99822221963000, pointerCount=1
11-05 00:59:16.634  1400  1400 I ViewRootImpl: ViewRoot's Touch Event : ACTION_UP
11-05 00:59:16.634  1400  1400 I StatusBar/NavBarView: OneHandMiniViewController, onFling: velocityX =  -370.9487, distance = 17.0
11-05 00:59:16.641  1400  1400 I LGKeyButtonView: Navigation Key(3) sendEvent, action : 1, flags : 0, when : 99822230
11-05 00:59:16.641   484   512 I vendor.mediatek.hardware.power@1.1-impl: scnEnable hdl:42, timeout:300
11-05 00:59:16.642  1032  2220 D WindowManager: interceptKeyTq keycode=3 down=false injected=true mDisplayState=2 interactive=true keyguardActive=false flags=0x48 policyFlags=2b000002
11-05 00:59:16.642   484   511 I powerd  : [powerd_req] POWER_MSG_SCN_ENABLE: hdl:42, timeout:300
11-05 00:59:16.642   484   511 I libPerfService: perfUserScnEnable - handle:42
11-05 00:59:16.643   484   511 I libPerfService: 42: legacy set freq: -1 -1 1508000 -1
11-05 00:59:16.646  1032  1281 D WindowManager: interceptKeyTi keyCode=3 down=false repeatCount=0 keyguardOn=false mHomePressed=true canceled=false flags=0x48
11-05 00:59:16.648  1808 17255 D TeleService: OtaspCallManager: isOtaSpActive is false only
11-05 00:59:16.654  1400  1400 I vol.Events: writeEvent dismiss_dialog volume_controller
11-05 00:59:16.655  1400  1400 I QSlideTray: onReceive = android.intent.action.CLOSE_SYSTEM_DIALOGS
11-05 00:59:16.658  1400  1400 I VideoQualityHandler: onReceive = android.intent.action.CLOSE_SYSTEM_DIALOGScom.lge.gametools.GameToolsItemView{27b5e73 VFE...C.. .......D 0,339-465,452}
11-05 00:59:16.658  1400  1400 I HideHomeTouchButtonsHandler: onReceive = android.intent.action.CLOSE_SYSTEM_DIALOGS
11-05 00:59:16.659  1400  1400 I GameToolsWindow: onReceive = android.intent.action.CLOSE_SYSTEM_DIALOGS reason = homekey
11-05 00:59:16.659  1400  1400 I GameToolsWindow: Force Hide
11-05 00:59:16.660  1400  1655 I AbsQuickSettingsHandlerBase: Got action android.intent.action.CLOSE_SYSTEM_DIALOGS for SYNC
11-05 00:59:16.660  1400  1655 I AbsQuickSettingsHandlerBase: Got action android.intent.action.CLOSE_SYSTEM_DIALOGS for DATA
11-05 00:59:16.660  1400  1655 I AbsQuickSettingsHandlerBase: Got action android.intent.action.CLOSE_SYSTEM_DIALOGS for LOCATION
11-05 00:59:16.660  1400  1655 I AbsQuickSettingsHandlerBase: Got action android.intent.action.CLOSE_SYSTEM_DIALOGS for AIRPLANE
11-05 00:59:16.661  1400  1400 I FullScreenDialog: onReceive = android.intent.action.CLOSE_SYSTEM_DIALOGS
11-05 00:59:16.661  1032  1032 D LGGlobalActions: onReceive = android.intent.action.CLOSE_SYSTEM_DIALOGS
11-05 00:59:16.661  1032  1065 D LGGlobalActions: handleMessage = 0
11-05 00:59:16.661  1032  1065 D LGGlobalActions: handleMessage = 10
11-05 00:59:16.661  1032  1065 D LGGlobalActions: handleMessage = 12
11-05 00:59:16.668   484   511 I libPerfService: 42: legacy set: -1 -1 4 -1
11-05 00:59:16.673  1032  1281 I ActivityManager: START u0 {act=android.intent.action.MAIN cat=[android.intent.category.HOME] flg=0x10200000 cmp=com.teslacoilsw.launcher/.NovaLauncher (has extras)} from uid 1000
11-05 00:59:16.677 11991 28448 D PenService: [activityStarting]
11-05 00:59:16.678   473   473 W PHHandler: [PH] hint id(103) is not supported
11-05 00:59:16.678   696   726 I PowerRM : FIA lock1 locked
11-05 00:59:16.678   696   726 I PowerRM : System FW:1 IC:0 SO:0 GT:1 CAPP:-1 APP:0
11-05 00:59:16.678   484   512 I vendor.mediatek.hardware.power@1.1-impl: scnEnable hdl:39, timeout:3500
11-05 00:59:16.679   484   511 I powerd  : [powerd_req] POWER_MSG_SCN_ENABLE: hdl:39, timeout:3500
11-05 00:59:16.679   484   511 I libPerfService: perfUserScnEnable - handle:39
11-05 00:59:16.680   484   511 I libPerfService: 39: legacy set freq: 1001000 -1 1508000 -1
11-05 00:59:16.684  1032  1281 D InputDispatcher: Focus left window: Window{58664b8 u0 com.termux/com.termux.app.TermuxActivity}
11-05 00:59:16.689   484   511 I libPerfService: 39: legacy set: 3 -1 4 -1
11-05 00:59:16.697 11991 11991 D PenService: [mActivityTriggerHandler] com.teslacoilsw.launcher/com.teslacoilsw.launcher.NovaLauncher
11-05 00:59:16.697  1032  1281 D ActivityManager: setTaskToReturnTo : TaskRecord{44d8aba #2 A=com.teslacoilsw.launcher.NovaLauncher U=0 StackId=0 sz=1} / mTaskToReturnTo = 0
11-05 00:59:16.721  1032  1064 E NotificationService: Suppressing notification from package by user request.
11-05 00:59:16.722  1400  1400 I FullScreenDialog: topPackage is changed to com.teslacoilsw.launcher, so dismiss.
11-05 00:59:16.731  1400  1400 I NavigationThemeResource: notify navigation bar color(0x0)
11-05 00:59:16.732   696   726 I PowerRM : FIA lock1 unlocked
11-05 00:59:16.732   696   726 I PowerRM : System FW:0 IC:0 SO:0 GT:1 CAPP:-1 APP:0
11-05 00:59:16.732   696   726 I PowerRM : System FW:0 IC:0 SO:0 GT:1 CAPP:-1 APP:0
11-05 00:59:16.732   696   726 I PowerRM : Window Changed
11-05 00:59:16.734  1032  2005 D InputDispatcher: Focus entered window: Window{d90f1cf u0 com.teslacoilsw.launcher/com.teslacoilsw.launcher.NovaLauncher}
11-05 00:59:16.777  1808  1808 D TeleService: PhoneInterfaceManager: [PhoneIntfMgr] mSigLevel = 3
11-05 00:59:16.778  1400  1655 I MobileSignalController: isRoaming = false, isCdmaRoaming = false, isLTERoaming = false
11-05 00:59:16.779  1400  1655 I NetworkController: onReceive: intent=Intent { act=android.intent.action.SIG_STR flg=0x10 (has extras) }
11-05 00:59:16.781  1032  2220 D OverlayManager: setEnabled packageName=com.android.systemui.theme.dark enable=true userId=0
11-05 00:59:16.830  1032  2205 I AppWidgetServiceImpl: startListening() 0, callbacks: com.android.internal.appwidget.IAppWidgetHost$Stub$Proxy@a036cdc
11-05 00:59:16.831  1032  2205 I AppWidgetServiceImpl: startListening() com.teslacoilsw.launcher, appWidgetIds: [I@cc891e5
11-05 00:59:16.831  7742 12501 D ViewRootImpl: onChangedNavigationGuardColor(), color: 0
11-05 00:59:16.831  7742  7742 D DecorView: updateNavigationGuardColor navigationGuardColor=0xff000000
11-05 00:59:16.833  6271  6271 W SearchServiceClient: Starting with NO_SESSION handoverId is deprecated. Just don't. You will break.
11-05 00:59:16.833  6271  6271 W SearchServiceClient: com.google.android.apps.gsa.shared.util.common.f: SearchServiceClient: Starting with NO_SESSION handoverId is deprecated. Just don't. You will break.
11-05 00:59:16.833  6271  6271 W SearchServiceClient: 	at com.google.android.apps.gsa.shared.util.common.e.a(SourceFile:43)
11-05 00:59:16.833  6271  6271 W SearchServiceClient: 	at com.google.android.apps.gsa.shared.util.common.e.f(SourceFile:6)
11-05 00:59:16.833  6271  6271 W SearchServiceClient: 	at com.google.android.apps.gsa.search.shared.service.SearchServiceClient.a(SourceFile:119)
11-05 00:59:16.833  6271  6271 W SearchServiceClient: 	at com.google.android.apps.gsa.search.shared.service.SearchServiceClient.me(SourceFile:103)
11-05 00:59:16.833  6271  6271 W SearchServiceClient: 	at com.google.android.hotword.service.c.ag(SourceFile:18)
11-05 00:59:16.833  6271  6271 W SearchServiceClient: 	at com.google.android.hotword.service.d.run(SourceFile:3)
11-05 00:59:16.833  6271  6271 W SearchServiceClient: 	at android.os.Handler.handleCallback(Handler.java:790)
11-05 00:59:16.833  6271  6271 W SearchServiceClient: 	at android.os.Handler.dispatchMessage(Handler.java:99)
11-05 00:59:16.833  6271  6271 W SearchServiceClient: 	at android.os.Looper.loop(Looper.java:164)
11-05 00:59:16.833  6271  6271 W SearchServiceClient: 	at android.app.ActivityThread.main(ActivityThread.java:6651)
11-05 00:59:16.833  6271  6271 W SearchServiceClient: 	at java.lang.reflect.Method.invoke(Native Method)
11-05 00:59:16.833  6271  6271 W SearchServiceClient: 	at com.android.internal.os.RuntimeInit$MethodAndArgsCaller.run(RuntimeInit.java:438)
11-05 00:59:16.833  6271  6271 W SearchServiceClient: 	at com.android.internal.os.ZygoteInit.main(ZygoteInit.java:810)
11-05 00:59:16.838  7742  7742 I HK/LatinKbdBaseView: closing org.pocketworkstation.pckeyboard.LatinKeyboardView{46bde2b V.ED..... ......ID 0,0-1080,510 #7f07000a app:id/LatinkeyboardBaseView}
11-05 00:59:16.839  1400  1400 D StatusBar: setSystemUiVisibility vis=8708 mask=ffffffff oldVal=80008708 newVal=8708 diff=80000000
11-05 00:59:16.839  6271  6271 E PBSessionCacheImpl: sessionId[27581690975194223] not persisted.
11-05 00:59:16.841  6271  5430 I PBSessionCacheImpl: Deleted sessionId[27581690975194223] from persistence.
11-05 00:59:16.845  1400  1400 I NavigationThemeResource: NavigationKey Color is changed(WHITE -> WHITE_WITH_BORDER)
11-05 00:59:16.845  1400  1400 I NavigationThemeResource:  BarMode=4, Theme=WHITE, LightBackground=false (Transparent)
11-05 00:59:16.845  1400  1400 I NavigationThemeResource: , Keyguard show=false, IME shown=false, Bar vertical=false, Panel expanded=false
11-05 00:59:16.846  1032 13183 I WifiService: getWifiEnabledState uid=10070
11-05 00:59:16.849  1400 30787 I SystemServicesProxy: RecentApps has 2 item(s).
11-05 00:59:16.858  1400 30787 D DDTIcon : getIconDrawableAsIconFrameTheme for com.termux@2131296258
11-05 00:59:16.861   698   698 E thermal_src: ERROR, recvmsg expect 5, but get 2 
11-05 00:59:16.862  1400 30787 D DDTIcon : maxBgRes = 0
11-05 00:59:16.864  1032  2005 I WifiService: getWifiEnabledState uid=10070
11-05 00:59:16.864  1400 30787 I SystemServicesProxy: Task.thumbnail loading failed for 145
11-05 00:59:16.881  6271  6271 I MicroDetectionState: Keep running hotword in interactor process
11-05 00:59:16.905  2385  2385 I Timeline: Timeline: Activity_idle id: android.os.BinderProxy@d42c4b8 time:99822495
11-05 00:59:16.963   668   693 D AAL     : 11-05 12:59:16.897 BL=  56,ESS= 257, 11-05 12:59:16.913 BL=  56,ESS= 258, 11-05 12:59:16.930 BL=  56,ESS= 259, 11-05 12:59:16.946 BL=  57,ESS= 260, 11-05 12:59:16.963 BL=  57,ESS= 261, 
11-05 00:59:17.010  1032  1319 V WifiServerServiceExt: checkPollTimer Cnt= 0 rssi =-50 threshold=-100
11-05 00:59:17.045   668   693 D AAL     : 11-05 12:59:16.979 BL=  57,ESS= 262, 11-05 12:59:16.996 BL=  57,ESS= 261, 11-05 12:59:17.012 BL=  58,ESS= 260, 11-05 12:59:17.029 BL=  59,ESS= 259, 11-05 12:59:17.045 BL=  59,ESS= 258, 
11-05 00:59:17.059  1808  1808 D TeleService: CarrierConfigLoader: CarrierConfigLoader - existNodeDb : notSupport
11-05 00:59:17.089  1400  1400 I OperatorTextView: Operator(5) is invalid
11-05 00:59:17.089  1400  1655 I MSimUtils: getDefaultDataPhoneId : 0
11-05 00:59:17.089  2274  2274 I LGRR    : [RRPolicyService] onServiceStateChanged
11-05 00:59:17.090  2274  2274 D LGRR    : [ServiceStateListener] getServiceState() : 0
11-05 00:59:17.090  2274  2274 D LGRR    : [RRPolicyConditionsImpl] DataRegState : 0
11-05 00:59:17.090  2274  2274 D LGRR    : [RRPolicyConditionsImpl] roamType : 0
11-05 00:59:17.090  2274  2274 I LGRR    : [RRPreference] [Restore]ROAMING_TYPE : 0
11-05 00:59:17.090  2274  2274 I LGRR    : [RRPolicyService] ServiceState Not Changed
11-05 00:59:17.091  1400  1400 I MSimUtils: getPhoneId : 0
11-05 00:59:17.092  1400  1400 I MSimUtils: getDefaultDataPhoneId : 0
11-05 00:59:17.093  1808  1808 D ServiceStateProvider: subId=1
11-05 00:59:17.093  1032  1032 D WifiServerServiceExt: mReceiver: ACTION_SERVICE_STATE_CHANGED
11-05 00:59:17.094  1032  1032 D WifiServerServiceExt:  ServiceState: {mVoiceRegState=0(IN_SERVICE), mDataRegState=0(IN_SERVICE), mVoiceRoamingType=home, mDataRoamingType=home, mVoiceOperatorAlphaLong=Boost Mobile, mVoiceOperatorAlphaShort=, mDataOperatorAlphaLong=Boost Mobile, mDataOperatorAlphaShort=, isManualNetworkSelection=false(automatic), mRilVoiceRadioTechnology=6(1xRTT), mRilDataRadioTechnology=14(LTE), mCssIndicator=unsupported, mNetworkId=306, mSystemId=22448, mCdmaRoamingIndicator=1, mCdmaDefaultRoamingIndicator=160, mIsEmergencyOnly=false, mIsDataRoamingFromRegistration=false, mIsUsingCarrierAggregation=false, mLteEarfcnRsrpBoost=0 mIsVoiceSearching=false mIsDataSearching=false mVoiceNetworkName=null mDataNetworkName=null Check64QAM0 Dual carrier0 LTE AdvanceMode0}
11-05 00:59:17.094  1808  1808 I TeleService: SprintGuardUi: [RGuard]getRoamingType() roamingType = 1, roamingIndcation = 1 , curradiotech = 14
11-05 00:59:17.094  1808  1808 I TeleService: SprintGuardUi: handleDataRoamingGuard() iconIndex : 1, iconPrevIndex: 1, roamingType : 1, dataRoaming : false
11-05 00:59:17.094  1808  1808 I TeleService: SprintGuardUi: handleDataRoamingGuard() getRoaming() : false, getVoiceRoaming() : false, getDataRoamingType() : 0, getPhoneType() : 2
11-05 00:59:17.094  1808  1808 I TeleService: SprintGuardUi: handleDataRoamingGuard() roamingIndcation() : 1, curradiotech : 14, roamingdataIndcation : 1, roamingType : 1
11-05 00:59:17.095  1400  1655 I MSimUtils: getDefaultDataPhoneId : 0
11-05 00:59:17.096  1808  1808 V PhoneGlobalsNet: Action intent recieved : android.intent.action.SERVICE_STATE
11-05 00:59:17.098  1808  1808 D ConfigUtils: appliedCarrierFeature() : SPR
11-05 00:59:17.098  1808  1808 D ConfigUtils: OPERATOR : 9
11-05 00:59:17.098  1808  1808 D ConfigUtils: isTargetOperator() : 9
11-05 00:59:17.098  1400  1400 D KeyguardUpdateMonitor: received broadcast android.intent.action.SERVICE_STATE
11-05 00:59:17.099  1400  1400 V KeyguardUpdateMonitor: action android.intent.action.SERVICE_STATE serviceState={mVoiceRegState=0(IN_SERVICE), mDataRegState=0(IN_SERVICE), mVoiceRoamingType=home, mDataRoamingType=home, mVoiceOperatorAlphaLong=Boost Mobile, mVoiceOperatorAlphaShort=, mDataOperatorAlphaLong=Boost Mobile, mDataOperatorAlphaShort=, isManualNetworkSelection=false(automatic), mRilVoiceRadioTechnology=6(1xRTT), mRilDataRadioTechnology=14(LTE), mCssIndicator=unsupported, mNetworkId=306, mSystemId=22448, mCdmaRoamingIndicator=1, mCdmaDefaultRoamingIndicator=160, mIsEmergencyOnly=false, mIsDataRoamingFromRegistration=false, mIsUsingCarrierAggregation=false, mLteEarfcnRsrpBoost=0 mIsVoiceSearching=false mIsDataSearching=false mVoiceNetworkName=null mDataNetworkName=null Check64QAM0 Dual carrier0 LTE AdvanceMode0} subId=1
11-05 00:59:17.099  1808  1808 D PhoneGlobalsNet: subId: 1
11-05 00:59:17.099  1032  1032 D WifiServerServiceExt: currIso : US
11-05 00:59:17.099  1032  1032 I WifiServerServiceExt: VoiceRegState = 0, DataRegState = 0
11-05 00:59:17.099  1032  1032 I WifiServerServiceExt: VoiceRegState = 0, DataRegState = 0
11-05 00:59:17.100  1808  1808 D PhoneGlobalsNet: networksettings : PhoneGlobals.java[469] : handleServiceStateChanged NetworkMode 10
11-05 00:59:17.100  4695  4695 I CarrierServices: [2] ServiceStateReceiver.onReceive: Received SERVICE_STATE intent.
11-05 00:59:17.101  1400  1655 I MSimUtils: getDefaultDataPhoneId : 0
11-05 00:59:17.104  1808  1808 D NetworkSettingBootReceiver: mReceiver: android.intent.action.SERVICE_STATE
11-05 00:59:17.105  1808  1808 D NetworkSettingBootReceiver: getDefaultDataPhoneId : 0
11-05 00:59:17.105  1808  1808 D ConfigUtils: appliedCarrierFeature() : SPR
11-05 00:59:17.105  1400  1655 I MSimUtils: getDefaultDataPhoneId : 0
11-05 00:59:17.106  1808  1808 D ConfigUtils: OPERATOR : 9
11-05 00:59:17.106  1808  1808 D ConfigUtils: isTargetOperator() : 9
11-05 00:59:17.108  1400  1655 I MobileSignalController: mobileLabel_SPCS = Boost Mobile, mobileLabel = Boost Mobile, mInService = true
11-05 00:59:17.110  1400  1655 I MobileSignalController: isRoaming = false, isCdmaRoaming = false, isLTERoaming = false
11-05 00:59:17.110  1400  1655 I NetworkController: onReceive: intent=Intent { act=android.intent.action.SERVICE_STATE flg=0x1000010 (has extras) }
11-05 00:59:17.114  1400  1400 D KeyguardUpdateMonitor: handleServiceStateChange(subId=1, serviceState={mVoiceRegState=0(IN_SERVICE), mDataRegState=0(IN_SERVICE), mVoiceRoamingType=home, mDataRoamingType=home, mVoiceOperatorAlphaLong=Boost Mobile, mVoiceOperatorAlphaShort=, mDataOperatorAlphaLong=Boost Mobile, mDataOperatorAlphaShort=, isManualNetworkSelection=false(automatic), mRilVoiceRadioTechnology=6(1xRTT), mRilDataRadioTechnology=14(LTE), mCssIndicator=unsupported, mNetworkId=306, mSystemId=22448, mCdmaRoamingIndicator=1, mCdmaDefaultRoamingIndicator=160, mIsEmergencyOnly=false, mIsDataRoamingFromRegistration=false, mIsUsingCarrierAggregation=false, mLteEarfcnRsrpBoost=0 mIsVoiceSearching=false mIsDataSearching=false mVoiceNetworkName=null mDataNetworkName=null Check64QAM0 Dual carrier0 LTE AdvanceMode0}
11-05 00:59:17.114  1400  1400 D CarrierText: updateCarrierText(): 1
11-05 00:59:17.115  1400  1400 D CarrierText: Sprint carrierName from getNetworkOperatorName() API
11-05 00:59:17.115  1400  1400 D CarrierText: carrierName = Boost Mobile
11-05 00:59:17.115  1400  1400 D UpdateKeyguardStatus_US_SPR: status =Normal, carrierName = Boost Mobile, slotId =0
11-05 00:59:17.116  1400  1400 W Settings: Setting airplane_mode_on has moved from android.provider.Settings.System to android.provider.Settings.Global, returning read-only value.
11-05 00:59:17.118  1400  1400 D CarrierText: Handling (subId=1) simSate : READY, carrierName : Boost Mobile, carrierTextForSimState : Boost Mobile
11-05 00:59:17.119  1400  1400 D CarrierText: SIM ready and in service: subId=1, ss={mVoiceRegState=0(IN_SERVICE), mDataRegState=0(IN_SERVICE), mVoiceRoamingType=home, mDataRoamingType=home, mVoiceOperatorAlphaLong=Boost Mobile, mVoiceOperatorAlphaShort=, mDataOperatorAlphaLong=Boost Mobile, mDataOperatorAlphaShort=, isManualNetworkSelection=false(automatic), mRilVoiceRadioTechnology=6(1xRTT), mRilDataRadioTechnology=14(LTE), mCssIndicator=unsupported, mNetworkId=306, mSystemId=22448, mCdmaRoamingIndicator=1, mCdmaDefaultRoamingIndicator=160, mIsEmergencyOnly=false, mIsDataRoamingFromRegistration=false, mIsUsingCarrierAggregation=false, mLteEarfcnRsrpBoost=0 mIsVoiceSearching=false mIsDataSearching=false mVoiceNetworkName=null mDataNetworkName=null Check64QAM0 Dual carrier0 LTE AdvanceMode0}
11-05 00:59:17.119  1400  1400 D CarrierText: displayText[0]: Boost Mobile
11-05 00:59:17.210   668   693 D AAL     : 11-05 12:59:17.062 BL=  60,ESS= 257, 11-05 12:59:17.078 BL=  61,ESS= 256, 11-05 12:59:17.128 BL=  62,ESS= 256, 11-05 12:59:17.177 BL=  63,ESS= 256, 11-05 12:59:17.210 BL=  64,ESS= 256, 
11-05 00:59:17.413   484   512 I vendor.mediatek.hardware.power@1.1-impl: scnDisable hdl:39
11-05 00:59:17.426   484   511 I libPerfService: 39: legacy set: -1 -1 -1 -1
11-05 00:59:17.425   668   693 D AAL     : 11-05 12:59:17.260 BL=  65,ESS= 256, 11-05 12:59:17.309 BL=  66,ESS= 256, 11-05 12:59:17.342 BL=  67,ESS= 256, 11-05 12:59:17.392 BL=  68,ESS= 256, 11-05 12:59:17.425 BL=  69,ESS= 256, 
11-05 00:59:17.427   484   511 I libPerfService: 39: legacy set freq: -1 -1 -1 -1
11-05 00:59:17.429   684   903 D NetlinkEvent: Unexpected netlink message type 52
11-05 00:59:17.432  1032  1084 D NetworkManagement: InterfaceAddressChange valid=3600
11-05 00:59:17.512  1032  1047 I zygote  : NativeAlloc concurrent copying GC freed 52330(3MB) AllocSpace objects, 13(516KB) LOS objects, 42% free, 26MB/46MB, paused 268us total 337.355ms
11-05 00:59:17.655  1032  1282 D InputDispatcher: notifyMotion - action=ACTION_DOWN(0), id=0, pressure=0.251, tooltype=1, deviceId=3, source=0x1002, policyFlags=0x0, flags=0x0, metaState=0x0, buttonState=0x0, edgeFlags=0x0, eventTime=99823244929000, downTime=99823244929000, 
11-05 00:59:17.655  1032  1281 D InputTransport: channel 'd90f1cf com.teslacoilsw.launcher/com.teslacoilsw.launcher.NovaLauncher (server)' : action=ACTION_DOWN(0), id=0, tooltype=1, deviceId=3, source=0x1002, flags=0x2, edgeFlags=0x0, metaState=0x0, buttonState=0x0, downTime=99823244929000, eventTime=99823244929000, pointerCount=1
11-05 00:59:17.656  1032  1281 D InputTransport: channel '4edaac6 com.android.systemui.ImageWallpaper (server)' : action=ACTION_DOWN(0), id=0, tooltype=1, deviceId=3, source=0x1002, flags=0x3, edgeFlags=0x0, metaState=0x0, buttonState=0x0, downTime=99823244929000, eventTime=99823244929000, pointerCount=1
11-05 00:59:17.434  1032  1084 D NetworkManagement: InterfaceAddressChange valid=3600
11-05 00:59:17.657  2385  2385 I ViewRootImpl: ViewRoot's Touch Event : ACTION_DOWN
11-05 00:59:17.692   492   492 I DisplayDevice: [Built-in Screen (type:0)] fps:34.386486,dur:1105.09,max:494.57,min:10.56
11-05 00:59:17.698   477   522 D sensors_hal_Ctx: polldata:1, count: 3, sensor:0, type:1, x:-0.911000 y:2.185000 z:10.143000
11-05 00:59:17.764   477   522 D sensors_hal_Ctx: polldata:1, count: 2, sensor:0, type:1, x:-1.063000 y:2.352000 z:9.210000
11-05 00:59:17.830   477   522 D sensors_hal_Ctx: polldata:1, count: 1, sensor:0, type:1, x:-0.996000 y:2.244000 z:9.607000
11-05 00:59:17.864   698   698 E thermal_src: ERROR, recvmsg expect 5, but get 2 
11-05 00:59:17.897   477   522 D sensors_hal_Ctx: polldata:1, count: 35, sensor:0, type:1, x:-0.985000 y:2.336000 z:9.623000
11-05 00:59:17.962   477   522 D sensors_hal_Ctx: polldata:1, count: 35, sensor:0, type:1, x:-1.010000 y:2.251000 z:9.500000
11-05 00:59:18.192  2385  2585 W OpenGLRenderer: Incorrectly called buildLayer on View: PageIndicatorView, destroying layer...
11-05 00:59:18.274  1032  1282 D InputDispatcher: notifyMotion - action=ACTION_UP(0), id=0, pressure=0.251, tooltype=1, deviceId=3, source=0x1002, policyFlags=0x0, flags=0x0, metaState=0x0, buttonState=0x0, edgeFlags=0x0, eventTime=99823863724000, downTime=99823244929000, 
11-05 00:59:18.274  1032  1281 D InputTransport: channel 'd90f1cf com.teslacoilsw.launcher/com.teslacoilsw.launcher.NovaLauncher (server)' : action=ACTION_UP(0), id=0, tooltype=1, deviceId=3, source=0x1002, flags=0x2, edgeFlags=0x0, metaState=0x0, buttonState=0x0, downTime=99823244929000, eventTime=99823863724000, pointerCount=1
11-05 00:59:18.275  1032  1281 D InputTransport: channel '4edaac6 com.android.systemui.ImageWallpaper (server)' : action=ACTION_UP(0), id=0, tooltype=1, deviceId=3, source=0x1002, flags=0x3, edgeFlags=0x0, metaState=0x0, buttonState=0x0, downTime=99823244929000, eventTime=99823863724000, pointerCount=1
11-05 00:59:18.277  2385  2385 I ViewRootImpl: ViewRoot's Touch Event : ACTION_UP
11-05 00:59:18.513   668   693 D AAL     : 11-05 12:59:18.282 BL=  68,ESS= 256, 11-05 12:59:18.332 BL=  67,ESS= 256, 11-05 12:59:18.381 BL=  66,ESS= 256, 
11-05 00:59:18.698   492   492 I DisplayDevice: [Built-in Screen (type:0)] fps:59.591328,dur:1006.86,max:32.91,min:15.09
11-05 00:59:18.700  2385  2520 W ResourceType: ResTable_typeSpec entry count inconsistent: given 19, previously 27
11-05 00:59:18.735  1032  1282 D InputDispatcher: notifyMotion - action=ACTION_DOWN(0), id=0, pressure=0.216, tooltype=1, deviceId=3, source=0x1002, policyFlags=0x0, flags=0x0, metaState=0x0, buttonState=0x0, edgeFlags=0x0, eventTime=99824325375000, downTime=99824325375000, 
11-05 00:59:18.736  1032  1281 D InputTransport: channel 'd90f1cf com.teslacoilsw.launcher/com.teslacoilsw.launcher.NovaLauncher (server)' : action=ACTION_DOWN(0), id=0, tooltype=1, deviceId=3, source=0x1002, flags=0x2, edgeFlags=0x0, metaState=0x0, buttonState=0x0, downTime=99824325375000, eventTime=99824325375000, pointerCount=1
11-05 00:59:18.736  1032  1281 D InputTransport: channel '4edaac6 com.android.systemui.ImageWallpaper (server)' : action=ACTION_DOWN(0), id=0, tooltype=1, deviceId=3, source=0x1002, flags=0x3, edgeFlags=0x0, metaState=0x0, buttonState=0x0, downTime=99824325375000, eventTime=99824325375000, pointerCount=1
11-05 00:59:18.737  2385  2385 I ViewRootImpl: ViewRoot's Touch Event : ACTION_DOWN
11-05 00:59:18.810  1032  1282 D InputDispatcher: notifyMotion - action=ACTION_UP(0), id=0, pressure=0.208, tooltype=1, deviceId=3, source=0x1002, policyFlags=0x0, flags=0x0, metaState=0x0, buttonState=0x0, edgeFlags=0x0, eventTime=99824399519000, downTime=99824325375000, 
11-05 00:59:18.810  1032  1281 D InputTransport: channel 'd90f1cf com.teslacoilsw.launcher/com.teslacoilsw.launcher.NovaLauncher (server)' : action=ACTION_UP(0), id=0, tooltype=1, deviceId=3, source=0x1002, flags=0x2, edgeFlags=0x0, metaState=0x0, buttonState=0x0, downTime=99824325375000, eventTime=99824399519000, pointerCount=1
11-05 00:59:18.810  1032  1281 D InputTransport: channel '4edaac6 com.android.systemui.ImageWallpaper (server)' : action=ACTION_UP(0), id=0, tooltype=1, deviceId=3, source=0x1002, flags=0x3, edgeFlags=0x0, metaState=0x0, buttonState=0x0, downTime=99824325375000, eventTime=99824399519000, pointerCount=1
11-05 00:59:18.812  2385  2385 I ViewRootImpl: ViewRoot's Touch Event : ACTION_UP
11-05 00:59:18.867   698   698 E thermal_src: ERROR, recvmsg expect 5, but get 2 
11-05 00:59:18.943  2385  2385 D skia    : --- SkAndroidCodec::NewFromStream returned null
11-05 00:59:18.958  2385  2385 D skia    : --- SkAndroidCodec::NewFromStream returned null
11-05 00:59:18.998   456   456 I WifiHAL : Get link stats
11-05 00:59:18.998   456   456 E android.hardware.wifi@1.0-service: Invalid radio stats in link layer stats
11-05 00:59:19.028  7742  7742 I HK/LatinKbdBaseView: closing org.pocketworkstation.pckeyboard.LatinKeyboardView{46bde2b V.ED..... ......ID 0,0-1080,510 #7f07000a app:id/LatinkeyboardBaseView}
11-05 00:59:19.157   668   693 D AAL     : 11-05 12:59:19.090 BL=  66,ESS= 257, 11-05 12:59:19.107 BL=  66,ESS= 258, 11-05 12:59:19.123 BL=  65,ESS= 259, 11-05 12:59:19.140 BL=  65,ESS= 260, 11-05 12:59:19.157 BL=  64,ESS= 261, 
11-05 00:59:19.255   668   693 D AAL     : 11-05 12:59:19.173 BL=  63,ESS= 262, 11-05 12:59:19.206 BL=  63,ESS= 261, 11-05 12:59:19.222 BL=  63,ESS= 260, 11-05 12:59:19.239 BL=  63,ESS= 259, 11-05 12:59:19.255 BL=  63,ESS= 258, 
11-05 00:59:19.279  2385  2396 I zygote  : NativeAlloc concurrent copying GC freed 78175(3MB) AllocSpace objects, 18(5MB) LOS objects, 65% free, 6MB/18MB, paused 206us total 121.201ms
11-05 00:59:19.420   668   693 D AAL     : 11-05 12:59:19.272 BL=  62,ESS= 258, 11-05 12:59:19.305 BL=  62,ESS= 257, 11-05 12:59:19.321 BL=  61,ESS= 256, 11-05 12:59:19.371 BL=  60,ESS= 256, 
11-05 00:59:19.815  1400  1655 I MSimUtils: getDefaultDataPhoneId : 0
11-05 00:59:19.832  1400  1655 I chatty  : uid=10069(com.android.systemui) SysUiBg identical 2 lines
11-05 00:59:19.839  1400  1655 I MSimUtils: getDefaultDataPhoneId : 0
11-05 00:59:19.870   698   698 E thermal_src: ERROR, recvmsg expect 5, but get 2 
11-05 00:59:20.012  1032  1319 V WifiServerServiceExt: checkPollTimer Cnt= 0 rssi =-45 threshold=-100
11-05 00:59:20.087  1032  1282 D InputDispatcher: notifyMotion - action=ACTION_DOWN(0), id=0, pressure=0.216, tooltype=1, deviceId=3, source=0x1002, policyFlags=0x0, flags=0x0, metaState=0x0, buttonState=0x0, edgeFlags=0x0, eventTime=99825677009000, downTime=99825677009000, 
