10-29 00:21:00.174  9391  9407 D StrictMode: StrictMode policy violation: android.os.StrictMode$StrictModeDiskReadViolation: policy=65567 violation=2
10-29 00:21:00.174  9391  9407 D StrictMode: 	at android.os.StrictMode$AndroidBlockGuardPolicy.onReadFromDisk(StrictMode.java:1293)
10-29 00:21:00.174  9391  9407 D StrictMode: 	at java.io.UnixFileSystem.checkAccess(UnixFileSystem.java:249)
10-29 00:21:00.174  9391  9407 D StrictMode: 	at java.io.File.exists(File.java:780)
10-29 00:21:00.174  9391  9407 D StrictMode: 	at com.google.android.play.b.s.<init>(SourceFile:33)
10-29 00:21:00.174  9391  9407 D StrictMode: 	at com.google.android.play.b.g.<init>(SourceFile:79)
10-29 00:21:00.174  9391  9407 D StrictMode: 	at com.google.android.play.b.g.<init>(SourceFile:4)
10-29 00:21:00.174  9391  9407 D StrictMode: 	at com.google.android.finsky.e.w.<init>(SourceFile:94)
10-29 00:21:00.174  9391  9407 D StrictMode: 	at com.google.android.finsky.application.impl.c.a(SourceFile:1288)
10-29 00:21:00.174  9391  9407 D StrictMode: 	at com.google.android.finsky.application.impl.c.cw(SourceFile:1297)
10-29 00:21:00.174  9391  9407 D StrictMode: 	at com.google.android.finsky.application.impl.c.cy(SourceFile:65)
10-29 00:21:00.174  9391  9407 D StrictMode: 	at com.google.android.finsky.application.impl.bp.a_(SourceFile:12)
10-29 00:21:00.174  9391  9407 D StrictMode: 	at b.b.a.f.a(SourceFile:11)
10-29 00:21:00.174  9391  9407 D StrictMode: 	at com.google.common.util.concurrent.s.a(SourceFile:5)
10-29 00:21:00.174  9391  9407 D StrictMode: 	at com.google.common.util.concurrent.r.run(SourceFile:17)
10-29 00:21:00.174  9391  9407 D StrictMode: 	at com.google.common.util.concurrent.bi.run(SourceFile:3)
10-29 00:21:00.174  9391  9407 D StrictMode: 	at com.google.android.apps.gsa.a.f.a.i.run(SourceFile:7)
10-29 00:21:00.174  9391  9407 D StrictMode: 	at java.util.concurrent.ThreadPoolExecutor.runWorker(ThreadPoolExecutor.java:1133)
10-29 00:21:00.174  9391  9407 D StrictMode: 	at java.util.concurrent.ThreadPoolExecutor$Worker.run(ThreadPoolExecutor.java:607)
10-29 00:21:00.174  9391  9407 D StrictMode: 	at com.google.android.finsky.bo.q.run(Unknown Source)
10-29 00:21:00.174  9391  9407 D StrictMode: 	at java.lang.Thread.run(Thread.java:761)
10-29 00:21:00.184  9391  9407 D StrictMode: StrictMode policy violation: android.os.StrictMode$StrictModeDiskReadViolation: policy=65567 violation=2
10-29 00:21:00.184  9391  9407 D StrictMode: 	at android.os.StrictMode$AndroidBlockGuardPolicy.onReadFromDisk(StrictMode.java:1293)
10-29 00:21:00.184  9391  9407 D StrictMode: 	at java.io.UnixFileSystem.list(UnixFileSystem.java:300)
10-29 00:21:00.184  9391  9407 D StrictMode: 	at java.io.File.list(File.java:1059)
10-29 00:21:00.184  9391  9407 D StrictMode: 	at java.io.File.listFiles(File.java:1137)
10-29 00:21:00.184  9391  9407 D StrictMode: 	at com.google.android.play.b.s.<init>(SourceFile:34)
10-29 00:21:00.184  9391  9407 D StrictMode: 	at com.google.android.play.b.g.<init>(SourceFile:79)
10-29 00:21:00.184  9391  9407 D StrictMode: 	at com.google.android.play.b.g.<init>(SourceFile:4)
10-29 00:21:00.184  9391  9407 D StrictMode: 	at com.google.android.finsky.e.w.<init>(SourceFile:94)
10-29 00:21:00.184  9391  9407 D StrictMode: 	at com.google.android.finsky.application.impl.c.a(SourceFile:1288)
10-29 00:21:00.184  9391  9407 D StrictMode: 	at com.google.android.finsky.application.impl.c.cw(SourceFile:1297)
10-29 00:21:00.184  9391  9407 D StrictMode: 	at com.google.android.finsky.application.impl.c.cy(SourceFile:65)
10-29 00:21:00.184  9391  9407 D StrictMode: 	at com.google.android.finsky.application.impl.bp.a_(SourceFile:12)
10-29 00:21:00.184  9391  9407 D StrictMode: 	at b.b.a.f.a(SourceFile:11)
10-29 00:21:00.184  9391  9407 D StrictMode: 	at com.google.common.util.concurrent.s.a(SourceFile:5)
10-29 00:21:00.184  9391  9407 D StrictMode: 	at com.google.common.util.concurrent.r.run(SourceFile:17)
10-29 00:21:00.184  9391  9407 D StrictMode: 	at com.google.common.util.concurrent.bi.run(SourceFile:3)
10-29 00:21:00.184  9391  9407 D StrictMode: 	at com.google.android.apps.gsa.a.f.a.i.run(SourceFile:7)
10-29 00:21:00.184  9391  9407 D StrictMode: 	at java.util.concurrent.ThreadPoolExecutor.runWorker(ThreadPoolExecutor.java:1133)
10-29 00:21:00.184  9391  9407 D StrictMode: 	at java.util.concurrent.ThreadPoolExecutor$Worker.run(ThreadPoolExecutor.java:607)
10-29 00:21:00.184  9391  9407 D StrictMode: 	at com.google.android.finsky.bo.q.run(Unknown Source)
10-29 00:21:00.184  9391  9407 D StrictMode: 	at java.lang.Thread.run(Thread.java:761)
10-29 00:21:00.184  9391  9407 D StrictMode: StrictMode policy violation: android.os.StrictMode$StrictModeDiskReadViolation: policy=65567 violation=2
10-29 00:21:00.184  9391  9407 D StrictMode: 	at android.os.StrictMode$AndroidBlockGuardPolicy.onReadFromDisk(StrictMode.java:1293)
10-29 00:21:00.184  9391  9407 D StrictMode: 	at java.io.UnixFileSystem.getBooleanAttributes(UnixFileSystem.java:240)
10-29 00:21:00.184  9391  9407 D StrictMode: 	at java.io.File.isFile(File.java:831)
10-29 00:21:00.184  9391  9407 D StrictMode: 	at com.google.android.play.b.s.<init>(SourceFile:36)
10-29 00:21:00.184  9391  9407 D StrictMode: 	at com.google.android.play.b.g.<init>(SourceFile:79)
10-29 00:21:00.184  9391  9407 D StrictMode: 	at com.google.android.play.b.g.<init>(SourceFile:4)
10-29 00:21:00.184  9391  9407 D StrictMode: 	at com.google.android.finsky.e.w.<init>(SourceFile:94)
10-29 00:21:00.184  9391  9407 D StrictMode: 	at com.google.android.finsky.application.impl.c.a(SourceFile:1288)
10-29 00:21:00.184  9391  9407 D StrictMode: 	at com.google.android.finsky.application.impl.c.cw(SourceFile:1297)
10-29 00:21:00.184  9391  9407 D StrictMode: 	at com.google.android.finsky.application.impl.c.cy(SourceFile:65)
10-29 00:21:00.184  9391  9407 D StrictMode: 	at com.google.android.finsky.application.impl.bp.a_(SourceFile:12)
10-29 00:21:00.184  9391  9407 D StrictMode: 	at b.b.a.f.a(SourceFile:11)
10-29 00:21:00.184  9391  9407 D StrictMode: 	at com.google.common.util.concurrent.s.a(SourceFile:5)
10-29 00:21:00.184  9391  9407 D StrictMode: 	at com.google.common.util.concurrent.r.run(SourceFile:17)
10-29 00:21:00.184  9391  9407 D StrictMode: 	at com.google.common.util.concurrent.bi.run(SourceFile:3)
10-29 00:21:00.184  9391  9407 D StrictMode: 	at com.google.android.apps.gsa.a.f.a.i.run(SourceFile:7)
10-29 00:21:00.184  9391  9407 D StrictMode: 	at java.util.concurrent.ThreadPoolExecutor.runWorker(ThreadPoolExecutor.java:1133)
10-29 00:21:00.184  9391  9407 D StrictMode: 	at java.util.concurrent.ThreadPoolExecutor$Worker.run(ThreadPoolExecutor.java:607)
10-29 00:21:00.184  9391  9407 D StrictMode: 	at com.google.android.finsky.bo.q.run(Unknown Source)
10-29 00:21:00.184  9391  9407 D StrictMode: 	at java.lang.Thread.run(Thread.java:761)
10-29 00:21:00.184  9391  9407 D StrictMode: StrictMode policy violation: android.os.StrictMode$StrictModeDiskReadViolation: policy=65567 violation=2
10-29 00:21:00.184  9391  9407 D StrictMode: 	at android.os.StrictMode$AndroidBlockGuardPolicy.onReadFromDisk(StrictMode.java:1293)
10-29 00:21:00.184  9391  9407 D StrictMode: 	at java.io.UnixFileSystem.getLength(UnixFileSystem.java:263)
10-29 00:21:00.184  9391  9407 D StrictMode: 	at java.io.File.length(File.java:910)
10-29 00:21:00.184  9391  9407 D StrictMode: 	at com.google.android.play.b.s.<init>(SourceFile:37)
10-29 00:21:00.184  9391  9407 D StrictMode: 	at com.google.android.play.b.g.<init>(SourceFile:79)
10-29 00:21:00.184  9391  9407 D StrictMode: 	at com.google.android.play.b.g.<init>(SourceFile:4)
10-29 00:21:00.184  9391  9407 D StrictMode: 	at com.google.android.finsky.e.w.<init>(SourceFile:94)
10-29 00:21:00.184  9391  9407 D StrictMode: 	at com.google.android.finsky.application.impl.c.a(SourceFile:1288)
10-29 00:21:00.184  9391  9407 D StrictMode: 	at com.google.android.finsky.application.impl.c.cw(SourceFile:1297)
10-29 00:21:00.184  9391  9407 D StrictMode: 	at com.google.android.finsky.application.impl.c.cy(SourceFile:65)
10-29 00:21:00.184  9391  9407 D StrictMode: 	at com.google.android.finsky.application.impl.bp.a_(SourceFile:12)
10-29 00:21:00.184  9391  9407 D StrictMode: 	at b.b.a.f.a(SourceFile:11)
10-29 00:21:00.184  9391  9407 D StrictMode: 	at com.google.common.util.concurrent.s.a(SourceFile:5)
10-29 00:21:00.184  9391  9407 D StrictMode: 	at com.google.common.util.concurrent.r.run(SourceFile:17)
10-29 00:21:00.184  9391  9407 D StrictMode: 	at com.google.common.util.concurrent.bi.run(SourceFile:3)
10-29 00:21:00.184  9391  9407 D StrictMode: 	at com.google.android.apps.gsa.a.f.a.i.run(SourceFile:7)
10-29 00:21:00.184  9391  9407 D StrictMode: 	at java.util.concurrent.ThreadPoolExecutor.runWorker(ThreadPoolExecutor.java:1133)
10-29 00:21:00.184  9391  9407 D StrictMode: 	at java.util.concurrent.ThreadPoolExecutor$Worker.run(ThreadPoolExecutor.java:607)
10-29 00:21:00.184  9391  9407 D StrictMode: 	at com.google.android.finsky.bo.q.run(Unknown Source)
10-29 00:21:00.184  9391  9407 D StrictMode: 	at java.lang.Thread.run(Thread.java:761)
10-29 00:21:00.184  9391  9407 D StrictMode: StrictMode policy violation: android.os.StrictMode$StrictModeDiskReadViolation: policy=65567 violation=2
10-29 00:21:00.184  9391  9407 D StrictMode: 	at android.os.StrictMode$AndroidBlockGuardPolicy.onReadFromDisk(StrictMode.java:1293)
10-29 00:21:00.184  9391  9407 D StrictMode: 	at java.io.UnixFileSystem.getLength(UnixFileSystem.java:263)
10-29 00:21:00.184  9391  9407 D StrictMode: 	at java.io.File.length(File.java:910)
10-29 00:21:00.184  9391  9407 D StrictMode: 	at com.google.android.play.b.s.c(SourceFile:71)
10-29 00:21:00.184  9391  9407 D StrictMode: 	at com.google.android.play.b.s.<init>(SourceFile:41)
10-29 00:21:00.184  9391  9407 D StrictMode: 	at com.google.android.play.b.g.<init>(SourceFile:79)
10-29 00:21:00.184  9391  9407 D StrictMode: 	at com.google.android.play.b.g.<init>(SourceFile:4)
10-29 00:21:00.184  9391  9407 D StrictMode: 	at com.google.android.finsky.e.w.<init>(SourceFile:94)
10-29 00:21:00.184  9391  9407 D StrictMode: 	at com.google.android.finsky.application.impl.c.a(SourceFile:1288)
10-29 00:21:00.184  9391  9407 D StrictMode: 	at com.google.android.finsky.application.impl.c.cw(SourceFile:1297)
10-29 00:21:00.184  9391  9407 D StrictMode: 	at com.google.android.finsky.application.impl.c.cy(SourceFile:65)
10-29 00:21:00.184  9391  9407 D StrictMode: 	at com.google.android.finsky.application.impl.bp.a_(SourceFile:12)
10-29 00:21:00.184  9391  9407 D StrictMode: 	at b.b.a.f.a(SourceFile:11)
10-29 00:21:00.184  9391  9407 D StrictMode: 	at com.google.common.util.concurrent.s.a(SourceFile:5)
10-29 00:21:00.184  9391  9407 D StrictMode: 	at com.google.common.util.concurrent.r.run(SourceFile:17)
10-29 00:21:00.184  9391  9407 D StrictMode: 	at com.google.common.util.concurrent.bi.run(SourceFile:3)
10-29 00:21:00.184  9391  9407 D StrictMode: 	at com.google.android.apps.gsa.a.f.a.i.run(SourceFile:7)
10-29 00:21:00.184  9391  9407 D StrictMode: 	at java.util.concurrent.ThreadPoolExecutor.runWorker(ThreadPoolExecutor.java:1133)
10-29 00:21:00.184  9391  9407 D StrictMode: 	at java.util.concurrent.ThreadPoolExecutor$Worker.run(ThreadPoolExecutor.java:607)
10-29 00:21:00.184  9391  9407 D StrictMode: 	at com.google.android.finsky.bo.q.run(Unknown Source)
10-29 00:21:00.184  9391  9407 D StrictMode: 	at java.lang.Thread.run(Thread.java:761)
10-29 00:21:00.184  9391  9407 D StrictMode: StrictMode policy violation: android.os.StrictMode$StrictModeDiskReadViolation: policy=65567 violation=2
10-29 00:21:00.184  9391  9407 D StrictMode: 	at android.os.StrictMode$AndroidBlockGuardPolicy.onReadFromDisk(StrictMode.java:1293)
10-29 00:21:00.184  9391  9407 D StrictMode: 	at java.io.UnixFileSystem.getLength(UnixFileSystem.java:263)
10-29 00:21:00.184  9391  9407 D StrictMode: 	at java.io.File.length(File.java:910)
10-29 00:21:00.184  9391  9407 D StrictMode: 	at com.google.android.play.b.s.c(SourceFile:75)
10-29 00:21:00.184  9391  9407 D StrictMode: 	at com.google.android.play.b.s.<init>(SourceFile:41)
10-29 00:21:00.184  9391  9407 D StrictMode: 	at com.google.android.play.b.g.<init>(SourceFile:79)
10-29 00:21:00.184  9391  9407 D StrictMode: 	at com.google.android.play.b.g.<init>(SourceFile:4)
10-29 00:21:00.184  9391  9407 D StrictMode: 	at com.google.android.finsky.e.w.<init>(SourceFile:94)
10-29 00:21:00.184  9391  9407 D StrictMode: 	at com.google.android.finsky.application.impl.c.a(SourceFile:1288)
10-29 00:21:00.184  9391  9407 D StrictMode: 	at com.google.android.finsky.application.impl.c.cw(SourceFile:1297)
10-29 00:21:00.184  9391  9407 D StrictMode: 	at com.google.android.finsky.application.impl.c.cy(SourceFile:65)
10-29 00:21:00.184  9391  9407 D StrictMode: 	at com.google.android.finsky.application.impl.bp.a_(SourceFile:12)
10-29 00:21:00.184  9391  9407 D StrictMode: 	at b.b.a.f.a(SourceFile:11)
10-29 00:21:00.184  9391  9407 D StrictMode: 	at com.google.common.util.concurrent.s.a(SourceFile:5)
10-29 00:21:00.184  9391  9407 D StrictMode: 	at com.google.common.util.concurrent.r.run(SourceFile:17)
10-29 00:21:00.184  9391  9407 D StrictMode: 	at com.google.common.util.concurrent.bi.run(SourceFile:3)
10-29 00:21:00.184  9391  9407 D StrictMode: 	at com.google.android.apps.gsa.a.f.a.i.run(SourceFile:7)
10-29 00:21:00.184  9391  9407 D StrictMode: 	at java.util.concurrent.ThreadPoolExecutor.runWorker(ThreadPoolExecutor.java:1133)
10-29 00:21:00.184  9391  9407 D StrictMode: 	at java.util.concurrent.ThreadPoolExecutor$Worker.run(ThreadPoolExecutor.java:607)
10-29 00:21:00.184  9391  9407 D StrictMode: 	at com.google.android.finsky.bo.q.run(Unknown Source)
10-29 00:21:00.184  9391  9407 D StrictMode: 	at java.lang.Thread.run(Thread.java:761)
10-29 00:21:00.194  9391  9407 D StrictMode: StrictMode policy violation: android.os.StrictMode$StrictModeDiskReadViolation: policy=65567 violation=2
10-29 00:21:00.194  9391  9407 D StrictMode: 	at android.os.StrictMode$AndroidBlockGuardPolicy.onReadFromDisk(StrictMode.java:1293)
10-29 00:21:00.194  9391  9407 D StrictMode: 	at java.io.UnixFileSystem.checkAccess(UnixFileSystem.java:249)
10-29 00:21:00.194  9391  9407 D StrictMode: 	at java.io.File.exists(File.java:780)
10-29 00:21:00.194  9391  9407 D StrictMode: 	at android.app.ContextImpl.ensurePrivateDirExists(ContextImpl.java:554)
10-29 00:21:00.194  9391  9407 D StrictMode: 	at android.app.ContextImpl.getPreferencesDir(ContextImpl.java:510)
10-29 00:21:00.194  9391  9407 D StrictMode: 	at android.app.ContextImpl.getSharedPreferencesPath(ContextImpl.java:669)
10-29 00:21:00.194  9391  9407 D StrictMode: 	at android.app.ContextImpl.getSharedPreferences(ContextImpl.java:385)
10-29 00:21:00.194  9391  9407 D StrictMode: 	at android.content.ContextWrapper.getSharedPreferences(ContextWrapper.java:164)
10-29 00:21:00.194  9391  9407 D StrictMode: 	at com.google.android.finsky.e.j.<init>(SourceFile:21)
10-29 00:21:00.194  9391  9407 D StrictMode: 	at com.google.android.finsky.e.j.a(SourceFile:17)
10-29 00:21:00.194  9391  9407 D StrictMode: 	at com.google.android.finsky.e.w.<init>(SourceFile:35)
10-29 00:21:00.194  9391  9407 D StrictMode: 	at com.google.android.finsky.application.impl.c.a(SourceFile:1288)
10-29 00:21:00.194  9391  9407 D StrictMode: 	at com.google.android.finsky.application.impl.c.cw(SourceFile:1297)
10-29 00:21:00.194  9391  9407 D StrictMode: 	at com.google.android.finsky.application.impl.c.cy(SourceFile:65)
10-29 00:21:00.194  9391  9407 D StrictMode: 	at com.google.android.finsky.application.impl.bp.a_(SourceFile:12)
10-29 00:21:00.194  9391  9407 D StrictMode: 	at b.b.a.f.a(SourceFile:11)
10-29 00:21:00.194  9391  9407 D StrictMode: 	at com.google.common.util.concurrent.s.a(SourceFile:5)
10-29 00:21:00.194  9391  9407 D StrictMode: 	at com.google.common.util.concurrent.r.run(SourceFile:17)
10-29 00:21:00.194  9391  9407 D StrictMode: 	at com.google.common.util.concurrent.bi.run(SourceFile:3)
10-29 00:21:00.194  9391  9407 D StrictMode: 	at com.google.android.apps.gsa.a.f.a.i.run(SourceFile:7)
10-29 00:21:00.194  9391  9407 D StrictMode: 	at java.util.concurrent.ThreadPoolExecutor.runWorker(ThreadPoolExecutor.java:1133)
10-29 00:21:00.194  9391  9407 D StrictMode: 	at java.util.concurrent.ThreadPoolExecutor$Worker.run(ThreadPoolExecutor.java:607)
10-29 00:21:00.194  9391  9407 D StrictMode: 	at com.google.android.finsky.bo.q.run(Unknown Source)
10-29 00:21:00.194  9391  9407 D StrictMode: 	at java.lang.Thread.run(Thread.java:761)
10-29 00:21:00.194  9391  9407 D StrictMode: StrictMode policy violation: android.os.StrictMode$StrictModeDiskReadViolation: policy=65567 violation=2
10-29 00:21:00.194  9391  9407 D StrictMode: 	at android.os.StrictMode$AndroidBlockGuardPolicy.onReadFromDisk(StrictMode.java:1293)
10-29 00:21:00.194  9391  9407 D StrictMode: 	at android.app.SharedPreferencesImpl.awaitLoadedLocked(SharedPreferencesImpl.java:203)
10-29 00:21:00.194  9391  9407 D StrictMode: 	at android.app.SharedPreferencesImpl.getLong(SharedPreferencesImpl.java:248)
10-29 00:21:00.194  9391  9407 D StrictMode: 	at com.google.android.finsky.e.j.<init>(SourceFile:24)
10-29 00:21:00.194  9391  9407 D StrictMode: 	at com.google.android.finsky.e.j.a(SourceFile:17)
10-29 00:21:00.194  9391  9407 D StrictMode: 	at com.google.android.finsky.e.w.<init>(SourceFile:35)
10-29 00:21:00.194  9391  9407 D StrictMode: 	at com.google.android.finsky.application.impl.c.a(SourceFile:1288)
10-29 00:21:00.194  9391  9407 D StrictMode: 	at com.google.android.finsky.application.impl.c.cw(SourceFile:1297)
10-29 00:21:00.194  9391  9407 D StrictMode: 	at com.google.android.finsky.application.impl.c.cy(SourceFile:65)
10-29 00:21:00.194  9391  9407 D StrictMode: 	at com.google.android.finsky.application.impl.bp.a_(SourceFile:12)
10-29 00:21:00.194  9391  9407 D StrictMode: 	at b.b.a.f.a(SourceFile:11)
10-29 00:21:00.194  9391  9407 D StrictMode: 	at com.google.common.util.concurrent.s.a(SourceFile:5)
10-29 00:21:00.194  9391  9407 D StrictMode: 	at com.google.common.util.concurrent.r.run(SourceFile:17)
10-29 00:21:00.194  9391  9407 D StrictMode: 	at com.google.common.util.concurrent.bi.run(SourceFile:3)
10-29 00:21:00.194  9391  9407 D StrictMode: 	at com.google.android.apps.gsa.a.f.a.i.run(SourceFile:7)
10-29 00:21:00.194  9391  9407 D StrictMode: 	at java.util.concurrent.ThreadPoolExecutor.runWorker(ThreadPoolExecutor.java:1133)
10-29 00:21:00.194  9391  9407 D StrictMode: 	at java.util.concurrent.ThreadPoolExecutor$Worker.run(ThreadPoolExecutor.java:607)
10-29 00:21:00.194  9391  9407 D StrictMode: 	at com.google.android.finsky.bo.q.run(Unknown Source)
10-29 00:21:00.194  9391  9407 D StrictMode: 	at java.lang.Thread.run(Thread.java:761)
10-29 00:21:00.204  9391  9407 D StrictMode: StrictMode policy violation: android.os.StrictMode$StrictModeDiskReadViolation: policy=65567 violation=2
10-29 00:21:00.204  9391  9407 D StrictMode: 	at android.os.StrictMode$AndroidBlockGuardPolicy.onReadFromDisk(StrictMode.java:1293)
10-29 00:21:00.204  9391  9407 D StrictMode: 	at java.io.UnixFileSystem.checkAccess(UnixFileSystem.java:249)
10-29 00:21:00.204  9391  9407 D StrictMode: 	at java.io.File.exists(File.java:780)
10-29 00:21:00.204  9391  9407 D StrictMode: 	at android.app.ContextImpl.ensurePrivateDirExists(ContextImpl.java:554)
10-29 00:21:00.204  9391  9407 D StrictMode: 	at android.app.ContextImpl.getPreferencesDir(ContextImpl.java:510)
10-29 00:21:00.204  9391  9407 D StrictMode: 	at android.app.ContextImpl.getSharedPreferencesPath(ContextImpl.java:669)
10-29 00:21:00.204  9391  9407 D StrictMode: 	at android.app.ContextImpl.getSharedPreferences(ContextImpl.java:385)
10-29 00:21:00.204  9391  9407 D StrictMode: 	at android.content.ContextWrapper.getSharedPreferences(ContextWrapper.java:164)
10-29 00:21:00.204  9391  9407 D StrictMode: 	at com.google.android.finsky.ai.f.a(SourceFile:4)
10-29 00:21:00.204  9391  9407 D StrictMode: 	at com.google.android.finsky.ai.q.a(SourceFile:5)
10-29 00:21:00.204  9391  9407 D StrictMode: 	at com.google.android.finsky.e.ag.a(SourceFile:29)
10-29 00:21:00.204  9391  9407 D StrictMode: 	at com.google.android.finsky.e.ag.a(SourceFile:12)
10-29 00:21:00.204  9391  9407 D StrictMode: 	at com.google.android.finsky.e.ag.a(SourceFile:11)
10-29 00:21:00.204  9391  9407 D StrictMode: 	at com.google.android.finsky.e.ag.a(SourceFile:9)
10-29 00:21:00.204  9391  9407 D StrictMode: 	at com.google.android.finsky.application.impl.c.cy(SourceFile:68)
10-29 00:21:00.204  9391  9407 D StrictMode: 	at com.google.android.finsky.application.impl.bp.a_(SourceFile:12)
10-29 00:21:00.204  9391  9407 D StrictMode: 	at b.b.a.f.a(SourceFile:11)
10-29 00:21:00.204  9391  9407 D StrictMode: 	at com.google.common.util.concurrent.s.a(SourceFile:5)
10-29 00:21:00.204  9391  9407 D StrictMode: 	at com.google.common.util.concurrent.r.run(SourceFile:17)
10-29 00:21:00.204  9391  9407 D StrictMode: 	at com.google.common.util.concurrent.bi.run(SourceFile:3)
10-29 00:21:00.204  9391  9407 D StrictMode: 	at com.google.android.apps.gsa.a.f.a.i.run(SourceFile:7)
10-29 00:21:00.204  9391  9407 D StrictMode: 	at java.util.concurrent.ThreadPoolExecutor.runWorker(ThreadPoolExecutor.java:1133)
10-29 00:21:00.204  9391  9407 D StrictMode: 	at java.util.concurrent.ThreadPoolExecutor$Worker.run(ThreadPoolExecutor.java:607)
10-29 00:21:00.204  9391  9407 D StrictMode: 	at com.google.android.finsky.bo.q.run(Unknown Source)
10-29 00:21:00.204  9391  9407 D StrictMode: 	at java.lang.Thread.run(Thread.java:761)
10-29 00:21:00.204  9391  9407 D StrictMode: StrictMode policy violation: android.os.StrictMode$StrictModeDiskReadViolation: policy=65567 violation=2
10-29 00:21:00.204  9391  9407 D StrictMode: 	at android.os.StrictMode$AndroidBlockGuardPolicy.onReadFromDisk(StrictMode.java:1293)
10-29 00:21:00.204  9391  9407 D StrictMode: 	at android.app.SharedPreferencesImpl.awaitLoadedLocked(SharedPreferencesImpl.java:203)
10-29 00:21:00.204  9391  9407 D StrictMode: 	at android.app.SharedPreferencesImpl.contains(SharedPreferencesImpl.java:270)
10-29 00:21:00.204  9391  9407 D StrictMode: 	at com.google.android.finsky.ai.k.a(SourceFile:5)
10-29 00:21:00.204  9391  9407 D StrictMode: 	at com.google.android.finsky.ai.q.a(SourceFile:5)
10-29 00:21:00.204  9391  9407 D StrictMode: 	at com.google.android.finsky.e.ag.a(SourceFile:29)
10-29 00:21:00.204  9391  9407 D StrictMode: 	at com.google.android.finsky.e.ag.a(SourceFile:12)
10-29 00:21:00.204  9391  9407 D StrictMode: 	at com.google.android.finsky.e.ag.a(SourceFile:11)
10-29 00:21:00.204  9391  9407 D StrictMode: 	at com.google.android.finsky.e.ag.a(SourceFile:9)
10-29 00:21:00.204  9391  9407 D StrictMode: 	at com.google.android.finsky.application.impl.c.cy(SourceFile:68)
10-29 00:21:00.204  9391  9407 D StrictMode: 	at com.google.android.finsky.application.impl.bp.a_(SourceFile:12)
10-29 00:21:00.204  9391  9407 D StrictMode: 	at b.b.a.f.a(SourceFile:11)
10-29 00:21:00.204  9391  9407 D StrictMode: 	at com.google.common.util.concurrent.s.a(SourceFile:5)
10-29 00:21:00.204  9391  9407 D StrictMode: 	at com.google.common.util.concurrent.r.run(SourceFile:17)
10-29 00:21:00.204  9391  9407 D StrictMode: 	at com.google.common.util.concurrent.bi.run(SourceFile:3)
10-29 00:21:00.204  9391  9407 D StrictMode: 	at com.google.android.apps.gsa.a.f.a.i.run(SourceFile:7)
10-29 00:21:00.204  9391  9407 D StrictMode: 	at java.util.concurrent.ThreadPoolExecutor.runWorker(ThreadPoolExecutor.java:1133)
10-29 00:21:00.204  9391  9407 D StrictMode: 	at java.util.concurrent.ThreadPoolExecutor$Worker.run(ThreadPoolExecutor.java:607)
10-29 00:21:00.204  9391  9407 D StrictMode: 	at com.google.android.finsky.bo.q.run(Unknown Source)
10-29 00:21:00.204  9391  9407 D StrictMode: 	at java.lang.Thread.run(Thread.java:761)
10-29 00:21:00.214  9391  9408 I Finsky  : [119] com.google.android.finsky.application.impl.c.cA(95): Not a unicorn device
10-29 00:21:00.214  9391  9409 D StrictMode: StrictMode policy violation: android.os.StrictMode$StrictModeDiskReadViolation: policy=65567 violation=2
10-29 00:21:00.214  9391  9409 D StrictMode: 	at android.os.StrictMode$AndroidBlockGuardPolicy.onReadFromDisk(StrictMode.java:1293)
10-29 00:21:00.214  9391  9409 D StrictMode: 	at java.io.UnixFileSystem.checkAccess(UnixFileSystem.java:249)
10-29 00:21:00.214  9391  9409 D StrictMode: 	at java.io.File.exists(File.java:780)
10-29 00:21:00.214  9391  9409 D StrictMode: 	at android.app.ContextImpl.ensurePrivateDirExists(ContextImpl.java:554)
10-29 00:21:00.214  9391  9409 D StrictMode: 	at android.app.ContextImpl.getCacheDir(ContextImpl.java:626)
10-29 00:21:00.214  9391  9409 D StrictMode: 	at android.content.ContextWrapper.getCacheDir(ContextWrapper.java:253)
10-29 00:21:00.214  9391  9409 D StrictMode: 	at com.google.android.finsky.a.a(SourceFile:7)
10-29 00:21:00.214  9391  9409 D StrictMode: 	at com.google.android.finsky.application.impl.c.j(SourceFile:519)
10-29 00:21:00.214  9391  9409 D StrictMode: 	at com.google.android.finsky.application.impl.c.cX(SourceFile:458)
10-29 00:21:00.214  9391  9409 D StrictMode: 	at com.google.android.finsky.application.impl.bt.a_(SourceFile:21)
10-29 00:21:00.214  9391  9409 D StrictMode: 	at b.b.a.f.a(SourceFile:11)
10-29 00:21:00.214  9391  9409 D StrictMode: 	at com.google.common.util.concurrent.s.a(SourceFile:5)
10-29 00:21:00.214  9391  9409 D StrictMode: 	at com.google.common.util.concurrent.r.run(SourceFile:17)
10-29 00:21:00.214  9391  9409 D StrictMode: 	at com.google.common.util.concurrent.bi.run(SourceFile:3)
10-29 00:21:00.214  9391  9409 D StrictMode: 	at com.google.android.apps.gsa.a.f.a.i.run(SourceFile:7)
10-29 00:21:00.214  9391  9409 D StrictMode: 	at java.util.concurrent.ThreadPoolExecutor.runWorker(ThreadPoolExecutor.java:1133)
10-29 00:21:00.214  9391  9409 D StrictMode: 	at java.util.concurrent.ThreadPoolExecutor$Worker.run(ThreadPoolExecutor.java:607)
10-29 00:21:00.214  9391  9409 D StrictMode: 	at com.google.android.finsky.bo.q.run(Unknown Source)
10-29 00:21:00.214  9391  9409 D StrictMode: 	at java.lang.Thread.run(Thread.java:761)
10-29 00:21:00.214  9391  9410 W Settings: Setting download_manager_max_bytes_over_mobile has moved from android.provider.Settings.Secure to android.provider.Settings.Global.
10-29 00:21:00.214  9391  9410 W Settings: Setting download_manager_recommended_max_bytes_over_mobile has moved from android.provider.Settings.Secure to android.provider.Settings.Global.
10-29 00:21:00.224  9391  9408 D StrictMode: StrictMode policy violation: android.os.StrictMode$StrictModeDiskReadViolation: policy=65567 violation=2
10-29 00:21:00.224  9391  9408 D StrictMode: 	at android.os.StrictMode$AndroidBlockGuardPolicy.onReadFromDisk(StrictMode.java:1293)
10-29 00:21:00.224  9391  9408 D StrictMode: 	at java.io.UnixFileSystem.checkAccess(UnixFileSystem.java:249)
10-29 00:21:00.224  9391  9408 D StrictMode: 	at java.io.File.exists(File.java:780)
10-29 00:21:00.224  9391  9408 D StrictMode: 	at android.app.ContextImpl.ensurePrivateDirExists(ContextImpl.java:554)
10-29 00:21:00.224  9391  9408 D StrictMode: 	at android.app.ContextImpl.getPreferencesDir(ContextImpl.java:510)
10-29 00:21:00.224  9391  9408 D StrictMode: 	at android.app.ContextImpl.getSharedPreferencesPath(ContextImpl.java:669)
10-29 00:21:00.224  9391  9408 D StrictMode: 	at android.app.ContextImpl.getSharedPreferences(ContextImpl.java:385)
10-29 00:21:00.224  9391  9408 D StrictMode: 	at android.content.ContextWrapper.getSharedPreferences(ContextWrapper.java:164)
10-29 00:21:00.224  9391  9408 D StrictMode: 	at com.google.android.finsky.ai.f.a(SourceFile:4)
10-29 00:21:00.224  9391  9408 D StrictMode: 	at com.google.android.finsky.ai.q.a(SourceFile:5)
10-29 00:21:00.224  9391  9408 D StrictMode: 	at com.google.android.finsky.application.impl.c.cH(SourceFile:133)
10-29 00:21:00.224  9391  9408 D StrictMode: 	at com.google.android.finsky.application.impl.be.a_(SourceFile:24)
10-29 00:21:00.224  9391  9408 D StrictMode: 	at b.b.a.f.a(SourceFile:11)
10-29 00:21:00.224  9391  9408 D StrictMode: 	at com.google.common.util.concurrent.s.a(SourceFile:5)
10-29 00:21:00.224  9391  9408 D StrictMode: 	at com.google.common.util.concurrent.r.run(SourceFile:17)
10-29 00:21:00.224  9391  9408 D StrictMode: 	at com.google.common.util.concurrent.bi.run(SourceFile:3)
10-29 00:21:00.224  9391  9408 D StrictMode: 	at com.google.android.apps.gsa.a.f.a.i.run(SourceFile:7)
10-29 00:21:00.224  9391  9408 D StrictMode: 	at java.util.concurrent.ThreadPoolExecutor.runWorker(ThreadPoolExecutor.java:1133)
10-29 00:21:00.224  9391  9408 D StrictMode: 	at java.util.concurrent.ThreadPoolExecutor$Worker.run(ThreadPoolExecutor.java:607)
10-29 00:21:00.224  9391  9408 D StrictMode: 	at com.google.android.finsky.bo.q.run(Unknown Source)
10-29 00:21:00.224  9391  9408 D StrictMode: 	at java.lang.Thread.run(Thread.java:761)
10-29 00:21:00.224  9391  9408 D StrictMode: StrictMode policy violation: android.os.StrictMode$StrictModeDiskReadViolation: policy=65567 violation=2
10-29 00:21:00.224  9391  9408 D StrictMode: 	at android.os.StrictMode$AndroidBlockGuardPolicy.onReadFromDisk(StrictMode.java:1293)
10-29 00:21:00.224  9391  9408 D StrictMode: 	at android.app.SharedPreferencesImpl.awaitLoadedLocked(SharedPreferencesImpl.java:203)
10-29 00:21:00.224  9391  9408 D StrictMode: 	at android.app.SharedPreferencesImpl.contains(SharedPreferencesImpl.java:270)
10-29 00:21:00.224  9391  9408 D StrictMode: 	at com.google.android.finsky.ai.j.a(SourceFile:5)
10-29 00:21:00.224  9391  9408 D StrictMode: 	at com.google.android.finsky.ai.q.a(SourceFile:5)
10-29 00:21:00.224  9391  9408 D StrictMode: 	at com.google.android.finsky.application.impl.c.cH(SourceFile:133)
10-29 00:21:00.224  9391  9408 D StrictMode: 	at com.google.android.finsky.application.impl.be.a_(SourceFile:24)
10-29 00:21:00.224  9391  9408 D StrictMode: 	at b.b.a.f.a(SourceFile:11)
10-29 00:21:00.224  9391  9408 D StrictMode: 	at com.google.common.util.concurrent.s.a(SourceFile:5)
10-29 00:21:00.224  9391  9408 D StrictMode: 	at com.google.common.util.concurrent.r.run(SourceFile:17)
10-29 00:21:00.224  9391  9408 D StrictMode: 	at com.google.common.util.concurrent.bi.run(SourceFile:3)
10-29 00:21:00.224  9391  9408 D StrictMode: 	at com.google.android.apps.gsa.a.f.a.i.run(SourceFile:7)
10-29 00:21:00.224  9391  9408 D StrictMode: 	at java.util.concurrent.ThreadPoolExecutor.runWorker(ThreadPoolExecutor.java:1133)
10-29 00:21:00.224  9391  9408 D StrictMode: 	at java.util.concurrent.ThreadPoolExecutor$Worker.run(ThreadPoolExecutor.java:607)
10-29 00:21:00.224  9391  9408 D StrictMode: 	at com.google.android.finsky.bo.q.run(Unknown Source)
10-29 00:21:00.224  9391  9408 D StrictMode: 	at java.lang.Thread.run(Thread.java:761)
10-29 00:21:00.224  9391  9410 D StrictMode: StrictMode policy violation: android.os.StrictMode$StrictModeDiskReadViolation: policy=65567 violation=2
10-29 00:21:00.224  9391  9410 D StrictMode: 	at android.os.StrictMode$AndroidBlockGuardPolicy.onReadFromDisk(StrictMode.java:1293)
10-29 00:21:00.224  9391  9410 D StrictMode: 	at java.io.UnixFileSystem.checkAccess(UnixFileSystem.java:249)
10-29 00:21:00.224  9391  9410 D StrictMode: 	at java.io.File.exists(File.java:780)
10-29 00:21:00.224  9391  9410 D StrictMode: 	at android.app.ContextImpl.ensurePrivateDirExists(ContextImpl.java:554)
10-29 00:21:00.224  9391  9410 D StrictMode: 	at android.app.ContextImpl.getPreferencesDir(ContextImpl.java:510)
10-29 00:21:00.224  9391  9410 D StrictMode: 	at android.app.ContextImpl.getSharedPreferencesPath(ContextImpl.java:669)
10-29 00:21:00.224  9391  9410 D StrictMode: 	at android.app.ContextImpl.getSharedPreferences(ContextImpl.java:385)
10-29 00:21:00.224  9391  9410 D StrictMode: 	at android.content.ContextWrapper.getSharedPreferences(ContextWrapper.java:164)
10-29 00:21:00.224  9391  9410 D StrictMode: 	at com.google.android.finsky.ai.f.a(SourceFile:4)
10-29 00:21:00.224  9391  9410 D StrictMode: 	at com.google.android.finsky.ai.q.a(SourceFile:5)
10-29 00:21:00.224  9391  9410 D StrictMode: 	at com.google.android.finsky.hygiene.impl.i.a(SourceFile:2)
10-29 00:21:00.224  9391  9410 D StrictMode: 	at com.google.android.finsky.hygiene.impl.e.d(SourceFile:19)
10-29 00:21:00.224  9391  9410 D StrictMode: 	at com.google.android.finsky.application.impl.c.cM(SourceFile:223)
10-29 00:21:00.224  9391  9410 D StrictMode: 	at com.google.android.finsky.application.impl.bq.a_(SourceFile:16)
10-29 00:21:00.224  9391  9410 D StrictMode: 	at b.b.a.f.a(SourceFile:11)
10-29 00:21:00.224  9391  9410 D StrictMode: 	at com.google.common.util.concurrent.s.a(SourceFile:5)
10-29 00:21:00.224  9391  9410 D StrictMode: 	at com.google.common.util.concurrent.r.run(SourceFile:17)
10-29 00:21:00.224  9391  9410 D StrictMode: 	at com.google.common.util.concurrent.bi.run(SourceFile:3)
10-29 00:21:00.224  9391  9410 D StrictMode: 	at com.google.android.apps.gsa.a.f.a.i.run(SourceFile:7)
10-29 00:21:00.224  9391  9410 D StrictMode: 	at java.util.concurrent.ThreadPoolExecutor.runWorker(ThreadPoolExecutor.java:1133)
10-29 00:21:00.224  9391  9410 D StrictMode: 	at java.util.concurrent.ThreadPoolExecutor$Worker.run(ThreadPoolExecutor.java:607)
10-29 00:21:00.224  9391  9410 D StrictMode: 	at com.google.android.finsky.bo.q.run(Unknown Source)
10-29 00:21:00.224  9391  9410 D StrictMode: 	at java.lang.Thread.run(Thread.java:761)
10-29 00:21:00.224  9391  9410 D StrictMode: StrictMode policy violation: android.os.StrictMode$StrictModeDiskReadViolation: policy=65567 violation=2
10-29 00:21:00.224  9391  9410 D StrictMode: 	at android.os.StrictMode$AndroidBlockGuardPolicy.onReadFromDisk(StrictMode.java:1293)
10-29 00:21:00.224  9391  9410 D StrictMode: 	at android.app.SharedPreferencesImpl.awaitLoadedLocked(SharedPreferencesImpl.java:203)
10-29 00:21:00.224  9391  9410 D StrictMode: 	at android.app.SharedPreferencesImpl.contains(SharedPreferencesImpl.java:270)
10-29 00:21:00.224  9391  9410 D StrictMode: 	at com.google.android.finsky.ai.j.a(SourceFile:5)
10-29 00:21:00.224  9391  9410 D StrictMode: 	at com.google.android.finsky.ai.q.a(SourceFile:5)
10-29 00:21:00.224  9391  9410 D StrictMode: 	at com.google.android.finsky.hygiene.impl.i.a(SourceFile:2)
10-29 00:21:00.224  9391  9410 D StrictMode: 	at com.google.android.finsky.hygiene.impl.e.d(SourceFile:19)
10-29 00:21:00.224  9391  9410 D StrictMode: 	at com.google.android.finsky.application.impl.c.cM(SourceFile:223)
10-29 00:21:00.224  9391  9410 D StrictMode: 	at com.google.android.finsky.application.impl.bq.a_(SourceFile:16)
10-29 00:21:00.224  9391  9410 D StrictMode: 	at b.b.a.f.a(SourceFile:11)
10-29 00:21:00.224  9391  9410 D StrictMode: 	at com.google.common.util.concurrent.s.a(SourceFile:5)
10-29 00:21:00.224  9391  9410 D StrictMode: 	at com.google.common.util.concurrent.r.run(SourceFile:17)
10-29 00:21:00.224  9391  9410 D StrictMode: 	at com.google.common.util.concurrent.bi.run(SourceFile:3)
10-29 00:21:00.224  9391  9410 D StrictMode: 	at com.google.android.apps.gsa.a.f.a.i.run(SourceFile:7)
10-29 00:21:00.224  9391  9410 D StrictMode: 	at java.util.concurrent.ThreadPoolExecutor.runWorker(ThreadPoolExecutor.java:1133)
10-29 00:21:00.224  9391  9410 D StrictMode: 	at java.util.concurrent.ThreadPoolExecutor$Worker.run(ThreadPoolExecutor.java:607)
10-29 00:21:00.224  9391  9410 D StrictMode: 	at com.google.android.finsky.bo.q.run(Unknown Source)
10-29 00:21:00.224  9391  9410 D StrictMode: 	at java.lang.Thread.run(Thread.java:761)
10-29 00:21:00.234  9391  9408 I Finsky  : [119] com.google.android.finsky.wear.br.a(11): Component class com.google.android.finsky.wear.WearSupportService enabled via PackageManager.
10-29 00:21:00.234  9391  9408 I Finsky  : [119] com.google.android.finsky.wear.br.a(11): Component class com.google.android.finsky.wear.WearChangeListenerService enabled via PackageManager.
10-29 00:21:00.234  9391  9409 D StrictMode: StrictMode policy violation: android.os.StrictMode$StrictModeDiskReadViolation: policy=65567 violation=2
10-29 00:21:00.234  9391  9409 D StrictMode: 	at android.os.StrictMode$AndroidBlockGuardPolicy.onReadFromDisk(StrictMode.java:1293)
10-29 00:21:00.234  9391  9409 D StrictMode: 	at libcore.io.BlockGuardOs.open(BlockGuardOs.java:183)
10-29 00:21:00.234  9391  9409 D StrictMode: 	at libcore.io.IoUtils.canOpenReadOnly(IoUtils.java:163)
10-29 00:21:00.234  9391  9409 D StrictMode: 	at dalvik.system.DexPathList$Element.findNativeLibrary(DexPathList.java:550)
10-29 00:21:00.234  9391  9409 D StrictMode: 	at dalvik.system.DexPathList.findLibrary(DexPathList.java:480)
10-29 00:21:00.234  9391  9409 D StrictMode: 	at dalvik.system.BaseDexClassLoader.findLibrary(BaseDexClassLoader.java:84)
10-29 00:21:00.234  9391  9409 D StrictMode: 	at java.lang.Runtime.loadLibrary0(Runtime.java:978)
10-29 00:21:00.234  9391  9409 D StrictMode: 	at java.lang.System.loadLibrary(System.java:1530)
10-29 00:21:00.234  9391  9409 D StrictMode: 	at org.chromium.net.impl.CronetLibraryLoader.a(SourceFile:13)
10-29 00:21:00.234  9391  9409 D StrictMode: 	at org.chromium.net.impl.CronetUrlRequestContext.<init>(SourceFile:12)
10-29 00:21:00.234  9391  9409 D StrictMode: 	at org.chromium.net.impl.bt.a(SourceFile:6)
10-29 00:21:00.234  9391  9409 D StrictMode: 	at org.chromium.net.o.a(SourceFile:4)
10-29 00:21:00.234  9391  9409 D StrictMode: 	at com.google.android.finsky.am.a.a(SourceFile:90)
10-29 00:21:00.234  9391  9409 D StrictMode: 	at com.google.android.finsky.application.a.ba.a(SourceFile:5)
10-29 00:21:00.234  9391  9409 D StrictMode: 	at b.a.c.a(SourceFile:9)
10-29 00:21:00.234  9391  9409 D StrictMode: 	at com.google.android.finsky.application.impl.c.dv(SourceFile:524)
10-29 00:21:00.234  9391  9409 D StrictMode: 	at com.google.android.finsky.application.impl.c.bd(SourceFile:582)
10-29 00:21:00.234  9391  9409 D StrictMode: 	at com.google.android.finsky.application.impl.c.cY(SourceFile:475)
10-29 00:21:00.234  9391  9409 D StrictMode: 	at com.google.android.finsky.application.impl.br.a_(SourceFile:21)
10-29 00:21:00.234  9391  9409 D StrictMode: 	at b.b.a.f.a(SourceFile:11)
10-29 00:21:00.234  9391  9409 D StrictMode: 	at com.google.common.util.concurrent.s.a(SourceFile:5)
10-29 00:21:00.234  9391  9409 D StrictMode: 	at com.google.common.util.concurrent.r.run(SourceFile:17)
10-29 00:21:00.234  9391  9409 D StrictMode: 	at com.google.common.util.concurrent.bi.run(SourceFile:3)
10-29 00:21:00.234  9391  9409 D StrictMode: 	at com.google.android.apps.gsa.a.f.a.i.run(SourceFile:7)
10-29 00:21:00.234  9391  9409 D StrictMode: 	at java.util.concurrent.ThreadPoolExecutor.runWorker(ThreadPoolExecutor.java:1133)
10-29 00:21:00.234  9391  9409 D StrictMode: 	at java.util.concurrent.ThreadPoolExecutor$Worker.run(ThreadPoolExecutor.java:607)
10-29 00:21:00.234  9391  9409 D StrictMode: 	at com.google.android.finsky.bo.q.run(Unknown Source)
10-29 00:21:00.234  9391  9409 D StrictMode: 	at java.lang.Thread.run(Thread.java:761)
10-29 00:21:00.244  9391  9409 I cr_CronetLibraryLoader: Cronet version: 71.0.3562.0, arch: armv8l
10-29 00:21:00.254  9391  9429 E ConnectivityManager: java.lang.Throwable
10-29 00:21:00.254  9391  9429 E ConnectivityManager: 	at android.net.ConnectivityManager.sendRequestForNetwork(ConnectivityManager.java:2908)
10-29 00:21:00.254  9391  9429 E ConnectivityManager: 	at android.net.ConnectivityManager.registerNetworkCallback(ConnectivityManager.java:3154)
10-29 00:21:00.254  9391  9429 E ConnectivityManager: 	at org.chromium.net.ai.a(SourceFile:20)
10-29 00:21:00.254  9391  9429 E ConnectivityManager: 	at org.chromium.net.ao.a(SourceFile:3)
10-29 00:21:00.254  9391  9429 E ConnectivityManager: 	at org.chromium.net.NetworkChangeNotifierAutoDetect.<init>(SourceFile:25)
10-29 00:21:00.254  9391  9429 E ConnectivityManager: 	at org.chromium.net.NetworkChangeNotifier.a(SourceFile:37)
10-29 00:21:00.254  9391  9429 E ConnectivityManager: 	at org.chromium.net.impl.CronetLibraryLoader.a(SourceFile:33)
10-29 00:21:00.254  9391  9429 E ConnectivityManager: 	at org.chromium.net.impl.h.run(SourceFile:2)
10-29 00:21:00.254  9391  9429 E ConnectivityManager: 	at android.os.Handler.handleCallback(Handler.java:751)
10-29 00:21:00.254  9391  9429 E ConnectivityManager: 	at android.os.Handler.dispatchMessage(Handler.java:95)
10-29 00:21:00.254  9391  9429 E ConnectivityManager: 	at android.os.Looper.loop(Looper.java:163)
10-29 00:21:00.254  9391  9429 E ConnectivityManager: 	at android.os.HandlerThread.run(HandlerThread.java:61)
10-29 00:21:00.254  9391  9429 E ConnectivityManager: DEBUG1
10-29 00:21:00.254  9391  9429 E ConnectivityManager: DEBUG2(0): dalvik.system.VMStack.getThreadStackTrace(Native Method)
10-29 00:21:00.254  9391  9429 E ConnectivityManager: DEBUG2(1): java.lang.Thread.getStackTrace(Thread.java:1566)
10-29 00:21:00.254  9391  9429 E ConnectivityManager: DEBUG2(2): android.net.ConnectivityManager.sendRequestForNetwork(ConnectivityManager.java:2910)
10-29 00:21:00.254  9391  9429 E ConnectivityManager: DEBUG2(3): android.net.ConnectivityManager.registerNetworkCallback(ConnectivityManager.java:3154)
10-29 00:21:00.254  9391  9429 E ConnectivityManager: DEBUG2(4): org.chromium.net.ai.a(SourceFile:20)
10-29 00:21:00.254  9391  9429 E ConnectivityManager: DEBUG2(5): org.chromium.net.ao.a(SourceFile:3)
10-29 00:21:00.254  9391  9429 E ConnectivityManager: DEBUG2(6): org.chromium.net.NetworkChangeNotifierAutoDetect.<init>(SourceFile:25)
10-29 00:21:00.254  9391  9429 E ConnectivityManager: DEBUG2(7): org.chromium.net.NetworkChangeNotifier.a(SourceFile:37)
10-29 00:21:00.254  9391  9429 E ConnectivityManager: DEBUG2(8): org.chromium.net.impl.CronetLibraryLoader.a(SourceFile:33)
10-29 00:21:00.254  9391  9429 E ConnectivityManager: DEBUG2(9): org.chromium.net.impl.h.run(SourceFile:2)
10-29 00:21:00.254  9391  9429 E ConnectivityManager: DEBUG2(10): android.os.Handler.handleCallback(Handler.java:751)
10-29 00:21:00.254  9391  9429 E ConnectivityManager: DEBUG2(11): android.os.Handler.dispatchMessage(Handler.java:95)
10-29 00:21:00.254  9391  9429 E ConnectivityManager: DEBUG2(12): android.os.Looper.loop(Looper.java:163)
10-29 00:21:00.254  9391  9429 E ConnectivityManager: DEBUG2(13): android.os.HandlerThread.run(HandlerThread.java:61)
10-29 00:21:00.254  1401  2742 D ConnectivityService: listenForNetwork for uid/pid:10032/9391 NetworkRequest [ LISTEN id=36, [ Capabilities: INTERNET&NOT_RESTRICTED&TRUSTED] ]
10-29 00:21:00.254  1401  1743 D ConnectivityService: rematching NetworkAgentInfo [WIFI () - 101]
10-29 00:21:00.254  1401  1743 D ConnectivityService:  network has: [ Transports: WIFI Capabilities: NOT_METERED&INTERNET&NOT_RESTRICTED&TRUSTED&NOT_VPN&VALIDATED&FOREGROUND LinkUpBandwidth>=1048576Kbps LinkDnBandwidth>=1048576Kbps SignalStrength: -48]
10-29 00:21:00.254  1401  1743 D ConnectivityService: Network NetworkAgentInfo [WIFI () - 101] was already satisfying request 1. No change.
10-29 00:21:00.254  1401  1743 D ConnectivityService: sending notification AVAILABLE for NetworkRequest [ LISTEN id=36, [ Capabilities: INTERNET&NOT_RESTRICTED&TRUSTED] ]
10-29 00:21:00.274  9391  9441 I Finsky  : [147] com.google.android.finsky.library.a.f.j(57): Loaded library for account: [IVHUPQ1r0M-v5W-9CU87ZgwADvM]
10-29 00:21:00.274  9391  9441 D SQLiteConnection: enable sqlite enhance.
10-29 00:21:00.314  9391  9391 I Finsky  : [1] com.google.android.finsky.verifier.impl.dq.b(115): Setup app restrictions monitor
10-29 00:21:00.314  9391  9391 I Finsky  : [1] com.google.android.finsky.verifier.impl.ey.a(16): Device wide unknown source restriction is changed.
10-29 00:21:00.324  1401  1466 D CompatibilityInfo: mCompatibilityFlags - 4
10-29 00:21:00.324  1401  1466 D CompatibilityInfo: applicationDensity - 332
10-29 00:21:00.324  1401  1466 D CompatibilityInfo: applicationScale - 1.0
10-29 00:21:00.334  9391  9391 I Finsky  : [1] com.google.android.finsky.scheduler.bp.<init>(19): Resetting scheduler db
10-29 00:21:00.334  9391  9453 D SQLiteConnection: enable sqlite enhance.
10-29 00:21:00.344  9391  9391 I Finsky  : [1] com.google.android.finsky.installer.a.t.<init>(15): Not checking if recovering from paused session because experiment is off
10-29 00:21:00.354  9391  9455 D SQLiteConnection: enable sqlite enhance.
10-29 00:21:00.354  9391  9391 I Finsky  : [1] com.google.android.finsky.scheduler.JobSchedulerEngine$PhoneskyJobSchedulerJobService.onStartJob(7): onJobSchedulerWakeup with jobId 9002
10-29 00:21:00.364  9391  9391 I Finsky  : [1] com.google.android.finsky.scheduler.ae.a(39): Scheduling fallback in 43199992 (absolute: 45392104)
10-29 00:21:00.364  9391  9391 I Finsky  : [1] com.google.android.finsky.scheduler.ae.a(39): Scheduling fallback in 64799997 (absolute: 66992113)
10-29 00:21:00.384  9391  9391 I Finsky  : [1] com.google.android.finsky.installer.a.ak.a(530): Installer kick - no action, not running yet
10-29 00:21:00.384  9391  9391 I Finsky  : [1] com.google.android.finsky.installer.a.ak.a(530): Installer kick - no action, not running yet
10-29 00:21:00.384  9391  9391 I Finsky  : [1] com.google.android.finsky.scheduler.am.handleMessage(16): DeviceState: DeviceState{currentTime=1540786860392, isCharging=true, isIdle=false, netAny=true, netNotRoaming=true, netUnmetered=true}
10-29 00:21:00.394  9391  9391 I Finsky  : [1] com.google.android.finsky.scheduler.bp.a(66): Jobs in database: 1-1337 12-1 26-1414141414 
10-29 00:21:00.394  9391  9391 I Finsky  : [1] com.google.android.finsky.scheduler.ah.a(59): Running job: 12-1
10-29 00:21:00.394  9391  9391 I Finsky  : [1] com.google.android.finsky.contentsync.ContentSyncJob.a(30): ContentSyncJob started
10-29 00:21:00.394  9391  9459 D SQLiteConnection: enable sqlite enhance.
10-29 00:21:00.404  1401  1438 I ActivityManager: Start proc 9460:android.process.media/u0a10 for content provider com.android.providers.downloads/.DownloadProvider
10-29 00:21:00.424  1852  1852 D systemUI_PhoneStatusBarPolicyAdapt: WFC Status enabled false registered false wifi connected true
10-29 00:21:00.424  1852  1852 D systemUI_SignalClusterViewAdapt: anyMobileVisibletrue airplanMode false ShowNoSim false
10-29 00:21:00.424  1852  1852 D systemUI_TmoSignalViewAdapt: Refresh signalClusterView com.android.systemui.statusbar.SignalClusterView{930d176 V.E...... ........ 46,4-137,45 #7f120236 app:
10-29 00:21:00.424  1852  1852 D systemUI_TmoSignalViewAdapt: id/signal_cluster}
10-29 00:21:00.424  1852  1852 D systemUI_AloneDataView:  iswfc:false
10-29 00:21:00.424  1852  1852 D systemUI_AloneDataView: mIsMmsApnDataState: false isWFCState:false
10-29 00:21:00.424  1852  1852 D systemUI_AloneDataView: MakeAllAloneDataViewGone
10-29 00:21:00.424  1852  1852 D systemUI_TmoSignalViewAdapt: GetWifiActivityIconId state.activityIntrue state.activityOuttrue
10-29 00:21:00.424  1852  1852 D systemUI_SignalClusterViewAdapt: anyMobileVisibletrue airplanMode false ShowNoSim false
10-29 00:21:00.424  1852  1852 D systemUI_TmoSignalViewAdapt: Refresh signalClusterView com.android.systemui.statusbar.SignalClusterView{f8efbe4 V.E...... ......ID 46,4-137,45 #7f120236 app:
10-29 00:21:00.424  1852  1852 D systemUI_TmoSignalViewAdapt: id/signal_cluster}
10-29 00:21:00.424  1401  1916 D CompatibilityInfo: mCompatibilityFlags - 4
10-29 00:21:00.424  1401  1916 D CompatibilityInfo: applicationDensity - 332
10-29 00:21:00.424  1401  1916 D CompatibilityInfo: applicationScale - 1.0
10-29 00:21:00.434  1852  1852 D systemUI_AloneDataView:  iswfc:false
10-29 00:21:00.434  1852  1852 D systemUI_AloneDataView: mIsMmsApnDataState: false isWFCState:false
10-29 00:21:00.434  1852  1852 D systemUI_AloneDataView: MakeAllAloneDataViewGone
10-29 00:21:00.434  1852  1852 D systemUI_TmoSignalViewAdapt: GetWifiActivityIconId state.activityIntrue state.activityOuttrue
10-29 00:21:00.444  9460  9460 W System  : ClassLoader referenced unknown path: /system/priv-app/DownloadProvider/lib/arm64
10-29 00:21:00.454  9460  9460 W asset   : Asset path /system/framework/framework-zte-res.apk is neither a directory nor file (type=1).
10-29 00:21:00.474  9460  9460 W System  : ClassLoader referenced unknown path: /system/priv-app/MediaProvider/lib/arm64
10-29 00:21:00.474  9460  9460 D ApplicationLoaders: ignored Vulkan layer search path /system/priv-app/MediaProvider/lib/arm64:/system/priv-app/MediaProvider/MediaProvider.apk!/lib/arm64-v8a:/system/lib64:/vendor/lib64 for namespace 0x7f832320f0
10-29 00:21:00.474  9460  9460 W asset   : Asset path /system/framework/framework-zte-res.apk is neither a directory nor file (type=1).
10-29 00:21:00.484  9460  9460 D SQLiteConnection: enable sqlite enhance.
10-29 00:21:00.504  1852  1852 D systemUI_BatteryMeterDrawable: drawBattery level: 100....mLevel: 100
10-29 00:21:00.524  9460  9460 D SQLiteConnection: enable sqlite enhance.
10-29 00:21:00.534  9460  9460 D SQLiteConnection: enable sqlite enhance.
10-29 00:21:00.624  9391  9441 I Finsky  : [147] com.google.android.finsky.library.a.f.j(81): Finished loading 1 libraries.
10-29 00:21:00.624  9391  9391 I Finsky  : [1] com.google.android.finsky.scheduler.ah.a(105): RunningQueue size: 1, PendingQueue size: 0
10-29 00:21:00.624  9391  9391 I Finsky  : [1] com.google.android.finsky.scheduler.ah.a(116): Running queue: 12-1 
10-29 00:21:00.634  1401  2063 E LocSvc_eng: E/Calling gnss_sv_status_cb
10-29 00:21:00.634  1401  2063 V GnssLocationProvider: SV count: 28
10-29 00:21:00.634  1401  2063 V GnssLocationProvider: svid: 7 cn0: 2.5700002 elev: 28.0 azimuth: 305.0   AU
10-29 00:21:00.634  1401  2063 V GnssLocationProvider: svid: 8 cn0: 2.17 elev: 53.0 azimuth: 172.0   AU
10-29 00:21:00.634  1401  2063 V GnssLocationProvider: svid: 3 cn0: 0.0 elev: 0.0 azimuth: 0.0   A
10-29 00:21:00.634  1401  2063 V GnssLocationProvider: svid: 5 cn0: 0.0 elev: 0.0 azimuth: 0.0   A
10-29 00:21:00.634  1401  2063 V GnssLocationProvider: svid: 9 cn0: 0.0 elev: 54.0 azimuth: 274.0   A
