10-29 00:21:00.634  1401  2063 V GnssLocationProvider: svid: 11 cn0: 0.0 elev: 3.0 azimuth: 180.0   A
10-29 00:21:00.634  1401  2063 V GnssLocationProvider: svid: 16 cn0: 0.0 elev: 43.0 azimuth: 43.0   A
10-29 00:21:00.634  1401  2063 V GnssLocationProvider: svid: 18 cn0: 0.0 elev: 0.0 azimuth: 0.0   A
10-29 00:21:00.634  1401  2063 V GnssLocationProvider: svid: 21 cn0: 0.0 elev: 4.0 azimuth: 46.0   A
10-29 00:21:00.634  1401  2063 V GnssLocationProvider: svid: 22 cn0: 0.0 elev: 0.0 azimuth: 0.0   A
10-29 00:21:00.634  1401  2063 V GnssLocationProvider: svid: 23 cn0: 0.0 elev: 57.0 azimuth: 222.0   A
10-29 00:21:00.634  1401  2063 V GnssLocationProvider: svid: 26 cn0: 0.0 elev: 19.0 azimuth: 59.0   A
10-29 00:21:00.634  1401  2063 V GnssLocationProvider: svid: 27 cn0: 0.0 elev: 66.0 azimuth: 104.0   A
10-29 00:21:00.634  1401  2063 V GnssLocationProvider: svid: 28 cn0: 0.0 elev: 0.0 azimuth: 0.0   A
10-29 00:21:00.634  1401  2063 V GnssLocationProvider: svid: 30 cn0: 0.0 elev: 0.0 azimuth: 0.0   A
10-29 00:21:00.634  1401  2063 V GnssLocationProvider: svid: 31 cn0: 0.0 elev: 0.0 azimuth: 0.0   A
10-29 00:21:00.634  1401  2063 V GnssLocationProvider: svid: 10 cn0: 0.0 elev: 39.0 azimuth: 54.0   A
10-29 00:21:00.634  1401  2063 V GnssLocationProvider: svid: 2 cn0: 0.0 elev: 18.0 azimuth: 322.0   A
10-29 00:21:00.634  1401  2063 V GnssLocationProvider: svid: 22 cn0: 0.0 elev: 0.0 azimuth: 0.0   A
10-29 00:21:00.634  1401  2063 V GnssLocationProvider: svid: 9 cn0: 0.0 elev: 2.0 azimuth: 85.0   A
10-29 00:21:00.634  1401  2063 V GnssLocationProvider: svid: 12 cn0: 0.0 elev: 14.0 azimuth: 292.0   A
10-29 00:21:00.634  1401  2063 V GnssLocationProvider: svid: 11 cn0: 0.0 elev: 48.0 azimuth: 329.0   A
10-29 00:21:00.634  1401  2063 V GnssLocationProvider: svid: 1 cn0: 0.0 elev: 33.0 azimuth: 255.0   A
10-29 00:21:00.634  1401  2063 V GnssLocationProvider: svid: 20 cn0: 0.0 elev: 38.0 azimuth: 60.0   A
10-29 00:21:00.634  1401  2063 V GnssLocationProvider: svid: 19 cn0: 0.0 elev: 2.0 azimuth: 16.0   A
10-29 00:21:00.634  1401  2063 V GnssLocationProvider: svid: 21 cn0: 0.0 elev: 37.0 azimuth: 136.0   A
10-29 00:21:00.634  1401  2063 V GnssLocationProvider: svid: 3 cn0: 0.0 elev: 0.0 azimuth: 0.0   A
10-29 00:21:00.634  1401  2063 V GnssLocationProvider: svid: 8 cn0: 0.0 elev: 15.0 azimuth: 209.0   A
10-29 00:21:00.654  9391  9391 I Finsky  : [1] com.google.android.finsky.splitinstallservice.di.a(10): Connecting InstallListener to SplitInstallService broadcaster...
10-29 00:21:00.694  9391  9477 D SQLiteConnection: enable sqlite enhance.
10-29 00:21:00.844  9391  9423 I Finsky  : [134] com.google.android.finsky.n.c.a(20): Completed 0 account content syncs with 0 successful.
10-29 00:21:00.844  9391  9391 I Finsky  : [1] com.google.android.finsky.contentsync.ContentSyncJob.a(28): Installation state replication succeeded.
10-29 00:21:00.844  9391  9391 I Finsky  : [1] com.google.android.finsky.scheduler.bm.b(8): jobFinished: 12-1. TimeElapsed: 448ms
10-29 00:21:00.844  9391  9391 I Finsky  : [1] com.google.android.finsky.scheduler.ah.a(138): Job 12-1 finished
10-29 00:21:00.844  9391  9391 I Finsky  : [1] com.google.android.finsky.scheduler.ah.a(105): RunningQueue size: 0, PendingQueue size: 0
10-29 00:21:00.844  9391  9391 I Finsky  : [1] com.google.android.finsky.scheduler.am.handleMessage(42): Executor finished
10-29 00:21:00.864  9391  9391 I Finsky  : [1] com.google.android.finsky.scheduler.bp.a(66): Jobs in database: 1-1337 26-1414141414 
10-29 00:21:00.864  9391  9391 I Finsky  : [1] com.google.android.finsky.scheduler.l.a(70): ConstraintMapping: 1-1337,  -> L: 12070853ms, D: 90845922ms, C: false, I: false, N: 1
10-29 00:21:00.864  1401  1465 D DeviceIdleController: handleMessage(7)
10-29 00:21:00.864  1401  2692 I ActivityManager: Killing 8813:com.facebook.katana/u0a93 (adj 906): empty #9
10-29 00:21:00.874  9391  9391 I Finsky  : [1] com.google.android.finsky.scheduler.l.a(70): ConstraintMapping: 26-1414141414,  -> L: 40871358ms, D: 41771358ms, C: false, I: false, N: 0
10-29 00:21:00.874  9391  9391 I Finsky  : [1] com.google.android.finsky.scheduler.JobSchedulerEngine.a(108): Cancelling existing job with id: 9003
10-29 00:21:00.874  9391  9391 I Finsky  : [1] com.google.android.finsky.scheduler.JobSchedulerEngine.a(47): Scheduling job Id: 9000, L: 12070853, D: 90845922, C: false, I: false, N: 1
10-29 00:21:00.884  9391  9391 I Finsky  : [1] com.google.android.finsky.scheduler.JobSchedulerEngine.a(47): Scheduling job Id: 9001, L: 40871358, D: 41771358, C: false, I: false, N: 0
10-29 00:21:00.894  1401  2721 D ActivityManager: cleanUpApplicationRecord -- 8813
10-29 00:21:01.024  1852  1852 D systemUI_BatteryMeterDrawable: drawBattery level: 100....mLevel: 100
10-29 00:21:01.024  2124  2124 D VendorTeleService: vendor:PhoneAppBroadcastReceiver onReceive: act=android.net.wifi.RSSI_CHANGED
10-29 00:21:01.024  2124  2124 D Telephony WFC: mReceiver: RSSI_CHANGED_ACTION
10-29 00:21:01.024  1852  2163 D systemUI_WIPE_DATA_NetworkControllerImpl: onReceive , intent action: android.net.wifi.RSSI_CHANGED
10-29 00:21:01.024  1401  1466 D CompatibilityInfo: mCompatibilityFlags - 4
10-29 00:21:01.024  1401  1466 D CompatibilityInfo: applicationDensity - 332
10-29 00:21:01.024  1401  1466 D CompatibilityInfo: applicationScale - 1.0
10-29 00:21:01.024   706   706 V QCNEA   : |CORE:COM| there are 1 file descriptor(s) with events pending
10-29 00:21:01.024   706   706 V QCNEA   : |CORE:COM| processing event number: 0, handling 1 for 30
10-29 00:21:01.024   706   706 V QCNEA   : |CORE:COM| file descriptor '30' is processing events [callback:0x7f785aec6c, data:0x7f78015640]
10-29 00:21:01.024   706   706 I QCNEA   : |CORE|  processCneEvent rv = 0, recordLen = 204
10-29 00:21:01.024   706   706 V QCNEA   : |CORE| ****Decoding**** 'REQUEST_UPDATE_WLAN_INFO' (2) [command 868, count 871], payload size 196
10-29 00:21:01.024   706   706 D QCNEA   : |CORE:COM| ****Decoding****: netType=1, subType=101, networkState=1, wifiState=3, ipAddr=192.168.0.8, ipAddrV6=2603:9000:8a00:9000:2c98:4ae4:53bf:a8ef, iface=wlan0, ifaceV6=wlan0, timeStamp=2018-10-29 00:21:01.033, isAndroidValidated=true, nethdl=433808132830, rssi=-46, freqBand=2.4GHz, ssid=BHNTG1682G40E2, bssid=5c:8f:e0:f7:40:e0, dns1=209.18.47.61, dns2=75.114.81.1, dns3=0.0.0.0, dns4=0.0.0.0 
10-29 00:21:01.024   706   706 I QCNEA   : |CORE:SRM| SRM processCommand: Rcvd command, cmdType=2
10-29 00:21:01.024   706   706 D QCNEA   : |CORE:SRM|  Wlan:putResourceToTable - type=1, state=1, rssi=-46, ssid=BHNTG1682G40E2, bssid=5c:8f:e0:f7:40:e0, freqBand = 2.4GHz, ipAddr=192.168.0.8, iface=wlan0, ipAddrV6=2603:9000:8a00:9000:2c98:4ae4:53bf:a8ef, ifaceV6=wlan0, timeStamp=2018-10-29 00:21:01.033, netHdl=433808132830 DNS addrs= 209.18.47.61, 75.114.81.1, 0.0.0.0, 0.0.0.0validated =1, wifiState =3, index=9
10-29 00:21:01.024   706   706 I QCNEA   : |CORE:SRM| SRM processCommand: WlanInfo, type=1, state=1, rssi=-46, ssid=BHNTG1682G40E2, bssid=5c:8f:e0:f7:40:e0, ipAddr=192.168.0.8, iface=wlan0, ipAddrV6=2603:9000:8a00:9000:2c98:4ae4:53bf:a8ef, ifaceV6=wlan0, timeStamp=2018-10-29 00:21:01.033, isAndroidValidated = true, freqBand = 2.4GHz, dnsAddrs = 209.18.47.61 , 75.114.81.1 , 0.0.0.0, 0.0.0.0
10-29 00:21:01.024   706   706 D QCNEA   : |CORE:SRM| Caching connected wlan event
10-29 00:21:01.024   706   706 D QCNEA   : |CORE:SRM|  Wlan:putResourceToTable - type=1, state=1, rssi=-46, ssid=BHNTG1682G40E2, bssid=5c:8f:e0:f7:40:e0, freqBand = 2.4GHz, ipAddr=192.168.0.8, iface=wlan0, ipAddrV6=2603:9000:8a00:9000:2c98:4ae4:53bf:a8ef, ifaceV6=wlan0, timeStamp=2018-10-29 00:21:01.033, netHdl=433808132830 DNS addrs= 209.18.47.61, 75.114.81.1, 0.0.0.0, 0.0.0.0validated =1, wifiState =3, index=4
10-29 00:21:01.024   706   706 I QCNEA   : |CORE|  processCneEvent rv = -1, recordLen = 204
10-29 00:21:01.024   706   706 V QCNEA   : |CORE:COM| waiting on events (-1ms)
10-29 00:21:01.024  1838  1838 D WifiCallingStatusControl: wfc---onReceive begin intent = android.net.wifi.RSSI_CHANGED
10-29 00:21:01.024  1838  1838 D WifiCallingStatusControl: readWifiCallPreferredMode = 1
10-29 00:21:01.024  1838  1838 D WifiCallingStatusControl: getRssi() is -46, mIsWifiSignalWeak is false
10-29 00:21:01.024  1838  1838 D WifiCallingStatusControl: mIsWifiSwitchTurnOn =true, mWifiCallPreferred = 1, mWifiCallRegisterState = 2, mIsWifiCallAvailable = false
10-29 00:21:01.024  1838  1838 D WifiCallingStatusControl: mIsWifiCallSwitchTurnOn = false, mIsWifiConnected = true, mIsWifiSignalWeak = false, mIsWifiCallReady = false
10-29 00:21:01.024  1838  1838 I WifiCallingStatusControl: showWifiCallWizard = false
10-29 00:21:01.024  1838  1838 D WifiCallingStatusControl: WFC switch is off, setsummary disabled
10-29 00:21:01.044  1838  1838 E ZteWifiCallingSettings: savedSummary = Disabled
10-29 00:21:01.044  1838  1838 E ZteWifiCallingSettings: summary = Disabled
10-29 00:21:01.044  1401  2127 E ActivityManager: Sending non-protected broadcast com.android.wificall.READY from system 1838:com.android.settings/1000 pkg com.android.settings
10-29 00:21:01.044  1401  2127 E ActivityManager: java.lang.Throwable
10-29 00:21:01.044  1401  2127 E ActivityManager: 	at com.android.server.am.ActivityManagerService.checkBroadcastFromSystem(ActivityManagerService.java:19108)
10-29 00:21:01.044  1401  2127 E ActivityManager: 	at com.android.server.am.ActivityManagerService.broadcastIntentLocked(ActivityManagerService.java:19606)
10-29 00:21:01.044  1401  2127 E ActivityManager: 	at com.android.server.am.ActivityManagerService.broadcastIntent(ActivityManagerService.java:19792)
10-29 00:21:01.044  1401  2127 E ActivityManager: 	at android.app.ActivityManagerNative.onTransact(ActivityManagerNative.java:499)
10-29 00:21:01.044  1401  2127 E ActivityManager: 	at com.android.server.am.ActivityManagerService.onTransact(ActivityManagerService.java:3293)
10-29 00:21:01.044  1401  2127 E ActivityManager: 	at android.os.Binder.execTransact(Binder.java:565)
10-29 00:21:01.054  1401  2127 E ActivityManager: Sending non-protected broadcast com.android.wificall.READY from system 1838:com.android.settings/1000 pkg com.android.settings
10-29 00:21:01.054  1401  2127 E ActivityManager: java.lang.Throwable
10-29 00:21:01.054  1401  2127 E ActivityManager: 	at com.android.server.am.ActivityManagerService.checkBroadcastFromSystem(ActivityManagerService.java:19108)
10-29 00:21:01.054  1401  2127 E ActivityManager: 	at com.android.server.am.ActivityManagerService.broadcastIntentLocked(ActivityManagerService.java:19697)
10-29 00:21:01.054  1401  2127 E ActivityManager: 	at com.android.server.am.ActivityManagerService.broadcastIntent(ActivityManagerService.java:19792)
10-29 00:21:01.054  1401  2127 E ActivityManager: 	at android.app.ActivityManagerNative.onTransact(ActivityManagerNative.java:499)
10-29 00:21:01.054  1401  2127 E ActivityManager: 	at com.android.server.am.ActivityManagerService.onTransact(ActivityManagerService.java:3293)
10-29 00:21:01.054  1401  2127 E ActivityManager: 	at android.os.Binder.execTransact(Binder.java:565)
10-29 00:21:01.064  1852  1852 D systemUI_PhoneStatusBarPolicyAdapt: action
10-29 00:21:01.064  1838  1838 D WifiCallingStatusControl: notifyWifiCallingReady callstate = 0
10-29 00:21:01.064  1838  1838 D WifiCallingStatusControl: wfc---cancelNotification IN
10-29 00:21:01.064  1401  2139 D CompatibilityInfo: mCompatibilityFlags - 4
10-29 00:21:01.064  1401  2139 D CompatibilityInfo: applicationDensity - 332
10-29 00:21:01.064  1401  2139 D CompatibilityInfo: applicationScale - 1.0
10-29 00:21:01.074  1401  1438 D CompatibilityInfo: mCompatibilityFlags - 4
10-29 00:21:01.074  1401  1438 D CompatibilityInfo: applicationDensity - 332
10-29 00:21:01.074  1401  1438 D CompatibilityInfo: applicationScale - 1.0
10-29 00:21:01.074  1401  2139 D CompatibilityInfo: mCompatibilityFlags - 4
10-29 00:21:01.074  1401  2139 D CompatibilityInfo: applicationDensity - 332
10-29 00:21:01.074  1401  2139 D CompatibilityInfo: applicationScale - 1.0
10-29 00:21:01.084  1401  1916 D CompatibilityInfo: mCompatibilityFlags - 4
10-29 00:21:01.084  1401  1916 D CompatibilityInfo: applicationDensity - 332
10-29 00:21:01.084  1401  1916 D CompatibilityInfo: applicationScale - 1.0
10-29 00:21:01.104  1401  2659 D CompatibilityInfo: mCompatibilityFlags - 4
10-29 00:21:01.104  1401  2659 D CompatibilityInfo: applicationDensity - 332
10-29 00:21:01.104  1401  2659 D CompatibilityInfo: applicationScale - 1.0
10-29 00:21:01.424  1852  1852 D systemUI_PhoneStatusBarPolicyAdapt: WFC Status enabled false registered false wifi connected true
10-29 00:21:01.424  1852  1852 D systemUI_SignalClusterViewAdapt: anyMobileVisibletrue airplanMode false ShowNoSim false
10-29 00:21:01.424  1852  1852 D systemUI_TmoSignalViewAdapt: Refresh signalClusterView com.android.systemui.statusbar.SignalClusterView{930d176 V.E...... ........ 46,4-137,45 #7f120236 app:
10-29 00:21:01.424  1852  1852 D systemUI_TmoSignalViewAdapt: id/signal_cluster}
10-29 00:21:01.424  1852  1852 D systemUI_AloneDataView:  iswfc:false
10-29 00:21:01.424  1852  1852 D systemUI_AloneDataView: mIsMmsApnDataState: false isWFCState:false
10-29 00:21:01.424  1852  1852 D systemUI_AloneDataView: MakeAllAloneDataViewGone
10-29 00:21:01.424  1852  1852 D systemUI_SignalClusterViewAdapt: anyMobileVisibletrue airplanMode false ShowNoSim false
10-29 00:21:01.424  1852  1852 D systemUI_TmoSignalViewAdapt: Refresh signalClusterView com.android.systemui.statusbar.SignalClusterView{f8efbe4 V.E...... ......ID 46,4-137,45 #7f120236 app:
10-29 00:21:01.424  1852  1852 D systemUI_TmoSignalViewAdapt: id/signal_cluster}
10-29 00:21:01.434  1852  1852 D systemUI_AloneDataView:  iswfc:false
10-29 00:21:01.434  1852  1852 D systemUI_AloneDataView: mIsMmsApnDataState: false isWFCState:false
10-29 00:21:01.434  1852  1852 D systemUI_AloneDataView: MakeAllAloneDataViewGone
10-29 00:21:01.434  1852  1852 E systemUI_SignalViewFactory: Failed to get adapt for 2
10-29 00:21:01.434  1852  1852 E systemUI_SignalViewFactory: Failed to get adapt for 2
10-29 00:21:01.434  1852  1852 E systemUI_SignalViewFactory: Failed to get adapt for 2
10-29 00:21:01.434  1852  1852 E systemUI_SignalViewFactory: Failed to get adapt for 2
10-29 00:21:01.434  1852  1852 E systemUI_SignalViewFactory: Failed to get adapt for 2
10-29 00:21:01.434  1852  1852 E systemUI_SignalViewFactory: Failed to get adapt for 2
10-29 00:21:01.434  1852  1852 E systemUI_SignalViewFactory: Failed to get adapt for 2
10-29 00:21:01.434  1852  1852 E systemUI_SignalViewFactory: Failed to get adapt for 2
10-29 00:21:01.434  1852  1852 E systemUI_SignalViewFactory: Failed to get adapt for 2
10-29 00:21:01.434  1852  1852 E systemUI_SignalViewFactory: Failed to get adapt for 2
10-29 00:21:01.434  1852  1852 E systemUI_SignalViewFactory: Failed to get adapt for 2
10-29 00:21:01.434  1852  1852 E systemUI_SignalViewFactory: Failed to get adapt for 2
10-29 00:21:01.434  1852  1852 E systemUI_SignalViewFactory: Failed to get adapt for 2
10-29 00:21:01.434  1852  1852 E systemUI_SignalViewFactory: Failed to get adapt for 2
10-29 00:21:01.534  1852  1852 D systemUI_BatteryMeterDrawable: drawBattery level: 100....mLevel: 100
10-29 00:21:01.634  1401  2063 E LocSvc_eng: E/Calling gnss_sv_status_cb
10-29 00:21:01.634  1401  2063 V GnssLocationProvider: SV count: 28
10-29 00:21:01.634  1401  2063 V GnssLocationProvider: svid: 7 cn0: 2.69 elev: 28.0 azimuth: 305.0   AU
10-29 00:21:01.634  1401  2063 V GnssLocationProvider: svid: 8 cn0: 2.1100001 elev: 53.0 azimuth: 172.0   AU
10-29 00:21:01.634  1401  2063 V GnssLocationProvider: svid: 3 cn0: 0.0 elev: 0.0 azimuth: 0.0   A
10-29 00:21:01.634  1401  2063 V GnssLocationProvider: svid: 5 cn0: 0.0 elev: 0.0 azimuth: 0.0   A
10-29 00:21:01.634  1401  2063 V GnssLocationProvider: svid: 9 cn0: 0.0 elev: 54.0 azimuth: 274.0   A
10-29 00:21:01.634  1401  2063 V GnssLocationProvider: svid: 11 cn0: 0.0 elev: 3.0 azimuth: 180.0   A
10-29 00:21:01.634  1401  2063 V GnssLocationProvider: svid: 16 cn0: 0.0 elev: 43.0 azimuth: 43.0   A
10-29 00:21:01.634  1401  2063 V GnssLocationProvider: svid: 18 cn0: 0.0 elev: 0.0 azimuth: 0.0   A
10-29 00:21:01.634  1401  2063 V GnssLocationProvider: svid: 21 cn0: 0.0 elev: 4.0 azimuth: 46.0   A
10-29 00:21:01.634  1401  2063 V GnssLocationProvider: svid: 22 cn0: 0.0 elev: 0.0 azimuth: 0.0   A
10-29 00:21:01.634  1401  2063 V GnssLocationProvider: svid: 23 cn0: 0.0 elev: 57.0 azimuth: 222.0   A
10-29 00:21:01.634  1401  2063 V GnssLocationProvider: svid: 26 cn0: 0.0 elev: 19.0 azimuth: 59.0   A
10-29 00:21:01.634  1401  2063 V GnssLocationProvider: svid: 27 cn0: 0.0 elev: 66.0 azimuth: 104.0   A
10-29 00:21:01.634  1401  2063 V GnssLocationProvider: svid: 28 cn0: 0.0 elev: 0.0 azimuth: 0.0   A
10-29 00:21:01.634  1401  2063 V GnssLocationProvider: svid: 30 cn0: 0.0 elev: 0.0 azimuth: 0.0   A
10-29 00:21:01.634  1401  2063 V GnssLocationProvider: svid: 31 cn0: 0.0 elev: 0.0 azimuth: 0.0   A
10-29 00:21:01.634  1401  2063 V GnssLocationProvider: svid: 10 cn0: 0.0 elev: 39.0 azimuth: 54.0   A
10-29 00:21:01.634  1401  2063 V GnssLocationProvider: svid: 2 cn0: 0.0 elev: 18.0 azimuth: 322.0   A
10-29 00:21:01.634  1401  2063 V GnssLocationProvider: svid: 22 cn0: 0.0 elev: 0.0 azimuth: 0.0   A
10-29 00:21:01.634  1401  2063 V GnssLocationProvider: svid: 9 cn0: 0.0 elev: 2.0 azimuth: 85.0   A
10-29 00:21:01.634  1401  2063 V GnssLocationProvider: svid: 12 cn0: 0.0 elev: 14.0 azimuth: 292.0   A
10-29 00:21:01.634  1401  2063 V GnssLocationProvider: svid: 11 cn0: 0.0 elev: 48.0 azimuth: 329.0   A
10-29 00:21:01.634  1401  2063 V GnssLocationProvider: svid: 1 cn0: 0.0 elev: 33.0 azimuth: 255.0   A
10-29 00:21:01.634  1401  2063 V GnssLocationProvider: svid: 20 cn0: 0.0 elev: 38.0 azimuth: 60.0   A
10-29 00:21:01.634  1401  2063 V GnssLocationProvider: svid: 19 cn0: 0.0 elev: 2.0 azimuth: 16.0   A
10-29 00:21:01.634  1401  2063 V GnssLocationProvider: svid: 21 cn0: 0.0 elev: 37.0 azimuth: 136.0   A
10-29 00:21:01.634  1401  2063 V GnssLocationProvider: svid: 3 cn0: 0.0 elev: 0.0 azimuth: 0.0   A
10-29 00:21:01.634  1401  2063 V GnssLocationProvider: svid: 8 cn0: 0.0 elev: 15.0 azimuth: 209.0   A
10-29 00:21:02.064  1852  1852 D systemUI_BatteryMeterDrawable: drawBattery level: 100....mLevel: 100
10-29 00:21:02.354  2222  2222 D QcrilMsgTunnelIfaceManager: handleMessage what = 0
10-29 00:21:02.354  2124  2124 D VendorResponse: parseResponse
10-29 00:21:02.354  2124  2124 D VendorResponse: vendor response processSolicitedResponse requestId =590829
10-29 00:21:02.354  2124  2124 D VendorHook: VendorHook handleMessage msg id to 590829
10-29 00:21:02.354  2124  2124 D VendorHook: notify SigStrength to registrants
10-29 00:21:02.354  2124  2124 D QC_RIL_OEM_HOOK: Received Broadcast Intent ACTION_UNSOL_RESPONSE_OEM_HOOK_RAW
10-29 00:21:02.354  2124  2124 D QC_RIL_OEM_HOOK: Oem ID in QCRILHOOK UNSOL RESP is QOEMHOOK
10-29 00:21:02.354  2124  2124 D VendorServiceStateTracker: handleMessage: Event: 12
10-29 00:21:02.354  2124  2124 D VendorServiceStateTracker: getlteEarfcn(), cellInfo =CellInfoLte:{mRegistered=YES mTimeStampType=oem_ril mTimeStamp=2072034798375ns CellIdentityLte:{ mMcc=310 mMnc=260 mCi=18468119 mPci=251 mTac=34142 mEarfcn=5035} CellSignalStrengthLte: ss=14 rsrp=-119 rsrq=-16 rssnr=2147483647 cqi=2147483647 ta=27}
10-29 00:21:02.354  2124  2124 D VendorServiceStateTracker: getlteEarfcn CellInfoLte, mEarfcn =5035
10-29 00:21:02.354  2124  2124 D VendorServiceStateTracker:  getlteBand =12
10-29 00:21:02.354  2124  2124 D VendorServiceStateTracker:  getlteRsrpDelta =0
10-29 00:21:02.354  1852  2163 D systemUI_MobileSignalController: updateTelephony hasServicetrue isRoaming false
10-29 00:21:02.354  1852  2163 D systemUI_MobileSignalControllerAdapt: Signal changed! Google 1 operator 2
10-29 00:21:02.354  2124  2124 D QC_RIL_OEM_HOOK: Received Broadcast Intent ACTION_UNSOL_RESPONSE_OEM_HOOK_RAW
10-29 00:21:02.354  2124  2124 D QC_RIL_OEM_HOOK: Oem ID in QCRILHOOK UNSOL RESP is QOEMHOOK
10-29 00:21:02.354  2124  2124 D QC_RIL_OEM_HOOK: Received Broadcast Intent ACTION_UNSOL_RESPONSE_OEM_HOOK_RAW
10-29 00:21:02.354  2124  2124 D QC_RIL_OEM_HOOK: Oem ID in QCRILHOOK UNSOL RESP is QOEMHOOK
10-29 00:21:02.354  2124  2124 D VendorServiceStateTracker: handleMessage: Event: 100
10-29 00:21:02.354  2124  2124 D VendorServiceStateTracker: Event EVENT_VENDOR_SIGNAL_STRENGTH_UPDATE Received
10-29 00:21:02.354  2124  2124 D VendorTeleService: onSignalStrengthsChanged : lte signalStrength is-118
10-29 00:21:02.364  2124  2316 D PhoneInterfaceManager: [PhoneIntfMgr] getDataEnabled: subId=1 phoneId=0
10-29 00:21:02.364  2124  2316 D PhoneInterfaceManager: [PhoneIntfMgr] getDataEnabled: subId=1 retVal=true
10-29 00:21:02.364  1852  2163 D systemUI_TmoSignalViewAdapt: OnUpdateTelephony IsDataPhoneId:true carrierNetworkChangeMode false
10-29 00:21:02.364  1852  2163 D systemUI_TmoSignalViewAdapt: OnUpdateTelephony ids:[com.zte.tmo.TmoNetShowIds@df5377]
10-29 00:21:02.364  1852  2163 D systemUI_TmoSignalViewAdapt: OnUpdateTelephony is coming datatype =13
10-29 00:21:02.364  1852  2163 D systemUI_TmoNetShowIds: OnUpdateIconSet type 13
10-29 00:21:02.364  1852  2163 D systemUI_NETSIGNALS_TmoNetShowIds: OnUpdateIconSet type 13
10-29 00:21:02.364  1852  2163 D systemUI_TmoNetShowIds:  isMmsApnDataState:false
10-29 00:21:02.364  1852  2163 D systemUI_NETSIGNALS_TmoNetShowIds: DataConnected false
10-29 00:21:02.364  1852  2163 D systemUI_TmoSignalViewAdapt: GetSignalStrengthIcon com.android.systemui:drawable/zte_signal_5ge_2_fully
10-29 00:21:02.364  1852  2163 D systemUI_NETSIGNALS_TmoSignalViewAdapt: Get Type for 0 type (null) data com.android.systemui:drawable/stat_sys_data_fully_connected_4g
10-29 00:21:02.364  1852  1852 D systemUI_AloneDataView:  iswfc:false
10-29 00:21:02.364  1852  1852 D systemUI_AloneDataView: mIsMmsApnDataState: false isWFCState:false
10-29 00:21:02.364  1852  1852 D systemUI_AloneDataView: MakeAllAloneDataViewGone
10-29 00:21:02.364  1852  1852 D systemUI_TmoSignalViewAdapt: Refresh mView java.lang.ref.WeakReference@49b0096 mView.get()com.android.systemui.statusbar.SignalClusterView{930d176 V.E...... 
10-29 00:21:02.364  1852  1852 D systemUI_TmoSignalViewAdapt: ........ 46,4-137,45 #7f120236 app:id/signal_cluster}
10-29 00:21:02.374  1852  1852 D systemUI_SignalClusterViewAdapt: anyMobileVisibletrue airplanMode false ShowNoSim false
10-29 00:21:02.374  1852  1852 D systemUI_TmoSignalViewAdapt: Refresh signalClusterView com.android.systemui.statusbar.SignalClusterView{930d176 V.E...... .......D 46,4-137,45 #7f120236 app:
10-29 00:21:02.374  1852  1852 D systemUI_TmoSignalViewAdapt: id/signal_cluster}
10-29 00:21:02.374  1852  1852 D systemUI_AloneDataView:  iswfc:false
10-29 00:21:02.374  1852  1852 D systemUI_AloneDataView: mIsMmsApnDataState: false isWFCState:false
10-29 00:21:02.374  1852  1852 D systemUI_AloneDataView: MakeAllAloneDataViewGone
10-29 00:21:02.374  1852  1852 D systemUI_SignalClusterViewAdapt: anyMobileVisibletrue airplanMode false ShowNoSim false
10-29 00:21:02.374  1852  1852 D systemUI_TmoSignalViewAdapt: Refresh signalClusterView com.android.systemui.statusbar.SignalClusterView{f8efbe4 V.E...... ......ID 46,4-137,45 #7f120236 app:
10-29 00:21:02.374  1852  1852 D systemUI_TmoSignalViewAdapt: id/signal_cluster}
10-29 00:21:02.374  1852  1852 D systemUI_AloneDataView:  iswfc:false
10-29 00:21:02.374  1852  1852 D systemUI_AloneDataView: mIsMmsApnDataState: false isWFCState:false
10-29 00:21:02.374  1852  1852 D systemUI_AloneDataView: MakeAllAloneDataViewGone
10-29 00:21:02.424  1852  1852 D systemUI_PhoneStatusBarPolicyAdapt: WFC Status enabled false registered false wifi connected true
10-29 00:21:02.424  1852  1852 D systemUI_SignalClusterViewAdapt: anyMobileVisibletrue airplanMode false ShowNoSim false
10-29 00:21:02.424  1852  1852 D systemUI_TmoSignalViewAdapt: Refresh signalClusterView com.android.systemui.statusbar.SignalClusterView{930d176 V.E...... ........ 46,4-137,45 #7f120236 app:
10-29 00:21:02.424  1852  1852 D systemUI_TmoSignalViewAdapt: id/signal_cluster}
10-29 00:21:02.424  1852  1852 D systemUI_AloneDataView:  iswfc:false
10-29 00:21:02.424  1852  1852 D systemUI_AloneDataView: mIsMmsApnDataState: false isWFCState:false
10-29 00:21:02.424  1852  1852 D systemUI_AloneDataView: MakeAllAloneDataViewGone
10-29 00:21:02.424  1852  1852 D systemUI_TmoSignalViewAdapt: GetWifiActivityIconId state.activityIntrue state.activityOutfalse
10-29 00:21:02.434  1852  1852 D systemUI_SignalClusterViewAdapt: anyMobileVisibletrue airplanMode false ShowNoSim false
10-29 00:21:02.434  1852  1852 D systemUI_TmoSignalViewAdapt: Refresh signalClusterView com.android.systemui.statusbar.SignalClusterView{f8efbe4 V.E...... ......ID 46,4-137,45 #7f120236 app:
10-29 00:21:02.434  1852  1852 D systemUI_TmoSignalViewAdapt: id/signal_cluster}
10-29 00:21:02.434  1852  1852 D systemUI_AloneDataView:  iswfc:false
10-29 00:21:02.434  1852  1852 D systemUI_AloneDataView: mIsMmsApnDataState: false isWFCState:false
10-29 00:21:02.434  1852  1852 D systemUI_AloneDataView: MakeAllAloneDataViewGone
10-29 00:21:02.434  1852  1852 D systemUI_TmoSignalViewAdapt: GetWifiActivityIconId state.activityIntrue state.activityOutfalse
10-29 00:21:02.444  1852  1852 E systemUI_SignalViewFactory: Failed to get adapt for 2
10-29 00:21:02.444  1852  1852 E systemUI_SignalViewFactory: Failed to get adapt for 2
10-29 00:21:02.444  1852  1852 E systemUI_SignalViewFactory: Failed to get adapt for 2
10-29 00:21:02.444  1852  1852 E systemUI_SignalViewFactory: Failed to get adapt for 2
10-29 00:21:02.444  1852  1852 E systemUI_SignalViewFactory: Failed to get adapt for 2
10-29 00:21:02.444  1852  1852 E systemUI_SignalViewFactory: Failed to get adapt for 2
10-29 00:21:02.444  1852  1852 E systemUI_SignalViewFactory: Failed to get adapt for 2
10-29 00:21:02.444  1852  1852 E systemUI_SignalViewFactory: Failed to get adapt for 2
10-29 00:21:02.444  1852  1852 E systemUI_SignalViewFactory: Failed to get adapt for 2
10-29 00:21:02.444  1852  1852 E systemUI_SignalViewFactory: Failed to get adapt for 2
10-29 00:21:02.444  1852  1852 E systemUI_SignalViewFactory: Failed to get adapt for 2
10-29 00:21:02.444  1852  1852 E systemUI_SignalViewFactory: Failed to get adapt for 2
10-29 00:21:02.444  1852  1852 E systemUI_SignalViewFactory: Failed to get adapt for 2
10-29 00:21:02.444  1852  1852 E systemUI_SignalViewFactory: Failed to get adapt for 2
10-29 00:21:02.574  1852  1852 D systemUI_BatteryMeterDrawable: drawBattery level: 100....mLevel: 100
10-29 00:21:02.644  1401  2063 E LocSvc_eng: E/Calling gnss_sv_status_cb
10-29 00:21:02.644  1401  2063 V GnssLocationProvider: SV count: 28
10-29 00:21:02.644  1401  2063 V GnssLocationProvider: svid: 7 cn0: 2.69 elev: 28.0 azimuth: 305.0   AU
10-29 00:21:02.644  1401  2063 V GnssLocationProvider: svid: 8 cn0: 2.04 elev: 53.0 azimuth: 172.0   AU
10-29 00:21:02.644  1401  2063 V GnssLocationProvider: svid: 3 cn0: 0.0 elev: 0.0 azimuth: 0.0   A
10-29 00:21:02.644  1401  2063 V GnssLocationProvider: svid: 5 cn0: 0.0 elev: 0.0 azimuth: 0.0   A
10-29 00:21:02.644  1401  2063 V GnssLocationProvider: svid: 9 cn0: 0.0 elev: 54.0 azimuth: 274.0   A
10-29 00:21:02.644  1401  2063 V GnssLocationProvider: svid: 11 cn0: 0.0 elev: 3.0 azimuth: 180.0   A
10-29 00:21:02.644  1401  2063 V GnssLocationProvider: svid: 16 cn0: 0.0 elev: 43.0 azimuth: 43.0   A
10-29 00:21:02.644  1401  2063 V GnssLocationProvider: svid: 18 cn0: 0.0 elev: 0.0 azimuth: 0.0   A
10-29 00:21:02.644  1401  2063 V GnssLocationProvider: svid: 21 cn0: 0.0 elev: 4.0 azimuth: 46.0   A
10-29 00:21:02.644  1401  2063 V GnssLocationProvider: svid: 22 cn0: 0.0 elev: 0.0 azimuth: 0.0   A
10-29 00:21:02.644  1401  2063 V GnssLocationProvider: svid: 23 cn0: 0.0 elev: 57.0 azimuth: 222.0   A
10-29 00:21:02.644  1401  2063 V GnssLocationProvider: svid: 26 cn0: 0.0 elev: 19.0 azimuth: 59.0   A
10-29 00:21:02.644  1401  2063 V GnssLocationProvider: svid: 27 cn0: 0.0 elev: 66.0 azimuth: 104.0   A
10-29 00:21:02.644  1401  2063 V GnssLocationProvider: svid: 28 cn0: 0.0 elev: 0.0 azimuth: 0.0   A
10-29 00:21:02.644  1401  2063 V GnssLocationProvider: svid: 30 cn0: 0.0 elev: 0.0 azimuth: 0.0   A
10-29 00:21:02.644  1401  2063 V GnssLocationProvider: svid: 31 cn0: 0.0 elev: 0.0 azimuth: 0.0   A
10-29 00:21:02.644  1401  2063 V GnssLocationProvider: svid: 11 cn0: 2.24 elev: 48.0 azimuth: 329.0   A
10-29 00:21:02.644  1401  2063 V GnssLocationProvider: svid: 10 cn0: 0.0 elev: 39.0 azimuth: 54.0   A
10-29 00:21:02.644  1401  2063 V GnssLocationProvider: svid: 2 cn0: 0.0 elev: 18.0 azimuth: 322.0   A
10-29 00:21:02.644  1401  2063 V GnssLocationProvider: svid: 22 cn0: 0.0 elev: 0.0 azimuth: 0.0   A
10-29 00:21:02.644  1401  2063 V GnssLocationProvider: svid: 9 cn0: 0.0 elev: 2.0 azimuth: 85.0   A
10-29 00:21:02.644  1401  2063 V GnssLocationProvider: svid: 12 cn0: 0.0 elev: 14.0 azimuth: 292.0   A
10-29 00:21:02.644  1401  2063 V GnssLocationProvider: svid: 1 cn0: 0.0 elev: 33.0 azimuth: 255.0   A
10-29 00:21:02.644  1401  2063 V GnssLocationProvider: svid: 20 cn0: 0.0 elev: 38.0 azimuth: 60.0   A
10-29 00:21:02.644  1401  2063 V GnssLocationProvider: svid: 19 cn0: 0.0 elev: 2.0 azimuth: 16.0   A
10-29 00:21:02.644  1401  2063 V GnssLocationProvider: svid: 21 cn0: 0.0 elev: 37.0 azimuth: 136.0   A
10-29 00:21:02.644  1401  2063 V GnssLocationProvider: svid: 3 cn0: 0.0 elev: 0.0 azimuth: 0.0   A
10-29 00:21:02.644  1401  2063 V GnssLocationProvider: svid: 8 cn0: 0.0 elev: 15.0 azimuth: 209.0   A
10-29 00:21:03.094  1852  1852 D systemUI_BatteryMeterDrawable: drawBattery level: 100....mLevel: 100
10-29 00:21:03.434  1852  1852 D systemUI_PhoneStatusBarPolicyAdapt: WFC Status enabled false registered false wifi connected true
10-29 00:21:03.434  1852  1852 D systemUI_SignalClusterViewAdapt: anyMobileVisibletrue airplanMode false ShowNoSim false
10-29 00:21:03.434  1852  1852 D systemUI_TmoSignalViewAdapt: Refresh signalClusterView com.android.systemui.statusbar.SignalClusterView{930d176 V.E...... ........ 46,4-137,45 #7f120236 app:
10-29 00:21:03.434  1852  1852 D systemUI_TmoSignalViewAdapt: id/signal_cluster}
10-29 00:21:03.434  1852  1852 D systemUI_AloneDataView:  iswfc:false
10-29 00:21:03.434  1852  1852 D systemUI_AloneDataView: mIsMmsApnDataState: false isWFCState:false
10-29 00:21:03.434  1852  1852 D systemUI_AloneDataView: MakeAllAloneDataViewGone
10-29 00:21:03.434  1852  1852 D systemUI_SignalClusterViewAdapt: anyMobileVisibletrue airplanMode false ShowNoSim false
10-29 00:21:03.434  1852  1852 D systemUI_TmoSignalViewAdapt: Refresh signalClusterView com.android.systemui.statusbar.SignalClusterView{f8efbe4 V.E...... ......ID 46,4-137,45 #7f120236 app:
10-29 00:21:03.434  1852  1852 D systemUI_TmoSignalViewAdapt: id/signal_cluster}
10-29 00:21:03.434  1852  1852 D systemUI_AloneDataView:  iswfc:false
10-29 00:21:03.434  1852  1852 D systemUI_AloneDataView: mIsMmsApnDataState: false isWFCState:false
10-29 00:21:03.434  1852  1852 D systemUI_AloneDataView: MakeAllAloneDataViewGone
10-29 00:21:03.444  1852  1852 E systemUI_SignalViewFactory: Failed to get adapt for 2
10-29 00:21:03.444  1852  1852 E systemUI_SignalViewFactory: Failed to get adapt for 2
10-29 00:21:03.444  1852  1852 E systemUI_SignalViewFactory: Failed to get adapt for 2
10-29 00:21:03.444  1852  1852 E systemUI_SignalViewFactory: Failed to get adapt for 2
10-29 00:21:03.444  1852  1852 E systemUI_SignalViewFactory: Failed to get adapt for 2
10-29 00:21:03.444  1852  1852 E systemUI_SignalViewFactory: Failed to get adapt for 2
10-29 00:21:03.444  1852  1852 E systemUI_SignalViewFactory: Failed to get adapt for 2
10-29 00:21:03.444  1852  1852 E systemUI_SignalViewFactory: Failed to get adapt for 2
10-29 00:21:03.444  1852  1852 E systemUI_SignalViewFactory: Failed to get adapt for 2
10-29 00:21:03.444  1852  1852 E systemUI_SignalViewFactory: Failed to get adapt for 2
10-29 00:21:03.444  1852  1852 E systemUI_SignalViewFactory: Failed to get adapt for 2
10-29 00:21:03.444  1852  1852 E systemUI_SignalViewFactory: Failed to get adapt for 2
10-29 00:21:03.444  1852  1852 E systemUI_SignalViewFactory: Failed to get adapt for 2
10-29 00:21:03.444  1852  1852 E systemUI_SignalViewFactory: Failed to get adapt for 2
10-29 00:21:03.614  1852  1852 D systemUI_BatteryMeterDrawable: drawBattery level: 100....mLevel: 100
10-29 00:21:03.634  1401  2063 E LocSvc_eng: E/Calling gnss_sv_status_cb
10-29 00:21:03.634  1401  2063 V GnssLocationProvider: SV count: 28
10-29 00:21:03.634  1401  2063 V GnssLocationProvider: svid: 7 cn0: 2.52 elev: 28.0 azimuth: 305.0   AU
10-29 00:21:03.634  1401  2063 V GnssLocationProvider: svid: 8 cn0: 1.8700001 elev: 53.0 azimuth: 172.0   AU
10-29 00:21:03.634  1401  2063 V GnssLocationProvider: svid: 3 cn0: 0.0 elev: 0.0 azimuth: 0.0   A
10-29 00:21:03.634  1401  2063 V GnssLocationProvider: svid: 5 cn0: 0.0 elev: 0.0 azimuth: 0.0   A
10-29 00:21:03.634  1401  2063 V GnssLocationProvider: svid: 9 cn0: 0.0 elev: 54.0 azimuth: 274.0   A
10-29 00:21:03.634  1401  2063 V GnssLocationProvider: svid: 11 cn0: 0.0 elev: 3.0 azimuth: 180.0   A
10-29 00:21:03.634  1401  2063 V GnssLocationProvider: svid: 16 cn0: 0.0 elev: 43.0 azimuth: 43.0   A
10-29 00:21:03.634  1401  2063 V GnssLocationProvider: svid: 18 cn0: 0.0 elev: 0.0 azimuth: 0.0   A
10-29 00:21:03.634  1401  2063 V GnssLocationProvider: svid: 21 cn0: 0.0 elev: 4.0 azimuth: 46.0   A
10-29 00:21:03.634  1401  2063 V GnssLocationProvider: svid: 22 cn0: 0.0 elev: 0.0 azimuth: 0.0   A
10-29 00:21:03.634  1401  2063 V GnssLocationProvider: svid: 23 cn0: 0.0 elev: 57.0 azimuth: 222.0   A
10-29 00:21:03.634  1401  2063 V GnssLocationProvider: svid: 26 cn0: 0.0 elev: 19.0 azimuth: 59.0   A
10-29 00:21:03.634  1401  2063 V GnssLocationProvider: svid: 27 cn0: 0.0 elev: 66.0 azimuth: 104.0   A
10-29 00:21:03.634  1401  2063 V GnssLocationProvider: svid: 28 cn0: 0.0 elev: 0.0 azimuth: 0.0   A
10-29 00:21:03.634  1401  2063 V GnssLocationProvider: svid: 30 cn0: 0.0 elev: 0.0 azimuth: 0.0   A
10-29 00:21:03.634  1401  2063 V GnssLocationProvider: svid: 31 cn0: 0.0 elev: 0.0 azimuth: 0.0   A
10-29 00:21:03.634  1401  2063 V GnssLocationProvider: svid: 11 cn0: 2.24 elev: 48.0 azimuth: 329.0   A
10-29 00:21:03.634  1401  2063 V GnssLocationProvider: svid: 10 cn0: 0.0 elev: 39.0 azimuth: 54.0   A
10-29 00:21:03.634  1401  2063 V GnssLocationProvider: svid: 2 cn0: 0.0 elev: 18.0 azimuth: 322.0   A
10-29 00:21:03.634  1401  2063 V GnssLocationProvider: svid: 22 cn0: 0.0 elev: 0.0 azimuth: 0.0   A
10-29 00:21:03.634  1401  2063 V GnssLocationProvider: svid: 9 cn0: 0.0 elev: 2.0 azimuth: 85.0   A
10-29 00:21:03.634  1401  2063 V GnssLocationProvider: svid: 12 cn0: 0.0 elev: 14.0 azimuth: 292.0   A
10-29 00:21:03.634  1401  2063 V GnssLocationProvider: svid: 1 cn0: 0.0 elev: 33.0 azimuth: 255.0   A
10-29 00:21:03.634  1401  2063 V GnssLocationProvider: svid: 20 cn0: 0.0 elev: 38.0 azimuth: 60.0   A
10-29 00:21:03.634  1401  2063 V GnssLocationProvider: svid: 19 cn0: 0.0 elev: 2.0 azimuth: 16.0   A
10-29 00:21:03.634  1401  2063 V GnssLocationProvider: svid: 21 cn0: 0.0 elev: 37.0 azimuth: 136.0   A
10-29 00:21:03.634  1401  2063 V GnssLocationProvider: svid: 3 cn0: 0.0 elev: 0.0 azimuth: 0.0   A
10-29 00:21:03.634  1401  2063 V GnssLocationProvider: svid: 8 cn0: 0.0 elev: 15.0 azimuth: 209.0   A
10-29 00:21:03.774  1401  1727 D ZtePowerManagerService: mButtonLightEnable = true,mButtonBrightness = 255,mButtonLightTimeout = 2000
10-29 00:21:03.774  1401  1727 D ZtePowerManagerService:  Trun on the button and after 2000s,then turn off the button !
10-29 00:21:03.774  1852  2049 D systemUI_KeyguardService$1: KeyguardServiceUserActivity
10-29 00:21:03.774  1852  2049 E systemUI_KeyguardViewMediator: mZteLastUserActivityTime = 2195526
10-29 00:21:03.864  1401  2720 I ActivityManager: START u0 {act=android.intent.action.MAIN cat=[android.intent.category.LAUNCHER] flg=0x10200000 cmp=com.crazyj36.apiplaygroundanysdk/.MainActivity bnds=[200,1075][370,1327]} from uid 10107 on display 0
10-29 00:21:03.874  1401  2720 D ActivityTrigger: Activity is Triggerred in full screen 
10-29 00:21:03.874   444  2528 E ANDR-PERF-RESOURCEQS: Failed to apply optimization [4, 0]
10-29 00:21:03.874  1401  2720 D CompatibilityInfo: mCompatibilityFlags - 4
10-29 00:21:03.874  1401  2720 D CompatibilityInfo: applicationDensity - 332
10-29 00:21:03.874  1401  2720 D CompatibilityInfo: applicationScale - 1.0
10-29 00:21:03.874  1401  2720 D ActivityTrigger: ActivityTrigger activityPauseTrigger 
10-29 00:21:03.874  1401  2720 D ActivityManager: --zc to bg, ProcessRecord{da0ee6e 2770:amirz.rootless.nexuslauncher/u0a107} rx/tx = 0 0
10-29 00:21:03.874  1401  1490 V BoostFramework: BoostFramework() : mPerf = com.qualcomm.qti.Performance@d51d555
10-29 00:21:03.874  1401  1490 V BoostFramework: BoostFramework() : mPerf = com.qualcomm.qti.Performance@f95eb6a
10-29 00:21:03.874  1401  2127 I ZTE_AI  : com.crazyj36.apiplaygroundanysdk activitystart activity ret:= 1
10-29 00:21:03.894  1401  2127 I ActivityManager: Start proc 9484:com.crazyj36.apiplaygroundanysdk/u0a159 for activity com.crazyj36.apiplaygroundanysdk/.MainActivity
10-29 00:21:03.894  1401  2127 V BoostFramework: BoostFramework() : mPerf = com.qualcomm.qti.Performance@a437f37
10-29 00:21:03.894  1401  2127 I ZTE_AI  : com.crazyj36.apiplaygroundanysdk activitystart activity ret:= 1
10-29 00:21:03.894  1401  1490 I SurfaceControl: create Surface Starting com.crazyj36.apiplaygroundanysdk
10-29 00:21:03.894  1401  1490 D WindowManager: [ZTE-SNS]rotationForOrientationLw(orient=-1, last=0); user=0 USER_ROTATION_LOCKED
10-29 00:21:03.894  1401  1490 D WindowManager: [ZTE-SNS] sensorRotation = -1
10-29 00:21:03.894  1401  1490 D WindowManager: [SNS-WMS] updateRotationUncheckedLocked altOrientation = false
10-29 00:21:03.894  1401  1490 V WindowManager: [SNS-WMS] Selected orientation -1, got rotation 0 which has compatible metrics
10-29 00:21:03.904  1401  2660 D CompatibilityInfo: mCompatibilityFlags - 4
10-29 00:21:03.904  1401  2660 D CompatibilityInfo: applicationDensity - 332
10-29 00:21:03.904  1401  2660 D CompatibilityInfo: applicationScale - 1.0
10-29 00:21:03.914  1401  2660 D CompatibilityInfo: mCompatibilityFlags - 4
10-29 00:21:03.914  1401  2660 D CompatibilityInfo: applicationDensity - 332
10-29 00:21:03.914  1401  2660 D CompatibilityInfo: applicationScale - 1.0
10-29 00:21:03.924  9484  9484 W System  : ClassLoader referenced unknown path: /data/app/com.crazyj36.apiplaygroundanysdk-1/lib/arm64
10-29 00:21:03.934  9484  9484 W asset   : Asset path /system/framework/framework-zte-res.apk is neither a directory nor file (type=1).
10-29 00:21:03.954  9484  9484 D AndroidRuntime: Shutting down VM
10-29 00:21:03.954  9484  9484 E AndroidRuntime: FATAL EXCEPTION: main
10-29 00:21:03.954  9484  9484 E AndroidRuntime: Process: com.crazyj36.apiplaygroundanysdk, PID: 9484
10-29 00:21:03.954  9484  9484 E AndroidRuntime: java.lang.RuntimeException: Unable to instantiate activity ComponentInfo{com.crazyj36.apiplaygroundanysdk/com.crazyj36.apiplaygroundanysdk.MainActivity}: java.lang.NullPointerException: Attempt to invoke virtual method 'android.view.View android.view.Window.findViewById(int)' on a null object reference
10-29 00:21:03.954  9484  9484 E AndroidRuntime: 	at android.app.ActivityThread.performLaunchActivity(ActivityThread.java:2599)
10-29 00:21:03.954  9484  9484 E AndroidRuntime: 	at android.app.ActivityThread.handleLaunchActivity(ActivityThread.java:2758)
10-29 00:21:03.954  9484  9484 E AndroidRuntime: 	at android.app.ActivityThread.-wrap12(ActivityThread.java)
10-29 00:21:03.954  9484  9484 E AndroidRuntime: 	at android.app.ActivityThread$H.handleMessage(ActivityThread.java:1509)
10-29 00:21:03.954  9484  9484 E AndroidRuntime: 	at android.os.Handler.dispatchMessage(Handler.java:102)
10-29 00:21:03.954  9484  9484 E AndroidRuntime: 	at android.os.Looper.loop(Looper.java:163)
10-29 00:21:03.954  9484  9484 E AndroidRuntime: 	at android.app.ActivityThread.main(ActivityThread.java:6228)
10-29 00:21:03.954  9484  9484 E AndroidRuntime: 	at java.lang.reflect.Method.invoke(Native Method)
10-29 00:21:03.954  9484  9484 E AndroidRuntime: 	at com.android.internal.os.ZygoteInit$MethodAndArgsCaller.run(ZygoteInit.java:886)
10-29 00:21:03.954  9484  9484 E AndroidRuntime: 	at com.android.internal.os.ZygoteInit.main(ZygoteInit.java:776)
10-29 00:21:03.954  9484  9484 E AndroidRuntime: Caused by: java.lang.NullPointerException: Attempt to invoke virtual method 'android.view.View android.view.Window.findViewById(int)' on a null object reference
10-29 00:21:03.954  9484  9484 E AndroidRuntime: 	at android.app.Activity.findViewById(Activity.java:2339)
10-29 00:21:03.954  9484  9484 E AndroidRuntime: 	at com.crazyj36.apiplaygroundanysdk.MainActivity.<init>(MainActivity.java:54)
10-29 00:21:03.954  9484  9484 E AndroidRuntime: 	at java.lang.Class.newInstance(Native Method)
10-29 00:21:03.954  9484  9484 E AndroidRuntime: 	at android.app.Instrumentation.newActivity(Instrumentation.java:1082)
10-29 00:21:03.954  9484  9484 E AndroidRuntime: 	at android.app.ActivityThread.performLaunchActivity(ActivityThread.java:2589)
10-29 00:21:03.954  9484  9484 E AndroidRuntime: 	... 9 more
10-29 00:21:03.954  1401  2720 W ActivityManager:   Force finishing activity com.crazyj36.apiplaygroundanysdk/.MainActivity
10-29 00:21:03.954  1401  2720 D ActivityTrigger: ActivityTrigger activityPauseTrigger 
10-29 00:21:03.954  1401  2720 D ActivityManager: --zc to bg, ProcessRecord{b0a1ca4 9484:com.crazyj36.apiplaygroundanysdk/u0a159} rx/tx = 0 0
10-29 00:21:03.964  1401  1467 V BoostFramework: BoostFramework() : mPerf = com.qualcomm.qti.Performance@7a0b40e
10-29 00:21:03.964  1401  1467 V BoostFramework: BoostFramework() : mPerf = com.qualcomm.qti.Performance@71d1e2f
10-29 00:21:03.964  1401  1467 V BoostFramework: BoostFramework() : mPerf = com.qualcomm.qti.Performance@ab3bdc5
10-29 00:21:03.964  1401  1467 V BoostFramework: BoostFramework() : mPerf = com.qualcomm.qti.Performance@db8031a
10-29 00:21:03.974  1401  1466 D CompatibilityInfo: mCompatibilityFlags - 4
10-29 00:21:03.974  1401  1466 D CompatibilityInfo: applicationDensity - 332
10-29 00:21:03.974  1401  1466 D CompatibilityInfo: applicationScale - 1.0
10-29 00:21:03.974  1401  1916 D CompatibilityInfo: mCompatibilityFlags - 4
10-29 00:21:03.974  1401  1916 D CompatibilityInfo: applicationDensity - 332
10-29 00:21:03.974  1401  1916 D CompatibilityInfo: applicationScale - 1.0
10-29 00:21:03.984  1401  2127 D CompatibilityInfo: mCompatibilityFlags - 4
10-29 00:21:03.984  1401  2127 D CompatibilityInfo: applicationDensity - 332
10-29 00:21:03.984  1401  2127 D CompatibilityInfo: applicationScale - 1.0
10-29 00:21:03.984  1401  2742 D CompatibilityInfo: mCompatibilityFlags - 4
10-29 00:21:03.984  1401  2742 D CompatibilityInfo: applicationDensity - 332
10-29 00:21:03.984  1401  2742 D CompatibilityInfo: applicationScale - 1.0
10-29 00:21:03.994  1401  2735 D CompatibilityInfo: mCompatibilityFlags - 4
10-29 00:21:03.994  1401  2735 D CompatibilityInfo: applicationDensity - 332
10-29 00:21:03.994  1401  2735 D CompatibilityInfo: applicationScale - 1.0
10-29 00:21:04.004  1401  1467 I SurfaceControl: create Surface Application Error: com.crazyj36.apiplaygroundanysdk
10-29 00:21:04.014  1401  1440 D CompatibilityInfo: mCompatibilityFlags - 4
10-29 00:21:04.014  1401  1440 D CompatibilityInfo: applicationDensity - 332
10-29 00:21:04.014  1401  1440 D CompatibilityInfo: applicationScale - 1.0
10-29 00:21:04.014  1401  8812 E OpenGLRenderer: void android::uirenderer::renderthread::CanvasContext::setSurface(android::Surface *) to create EGLSurface Application Error: com.crazyj36.apiplaygroundanysdk
10-29 00:21:04.014  1401  8812 I Adreno  : QUALCOMM build                   : ead2395, I23cc4685e6
10-29 00:21:04.014  1401  8812 I Adreno  : Build Date                       : 04/11/17
10-29 00:21:04.014  1401  8812 I Adreno  : OpenGL ES Shader Compiler Version: XE031.09.00.04
10-29 00:21:04.014  1401  8812 I Adreno  : Local Branch                     : 
10-29 00:21:04.014  1401  8812 I Adreno  : Remote Branch                    : quic/gfx-adreno.lnx.1.0.r5-rel
10-29 00:21:04.014  1401  8812 I Adreno  : Remote Branch                    : NONE
10-29 00:21:04.014  1401  8812 I Adreno  : Reconstruct Branch               : NOTHING
10-29 00:21:04.024  1401  8812 I OpenGLRenderer: Initialized EGL, version 1.4
10-29 00:21:04.024  1401  8812 D OpenGLRenderer: Swap behavior 1
10-29 00:21:04.034  2124  2124 D VendorTeleService: vendor:PhoneAppBroadcastReceiver onReceive: act=android.net.wifi.RSSI_CHANGED
10-29 00:21:04.034  2124  2124 D Telephony WFC: mReceiver: RSSI_CHANGED_ACTION
10-29 00:21:04.034   706   706 V QCNEA   : |CORE:COM| there are 1 file descriptor(s) with events pending
10-29 00:21:04.034   706   706 V QCNEA   : |CORE:COM| processing event number: 0, handling 1 for 30
10-29 00:21:04.034   706   706 V QCNEA   : |CORE:COM| file descriptor '30' is processing events [callback:0x7f785aec6c, data:0x7f78015640]
10-29 00:21:04.034   706   706 I QCNEA   : |CORE|  processCneEvent rv = 0, recordLen = 204
10-29 00:21:04.034   706   706 V QCNEA   : |CORE| ****Decoding**** 'REQUEST_UPDATE_WLAN_INFO' (2) [command 869, count 872], payload size 196
10-29 00:21:04.034   706   706 D QCNEA   : |CORE:COM| ****Decoding****: netType=1, subType=101, networkState=1, wifiState=3, ipAddr=192.168.0.8, ipAddrV6=2603:9000:8a00:9000:2c98:4ae4:53bf:a8ef, iface=wlan0, ifaceV6=wlan0, timeStamp=2018-10-29 00:21:04.048, isAndroidValidated=true, nethdl=433808132830, rssi=-44, freqBand=2.4GHz, ssid=BHNTG1682G40E2, bssid=5c:8f:e0:f7:40:e0, dns1=209.18.47.61, dns2=75.114.81.1, dns3=0.0.0.0, dns4=0.0.0.0 
10-29 00:21:04.034   706   706 I QCNEA   : |CORE:SRM| SRM processCommand: Rcvd command, cmdType=2
10-29 00:21:04.034   706   706 D QCNEA   : |CORE:SRM|  Wlan:putResourceToTable - type=1, state=1, rssi=-44, ssid=BHNTG1682G40E2, bssid=5c:8f:e0:f7:40:e0, freqBand = 2.4GHz, ipAddr=192.168.0.8, iface=wlan0, ipAddrV6=2603:9000:8a00:9000:2c98:4ae4:53bf:a8ef, ifaceV6=wlan0, timeStamp=2018-10-29 00:21:04.048, netHdl=433808132830 DNS addrs= 209.18.47.61, 75.114.81.1, 0.0.0.0, 0.0.0.0validated =1, wifiState =3, index=0
10-29 00:21:04.034   706   706 I QCNEA   : |CORE:SRM| SRM processCommand: WlanInfo, type=1, state=1, rssi=-44, ssid=BHNTG1682G40E2, bssid=5c:8f:e0:f7:40:e0, ipAddr=192.168.0.8, iface=wlan0, ipAddrV6=2603:9000:8a00:9000:2c98:4ae4:53bf:a8ef, ifaceV6=wlan0, timeStamp=2018-10-29 00:21:04.048, isAndroidValidated = true, freqBand = 2.4GHz, dnsAddrs = 209.18.47.61 , 75.114.81.1 , 0.0.0.0, 0.0.0.0
10-29 00:21:04.034   706   706 D QCNEA   : |CORE:SRM| Caching connected wlan event
10-29 00:21:04.034   706   706 D QCNEA   : |CORE:SRM|  Wlan:putResourceToTable - type=1, state=1, rssi=-44, ssid=BHNTG1682G40E2, bssid=5c:8f:e0:f7:40:e0, freqBand = 2.4GHz, ipAddr=192.168.0.8, iface=wlan0, ipAddrV6=2603:9000:8a00:9000:2c98:4ae4:53bf:a8ef, ifaceV6=wlan0, timeStamp=2018-10-29 00:21:04.048, netHdl=433808132830 DNS addrs= 209.18.47.61, 75.114.81.1, 0.0.0.0, 0.0.0.0validated =1, wifiState =3, index=5
10-29 00:21:04.034   706   706 I QCNEA   : |CORE:SRM| SRM processCommand: RSSI/Link configuration/ipv4/ipv6/dns/nethdl/isAndroidValidated) has changed, dispatching SRM_SQI_CHANGE_EVENT.
10-29 00:21:04.034   706   706 I QCNEA   : |CORE:CAS| Network Change Event - network_type:1 subtype:1 status:1 ipaddr:192.168.0.8 iface:wlan0 ipaddrv6:2603:9000:8a00:9000:2c98:4ae4:53bf:a8ef ifacev6:wlan0 bssid:5c:8f:e0:f7:40:e0
10-29 00:21:04.034   706   706 D QCNEA   : |CORE:CAS| Updating wlan cache
10-29 00:21:04.034   706   706 I QCNEA   : |CORE:CAS| processing network update on rat 1
10-29 00:21:04.034  1401  1466 D CompatibilityInfo: mCompatibilityFlags - 4
10-29 00:21:04.034  1401  1466 D CompatibilityInfo: applicationDensity - 332
10-29 00:21:04.034  1401  1466 D CompatibilityInfo: applicationScale - 1.0
10-29 00:21:04.034   706   706 D QCNEA   : |CORE:CAS| prev ip=192.168.0.8, new ip=192.168.0.8, inet_pton returns 1
10-29 00:21:04.034  1852  2163 D systemUI_WIPE_DATA_NetworkControllerImpl: onReceive , intent action: android.net.wifi.RSSI_CHANGED
10-29 00:21:04.034   706   706 D QCNEA   : |CORE:CAS| prev ipv6=2603:9000:8a00:9000:2c98:4ae4:53bf:a8ef, new ipv6=2603:9000:8a00:9000:2c98:4ae4:53bf:a8ef, inet_pton returns 1
10-29 00:21:04.034   706   706 D QCNEA   : |CORE:CAS| src ssid strlen = 14
10-29 00:21:04.034   706   706 D QCNEA   : |CORE:CAS| ***** CneNetworkCache ***************************************
10-29 00:21:04.034   706   706 D QCNEA   : |CORE:CAS|         Network: net:1 type:1 
10-29 00:21:04.034   706   706 D QCNEA   : |CORE:CAS|          status: default:true dormant:false connected:true
10-29 00:21:04.034   706   706 D QCNEA   : |CORE:CAS|          update: netcfg:false
10-29 00:21:04.034   706   706 D QCNEA   : |CORE:CAS|             ip4: iface:wlan0  mtu:1500  addr:192.168.0.8
10-29 00:21:04.034   706   706 D QCNEA   : |CORE:CAS|             ip6: iface:wlan0  mtu:1500  addr:2603:9000:8a00:9000:2c98:4ae4:53bf:a8ef
10-29 00:21:04.034   706   706 D QCNEA   : |CORE:CAS|          netHandle: 0
10-29 00:21:04.034   706   706 D QCNEA   : |CORE:CAS|          slot: 0
10-29 00:21:04.034   706   706 D QCNEA   : |CORE:CAS|          error: 0
10-29 00:21:04.034   706   706 D QCNEA   : |CORE:CAS|             bssid: 5c:8f:e0:f7:40:e0
10-29 00:21:04.034   706   706 D QCNEA   : |CORE:CAS|             ssid: BHNTG1682G40E2
10-29 00:21:04.034   706   706 D QCNEA   : |CORE:CAS|             dns: 209.18.47.61
10-29 00:21:04.034   706   706 D QCNEA   : |CORE:CAS|             dns: 75.114.81.1
10-29 00:21:04.034   706   706 D QCNEA   : |CORE:CAS|             dns: 0.0.0.0
10-29 00:21:04.034   706   706 D QCNEA   : |CORE:CAS|             dns: 0.0.0.0
10-29 00:21:04.034   706   706 D QCNEA   : |CORE:CAS| isAndroidValidated: 1
