11-05 00:59:20.088  1032  1281 D InputTransport: channel 'd90f1cf com.teslacoilsw.launcher/com.teslacoilsw.launcher.NovaLauncher (server)' : action=ACTION_DOWN(0), id=0, tooltype=1, deviceId=3, source=0x1002, flags=0x2, edgeFlags=0x0, metaState=0x0, buttonState=0x0, downTime=99825677009000, eventTime=99825677009000, pointerCount=1
11-05 00:59:20.088  1032  1281 D InputTransport: channel '4edaac6 com.android.systemui.ImageWallpaper (server)' : action=ACTION_DOWN(0), id=0, tooltype=1, deviceId=3, source=0x1002, flags=0x3, edgeFlags=0x0, metaState=0x0, buttonState=0x0, downTime=99825677009000, eventTime=99825677009000, pointerCount=1
11-05 00:59:20.089  2385  2385 I ViewRootImpl: ViewRoot's Touch Event : ACTION_DOWN
11-05 00:59:20.216  1032  1083 V WallpaperManagerService: Wallpaper file change: evt=128 path=appwidgets.xml.bak sys=false lock=false imagePending=false whichPending=0x0 written=true
11-05 00:59:20.227  1032  1083 V WallpaperManagerService: Wallpaper file change: evt=8 path=appwidgets.xml sys=false lock=false imagePending=false whichPending=0x0 written=true
11-05 00:59:20.228  1032  1083 V WallpaperManagerService: Wallpaper file change: evt=512 path=appwidgets.xml.bak sys=false lock=false imagePending=false whichPending=0x0 written=false
11-05 00:59:20.229  1032  2005 I ActivityManager: getAvailableExpressQueue#1. use ExBroadcastQueue : android.appwidget.action.APPWIDGET_ENABLED
11-05 00:59:20.263  1032  1064 I ActivityManager: Start proc 5617:com.crazyj36.apiplaygroundanysdk/u0a307 for broadcast com.crazyj36.apiplaygroundanysdk/.AppWidget
11-05 00:59:20.263  1032  2005 I ActivityManager: getAvailableExpressQueue#1. use ExBroadcastQueue : android.appwidget.action.APPWIDGET_UPDATE
11-05 00:59:20.270  1032  1083 V WallpaperManagerService: Wallpaper file change: evt=128 path=appwidgets.xml.bak sys=false lock=false imagePending=false whichPending=0x0 written=true
11-05 00:59:20.278  1032  1083 V WallpaperManagerService: Wallpaper file change: evt=8 path=appwidgets.xml sys=false lock=false imagePending=false whichPending=0x0 written=true
11-05 00:59:20.278  1032  1083 V WallpaperManagerService: Wallpaper file change: evt=512 path=appwidgets.xml.bak sys=false lock=false imagePending=false whichPending=0x0 written=false
11-05 00:59:20.284  2385  2385 W AppWidgetHostView: Error inflating AppWidget AppWidgetProviderInfo(UserHandle{0}/ComponentInfo{com.crazyj36.apiplaygroundanysdk/com.crazyj36.apiplaygroundanysdk.AppWidget}): android.view.InflateException: Binary XML file line #23: Binary XML file line #23: Error inflating class android.widget.Button
11-05 00:59:20.314   492   492 I DisplayDevice: [Built-in Screen (type:0)] fps:19.808416,dur:1615.47,max:873.07,min:16.07
11-05 00:59:20.322  5617  5617 D AndroidRuntime: Shutting down VM
--------- beginning of crash
11-05 00:59:20.323  5617  5617 E AndroidRuntime: FATAL EXCEPTION: main
11-05 00:59:20.323  5617  5617 E AndroidRuntime: Process: com.crazyj36.apiplaygroundanysdk, PID: 5617
11-05 00:59:20.323  5617  5617 E AndroidRuntime: java.lang.RuntimeException: Unable to instantiate receiver com.crazyj36.apiplaygroundanysdk.AppWidget: java.lang.ClassNotFoundException: Didn't find class "com.crazyj36.apiplaygroundanysdk.AppWidget" on path: DexPathList[[zip file "/data/app/com.crazyj36.apiplaygroundanysdk-4WQitVrJ1MvhRD9iHmwSyQ==/base.apk"],nativeLibraryDirectories=[/data/app/com.crazyj36.apiplaygroundanysdk-4WQitVrJ1MvhRD9iHmwSyQ==/lib/arm, /system/lib, /vendor/lib]]
11-05 00:59:20.323  5617  5617 E AndroidRuntime: 	at android.app.ActivityThread.handleReceiver(ActivityThread.java:3215)
11-05 00:59:20.323  5617  5617 E AndroidRuntime: 	at android.app.ActivityThread.-wrap17(Unknown Source:0)
11-05 00:59:20.323  5617  5617 E AndroidRuntime: 	at android.app.ActivityThread$H.handleMessage(ActivityThread.java:1694)
11-05 00:59:20.323  5617  5617 E AndroidRuntime: 	at android.os.Handler.dispatchMessage(Handler.java:106)
11-05 00:59:20.323  5617  5617 E AndroidRuntime: 	at android.os.Looper.loop(Looper.java:164)
11-05 00:59:20.323  5617  5617 E AndroidRuntime: 	at android.app.ActivityThread.main(ActivityThread.java:6651)
11-05 00:59:20.323  5617  5617 E AndroidRuntime: 	at java.lang.reflect.Method.invoke(Native Method)
11-05 00:59:20.323  5617  5617 E AndroidRuntime: 	at com.android.internal.os.RuntimeInit$MethodAndArgsCaller.run(RuntimeInit.java:438)
11-05 00:59:20.323  5617  5617 E AndroidRuntime: 	at com.android.internal.os.ZygoteInit.main(ZygoteInit.java:810)
11-05 00:59:20.323  5617  5617 E AndroidRuntime: Caused by: java.lang.ClassNotFoundException: Didn't find class "com.crazyj36.apiplaygroundanysdk.AppWidget" on path: DexPathList[[zip file "/data/app/com.crazyj36.apiplaygroundanysdk-4WQitVrJ1MvhRD9iHmwSyQ==/base.apk"],nativeLibraryDirectories=[/data/app/com.crazyj36.apiplaygroundanysdk-4WQitVrJ1MvhRD9iHmwSyQ==/lib/arm, /system/lib, /vendor/lib]]
11-05 00:59:20.323  5617  5617 E AndroidRuntime: 	at dalvik.system.BaseDexClassLoader.findClass(BaseDexClassLoader.java:125)
11-05 00:59:20.323  5617  5617 E AndroidRuntime: 	at java.lang.ClassLoader.loadClass(ClassLoader.java:379)
11-05 00:59:20.323  5617  5617 E AndroidRuntime: 	at java.lang.ClassLoader.loadClass(ClassLoader.java:312)
11-05 00:59:20.323  5617  5617 E AndroidRuntime: 	at android.app.ActivityThread.handleReceiver(ActivityThread.java:3210)
11-05 00:59:20.323  5617  5617 E AndroidRuntime: 	... 8 more
11-05 00:59:20.335  1032  2220 W ActivityManager: Process com.crazyj36.apiplaygroundanysdk has crashed too many times: killing!
11-05 00:59:20.335  1032  2220 I ActivityManager: Killing 5617:com.crazyj36.apiplaygroundanysdk/u0a307 (adj 0): crash
11-05 00:59:20.338  1032  1066 W zygote  : kill(-5617, 9) failed: No such process
11-05 00:59:20.341  1032  5632 W AES     : Exception Log handling...
11-05 00:59:20.342  1032  5632 W AES     : Skipped - do not care third party apk
11-05 00:59:20.383  1032  1066 W zygote  : kill(-5617, 9) failed: No such process
11-05 00:59:20.428  1032  1066 W zygote  : kill(-5617, 9) failed: No such process
11-05 00:59:20.428  1032  1066 I zygote  : Successfully killed process cgroup uid 10307 pid 5617 in 91ms
11-05 00:59:20.526   684   903 D NetlinkEvent: Unexpected netlink message type 52
11-05 00:59:20.527  1032  1084 D NetworkManagement: InterfaceAddressChange valid=3600
11-05 00:59:20.875   698   698 E thermal_src: ERROR, recvmsg expect 4, but get 2 
11-05 00:59:20.887   668   693 D AAL     : 11-05 12:59:20.771 BL=  61,ESS= 256, 
11-05 00:59:20.986   668   693 D AAL     : 11-05 12:59:20.920 BL=  61,ESS= 257, 11-05 12:59:20.937 BL=  61,ESS= 258, 11-05 12:59:20.953 BL=  61,ESS= 259, 11-05 12:59:20.969 BL=  61,ESS= 260, 11-05 12:59:20.986 BL=  62,ESS= 259, 
11-05 00:59:21.068   668   693 D AAL     : 11-05 12:59:21.002 BL=  63,ESS= 259, 11-05 12:59:21.019 BL=  63,ESS= 258, 11-05 12:59:21.037 BL=  64,ESS= 258, 11-05 12:59:21.052 BL=  64,ESS= 257, 11-05 12:59:21.068 BL=  65,ESS= 256, 
11-05 00:59:21.283   668   693 D AAL     : 11-05 12:59:21.118 BL=  66,ESS= 256, 11-05 12:59:21.151 BL=  67,ESS= 256, 11-05 12:59:21.200 BL=  68,ESS= 256, 11-05 12:59:21.234 BL=  69,ESS= 256, 11-05 12:59:21.283 BL=  70,ESS= 256, 
11-05 00:59:21.319   492   492 I DisplayDevice: [Built-in Screen (type:0)] fps:41.771999,dur:1005.46,max:312.37,min:14.86
11-05 00:59:21.422  1032  1282 D InputDispatcher: notifyMotion - action=ACTION_UP(0), id=0, pressure=0.247, tooltype=1, deviceId=3, source=0x1002, policyFlags=0x0, flags=0x0, metaState=0x0, buttonState=0x0, edgeFlags=0x0, eventTime=99827012280000, downTime=99825677009000, 
11-05 00:59:21.423  1032  1281 D InputTransport: channel 'd90f1cf com.teslacoilsw.launcher/com.teslacoilsw.launcher.NovaLauncher (server)' : action=ACTION_UP(0), id=0, tooltype=1, deviceId=3, source=0x1002, flags=0x2, edgeFlags=0x0, metaState=0x0, buttonState=0x0, downTime=99825677009000, eventTime=99827012280000, pointerCount=1
11-05 00:59:21.423  1032  1281 D InputTransport: channel '4edaac6 com.android.systemui.ImageWallpaper (server)' : action=ACTION_UP(0), id=0, tooltype=1, deviceId=3, source=0x1002, flags=0x3, edgeFlags=0x0, metaState=0x0, buttonState=0x0, downTime=99825677009000, eventTime=99827012280000, pointerCount=1
11-05 00:59:20.529  1032  1084 D NetworkManagement: InterfaceAddressChange valid=3600
11-05 00:59:21.426  2385  2385 I ViewRootImpl: ViewRoot's Touch Event : ACTION_UP
11-05 00:59:21.497   668   693 D AAL     : 11-05 12:59:21.332 BL=  71,ESS= 256, 11-05 12:59:21.366 BL=  72,ESS= 256, 11-05 12:59:21.415 BL=  73,ESS= 256, 11-05 12:59:21.448 BL=  74,ESS= 256, 11-05 12:59:21.497 BL=  75,ESS= 256, 
11-05 00:59:21.652   695   723 I GBMv2   : GBM state [1]
11-05 00:59:21.679   668   693 D AAL     : 11-05 12:59:21.514 BL=  74,ESS= 256, 11-05 12:59:21.547 BL=  73,ESS= 256, 11-05 12:59:21.596 BL=  72,ESS= 256, 11-05 12:59:21.629 BL=  71,ESS= 256, 11-05 12:59:21.679 BL=  70,ESS= 256, 
11-05 00:59:21.811   668   693 D AAL     : 11-05 12:59:21.728 BL=  69,ESS= 256, 11-05 12:59:21.761 BL=  68,ESS= 256, 
11-05 00:59:21.878   698   698 E thermal_src: ERROR, recvmsg expect 5, but get 2 
11-05 00:59:22.005   456   456 I WifiHAL : Get link stats
11-05 00:59:22.006   456   456 E android.hardware.wifi@1.0-service: Invalid radio stats in link layer stats
11-05 00:59:22.223   668   693 D AAL     : 11-05 12:59:22.207 BL=  69,ESS= 256, 
11-05 00:59:22.328   492   492 I DisplayDevice: [Built-in Screen (type:0)] fps:56.522739,dur:1008.44,max:33.21,min:14.71
11-05 00:59:22.414   697   697 I thermal_repeater: [recvMdThermalInfo] ret=31, strLen=127,  3, 45, -127, -22945, 32767, -1
11-05 00:59:22.693  1032  1282 D InputDispatcher: notifyMotion - action=ACTION_DOWN(0), id=0, pressure=0.161, tooltype=1, deviceId=3, source=0x1002, policyFlags=0x0, flags=0x0, metaState=0x0, buttonState=0x0, edgeFlags=0x0, eventTime=99828282673000, downTime=99828282673000, 
11-05 00:59:22.694  1032  1281 D InputTransport: channel '297af4f NavigationBar (server)' : action=ACTION_DOWN(0), id=0, tooltype=1, deviceId=3, source=0x1002, flags=0x0, edgeFlags=0x0, metaState=0x0, buttonState=0x0, downTime=99828282673000, eventTime=99828282673000, pointerCount=1
11-05 00:59:22.694  1400  1400 I ViewRootImpl: ViewRoot's Touch Event : ACTION_DOWN
11-05 00:59:22.701  1400  1400 I LGKeyButtonView: Navigation Key(187) sendEvent, action : 0, flags : 0, when : 99828289
11-05 00:59:22.702  1032  2220 D WindowManager: interceptKeyTq keycode=187 down=true injected=true mDisplayState=2 interactive=true keyguardActive=false flags=0x48 policyFlags=2b000002
11-05 00:59:22.713  1032  1281 D WindowManager: interceptKeyTi keyCode=187 down=true repeatCount=0 keyguardOn=false mHomePressed=false canceled=false flags=0x48
11-05 00:59:22.715  1808 29460 D TeleService: OtaspCallManager: isOtaSpActive is false only
11-05 00:59:22.730  1400  1400 I SystemServicesProxy: RecentApps has 2 item(s).
11-05 00:59:22.751  1400  1400 I SystemServicesProxy: RecentApps has 2 item(s).
11-05 00:59:22.775  1032  1282 D InputDispatcher: notifyMotion - action=ACTION_UP(0), id=0, pressure=0.161, tooltype=1, deviceId=3, source=0x1002, policyFlags=0x0, flags=0x0, metaState=0x0, buttonState=0x0, edgeFlags=0x0, eventTime=99828364651000, downTime=99828282673000, 
11-05 00:59:22.775  1032  1281 D InputTransport: channel '297af4f NavigationBar (server)' : action=ACTION_UP(0), id=0, tooltype=1, deviceId=3, source=0x1002, flags=0x0, edgeFlags=0x0, metaState=0x0, buttonState=0x0, downTime=99828282673000, eventTime=99828364651000, pointerCount=1
11-05 00:59:22.777  1400  1400 I ViewRootImpl: ViewRoot's Touch Event : ACTION_UP
11-05 00:59:22.780   484   512 I vendor.mediatek.hardware.power@1.1-impl: scnEnable hdl:42, timeout:300
11-05 00:59:22.780  1400  1400 I LGKeyButtonView: Navigation Key(187) sendEvent, action : 1, flags : 0, when : 99828370
11-05 00:59:22.780   484   511 I powerd  : [powerd_req] POWER_MSG_SCN_ENABLE: hdl:42, timeout:300
11-05 00:59:22.781   484   511 I libPerfService: perfUserScnEnable - handle:42
11-05 00:59:22.782   484   511 I libPerfService: 42: legacy set freq: -1 -1 1508000 -1
11-05 00:59:22.782  1032  2220 D WindowManager: interceptKeyTq keycode=187 down=false injected=true mDisplayState=2 interactive=true keyguardActive=false flags=0x48 policyFlags=2b000002
11-05 00:59:22.789  1032  1281 D WindowManager: interceptKeyTi keyCode=187 down=false repeatCount=0 keyguardOn=false mHomePressed=false canceled=false flags=0x48
11-05 00:59:22.792  1808 29460 D TeleService: OtaspCallManager: isOtaSpActive is false only
11-05 00:59:22.801  1032  2220 I ActivityManager: START u0 {flg=0x10804000 cmp=com.android.systemui/.recents.RecentsActivity} from uid 10069
11-05 00:59:22.814   484   511 I libPerfService: 42: legacy set: -1 -1 4 -1
11-05 00:59:22.815 11991 28448 D PenService: [activityStarting]
11-05 00:59:22.817   484   512 I vendor.mediatek.hardware.power@1.1-impl: scnEnable hdl:39, timeout:3500
11-05 00:59:22.817   473   515 W PHHandler: [PH] hint id(103) is not supported
11-05 00:59:22.817   484   511 I powerd  : [powerd_req] POWER_MSG_SCN_ENABLE: hdl:39, timeout:3500
11-05 00:59:22.817   484   511 I libPerfService: perfUserScnEnable - handle:39
11-05 00:59:22.818   484   511 I libPerfService: 39: legacy set freq: 1001000 -1 1508000 -1
11-05 00:59:22.819   696   726 I PowerRM : FIA lock1 locked
11-05 00:59:22.819   696   726 I PowerRM : System FW:1 IC:0 SO:0 GT:1 CAPP:-1 APP:0
11-05 00:59:22.829  1032  2220 D InputDispatcher: Focus left window: Window{d90f1cf u0 com.teslacoilsw.launcher/com.teslacoilsw.launcher.NovaLauncher}
11-05 00:59:22.832   484   511 I libPerfService: 39: legacy set: 3 -1 4 -1
11-05 00:59:22.843 11991 11991 D PenService: [mActivityTriggerHandler] com.android.systemui/com.android.systemui.recents.RecentsActivity
11-05 00:59:22.844  1032  2220 D ActivityManager: setTaskToReturnTo : TaskRecord{b8172d3 #4 A=com.android.systemui U=0 StackId=5 sz=1} / mTaskToReturnTo = 1
11-05 00:59:22.861  6271  5430 I PBSessionCacheImpl: Deleted sessionId[27581690975194223] from persistence.
11-05 00:59:22.861  1400  1655 I AbsQuickSettingsHandlerBase: Got action android.intent.action.CLOSE_SYSTEM_DIALOGS for SYNC
11-05 00:59:22.862  1400  1655 I AbsQuickSettingsHandlerBase: Got action android.intent.action.CLOSE_SYSTEM_DIALOGS for DATA
11-05 00:59:22.862  1400  1655 I AbsQuickSettingsHandlerBase: Got action android.intent.action.CLOSE_SYSTEM_DIALOGS for LOCATION
11-05 00:59:22.863  1400  1655 I AbsQuickSettingsHandlerBase: Got action android.intent.action.CLOSE_SYSTEM_DIALOGS for AIRPLANE
11-05 00:59:22.864  1032  1032 D LGGlobalActions: onReceive = android.intent.action.CLOSE_SYSTEM_DIALOGS
11-05 00:59:22.866  1032 13183 W ActivityManager: Sending non-protected broadcast com.lge.intent.action.FLOATING_WINDOW_ENTER_LOWPROFILE from system 1400:com.android.systemui/u0a69 pkg com.android.systemui
11-05 00:59:22.871  1032  1065 D LGGlobalActions: handleMessage = 0
11-05 00:59:22.871  1032  1065 D LGGlobalActions: handleMessage = 10
11-05 00:59:22.871  1032  1065 D LGGlobalActions: handleMessage = 12
11-05 00:59:22.867  1032 13183 W ActivityManager: Sending non-protected broadcast com.lge.intent.action.FLOATING_WINDOW_ENTER_LOWPROFILE from system 1400:com.android.systemui/u0a69 pkg com.android.systemui
11-05 00:59:22.871  6271  6271 W SearchServiceCore: Abort, client detached.
11-05 00:59:22.880   698   698 E thermal_src: ERROR, recvmsg expect 5, but get 2 
11-05 00:59:22.884   696   726 I PowerRM : FIA lock1 unlocked
11-05 00:59:22.884   696   726 I PowerRM : System FW:0 IC:0 SO:0 GT:1 CAPP:-1 APP:0
11-05 00:59:22.884   696   726 I PowerRM : System FW:0 IC:0 SO:0 GT:1 CAPP:-1 APP:0
11-05 00:59:22.884   696   726 I PowerRM : Window Changed
11-05 00:59:22.890  1032 13183 D InputDispatcher: Focus entered window: Window{4396828 u0 com.android.systemui/com.android.systemui.recents.RecentsActivity}
11-05 00:59:22.920  1400  1400 I FullScreenDialog: topPackage is changed to com.android.systemui, so dismiss.
11-05 00:59:22.921  1400  1400 I vol.Events: writeEvent dismiss_dialog volume_controller
11-05 00:59:22.921  1400  1400 I QSlideTray: onReceive = android.intent.action.CLOSE_SYSTEM_DIALOGS
11-05 00:59:22.922  1400  1400 I VideoQualityHandler: onReceive = android.intent.action.CLOSE_SYSTEM_DIALOGScom.lge.gametools.GameToolsItemView{27b5e73 VFE...C.. .......D 0,339-465,452}
11-05 00:59:22.922  1400  1400 I HideHomeTouchButtonsHandler: onReceive = android.intent.action.CLOSE_SYSTEM_DIALOGS
11-05 00:59:22.922  1400  1400 I GameToolsWindow: onReceive = android.intent.action.CLOSE_SYSTEM_DIALOGS reason = recentapps
11-05 00:59:22.922  1400  1400 I GameToolsWindow: Force Hide
11-05 00:59:22.922  1400  1400 I FullScreenDialog: onReceive = android.intent.action.CLOSE_SYSTEM_DIALOGS
11-05 00:59:22.922  1400  1400 I QSlideListController: setLowProfile : true from com.android.systemui
11-05 00:59:22.960  7742  7753 D ViewRootImpl: onChangedNavigationGuardColor(), color: 0
11-05 00:59:22.961  7742  7742 D DecorView: updateNavigationGuardColor navigationGuardColor=0xff000000
11-05 00:59:22.965  1400 30787 I SystemServicesProxy: RecentApps has 2 item(s).
11-05 00:59:22.966  7742  7742 I HK/LatinKbdBaseView: closing org.pocketworkstation.pckeyboard.LatinKeyboardView{46bde2b V.ED..... ......ID 0,0-1080,510 #7f07000a app:id/LatinkeyboardBaseView}
11-05 00:59:22.970  1400  1602 I SystemServicesProxy: Task.thumbnail loading failed for 145
11-05 00:59:23.003  1400  1602 I SystemServicesProxy: Task.thumbnail loading failed for 132
11-05 00:59:23.003  1400  1608 I SystemServicesProxy: RecentApps has 2 item(s).
11-05 00:59:23.014  1032  1319 V WifiServerServiceExt: checkPollTimer Cnt= 0 rssi =-45 threshold=-100
11-05 00:59:23.097   668   693 D AAL     : 11-05 12:59:23.031 BL=  68,ESS= 257, 11-05 12:59:23.048 BL=  67,ESS= 258, 11-05 12:59:23.064 BL=  67,ESS= 259, 11-05 12:59:23.081 BL=  67,ESS= 260, 11-05 12:59:23.097 BL=  67,ESS= 261, 
11-05 00:59:23.125  1400  1418 I zygote  : NativeAlloc concurrent copying GC freed 9594(695KB) AllocSpace objects, 0(0B) LOS objects, 57% free, 9MB/21MB, paused 214us total 155.236ms
11-05 00:59:23.153  1400  1601 I SystemServicesProxy: Task.thumbnail loading failed for 132
11-05 00:59:23.180   668   693 D AAL     : 11-05 12:59:23.114 BL=  68,ESS= 260, 11-05 12:59:23.130 BL=  68,ESS= 259, 11-05 12:59:23.148 BL=  69,ESS= 258, 11-05 12:59:23.163 BL=  70,ESS= 257, 11-05 12:59:23.180 BL=  70,ESS= 256, 
11-05 00:59:23.277  1400  1400 I Timeline: Timeline: Activity_idle id: android.os.BinderProxy@619e82f time:99828867
11-05 00:59:23.332   492   492 I DisplayDevice: [Built-in Screen (type:0)] fps:58.754715,dur:1004.17,max:32.53,min:12.23
11-05 00:59:23.427   668   693 D AAL     : 11-05 12:59:23.229 BL=  69,ESS= 256, 11-05 12:59:23.278 BL=  68,ESS= 256, 11-05 12:59:23.311 BL=  67,ESS= 256, 11-05 12:59:23.361 BL=  66,ESS= 256, 
11-05 00:59:23.496   684   903 D NetlinkEvent: Unexpected netlink message type 52
11-05 00:59:23.496  1032  1084 D NetworkManagement: InterfaceAddressChange valid=3600
11-05 00:59:23.566  1032  1282 D InputDispatcher: notifyMotion - action=ACTION_DOWN(0), id=0, pressure=0.251, tooltype=1, deviceId=3, source=0x1002, policyFlags=0x0, flags=0x0, metaState=0x0, buttonState=0x0, edgeFlags=0x0, eventTime=99829156317000, downTime=99829156317000, 
11-05 00:59:23.567  1032  1281 D InputTransport: channel '4396828 com.android.systemui/com.android.systemui.recents.RecentsActivity (server)' : action=ACTION_DOWN(0), id=0, tooltype=1, deviceId=3, source=0x1002, flags=0x2, edgeFlags=0x0, metaState=0x0, buttonState=0x0, downTime=99829156317000, eventTime=99829156317000, pointerCount=1
11-05 00:59:23.567  1032  1281 D InputTransport: channel '4edaac6 com.android.systemui.ImageWallpaper (server)' : action=ACTION_DOWN(0), id=0, tooltype=1, deviceId=3, source=0x1002, flags=0x3, edgeFlags=0x0, metaState=0x0, buttonState=0x0, downTime=99829156317000, eventTime=99829156317000, pointerCount=1
11-05 00:59:23.497  1032  1084 D NetworkManagement: InterfaceAddressChange valid=3600
11-05 00:59:23.568  1400  1400 I ViewRootImpl: ViewRoot's Touch Event : ACTION_DOWN
11-05 00:59:23.577  1400  1400 I SystemServicesProxy: RecentApps has 2 item(s).
11-05 00:59:23.640  1032  1282 D InputDispatcher: notifyMotion - action=ACTION_UP(0), id=0, pressure=0.216, tooltype=1, deviceId=3, source=0x1002, policyFlags=0x0, flags=0x0, metaState=0x0, buttonState=0x0, edgeFlags=0x0, eventTime=99829230090000, downTime=99829156317000, 
11-05 00:59:23.640  1032  1281 D InputTransport: channel '4396828 com.android.systemui/com.android.systemui.recents.RecentsActivity (server)' : action=ACTION_UP(0), id=0, tooltype=1, deviceId=3, source=0x1002, flags=0x2, edgeFlags=0x0, metaState=0x0, buttonState=0x0, downTime=99829156317000, eventTime=99829230090000, pointerCount=1
11-05 00:59:23.640  1032  1281 D InputTransport: channel '4edaac6 com.android.systemui.ImageWallpaper (server)' : action=ACTION_UP(0), id=0, tooltype=1, deviceId=3, source=0x1002, flags=0x3, edgeFlags=0x0, metaState=0x0, buttonState=0x0, downTime=99829156317000, eventTime=99829230090000, pointerCount=1
11-05 00:59:23.642  1400  1400 I ViewRootImpl: ViewRoot's Touch Event : ACTION_UP
11-05 00:59:23.646  1032  2220 D ActivityManager: setTaskToReturnTo : TaskRecord{c34404 #145 A=com.termux U=0 StackId=1 sz=1} / mTaskToReturnTo = 1
11-05 00:59:23.654   695   723 I GBMv2   : GBM state [10]
11-05 00:59:23.664  1400  1655 I AbsQuickSettingsHandlerBase: Got action android.intent.action.CLOSE_SYSTEM_DIALOGS for SYNC
11-05 00:59:23.664  1400  1655 I AbsQuickSettingsHandlerBase: Got action android.intent.action.CLOSE_SYSTEM_DIALOGS for DATA
11-05 00:59:23.664  1400  1655 I AbsQuickSettingsHandlerBase: Got action android.intent.action.CLOSE_SYSTEM_DIALOGS for LOCATION
11-05 00:59:23.665  1400  1655 I AbsQuickSettingsHandlerBase: Got action android.intent.action.CLOSE_SYSTEM_DIALOGS for AIRPLANE
11-05 00:59:23.648  1032  2220 I chatty  : uid=1000(system) Binder:1032_D identical 1 line
11-05 00:59:23.649  1032  2220 D ActivityManager: setTaskToReturnTo : TaskRecord{c34404 #145 A=com.termux U=0 StackId=1 sz=1} / mTaskToReturnTo = 1
11-05 00:59:23.666  1032  1032 D LGGlobalActions: onReceive = android.intent.action.CLOSE_SYSTEM_DIALOGS
11-05 00:59:23.666  1032  1065 D LGGlobalActions: handleMessage = 0
11-05 00:59:23.666  1032  1065 D LGGlobalActions: handleMessage = 10
11-05 00:59:23.666  1032  1065 D LGGlobalActions: handleMessage = 12
11-05 00:59:23.678  1400  1400 E BufferItemConsumer: [unnamed-1400-397] Failed to release buffer: Unknown error -1 (1)
11-05 00:59:23.679  1032  2220 W ActivityManager: Sending non-protected broadcast com.lge.intent.action.FLOATING_WINDOW_EXIT_LOWPROFILE from system 1400:com.android.systemui/u0a69 pkg com.android.systemui
11-05 00:59:23.680  1032  2220 W ActivityManager: Sending non-protected broadcast com.lge.intent.action.FLOATING_WINDOW_EXIT_LOWPROFILE from system 1400:com.android.systemui/u0a69 pkg com.android.systemui
11-05 00:59:23.682  1032  2220 D InputDispatcher: Focus left window: Window{4396828 u0 com.android.systemui/com.android.systemui.recents.RecentsActivity}
11-05 00:59:23.690 11991 11991 D PenService: [mActivityTriggerHandler] com.termux/com.termux.app.TermuxActivity
11-05 00:59:23.691   473   515 W PHHandler: [PH] hint id(103) is not supported
11-05 00:59:23.691   484   512 I vendor.mediatek.hardware.power@1.1-impl: scnEnable hdl:39, timeout:3500
11-05 00:59:23.691   484   511 I powerd  : [powerd_req] POWER_MSG_SCN_ENABLE: hdl:39, timeout:3500
11-05 00:59:23.691   696   726 I PowerRM : FIA lock1 locked
11-05 00:59:23.691   696   726 I PowerRM : System FW:1 IC:0 SO:0 GT:1 CAPP:-1 APP:0
11-05 00:59:23.691   484   511 I libPerfService: perfUserScnEnable - handle:39
11-05 00:59:23.696  1032  2220 I WindowManager: Starting window displayed
11-05 00:59:23.712  1400  1400 I vol.Events: writeEvent dismiss_dialog volume_controller
11-05 00:59:23.712  1400  1400 I QSlideTray: onReceive = android.intent.action.CLOSE_SYSTEM_DIALOGS
11-05 00:59:23.712  1400  1400 I VideoQualityHandler: onReceive = android.intent.action.CLOSE_SYSTEM_DIALOGScom.lge.gametools.GameToolsItemView{27b5e73 VFE...C.. .......D 0,339-465,452}
11-05 00:59:23.713  1400  1400 I HideHomeTouchButtonsHandler: onReceive = android.intent.action.CLOSE_SYSTEM_DIALOGS
11-05 00:59:23.713  1400  1400 I GameToolsWindow: onReceive = android.intent.action.CLOSE_SYSTEM_DIALOGS reason = homekey
11-05 00:59:23.713  1400  1400 I GameToolsWindow: Force Hide
11-05 00:59:23.713  1400  1400 I FullScreenDialog: onReceive = android.intent.action.CLOSE_SYSTEM_DIALOGS
11-05 00:59:23.713  1400  1400 I QSlideListController: setLowProfile : false from com.android.systemui
11-05 00:59:23.721   696   726 I PowerRM : FIA lock1 unlocked
11-05 00:59:23.721   696   726 I PowerRM : System FW:0 IC:0 SO:0 GT:1 CAPP:-1 APP:0
11-05 00:59:23.721   696   726 I PowerRM : System FW:0 IC:0 SO:0 GT:1 CAPP:-1 APP:0
11-05 00:59:23.721   696   726 I PowerRM : Window Changed
11-05 00:59:23.723  1032  2220 D InputDispatcher: Focus entered window: Window{58664b8 u0 com.termux/com.termux.app.TermuxActivity}
11-05 00:59:23.745  1400  1400 E BufferItemConsumer: [unnamed-1400-398] Failed to release buffer: Unknown error -1 (1)
11-05 00:59:23.753   449   576 W hwcomposer: [OVL] (0) No overlay input queue(0)  
11-05 00:59:23.754   449   576 I hwcomposer: [DBQ] (q2:0xa7b79180) Buffer queue is created with size(3)  
11-05 00:59:23.754   449   576 I hwcomposer: [DBQ] (q2:0xa7b79180) setConsumerListener  
11-05 00:59:23.754   449   576 I hwcomposer: [DBQ] (q2:0xa7b79180) Reallocate Slot(0), pool(0 -> 0) size(0 -> 9331200)  
11-05 00:59:23.755   695   723 I GBMv2   : GBM state [0]
11-05 00:59:23.759   449   576 I hwcomposer: [NOD] setSrc: usage : 0xb00, ext_info.status : 0x0  
11-05 00:59:23.767   449   576 I hwcomposer: [DBQ] (q2:0xa7b79180) Reallocate Slot(1), pool(0 -> 0) size(0 -> 9331200)  
11-05 00:59:23.773  1400  1400 I FullScreenDialog: topPackage is changed to com.termux, so dismiss.
11-05 00:59:23.773   449   576 I hwcomposer: [NOD] setSrc: usage : 0xb00, ext_info.status : 0x0  
11-05 00:59:23.776  1400  1400 D StatusBar: setSystemUiVisibility vis=80008708 mask=ffffffff oldVal=8708 newVal=80008708 diff=80000000
11-05 00:59:23.779  1400  1400 I NavigationThemeResource: NavigationKey Color is changed(WHITE_WITH_BORDER -> WHITE)
11-05 00:59:23.779  1400  1400 I NavigationThemeResource:  BarMode=2, Theme=WHITE, LightBackground=false (Transparent)
11-05 00:59:23.779  1400  1400 I NavigationThemeResource: , Keyguard show=false, IME shown=false, Bar vertical=false, Panel expanded=false
11-05 00:59:23.779  1400  1400 I NavigationThemeResource: notify navigation bar color(0xffebebeb)
11-05 00:59:23.781   449   576 I hwcomposer: [DBQ] (q2:0xa7b79180) Reallocate Slot(2), pool(0 -> 0) size(0 -> 9331200)  
11-05 00:59:23.788   449   576 I hwcomposer: [NOD] setSrc: usage : 0xb00, ext_info.status : 0x0  
11-05 00:59:23.798  7742  7753 D ViewRootImpl: onChangedNavigationGuardColor(), color: ffebebeb
11-05 00:59:23.800  7742  7742 D DecorView: updateNavigationGuardColor navigationGuardColor=0xffebebeb
11-05 00:59:23.806   449   576 I hwcomposer: [NOD] setSrc: usage : 0xb00, ext_info.status : 0x0  
11-05 00:59:23.818  7742  7742 I HK/LatinKbdBaseView: closing org.pocketworkstation.pckeyboard.LatinKeyboardView{46bde2b V.ED..... ......ID 0,0-1080,510 #7f07000a app:id/LatinkeyboardBaseView}
11-05 00:59:23.831 18924 18924 I Timeline: Timeline: Activity_idle id: android.os.BinderProxy@939f0d7 time:99829421
11-05 00:59:23.836  1400  7467 I SystemServicesProxy: RecentApps has 2 item(s).
11-05 00:59:23.840   449   576 I hwcomposer: [NOD] setSrc: usage : 0xb00, ext_info.status : 0x0  
11-05 00:59:23.862   449   576 I chatty  : uid=1000(system) Dispatcher_0 identical 1 line
11-05 00:59:23.879   449   576 I hwcomposer: [NOD] setSrc: usage : 0xb00, ext_info.status : 0x0  
11-05 00:59:23.884   698   698 E thermal_src: ERROR, recvmsg expect 5, but get 2 
11-05 00:59:23.901   449   576 I hwcomposer: [NOD] setSrc: usage : 0xb00, ext_info.status : 0x0  
11-05 00:59:23.920   449   576 I chatty  : uid=1000(system) Dispatcher_0 identical 1 line
11-05 00:59:23.935   449   576 I hwcomposer: [NOD] setSrc: usage : 0xb00, ext_info.status : 0x0  
11-05 00:59:23.947  6271  6271 W SearchServiceCore: Abort, client detached.
11-05 00:59:23.952   449   576 I hwcomposer: [NOD] setSrc: usage : 0xb00, ext_info.status : 0x0  
11-05 00:59:23.981   449   576 I chatty  : uid=1000(system) Dispatcher_0 identical 2 lines
11-05 00:59:23.996   449   576 I hwcomposer: [NOD] setSrc: usage : 0xb00, ext_info.status : 0x0  
11-05 00:59:24.004   668   693 D AAL     : 11-05 12:59:23.822 BL=  65,ESS= 256, 11-05 12:59:23.872 BL=  64,ESS= 256, 11-05 12:59:23.922 BL=  63,ESS= 256, 11-05 12:59:23.955 BL=  62,ESS= 256, 11-05 12:59:24.004 BL=  61,ESS= 256, 
11-05 00:59:24.009   492   534 E SurfaceFlinger: Failed to find layer (SnapshotStartingWindow for taskId=145#0) in layer parent (no-parent).
11-05 00:59:24.011   449   576 I hwcomposer: [NOD] setSrc: usage : 0xb00, ext_info.status : 0x0  
11-05 00:59:24.060  1032  2220 D OverlayManager: setEnabled packageName=com.android.systemui.theme.dark enable=true userId=0
11-05 00:59:24.041   449   576 I chatty  : uid=1000(system) Dispatcher_0 identical 2 lines
11-05 00:59:24.045   449   576 I hwcomposer: [NOD] setSrc: usage : 0xb00, ext_info.status : 0x0  
11-05 00:59:24.073   449   576 I hwcomposer: [OVL] (0) Overlay input(0) was used with queue previously  
11-05 00:59:24.073   449   576 I hwcomposer: [DBQ] (q2:0xa7b79180) Buffer queue is destroyed  
11-05 00:59:24.073   449   576 I hwcomposer: [DBQ] (q2:0xa7b79180) Free Slot(0), handle=0xa7b3d620, 9331200 -> 0  
11-05 00:59:24.074   449   576 I hwcomposer: [DBQ] (q2:0xa7b79180) Free Slot(1), handle=0xa7b3d2a0, 9331200 -> 0  
11-05 00:59:24.074   449   576 I hwcomposer: [DBQ] (q2:0xa7b79180) Free Slot(2), handle=0xa7b3e500, 9331200 -> 0  
11-05 00:59:24.218   668   693 D AAL     : 11-05 12:59:24.037 BL=  60,ESS= 256, 11-05 12:59:24.087 BL=  59,ESS= 256, 11-05 12:59:24.136 BL=  58,ESS= 256, 11-05 12:59:24.169 BL=  57,ESS= 256, 11-05 12:59:24.218 BL=  56,ESS= 256, 
11-05 00:59:24.237  1400  7856 I zygote  : Explicit concurrent copying GC freed 6007(397KB) AllocSpace objects, 0(0B) LOS objects, 57% free, 8MB/20MB, paused 146us total 151.642ms
11-05 00:59:24.343   484   512 I vendor.mediatek.hardware.power@1.1-impl: scnDisable hdl:39
11-05 00:59:24.358   484   511 I libPerfService: 39: legacy set: -1 -1 -1 -1
11-05 00:59:24.358   484   511 I libPerfService: 39: legacy set freq: -1 -1 -1 -1
11-05 00:59:24.887   698   698 E thermal_src: ERROR, recvmsg expect 5, but get 2 
11-05 00:59:24.980   492   492 I DisplayDevice: [Built-in Screen (type:0)] fps:23.063591,dur:1647.62,max:857.35,min:8.17
11-05 00:59:25.022   456   456 I WifiHAL : Get link stats
11-05 00:59:25.022   456   456 E android.hardware.wifi@1.0-service: Invalid radio stats in link layer stats
11-05 00:59:25.025  1032  1282 D WindowManager: interceptKeyTq keycode=113 down=true injected=false mDisplayState=2 interactive=true keyguardActive=false flags=0x8 policyFlags=22001001
11-05 00:59:25.031  1032  1281 D WindowManager: interceptKeyTi keyCode=113 down=true repeatCount=0 keyguardOn=false mHomePressed=false canceled=false flags=0x8
11-05 00:59:25.032 18924 18924 I ViewRootImpl: ViewRoot's KeyEvent { action=ACTION_DOWN, keyCode=KEYCODE_CTRL_LEFT, scanCode=29, metaState=META_CTRL_ON|META_CTRL_LEFT_ON, flags=0x8, repeatCount=0, eventTime=99830614, downTime=99830614, deviceId=9, source=0x101 } to DecorView@2139ebf[TermuxActivity]
11-05 00:59:25.529  1032  1281 D WindowManager: interceptKeyTi keyCode=113 down=true repeatCount=1 keyguardOn=false mHomePressed=false canceled=false flags=0x88
11-05 00:59:25.529 18924 18924 I ViewRootImpl: ViewRoot's KeyEvent { action=ACTION_DOWN, keyCode=KEYCODE_CTRL_LEFT, scanCode=29, metaState=META_CTRL_ON|META_CTRL_LEFT_ON, flags=0x88, repeatCount=1, eventTime=99831115, downTime=99830614, deviceId=9, source=0x101 } to DecorView@2139ebf[TermuxActivity]
11-05 00:59:25.557   698   698 E thermal_src: ERROR, recvmsg expect 5, but get 2 
11-05 00:59:25.577  1032  1281 D WindowManager: interceptKeyTi keyCode=113 down=true repeatCount=2 keyguardOn=false mHomePressed=false canceled=false flags=0x8
11-05 00:59:25.588 18924 18924 I ViewRootImpl: ViewRoot's KeyEvent { action=ACTION_DOWN, keyCode=KEYCODE_CTRL_LEFT, scanCode=29, metaState=META_CTRL_ON|META_CTRL_LEFT_ON, flags=0x8, repeatCount=2, eventTime=99831166, downTime=99830614, deviceId=9, source=0x101 } to DecorView@2139ebf[TermuxActivity]
11-05 00:59:25.628  1032  1281 D WindowManager: interceptKeyTi keyCode=113 down=true repeatCount=3 keyguardOn=false mHomePressed=false canceled=false flags=0x8
11-05 00:59:25.628 18924 18924 I ViewRootImpl: ViewRoot's KeyEvent { action=ACTION_DOWN, keyCode=KEYCODE_CTRL_LEFT, scanCode=29, metaState=META_CTRL_ON|META_CTRL_LEFT_ON, flags=0x8, repeatCount=3, eventTime=99831217, downTime=99830614, deviceId=9, source=0x101 } to DecorView@2139ebf[TermuxActivity]
