--------- beginning of main
10-14 22:13:38.683 13891  8062 I EventLogSendingHelper: Sending log events.
10-14 22:13:38.721 28171 28196 V CSEvent : CSEvent::SetError[0]
10-14 22:13:39.520 28171 28196 D ConnectivityManager: getMobileDataEnabled()+ subId=1
10-14 22:13:39.521 28171 28196 D ConnectivityManager: getMobileDataEnabled()- subId=1 retVal=true
10-14 22:13:39.522 28171 28196 D ConnectivityManager: getMobileDataEnabled()+ subId=1
10-14 22:13:39.523 28171 28196 D ConnectivityManager: getMobileDataEnabled()- subId=1 retVal=true
10-14 22:13:40.693 26332 26332 I HK/LatinKbdBaseView: closing org.pocketworkstation.pckeyboard.LatinKeyboardView{459fca2 V.ED..... ......ID 0,0-720,355 #7f07000a app:id/LatinkeyboardBaseView}
10-14 22:13:40.732   515   515 D QTI PowerHAL: JDG: 1743
10-14 22:13:42.391  2289  2289 I GeofencerStateMachine: sendNewTransitions called.
--------- beginning of system
10-14 22:13:42.417  1471  1528 I ActivityManager: Start proc 8376:com.walmart.android/u0a161 for broadcast com.walmart.android/com.onradar.sdk._RadarReceiver
10-14 22:13:42.426  2289  8304 I GCoreUlr: Successfully inserted 1 locations
10-14 22:13:42.530 28171 28196 D ConnectivityManager: getMobileDataEnabled()+ subId=1
10-14 22:13:42.531 28171 28196 D ConnectivityManager: getMobileDataEnabled()- subId=1 retVal=true
10-14 22:13:42.533 28171 28196 D ConnectivityManager: getMobileDataEnabled()+ subId=1
10-14 22:13:42.534 28171 28196 D ConnectivityManager: getMobileDataEnabled()- subId=1 retVal=true
10-14 22:13:42.622  8376  8376 I MultiDex: VM with version 2.1.0 has multidex support
10-14 22:13:42.622  8376  8376 I MultiDex: Installing application
10-14 22:13:42.622  8376  8376 I MultiDex: VM has multidex support, MultiDex support library is disabled.
10-14 22:13:42.666  8376  8376 I FirebaseInitProvider: FirebaseApp initialization unsuccessful
10-14 22:13:42.715  8376  8376 I MarketingInitProvider: Failed to auto initialize the Marketing SDK
10-14 22:13:42.715  8376  8376 I MarketingInitProvider: A valid Facebook app id must be set in the AndroidManifest.xml or set by calling FacebookSdk.setApplicationId before initializing the sdk.
10-14 22:13:42.715  8376  8376 I MarketingInitProvider: 	at com.facebook.FacebookSdk.sdkInitialize(FacebookSdk.java:283)
10-14 22:13:42.715  8376  8376 I MarketingInitProvider: 	at com.facebook.marketing.internal.MarketingInitProvider.onCreate(MarketingInitProvider.java:42)
10-14 22:13:42.715  8376  8376 I MarketingInitProvider: 	at android.content.ContentProvider.attachInfo(ContentProvider.java:1929)
10-14 22:13:42.715  8376  8376 I MarketingInitProvider: 	at android.content.ContentProvider.attachInfo(ContentProvider.java:1904)
10-14 22:13:42.715  8376  8376 I MarketingInitProvider: 	at android.app.ActivityThread.installProvider(ActivityThread.java:6432)
10-14 22:13:42.715  8376  8376 I MarketingInitProvider: 	at android.app.ActivityThread.installContentProviders(ActivityThread.java:5979)
10-14 22:13:42.715  8376  8376 I MarketingInitProvider: 	at android.app.ActivityThread.handleBindApplication(ActivityThread.java:5900)
10-14 22:13:42.715  8376  8376 I MarketingInitProvider: 	at android.app.ActivityThread.-wrap1(Unknown Source:0)
10-14 22:13:42.715  8376  8376 I MarketingInitProvider: 	at android.app.ActivityThread$H.handleMessage(ActivityThread.java:1734)
10-14 22:13:42.715  8376  8376 I MarketingInitProvider: 	at android.os.Handler.dispatchMessage(Handler.java:105)
10-14 22:13:42.715  8376  8376 I MarketingInitProvider: 	at android.os.Looper.loop(Looper.java:164)
10-14 22:13:42.715  8376  8376 I MarketingInitProvider: 	at android.app.ActivityThread.main(ActivityThread.java:6695)
10-14 22:13:42.715  8376  8376 I MarketingInitProvider: 	at java.lang.reflect.Method.invoke(Native Method)
10-14 22:13:42.715  8376  8376 I MarketingInitProvider: 	at com.android.internal.os.Zygote$MethodAndArgsCaller.run(Zygote.java:240)
10-14 22:13:42.715  8376  8376 I MarketingInitProvider: 	at com.android.internal.os.ZygoteInit.main(ZygoteInit.java:772)
10-14 22:13:42.723  8376  8376 I FacebookInitProvider: Failed to auto initialize the Facebook SDK
10-14 22:13:42.723  8376  8376 I FacebookInitProvider: A valid Facebook app id must be set in the AndroidManifest.xml or set by calling FacebookSdk.setApplicationId before initializing the sdk.
10-14 22:13:42.723  8376  8376 I FacebookInitProvider: 	at com.facebook.FacebookSdk.sdkInitialize(FacebookSdk.java:283)
10-14 22:13:42.723  8376  8376 I FacebookInitProvider: 	at com.facebook.FacebookSdk.sdkInitialize(FacebookSdk.java:239)
10-14 22:13:42.723  8376  8376 I FacebookInitProvider: 	at com.facebook.internal.FacebookInitProvider.onCreate(FacebookInitProvider.java:20)
10-14 22:13:42.723  8376  8376 I FacebookInitProvider: 	at android.content.ContentProvider.attachInfo(ContentProvider.java:1929)
10-14 22:13:42.723  8376  8376 I FacebookInitProvider: 	at android.content.ContentProvider.attachInfo(ContentProvider.java:1904)
10-14 22:13:42.723  8376  8376 I FacebookInitProvider: 	at android.app.ActivityThread.installProvider(ActivityThread.java:6432)
10-14 22:13:42.723  8376  8376 I FacebookInitProvider: 	at android.app.ActivityThread.installContentProviders(ActivityThread.java:5979)
10-14 22:13:42.723  8376  8376 I FacebookInitProvider: 	at android.app.ActivityThread.handleBindApplication(ActivityThread.java:5900)
10-14 22:13:42.723  8376  8376 I FacebookInitProvider: 	at android.app.ActivityThread.-wrap1(Unknown Source:0)
10-14 22:13:42.723  8376  8376 I FacebookInitProvider: 	at android.app.ActivityThread$H.handleMessage(ActivityThread.java:1734)
10-14 22:13:42.723  8376  8376 I FacebookInitProvider: 	at android.os.Handler.dispatchMessage(Handler.java:105)
10-14 22:13:42.723  8376  8376 I FacebookInitProvider: 	at android.os.Looper.loop(Looper.java:164)
10-14 22:13:42.723  8376  8376 I FacebookInitProvider: 	at android.app.ActivityThread.main(ActivityThread.java:6695)
10-14 22:13:42.723  8376  8376 I FacebookInitProvider: 	at java.lang.reflect.Method.invoke(Native Method)
10-14 22:13:42.723  8376  8376 I FacebookInitProvider: 	at com.android.internal.os.Zygote$MethodAndArgsCaller.run(Zygote.java:240)
10-14 22:13:42.723  8376  8376 I FacebookInitProvider: 	at com.android.internal.os.ZygoteInit.main(ZygoteInit.java:772)
10-14 22:13:42.796  8376  8376 I CrashlyticsCore: Initializing Crashlytics 2.3.8.97
10-14 22:13:42.893  8376  8376 D NetworkSecurityConfig: No Network Security Config specified, using platform default
10-14 22:13:42.946  8376  8376 D RviDataSource: deleteAllButLastEntries: deleted 0 rows
10-14 22:13:42.976  8376  8376 W Java7Support: Unable to load JDK7 types (annotations, java.nio.file.Path): no Java7 support added
10-14 22:13:42.999  1471  6294 I ActivityManager: START u0 {act=android.intent.action.MAIN cat=[android.intent.category.LAUNCHER] flg=0x10200000 cmp=com.crazyj36.apiplaygroundsdk9/.MainActivity bnds=[429,151][567,338]} from uid 10057
10-14 22:13:43.001   837   929 I ThermalEngine: Thermal-Server: Thermal received msg from  override
10-14 22:13:43.001   528  8411 I Thermal-Lib: Thermal-Lib-Client: Client request sent
10-14 22:13:43.049  1471  6294 I ActivityManager: Start proc 8413:com.crazyj36.apiplaygroundsdk9/u0a220 for activity com.crazyj36.apiplaygroundsdk9/.MainActivity
10-14 22:13:43.292  8413  8413 D AndroidRuntime: Shutting down VM
--------- beginning of crash
10-14 22:13:43.293  8413  8413 E AndroidRuntime: FATAL EXCEPTION: main
10-14 22:13:43.293  8413  8413 E AndroidRuntime: Process: com.crazyj36.apiplaygroundsdk9, PID: 8413
10-14 22:13:43.293  8413  8413 E AndroidRuntime: java.lang.NoClassDefFoundError: Failed resolution of: Landroid/support/v4/app/ActivityCompat;
10-14 22:13:43.293  8413  8413 E AndroidRuntime: 	at com.crazyj36.apiplaygroundsdk9.MainActivity.onCreate(MainActivity.java:44)
10-14 22:13:43.293  8413  8413 E AndroidRuntime: 	at android.app.Activity.performCreate(Activity.java:6989)
10-14 22:13:43.293  8413  8413 E AndroidRuntime: 	at android.app.Instrumentation.callActivityOnCreate(Instrumentation.java:1235)
10-14 22:13:43.293  8413  8413 E AndroidRuntime: 	at android.app.ActivityThread.performLaunchActivity(ActivityThread.java:2848)
10-14 22:13:43.293  8413  8413 E AndroidRuntime: 	at android.app.ActivityThread.handleLaunchActivity(ActivityThread.java:2974)
10-14 22:13:43.293  8413  8413 E AndroidRuntime: 	at android.app.ActivityThread.-wrap11(Unknown Source:0)
10-14 22:13:43.293  8413  8413 E AndroidRuntime: 	at android.app.ActivityThread$H.handleMessage(ActivityThread.java:1666)
10-14 22:13:43.293  8413  8413 E AndroidRuntime: 	at android.os.Handler.dispatchMessage(Handler.java:105)
10-14 22:13:43.293  8413  8413 E AndroidRuntime: 	at android.os.Looper.loop(Looper.java:164)
10-14 22:13:43.293  8413  8413 E AndroidRuntime: 	at android.app.ActivityThread.main(ActivityThread.java:6695)
10-14 22:13:43.293  8413  8413 E AndroidRuntime: 	at java.lang.reflect.Method.invoke(Native Method)
10-14 22:13:43.293  8413  8413 E AndroidRuntime: 	at com.android.internal.os.Zygote$MethodAndArgsCaller.run(Zygote.java:240)
10-14 22:13:43.293  8413  8413 E AndroidRuntime: 	at com.android.internal.os.ZygoteInit.main(ZygoteInit.java:772)
10-14 22:13:43.293  8413  8413 E AndroidRuntime: Caused by: java.lang.ClassNotFoundException: Didn't find class "android.support.v4.app.ActivityCompat" on path: DexPathList[[zip file "/data/app/com.crazyj36.apiplaygroundsdk9-yXjNVsiuJBhIY72LVHkhiA==/base.apk"],nativeLibraryDirectories=[/data/app/com.crazyj36.apiplaygroundsdk9-yXjNVsiuJBhIY72LVHkhiA==/lib/arm, /system/lib, /vendor/lib]]
10-14 22:13:43.293  8413  8413 E AndroidRuntime: 	at dalvik.system.BaseDexClassLoader.findClass(BaseDexClassLoader.java:93)
10-14 22:13:43.293  8413  8413 E AndroidRuntime: 	at java.lang.ClassLoader.loadClass(ClassLoader.java:379)
10-14 22:13:43.293  8413  8413 E AndroidRuntime: 	at java.lang.ClassLoader.loadClass(ClassLoader.java:312)
10-14 22:13:43.293  8413  8413 E AndroidRuntime: 	... 13 more
10-14 22:13:43.297  1471  2389 W ActivityManager:   Force finishing activity com.crazyj36.apiplaygroundsdk9/.MainActivity
10-14 22:13:43.304  1471  1529 I ActivityManager: Showing crash dialog for package com.crazyj36.apiplaygroundsdk9 u0
10-14 22:13:43.360  1471  6401 W Adreno-EGL: <qeglDrvAPI_eglGetConfigAttrib:612>: EGL_BAD_ATTRIBUTE
10-14 22:13:43.366  1471  1471 W RenderThread: type=1400 audit(0.0:8805): avc: denied { dac_read_search } for uid=1000 capability=2 scontext=u:r:system_server:s0 tcontext=u:r:system_server:s0 tclass=capability permissive=0
10-14 22:13:43.528   561   561 I SFPerfTracer:      triggers: (rate: 353:69936) (compose: 0:1559) (post: 0:3478) (render: 0:6353) (1:681388 frames) (2:813698)
10-14 22:13:43.528   561   561 D SFPerfTracer:        layers: (9:14) (StatusBar#0 (0xb163e000): 0:130406) (com.android.systemui.ImageWallpaper#0 (0xb159c000): 0:1431) (DimLayerController/Stack=0#0 (0xb15f8000): 2:5140) (animation background stackId=1#0 (0xb15b2000): 0:572)* (Sprite#0 (0xb15e3000): 0:19)* (animation background stackId=0#0 (0xb15af000): 0:3)* (NavigationBar#0 (0xb15b4000): 0:1092) (#0 (0xb15c1000): 0:3) (#1 (0xb15da000): 0:3) (com.android.chrome/com.google.android.apps.chrome.Main#0 (0xb15b9000): 0:1056)- (com.motorola.launcher3/com.android.launcher3.CustomizationPanelLauncher#0 (0xb1628000): 0:6)* (com.motorola.launcher3/com.android.launcher3.CustomizationPanelLauncher#1 (0xb1638000): 0:52) (Splash Screen com.crazyj36.apiplaygroundsdk9#0 (0xb15d2000): 2:21) (Application Error: com.crazyj36.apiplaygroundsdk9#0 (0xb15eb000): 2:8) 
10-14 22:13:43.678 13891  8062 I EventLogSendingHelper: Sending log events.
10-14 22:13:43.692  8376  8376 V ConfigurationProvider: query: [content://com.walmart.android.config], [null], [null], [null], [null]
10-14 22:13:43.800  1471  1528 W ActivityManager: Activity pause timeout for ActivityRecord{2926b12 u0 com.crazyj36.apiplaygroundsdk9/.MainActivity t341 f}
10-14 22:13:43.820  1471  1528 I ActivityManager: moveHomeStack, setupComplete:true
10-14 22:13:43.869 13891 14383 W Adreno-EGL: <qeglDrvAPI_eglGetConfigAttrib:612>: EGL_BAD_ATTRIBUTE
10-14 22:13:43.886 26402 26675 W Adreno-EGL: <qeglDrvAPI_eglGetConfigAttrib:612>: EGL_BAD_ATTRIBUTE
10-14 22:13:43.895   561   726 I SFPerfTracer:      triggers: (rate: 0:0) (1503916 sw vsyncs) (0 skipped) (38:1302694 vsyncs) (40:2986214)
10-14 22:13:43.962  8376  8376 I WebViewFactory: Loading com.android.chrome version 69.0.3497.100 (code 349710002)
10-14 22:13:44.100  1471  1528 I ActivityManager: Killing 6211:android.process.media/u0a42 (adj 906): empty #13
10-14 22:13:44.103  8376  8376 I zygote  : Rejecting re-init on previously-failed class java.lang.Class<uJ>: java.lang.NoClassDefFoundError: Failed resolution of: Landroid/webkit/TracingController;
10-14 22:13:44.103  8376  8376 I zygote  :   at java.lang.Class java.lang.Class.classForName(java.lang.String, boolean, java.lang.ClassLoader) (Class.java:-2)
10-14 22:13:44.103  8376  8376 I zygote  :   at java.lang.Class java.lang.Class.forName(java.lang.String, boolean, java.lang.ClassLoader) (Class.java:453)
10-14 22:13:44.103  8376  8376 I zygote  :   at java.lang.Class android.webkit.WebViewFactory.getWebViewProviderClass(java.lang.ClassLoader) (WebViewFactory.java:150)
10-14 22:13:44.103  8376  8376 I zygote  :   at java.lang.Class android.webkit.WebViewFactory.getProviderClass() (WebViewFactory.java:417)
10-14 22:13:44.103  8376  8376 I zygote  :   at android.webkit.WebViewFactoryProvider android.webkit.WebViewFactory.getProvider() (WebViewFactory.java:211)
10-14 22:13:44.103  8376  8376 I zygote  :   at android.webkit.WebViewFactoryProvider android.webkit.WebView.getFactory() (WebView.java:2467)
10-14 22:13:44.103  8376  8376 I zygote  :   at void android.webkit.WebView.ensureProviderCreated() (WebView.java:2462)
10-14 22:13:44.103  8376  8376 I zygote  :   at void android.webkit.WebView.setOverScrollMode(int) (WebView.java:2527)
10-14 22:13:44.103  8376  8376 I zygote  :   at void android.view.View.<init>(android.content.Context) (View.java:4545)
10-14 22:13:44.103  8376  8376 I zygote  :   at void android.view.View.<init>(android.content.Context, android.util.AttributeSet, int, int) (View.java:4684)
10-14 22:13:44.103  8376  8376 I zygote  :   at void android.view.ViewGroup.<init>(android.content.Context, android.util.AttributeSet, int, int) (ViewGroup.java:597)
10-14 22:13:44.103  8376  8376 I zygote  :   at void android.widget.AbsoluteLayout.<init>(android.content.Context, android.util.AttributeSet, int, int) (AbsoluteLayout.java:55)
10-14 22:13:44.103  8376  8376 I zygote  :   at void android.webkit.WebView.<init>(android.content.Context, android.util.AttributeSet, int, int, java.util.Map, boolean) (WebView.java:636)
10-14 22:13:44.103  8376  8376 I zygote  :   at void android.webkit.WebView.<init>(android.content.Context, android.util.AttributeSet, int, int) (WebView.java:581)
10-14 22:13:44.103  8376  8376 I zygote  :   at void android.webkit.WebView.<init>(android.content.Context, android.util.AttributeSet, int) (WebView.java:564)
10-14 22:13:44.103  8376  8376 I zygote  :   at void android.webkit.WebView.<init>(android.content.Context, android.util.AttributeSet) (WebView.java:551)
10-14 22:13:44.104  8376  8376 I zygote  :   at void android.webkit.WebView.<init>(android.content.Context) (WebView.java:541)
10-14 22:13:44.104  8376  8376 I zygote  :   at java.lang.String com.walmart.android.analytics.events.WalmartBulkParams.getUserAgentString(android.content.Context) (WalmartBulkParams.java:123)
10-14 22:13:44.104  8376  8376 I zygote  :   at java.util.Map com.walmart.android.analytics.events.WalmartBulkParams.getParams(com.walmart.android.app.WalmartApplication, com.walmart.android.analytics.events.WalmartBulkParams$AsyncParamsListener) (WalmartBulkParams.java:47)
10-14 22:13:44.104  8376  8376 I zygote  :   at void com.walmart.android.app.WalmartApplication.setWalmartBulkParams(com.walmartlabs.anivia.AniviaTracker) (WalmartApplication.java:216)
10-14 22:13:44.104  8376  8376 I zygote  :   at void com.walmart.android.app.WalmartApplication.setupAnivia() (WalmartApplication.java:421)
10-14 22:13:44.104  8376  8376 I zygote  :   at void com.walmart.android.app.WalmartApplication.onCreate() (WalmartApplication.java:168)
10-14 22:13:44.104  8376  8376 I zygote  :   at void android.app.Instrumentation.callApplicationOnCreate(android.app.Application) (Instrumentation.java:1140)
10-14 22:13:44.104  8376  8376 I zygote  :   at void android.app.ActivityThread.handleBindApplication(android.app.ActivityThread$AppBindData) (ActivityThread.java:5919)
10-14 22:13:44.104  8376  8376 I zygote  :   at void android.app.ActivityThread.-wrap1(android.app.ActivityThread, android.app.ActivityThread$AppBindData) (ActivityThread.java:-1)
10-14 22:13:44.104  8376  8376 I zygote  :   at void android.app.ActivityThread$H.handleMessage(android.os.Message) (ActivityThread.java:1734)
10-14 22:13:44.104  8376  8376 I zygote  :   at void android.os.Handler.dispatchMessage(android.os.Message) (Handler.java:105)
10-14 22:13:44.104  8376  8376 I zygote  :   at void android.os.Looper.loop() (Looper.java:164)
10-14 22:13:44.104  8376  8376 I zygote  :   at void android.app.ActivityThread.main(java.lang.String[]) (ActivityThread.java:6695)
10-14 22:13:44.104  8376  8376 I zygote  :   at java.lang.Object java.lang.reflect.Method.invoke(java.lang.Object, java.lang.Object[]) (Method.java:-2)
10-14 22:13:44.104  8376  8376 I zygote  :   at void com.android.internal.os.Zygote$MethodAndArgsCaller.run() (Zygote.java:240)
10-14 22:13:44.104  8376  8376 I zygote  :   at void com.android.internal.os.ZygoteInit.main(java.lang.String[]) (ZygoteInit.java:772)
10-14 22:13:44.104  8376  8376 I zygote  : Caused by: java.lang.ClassNotFoundException: Didn't find class "android.webkit.TracingController" on path: DexPathList[[zip file "/data/app/com.android.chrome-Acx0ioFj2gFRPMxKS2S40w==/base.apk"],nativeLibraryDirectories=[/data/app/com.android.chrome-Acx0ioFj2gFRPMxKS2S40w==/lib/arm, /data/app/com.android.chrome-Acx0ioFj2gFRPMxKS2S40w==/base.apk!/lib/armeabi-v7a, /system/lib, /vendor/lib]]
10-14 22:13:44.104  8376  8376 I zygote  :   at java.lang.Class dalvik.system.BaseDexClassLoader.findClass(java.lang.String) (BaseDexClassLoader.java:93)
10-14 22:13:44.104  8376  8376 I zygote  :   at java.lang.Class java.lang.ClassLoader.loadClass(java.lang.String, boolean) (ClassLoader.java:379)
10-14 22:13:44.104  8376  8376 I zygote  :   at java.lang.Class java.lang.ClassLoader.loadClass(java.lang.String) (ClassLoader.java:312)
10-14 22:13:44.104  8376  8376 I zygote  :   at java.lang.Class java.lang.Class.classForName(java.lang.String, boolean, java.lang.ClassLoader) (Class.java:-2)
10-14 22:13:44.104  8376  8376 I zygote  :   at java.lang.Class java.lang.Class.forName(java.lang.String, boolean, java.lang.ClassLoader) (Class.java:453)
10-14 22:13:44.104  8376  8376 I zygote  :   at java.lang.Class android.webkit.WebViewFactory.getWebViewProviderClass(java.lang.ClassLoader) (WebViewFactory.java:150)
10-14 22:13:44.104  8376  8376 I zygote  :   at java.lang.Class android.webkit.WebViewFactory.getProviderClass() (WebViewFactory.java:417)
10-14 22:13:44.104  8376  8376 I zygote  :   at android.webkit.WebViewFactoryProvider android.webkit.WebViewFactory.getProvider() (WebViewFactory.java:211)
10-14 22:13:44.104  8376  8376 I zygote  :   at android.webkit.WebViewFactoryProvider android.webkit.WebView.getFactory() (WebView.java:2467)
10-14 22:13:44.104  8376  8376 I zygote  :   at void android.webkit.WebView.ensureProviderCreated() (WebView.java:2462)
10-14 22:13:44.104  8376  8376 I zygote  :   at void android.webkit.WebView.setOverScrollMode(int) (WebView.java:2527)
10-14 22:13:44.104  8376  8376 I zygote  :   at void android.view.View.<init>(android.content.Context) (View.java:4545)
10-14 22:13:44.104  8376  8376 I zygote  :   at void android.view.View.<init>(android.content.Context, android.util.AttributeSet, int, int) (View.java:4684)
10-14 22:13:44.104  8376  8376 I zygote  :   at void android.view.ViewGroup.<init>(android.content.Context, android.util.AttributeSet, int, int) (ViewGroup.java:597)
10-14 22:13:44.104  8376  8376 I zygote  :   at void android.widget.AbsoluteLayout.<init>(android.content.Context, android.util.AttributeSet, int, int) (AbsoluteLayout.java:55)
10-14 22:13:44.104  8376  8376 I zygote  :   at void android.webkit.WebView.<init>(android.content.Context, android.util.AttributeSet, int, int, java.util.Map, boolean) (WebView.java:636)
10-14 22:13:44.104  8376  8376 I zygote  :   at void android.webkit.WebView.<init>(android.content.Context, android.util.AttributeSet, int, int) (WebView.java:581)
10-14 22:13:44.104  8376  8376 I zygote  :   at void android.webkit.WebView.<init>(android.content.Context, android.util.AttributeSet, int) (WebView.java:564)
10-14 22:13:44.104  8376  8376 I zygote  :   at void android.webkit.WebView.<init>(android.content.Context, android.util.AttributeSet) (WebView.java:551)
10-14 22:13:44.104  8376  8376 I zygote  :   at void android.webkit.WebView.<init>(android.content.Context) (WebView.java:541)
10-14 22:13:44.104  8376  8376 I zygote  :   at java.lang.String com.walmart.android.analytics.events.WalmartBulkParams.getUserAgentString(android.content.Context) (WalmartBulkParams.java:123)
10-14 22:13:44.104  8376  8376 I zygote  :   at java.util.Map com.walmart.android.analytics.events.WalmartBulkParams.getParams(com.walmart.android.app.WalmartApplication, com.walmart.android.analytics.events.WalmartBulkParams$AsyncParamsListener) (WalmartBulkParams.java:47)
10-14 22:13:44.104  8376  8376 I zygote  :   at void com.walmart.android.app.WalmartApplication.setWalmartBulkParams(com.walmartlabs.anivia.AniviaTracker) (WalmartApplication.java:216)
10-14 22:13:44.104  8376  8376 I zygote  :   at void com.walmart.android.app.WalmartApplication.setupAnivia() (WalmartApplication.java:421)
10-14 22:13:44.104  8376  8376 I zygote  :   at void com.walmart.android.app.WalmartApplication.onCreate() (WalmartApplication.java:168)
10-14 22:13:44.104  8376  8376 I zygote  :   at void android.app.Instrumentation.callApplicationOnCreate(android.app.Application) (Instrumentation.java:1140)
10-14 22:13:44.104  8376  8376 I zygote  :   at void android.app.ActivityThread.handleBindApplication(android.app.ActivityThread$AppBindData) (ActivityThread.java:5919)
10-14 22:13:44.104  8376  8376 I zygote  :   at void android.app.ActivityThread.-wrap1(android.app.ActivityThread, android.app.ActivityThread$AppBindData) (ActivityThread.java:-1)
10-14 22:13:44.104  8376  8376 I zygote  :   at void android.app.ActivityThread$H.handleMessage(android.os.Message) (ActivityThread.java:1734)
10-14 22:13:44.104  8376  8376 I zygote  :   at void android.os.Handler.dispatchMessage(android.os.Message) (Handler.java:105)
10-14 22:13:44.104  8376  8376 I zygote  :   at void android.os.Looper.loop() (Looper.java:164)
10-14 22:13:44.104  8376  8376 I zygote  :   at void android.app.ActivityThread.main(java.lang.String[]) (ActivityThread.java:6695)
10-14 22:13:44.104  8376  8376 I zygote  :   at java.lang.Object java.lang.reflect.Method.invoke(java.lang.Object, java.lang.Object[]) (Method.java:-2)
10-14 22:13:44.104  8376  8376 I zygote  :   at void com.android.internal.os.Zygote$MethodAndArgsCaller.run() (Zygote.java:240)
10-14 22:13:44.104  8376  8376 I zygote  :   at void com.android.internal.os.ZygoteInit.main(java.lang.String[]) (ZygoteInit.java:772)
10-14 22:13:44.104  8376  8376 I zygote  : 
10-14 22:13:44.106  8376  8376 I zygote  : Rejecting re-init on previously-failed class java.lang.Class<uJ>: java.lang.NoClassDefFoundError: Failed resolution of: Landroid/webkit/TracingController;
10-14 22:13:44.106  8376  8376 I zygote  :   at java.lang.Class java.lang.Class.classForName(java.lang.String, boolean, java.lang.ClassLoader) (Class.java:-2)
10-14 22:13:44.106  8376  8376 I zygote  :   at java.lang.Class java.lang.Class.forName(java.lang.String, boolean, java.lang.ClassLoader) (Class.java:453)
10-14 22:13:44.106  8376  8376 I zygote  :   at java.lang.Class android.webkit.WebViewFactory.getWebViewProviderClass(java.lang.ClassLoader) (WebViewFactory.java:150)
10-14 22:13:44.106  8376  8376 I zygote  :   at java.lang.Class android.webkit.WebViewFactory.getProviderClass() (WebViewFactory.java:417)
10-14 22:13:44.106  8376  8376 I zygote  :   at android.webkit.WebViewFactoryProvider android.webkit.WebViewFactory.getProvider() (WebViewFactory.java:211)
10-14 22:13:44.106  8376  8376 I zygote  :   at android.webkit.WebViewFactoryProvider android.webkit.WebView.getFactory() (WebView.java:2467)
10-14 22:13:44.106  8376  8376 I zygote  :   at void android.webkit.WebView.ensureProviderCreated() (WebView.java:2462)
10-14 22:13:44.106  8376  8376 I zygote  :   at void android.webkit.WebView.setOverScrollMode(int) (WebView.java:2527)
10-14 22:13:44.106  8376  8376 I zygote  :   at void android.view.View.<init>(android.content.Context) (View.java:4545)
10-14 22:13:44.106  8376  8376 I zygote  :   at void android.view.View.<init>(android.content.Context, android.util.AttributeSet, int, int) (View.java:4684)
10-14 22:13:44.106  8376  8376 I zygote  :   at void android.view.ViewGroup.<init>(android.content.Context, android.util.AttributeSet, int, int) (ViewGroup.java:597)
10-14 22:13:44.106  8376  8376 I zygote  :   at void android.widget.AbsoluteLayout.<init>(android.content.Context, android.util.AttributeSet, int, int) (AbsoluteLayout.java:55)
10-14 22:13:44.106  8376  8376 I zygote  :   at void android.webkit.WebView.<init>(android.content.Context, android.util.AttributeSet, int, int, java.util.Map, boolean) (WebView.java:636)
10-14 22:13:44.106  8376  8376 I zygote  :   at void android.webkit.WebView.<init>(android.content.Context, android.util.AttributeSet, int, int) (WebView.java:581)
10-14 22:13:44.106  8376  8376 I zygote  :   at void android.webkit.WebView.<init>(android.content.Context, android.util.AttributeSet, int) (WebView.java:564)
10-14 22:13:44.106  8376  8376 I zygote  :   at void android.webkit.WebView.<init>(android.content.Context, android.util.AttributeSet) (WebView.java:551)
10-14 22:13:44.106  8376  8376 I zygote  :   at void android.webkit.WebView.<init>(android.content.Context) (WebView.java:541)
10-14 22:13:44.106  8376  8376 I zygote  :   at java.lang.String com.walmart.android.analytics.events.WalmartBulkParams.getUserAgentString(android.content.Context) (WalmartBulkParams.java:123)
10-14 22:13:44.106  8376  8376 I zygote  :   at java.util.Map com.walmart.android.analytics.events.WalmartBulkParams.getParams(com.walmart.android.app.WalmartApplication, com.walmart.android.analytics.events.WalmartBulkParams$AsyncParamsListener) (WalmartBulkParams.java:47)
10-14 22:13:44.106  8376  8376 I zygote  :   at void com.walmart.android.app.WalmartApplication.setWalmartBulkParams(com.walmartlabs.anivia.AniviaTracker) (WalmartApplication.java:216)
10-14 22:13:44.106  8376  8376 I zygote  :   at void com.walmart.android.app.WalmartApplication.setupAnivia() (WalmartApplication.java:421)
10-14 22:13:44.106  8376  8376 I zygote  :   at void com.walmart.android.app.WalmartApplication.onCreate() (WalmartApplication.java:168)
10-14 22:13:44.106  8376  8376 I zygote  :   at void android.app.Instrumentation.callApplicationOnCreate(android.app.Application) (Instrumentation.java:1140)
10-14 22:13:44.106  8376  8376 I zygote  :   at void android.app.ActivityThread.handleBindApplication(android.app.ActivityThread$AppBindData) (ActivityThread.java:5919)
10-14 22:13:44.106  8376  8376 I zygote  :   at void android.app.ActivityThread.-wrap1(android.app.ActivityThread, android.app.ActivityThread$AppBindData) (ActivityThread.java:-1)
10-14 22:13:44.106  8376  8376 I zygote  :   at void android.app.ActivityThread$H.handleMessage(android.os.Message) (ActivityThread.java:1734)
10-14 22:13:44.106  8376  8376 I zygote  :   at void android.os.Handler.dispatchMessage(android.os.Message) (Handler.java:105)
10-14 22:13:44.107  8376  8376 I zygote  :   at void android.os.Looper.loop() (Looper.java:164)
10-14 22:13:44.107  8376  8376 I zygote  :   at void android.app.ActivityThread.main(java.lang.String[]) (ActivityThread.java:6695)
10-14 22:13:44.107  8376  8376 I zygote  :   at java.lang.Object java.lang.reflect.Method.invoke(java.lang.Object, java.lang.Object[]) (Method.java:-2)
10-14 22:13:44.107  8376  8376 I zygote  :   at void com.android.internal.os.Zygote$MethodAndArgsCaller.run() (Zygote.java:240)
10-14 22:13:44.107  8376  8376 I zygote  :   at void com.android.internal.os.ZygoteInit.main(java.lang.String[]) (ZygoteInit.java:772)
10-14 22:13:44.107  8376  8376 I zygote  : Caused by: java.lang.ClassNotFoundException: Didn't find class "android.webkit.TracingController" on path: DexPathList[[zip file "/data/app/com.android.chrome-Acx0ioFj2gFRPMxKS2S40w==/base.apk"],nativeLibraryDirectories=[/data/app/com.android.chrome-Acx0ioFj2gFRPMxKS2S40w==/lib/arm, /data/app/com.android.chrome-Acx0ioFj2gFRPMxKS2S40w==/base.apk!/lib/armeabi-v7a, /system/lib, /vendor/lib]]
10-14 22:13:44.107  8376  8376 I zygote  :   at java.lang.Class dalvik.system.BaseDexClassLoader.findClass(java.lang.String) (BaseDexClassLoader.java:93)
10-14 22:13:44.107  8376  8376 I zygote  :   at java.lang.Class java.lang.ClassLoader.loadClass(java.lang.String, boolean) (ClassLoader.java:379)
10-14 22:13:44.107  8376  8376 I zygote  :   at java.lang.Class java.lang.ClassLoader.loadClass(java.lang.String) (ClassLoader.java:312)
10-14 22:13:44.107  8376  8376 I zygote  :   at java.lang.Class java.lang.Class.classForName(java.lang.String, boolean, java.lang.ClassLoader) (Class.java:-2)
10-14 22:13:44.107  8376  8376 I zygote  :   at java.lang.Class java.lang.Class.forName(java.lang.String, boolean, java.lang.ClassLoader) (Class.java:453)
10-14 22:13:44.107  8376  8376 I zygote  :   at java.lang.Class android.webkit.WebViewFactory.getWebViewProviderClass(java.lang.ClassLoader) (WebViewFactory.java:150)
10-14 22:13:44.107  8376  8376 I zygote  :   at java.lang.Class android.webkit.WebViewFactory.getProviderClass() (WebViewFactory.java:417)
10-14 22:13:44.107  8376  8376 I zygote  :   at android.webkit.WebViewFactoryProvider android.webkit.WebViewFactory.getProvider() (WebViewFactory.java:211)
10-14 22:13:44.107  8376  8376 I zygote  :   at android.webkit.WebViewFactoryProvider android.webkit.WebView.getFactory() (WebView.java:2467)
10-14 22:13:44.107  8376  8376 I zygote  :   at void android.webkit.WebView.ensureProviderCreated() (WebView.java:2462)
10-14 22:13:44.107  8376  8376 I zygote  :   at void android.webkit.WebView.setOverScrollMode(int) (WebView.java:2527)
10-14 22:13:44.107  8376  8376 I zygote  :   at void android.view.View.<init>(android.content.Context) (View.java:4545)
10-14 22:13:44.107  8376  8376 I zygote  :   at void android.view.View.<init>(android.content.Context, android.util.AttributeSet, int, int) (View.java:4684)
10-14 22:13:44.107  8376  8376 I zygote  :   at void android.view.ViewGroup.<init>(android.content.Context, android.util.AttributeSet, int, int) (ViewGroup.java:597)
10-14 22:13:44.107  8376  8376 I zygote  :   at void android.widget.AbsoluteLayout.<init>(android.content.Context, android.util.AttributeSet, int, int) (AbsoluteLayout.java:55)
10-14 22:13:44.107  8376  8376 I zygote  :   at void android.webkit.WebView.<init>(android.content.Context, android.util.AttributeSet, int, int, java.util.Map, boolean) (WebView.java:636)
10-14 22:13:44.107  8376  8376 I zygote  :   at void android.webkit.WebView.<init>(android.content.Context, android.util.AttributeSet, int, int) (WebView.java:581)
10-14 22:13:44.107  8376  8376 I zygote  :   at void android.webkit.WebView.<init>(android.content.Context, android.util.AttributeSet, int) (WebView.java:564)
10-14 22:13:44.107  8376  8376 I zygote  :   at void android.webkit.WebView.<init>(android.content.Context, android.util.AttributeSet) (WebView.java:551)
10-14 22:13:44.107  8376  8376 I zygote  :   at void android.webkit.WebView.<init>(android.content.Context) (WebView.java:541)
10-14 22:13:44.107  8376  8376 I zygote  :   at java.lang.String com.walmart.android.analytics.events.WalmartBulkParams.getUserAgentString(android.content.Context) (WalmartBulkParams.java:123)
10-14 22:13:44.107  8376  8376 I zygote  :   at java.util.Map com.walmart.android.analytics.events.WalmartBulkParams.getParams(com.walmart.android.app.WalmartApplication, com.walmart.android.analytics.events.WalmartBulkParams$AsyncParamsListener) (WalmartBulkParams.java:47)
10-14 22:13:44.107  8376  8376 I zygote  :   at void com.walmart.android.app.WalmartApplication.setWalmartBulkParams(com.walmartlabs.anivia.AniviaTracker) (WalmartApplication.java:216)
10-14 22:13:44.107  8376  8376 I zygote  :   at void com.walmart.android.app.WalmartApplication.setupAnivia() (WalmartApplication.java:421)
10-14 22:13:44.107  8376  8376 I zygote  :   at void com.walmart.android.app.WalmartApplication.onCreate() (WalmartApplication.java:168)
10-14 22:13:44.107  8376  8376 I zygote  :   at void android.app.Instrumentation.callApplicationOnCreate(android.app.Application) (Instrumentation.java:1140)
10-14 22:13:44.107  8376  8376 I zygote  :   at void android.app.ActivityThread.handleBindApplication(android.app.ActivityThread$AppBindData) (ActivityThread.java:5919)
10-14 22:13:44.107  8376  8376 I zygote  :   at void android.app.ActivityThread.-wrap1(android.app.ActivityThread, android.app.ActivityThread$AppBindData) (ActivityThread.java:-1)
10-14 22:13:44.107  8376  8376 I zygote  :   at void android.app.ActivityThread$H.handleMessage(android.os.Message) (ActivityThread.java:1734)
10-14 22:13:44.107  8376  8376 I zygote  :   at void android.os.Handler.dispatchMessage(android.os.Message) (Handler.java:105)
10-14 22:13:44.107  8376  8376 I zygote  :   at void android.os.Looper.loop() (Looper.java:164)
10-14 22:13:44.107  8376  8376 I zygote  :   at void android.app.ActivityThread.main(java.lang.String[]) (ActivityThread.java:6695)
10-14 22:13:44.107  8376  8376 I zygote  :   at java.lang.Object java.lang.reflect.Method.invoke(java.lang.Object, java.lang.Object[]) (Method.java:-2)
10-14 22:13:44.107  8376  8376 I zygote  :   at void com.android.internal.os.Zygote$MethodAndArgsCaller.run() (Zygote.java:240)
10-14 22:13:44.107  8376  8376 I zygote  :   at void com.android.internal.os.ZygoteInit.main(java.lang.String[]) (ZygoteInit.java:772)
10-14 22:13:44.107  8376  8376 I zygote  : 
10-14 22:13:44.111  8376  8376 I zygote  : Rejecting re-init on previously-failed class java.lang.Class<uJ>: java.lang.NoClassDefFoundError: Failed resolution of: Landroid/webkit/TracingController;
10-14 22:13:44.111  8376  8376 I zygote  :   at java.lang.Class java.lang.Class.classForName(java.lang.String, boolean, java.lang.ClassLoader) (Class.java:-2)
10-14 22:13:44.111  8376  8376 I zygote  :   at java.lang.Class java.lang.Class.forName(java.lang.String, boolean, java.lang.ClassLoader) (Class.java:453)
10-14 22:13:44.111  8376  8376 I zygote  :   at java.lang.Class android.webkit.WebViewFactory.getWebViewProviderClass(java.lang.ClassLoader) (WebViewFactory.java:150)
10-14 22:13:44.111  8376  8376 I zygote  :   at java.lang.Class android.webkit.WebViewFactory.getProviderClass() (WebViewFactory.java:417)
10-14 22:13:44.111  8376  8376 I zygote  :   at android.webkit.WebViewFactoryProvider android.webkit.WebViewFactory.getProvider() (WebViewFactory.java:211)
10-14 22:13:44.112  8376  8376 I zygote  :   at android.webkit.WebViewFactoryProvider android.webkit.WebView.getFactory() (WebView.java:2467)
10-14 22:13:44.112  8376  8376 I zygote  :   at void android.webkit.WebView.ensureProviderCreated() (WebView.java:2462)
10-14 22:13:44.112  8376  8376 I zygote  :   at void android.webkit.WebView.setOverScrollMode(int) (WebView.java:2527)
10-14 22:13:44.112  8376  8376 I zygote  :   at void android.view.View.<init>(android.content.Context) (View.java:4545)
10-14 22:13:44.112  8376  8376 I zygote  :   at void android.view.View.<init>(android.content.Context, android.util.AttributeSet, int, int) (View.java:4684)
10-14 22:13:44.112  8376  8376 I zygote  :   at void android.view.ViewGroup.<init>(android.content.Context, android.util.AttributeSet, int, int) (ViewGroup.java:597)
10-14 22:13:44.112  8376  8376 I zygote  :   at void android.widget.AbsoluteLayout.<init>(android.content.Context, android.util.AttributeSet, int, int) (AbsoluteLayout.java:55)
10-14 22:13:44.112  8376  8376 I zygote  :   at void android.webkit.WebView.<init>(android.content.Context, android.util.AttributeSet, int, int, java.util.Map, boolean) (WebView.java:636)
10-14 22:13:44.112  8376  8376 I zygote  :   at void android.webkit.WebView.<init>(android.content.Context, android.util.AttributeSet, int, int) (WebView.java:581)
10-14 22:13:44.112  8376  8376 I zygote  :   at void android.webkit.WebView.<init>(android.content.Context, android.util.AttributeSet, int) (WebView.java:564)
10-14 22:13:44.112  8376  8376 I zygote  :   at void android.webkit.WebView.<init>(android.content.Context, android.util.AttributeSet) (WebView.java:551)
10-14 22:13:44.112  8376  8376 I zygote  :   at void android.webkit.WebView.<init>(android.content.Context) (WebView.java:541)
10-14 22:13:44.112  8376  8376 I zygote  :   at java.lang.String com.walmart.android.analytics.events.WalmartBulkParams.getUserAgentString(android.content.Context) (WalmartBulkParams.java:123)
10-14 22:13:44.112  8376  8376 I zygote  :   at java.util.Map com.walmart.android.analytics.events.WalmartBulkParams.getParams(com.walmart.android.app.WalmartApplication, com.walmart.android.analytics.events.WalmartBulkParams$AsyncParamsListener) (WalmartBulkParams.java:47)
10-14 22:13:44.112  8376  8376 I zygote  :   at void com.walmart.android.app.WalmartApplication.setWalmartBulkParams(com.walmartlabs.anivia.AniviaTracker) (WalmartApplication.java:216)
10-14 22:13:44.112  8376  8376 I zygote  :   at void com.walmart.android.app.WalmartApplication.setupAnivia() (WalmartApplication.java:421)
10-14 22:13:44.112  8376  8376 I zygote  :   at void com.walmart.android.app.WalmartApplication.onCreate() (WalmartApplication.java:168)
10-14 22:13:44.112  8376  8376 I zygote  :   at void android.app.Instrumentation.callApplicationOnCreate(android.app.Application) (Instrumentation.java:1140)
10-14 22:13:44.112  8376  8376 I zygote  :   at void android.app.ActivityThread.handleBindApplication(android.app.ActivityThread$AppBindData) (ActivityThread.java:5919)
10-14 22:13:44.112  8376  8376 I zygote  :   at void android.app.ActivityThread.-wrap1(android.app.ActivityThread, android.app.ActivityThread$AppBindData) (ActivityThread.java:-1)
10-14 22:13:44.112  8376  8376 I zygote  :   at void android.app.ActivityThread$H.handleMessage(android.os.Message) (ActivityThread.java:1734)
10-14 22:13:44.112  8376  8376 I zygote  :   at void android.os.Handler.dispatchMessage(android.os.Message) (Handler.java:105)
10-14 22:13:44.112  8376  8376 I zygote  :   at void android.os.Looper.loop() (Looper.java:164)
10-14 22:13:44.112  8376  8376 I zygote  :   at void android.app.ActivityThread.main(java.lang.String[]) (ActivityThread.java:6695)
10-14 22:13:44.112  8376  8376 I zygote  :   at java.lang.Object java.lang.reflect.Method.invoke(java.lang.Object, java.lang.Object[]) (Method.java:-2)
10-14 22:13:44.112  8376  8376 I zygote  :   at void com.android.internal.os.Zygote$MethodAndArgsCaller.run() (Zygote.java:240)
10-14 22:13:44.112  8376  8376 I zygote  :   at void com.android.internal.os.ZygoteInit.main(java.lang.String[]) (ZygoteInit.java:772)
10-14 22:13:44.112  8376  8376 I zygote  : Caused by: java.lang.ClassNotFoundException: Didn't find class "android.webkit.TracingController" on path: DexPathList[[zip file "/data/app/com.android.chrome-Acx0ioFj2gFRPMxKS2S40w==/base.apk"],nativeLibraryDirectories=[/data/app/com.android.chrome-Acx0ioFj2gFRPMxKS2S40w==/lib/arm, /data/app/com.android.chrome-Acx0ioFj2gFRPMxKS2S40w==/base.apk!/lib/armeabi-v7a, /system/lib, /vendor/lib]]
10-14 22:13:44.112  8376  8376 I zygote  :   at java.lang.Class dalvik.system.BaseDexClassLoader.findClass(java.lang.String) (BaseDexClassLoader.java:93)
10-14 22:13:44.112  8376  8376 I zygote  :   at java.lang.Class java.lang.ClassLoader.loadClass(java.lang.String, boolean) (ClassLoader.java:379)
10-14 22:13:44.112  8376  8376 I zygote  :   at java.lang.Class java.lang.ClassLoader.loadClass(java.lang.String) (ClassLoader.java:312)
10-14 22:13:44.112  8376  8376 I zygote  :   at java.lang.Class java.lang.Class.classForName(java.lang.String, boolean, java.lang.ClassLoader) (Class.java:-2)
10-14 22:13:44.112  8376  8376 I zygote  :   at java.lang.Class java.lang.Class.forName(java.lang.String, boolean, java.lang.ClassLoader) (Class.java:453)
10-14 22:13:44.112  8376  8376 I zygote  :   at java.lang.Class android.webkit.WebViewFactory.getWebViewProviderClass(java.lang.ClassLoader) (WebViewFactory.java:150)
10-14 22:13:44.112  8376  8376 I zygote  :   at java.lang.Class android.webkit.WebViewFactory.getProviderClass() (WebViewFactory.java:417)
10-14 22:13:44.112  8376  8376 I zygote  :   at android.webkit.WebViewFactoryProvider android.webkit.WebViewFactory.getProvider() (WebViewFactory.java:211)
10-14 22:13:44.112  8376  8376 I zygote  :   at android.webkit.WebViewFactoryProvider android.webkit.WebView.getFactory() (WebView.java:2467)
10-14 22:13:44.112  8376  8376 I zygote  :   at void android.webkit.WebView.ensureProviderCreated() (WebView.java:2462)
10-14 22:13:44.112  8376  8376 I zygote  :   at void android.webkit.WebView.setOverScrollMode(int) (WebView.java:2527)
10-14 22:13:44.112  8376  8376 I zygote  :   at void android.view.View.<init>(android.content.Context) (View.java:4545)
10-14 22:13:44.112  8376  8376 I zygote  :   at void android.view.View.<init>(android.content.Context, android.util.AttributeSet, int, int) (View.java:4684)
10-14 22:13:44.112  8376  8376 I zygote  :   at void android.view.ViewGroup.<init>(android.content.Context, android.util.AttributeSet, int, int) (ViewGroup.java:597)
10-14 22:13:44.112  8376  8376 I zygote  :   at void android.widget.AbsoluteLayout.<init>(android.content.Context, android.util.AttributeSet, int, int) (AbsoluteLayout.java:55)
10-14 22:13:44.112  8376  8376 I zygote  :   at void android.webkit.WebView.<init>(android.content.Context, android.util.AttributeSet, int, int, java.util.Map, boolean) (WebView.java:636)
10-14 22:13:44.112  8376  8376 I zygote  :   at void android.webkit.WebView.<init>(android.content.Context, android.util.AttributeSet, int, int) (WebView.java:581)
10-14 22:13:44.112  8376  8376 I zygote  :   at void android.webkit.WebView.<init>(android.content.Context, android.util.AttributeSet, int) (WebView.java:564)
10-14 22:13:44.112  8376  8376 I zygote  :   at void android.webkit.WebView.<init>(android.content.Context, android.util.AttributeSet) (WebView.java:551)
10-14 22:13:44.112  8376  8376 I zygote  :   at void android.webkit.WebView.<init>(android.content.Context) (WebView.java:541)
10-14 22:13:44.112  8376  8376 I zygote  :   at java.lang.String com.walmart.android.analytics.events.WalmartBulkParams.getUserAgentString(android.content.Context) (WalmartBulkParams.java:123)
10-14 22:13:44.112  8376  8376 I zygote  :   at java.util.Map com.walmart.android.analytics.events.WalmartBulkParams.getParams(com.walmart.android.app.WalmartApplication, com.walmart.android.analytics.events.WalmartBulkParams$AsyncParamsListener) (WalmartBulkParams.java:47)
10-14 22:13:44.112  8376  8376 I zygote  :   at void com.walmart.android.app.WalmartApplication.setWalmartBulkParams(com.walmartlabs.anivia.AniviaTracker) (WalmartApplication.java:216)
10-14 22:13:44.112  8376  8376 I zygote  :   at void com.walmart.android.app.WalmartApplication.setupAnivia() (WalmartApplication.java:421)
10-14 22:13:44.112  8376  8376 I zygote  :   at void com.walmart.android.app.WalmartApplication.onCreate() (WalmartApplication.java:168)
10-14 22:13:44.112  8376  8376 I zygote  :   at void android.app.Instrumentation.callApplicationOnCreate(android.app.Application) (Instrumentation.java:1140)
10-14 22:13:44.112  8376  8376 I zygote  :   at void android.app.ActivityThread.handleBindApplication(android.app.ActivityThread$AppBindData) (ActivityThread.java:5919)
10-14 22:13:44.112  8376  8376 I zygote  :   at void android.app.ActivityThread.-wrap1(android.app.ActivityThread, android.app.ActivityThread$AppBindData) (ActivityThread.java:-1)
10-14 22:13:44.112  8376  8376 I zygote  :   at void android.app.ActivityThread$H.handleMessage(android.os.Message) (ActivityThread.java:1734)
10-14 22:13:44.112  8376  8376 I zygote  :   at void android.os.Handler.dispatchMessage(android.os.Message) (Handler.java:105)
10-14 22:13:44.112  8376  8376 I zygote  :   at void android.os.Looper.loop() (Looper.java:164)
10-14 22:13:44.112  8376  8376 I zygote  :   at void android.app.ActivityThread.main(java.lang.String[]) (ActivityThread.java:6695)
10-14 22:13:44.112  8376  8376 I zygote  :   at java.lang.Object java.lang.reflect.Method.invoke(java.lang.Object, java.lang.Object[]) (Method.java:-2)
10-14 22:13:44.112  8376  8376 I zygote  :   at void com.android.internal.os.Zygote$MethodAndArgsCaller.run() (Zygote.java:240)
10-14 22:13:44.112  8376  8376 I zygote  :   at void com.android.internal.os.ZygoteInit.main(java.lang.String[]) (ZygoteInit.java:772)
10-14 22:13:44.112  8376  8376 I zygote  : 
10-14 22:13:44.115  6988  7413 I cr_BindingManager: Release moderate connections: 1
10-14 22:13:44.137  8376  8376 I cr_LibraryLoader: Time to load native libraries: 6 ms (timestamps 5422-5428)
10-14 22:13:44.170  8376  8376 I chromium: [INFO:library_loader_hooks.cc(36)] Chromium logging enabled: level = 0, default verbosity = 0
10-14 22:13:44.171  8376  8376 I cr_LibraryLoader: Expected native library version number "69.0.3497.100", actual native library version number "69.0.3497.100"
10-14 22:13:44.189  8376  8449 W cr_ChildProcLH: Create a new ChildConnectionAllocator with package name = com.android.chrome, sandboxed = true
10-14 22:13:44.208  1471  2367 I ActivityManager: Start proc 8450:com.android.chrome:sandboxed_process0/u0i284 for webview_service com.walmart.android/org.chromium.content.app.SandboxedProcessService0
10-14 22:13:44.209  8450  8450 E /system/bin/webview_zygote32: failed to make and chown /acct/uid_99284: Permission denied
10-14 22:13:44.209  8450  8450 E Zygote  : createProcessGroup(99284, 0) failed: Permission denied
10-14 22:13:44.219  8376  8376 I cr_BrowserStartup: Initializing chromium process, singleProcess=false
10-14 22:13:44.242  1471  2389 W ActivityManager:   Force finishing activity com.crazyj36.apiplaygroundsdk9/.MainActivity
10-14 22:13:44.243  1471  2389 I ActivityManager: Killing 8413:com.crazyj36.apiplaygroundsdk9/u0a220 (adj 900): crash
10-14 22:13:44.253  8450  8450 I SamplingProfilerIntegration: Profiling disabled.
10-14 22:13:44.274  1471  6401 D OpenGLRenderer: endAllActiveAnimators on 0x8ae35280 (RippleDrawable) with handle 0x88fbe120
10-14 22:13:44.299  8376  8376 W walmart.android: type=1400 audit(0.0:8806): avc: denied { read } for uid=10161 name="vmstat" dev="proc" ino=4026532378 scontext=u:r:untrusted_app:s0:c512,c768 tcontext=u:object_r:proc:s0 tclass=file permissive=0
10-14 22:13:44.299  8376  8376 I chromium: [INFO:aw_field_trial_creator.cc(54)] First-WebView-Experiment not found
10-14 22:13:44.430  8479  8479 E asset   : setgid: Operation not permitted
10-14 22:13:44.431 26402 26675 W OpenGLRenderer: Incorrectly called buildLayer on View: ShortcutAndWidgetContainer, destroying layer...
10-14 22:13:44.450  1471  1834 W AppOps  : Finishing op nesting under-run: uid 1000 pkg android code 24 time=0 duration=0 nesting=0
10-14 22:13:44.735 20763 20945 E memtrack: Couldn't load memtrack module
10-14 22:13:44.735 20763 20945 W android.os.Debug: failed to get memory consumption info: -1
10-14 22:13:44.883  8450  8450 I cr_ChildProcessService: Creating new ChildProcessService pid=8450
10-14 22:13:45.119 28171 28196 V CSEvent : CSEvent::SetError[0]
10-14 22:13:45.539 28171 28196 D ConnectivityManager: getMobileDataEnabled()+ subId=1
10-14 22:13:45.540 28171 28196 D ConnectivityManager: getMobileDataEnabled()- subId=1 retVal=true
10-14 22:13:45.541 28171 28196 D ConnectivityManager: getMobileDataEnabled()+ subId=1
10-14 22:13:45.542 28171 28196 D ConnectivityManager: getMobileDataEnabled()- subId=1 retVal=true
10-14 22:13:45.607  1471  9876 W ActivityManager: Background start not allowed: service Intent { act=RUN_JOB cmp=com.walmart.android/com.urbanairship.AirshipService (has extras) } to com.walmart.android/com.urbanairship.AirshipService from pid=8376 uid=10161 pkg=com.walmart.android
10-14 22:13:45.618  8376  8485 D Walmart Channel ID: 7e70344e-bdff-4274-844e-a55c8ee3d550
10-14 22:13:45.626  1471  9876 I chatty  : uid=1000(system) Binder:1471_1D identical 1 line
10-14 22:13:45.638  1471  9876 W ActivityManager: Background start not allowed: service Intent { act=RUN_JOB cmp=com.walmart.android/com.urbanairship.AirshipService (has extras) } to com.walmart.android/com.urbanairship.AirshipService from pid=8376 uid=10161 pkg=com.walmart.android
10-14 22:13:45.649  1471  5835 W ActivityManager: Background start not allowed: service Intent { act=RUN_JOB cmp=com.walmart.android/com.urbanairship.AirshipService (has extras) } to com.walmart.android/com.urbanairship.AirshipService from pid=8376 uid=10161 pkg=com.walmart.android
10-14 22:13:45.662  1471  5835 W ActivityManager: Background start not allowed: service Intent { act=RUN_JOB cmp=com.walmart.android/com.urbanairship.AirshipService (has extras) } to com.walmart.android/com.urbanairship.AirshipService from pid=8376 uid=10161 pkg=com.walmart.android
