10-14 22:13:45.670  1471  9876 W ActivityManager: Background start not allowed: service Intent { act=RUN_JOB cmp=com.walmart.android/com.urbanairship.AirshipService (has extras) } to com.walmart.android/com.urbanairship.AirshipService from pid=8376 uid=10161 pkg=com.walmart.android
10-14 22:13:45.711  8376  8376 E mParticle: Failed to get MParticle instance, getInstance() called prior to start().
10-14 22:13:45.780  8376  8376 W ResourceType: No package identifier when getting value for resource number 0x00000000
10-14 22:13:45.851  1471  1490 I zygote  : Background concurrent copying GC freed 72204(3MB) AllocSpace objects, 4(80KB) LOS objects, 42% free, 24MB/42MB, paused 622us total 298.383ms
10-14 22:13:45.882  2289  8360 E NetworkScheduler: Invalid component specified.
10-14 22:13:45.904  2289  8360 I chatty  : uid=10047(u0_a47) lowpool[1183] identical 2 lines
10-14 22:13:45.925  2289  8360 E NetworkScheduler: Invalid component specified.
10-14 22:13:45.931  8376  8376 D AppsFlyer_4.8.7: Initializing AppsFlyer SDK: (v4.8.7.364)
10-14 22:13:45.934  2289  8360 E NetworkScheduler: Invalid component specified.
10-14 22:13:45.938  2289  8360 E NetworkScheduler: Invalid component specified.
10-14 22:13:45.988  8376  8376 D ButtonKit: Received install referrer: utm_source=google-play&utm_medium=organic
10-14 22:13:45.993  1471  4487 I ActivityManager: Killing 7795:com.android.defcontainer/u0a37 (adj 906): empty #13
10-14 22:13:46.000   837   929 I ThermalEngine: Thermal-Server: Thermal received msg from  override
10-14 22:13:46.000   528  8516 I Thermal-Lib: Thermal-Lib-Client: Client request sent
10-14 22:13:46.050  8376  8376 W ResourceType: No package identifier when getting value for resource number 0x00000000
10-14 22:13:46.057  8376  8376 W ResourceType: No package identifier when getting value for resource number 0x00000000
10-14 22:13:46.403  8376  8518 E Volley  : [10504] BasicNetwork.performRequest: Unexpected response code 429 for https://api.radar.io/v1/users/5a8f57765bd51a002181e7d8
10-14 22:13:46.702  8376  8376 W ResourceType: No package identifier when getting value for resource number 0x00000000
10-14 22:13:46.759  1471  9876 I ActivityManager: START u0 {act=android.intent.action.MAIN cat=[android.intent.category.LAUNCHER] flg=0x10200000 cmp=com.crazyj36.apiplaygroundsdk9/.MainActivity bnds=[429,151][567,338]} from uid 10057
10-14 22:13:46.761   837   929 I ThermalEngine: Thermal-Server: Thermal received msg from  override
10-14 22:13:46.762   528  8534 I Thermal-Lib: Thermal-Lib-Client: Client request sent
10-14 22:13:46.792  1471  9876 I ActivityManager: Start proc 8535:com.crazyj36.apiplaygroundsdk9/u0a220 for activity com.crazyj36.apiplaygroundsdk9/.MainActivity
10-14 22:13:46.915  8535  8535 D AndroidRuntime: Shutting down VM
10-14 22:13:46.915  8535  8535 E AndroidRuntime: FATAL EXCEPTION: main
10-14 22:13:46.915  8535  8535 E AndroidRuntime: Process: com.crazyj36.apiplaygroundsdk9, PID: 8535
10-14 22:13:46.915  8535  8535 E AndroidRuntime: java.lang.NoClassDefFoundError: Failed resolution of: Landroid/support/v4/app/ActivityCompat;
10-14 22:13:46.915  8535  8535 E AndroidRuntime: 	at com.crazyj36.apiplaygroundsdk9.MainActivity.onCreate(MainActivity.java:44)
10-14 22:13:46.915  8535  8535 E AndroidRuntime: 	at android.app.Activity.performCreate(Activity.java:6989)
10-14 22:13:46.915  8535  8535 E AndroidRuntime: 	at android.app.Instrumentation.callActivityOnCreate(Instrumentation.java:1235)
10-14 22:13:46.915  8535  8535 E AndroidRuntime: 	at android.app.ActivityThread.performLaunchActivity(ActivityThread.java:2848)
10-14 22:13:46.915  8535  8535 E AndroidRuntime: 	at android.app.ActivityThread.handleLaunchActivity(ActivityThread.java:2974)
10-14 22:13:46.915  8535  8535 E AndroidRuntime: 	at android.app.ActivityThread.-wrap11(Unknown Source:0)
10-14 22:13:46.915  8535  8535 E AndroidRuntime: 	at android.app.ActivityThread$H.handleMessage(ActivityThread.java:1666)
10-14 22:13:46.915  8535  8535 E AndroidRuntime: 	at android.os.Handler.dispatchMessage(Handler.java:105)
10-14 22:13:46.915  8535  8535 E AndroidRuntime: 	at android.os.Looper.loop(Looper.java:164)
10-14 22:13:46.915  8535  8535 E AndroidRuntime: 	at android.app.ActivityThread.main(ActivityThread.java:6695)
10-14 22:13:46.915  8535  8535 E AndroidRuntime: 	at java.lang.reflect.Method.invoke(Native Method)
10-14 22:13:46.915  8535  8535 E AndroidRuntime: 	at com.android.internal.os.Zygote$MethodAndArgsCaller.run(Zygote.java:240)
10-14 22:13:46.915  8535  8535 E AndroidRuntime: 	at com.android.internal.os.ZygoteInit.main(ZygoteInit.java:772)
10-14 22:13:46.915  8535  8535 E AndroidRuntime: Caused by: java.lang.ClassNotFoundException: Didn't find class "android.support.v4.app.ActivityCompat" on path: DexPathList[[zip file "/data/app/com.crazyj36.apiplaygroundsdk9-yXjNVsiuJBhIY72LVHkhiA==/base.apk"],nativeLibraryDirectories=[/data/app/com.crazyj36.apiplaygroundsdk9-yXjNVsiuJBhIY72LVHkhiA==/lib/arm, /system/lib, /vendor/lib]]
10-14 22:13:46.915  8535  8535 E AndroidRuntime: 	at dalvik.system.BaseDexClassLoader.findClass(BaseDexClassLoader.java:93)
10-14 22:13:46.915  8535  8535 E AndroidRuntime: 	at java.lang.ClassLoader.loadClass(ClassLoader.java:379)
10-14 22:13:46.915  8535  8535 E AndroidRuntime: 	at java.lang.ClassLoader.loadClass(ClassLoader.java:312)
10-14 22:13:46.915  8535  8535 E AndroidRuntime: 	... 13 more
10-14 22:13:46.918  1471  9876 W ActivityManager:   Force finishing activity com.crazyj36.apiplaygroundsdk9/.MainActivity
10-14 22:13:46.928  1471  1529 I ActivityManager: Showing crash dialog for package com.crazyj36.apiplaygroundsdk9 u0
10-14 22:13:46.981  1471  6401 I OpenGLRenderer: Initialized EGL, version 1.4
10-14 22:13:46.981  1471  6401 D OpenGLRenderer: Swap behavior 2
10-14 22:13:46.991  1471  6401 W Adreno-EGL: <qeglDrvAPI_eglGetConfigAttrib:612>: EGL_BAD_ATTRIBUTE
10-14 22:13:46.992  1471  1471 W RenderThread: type=1400 audit(0.0:8807): avc: denied { dac_read_search } for uid=1000 capability=2 scontext=u:r:system_server:s0 tcontext=u:r:system_server:s0 tclass=capability permissive=0
10-14 22:13:47.136  2864  2884 I zygote  : Background concurrent copying GC freed 268999(10MB) AllocSpace objects, 26(712KB) LOS objects, 49% free, 11MB/23MB, paused 392us total 166.683ms
10-14 22:13:47.422  1471  1528 W ActivityManager: Activity pause timeout for ActivityRecord{7a84a8f u0 com.crazyj36.apiplaygroundsdk9/.MainActivity t342 f}
10-14 22:13:47.429  1471  1528 I ActivityManager: moveHomeStack, setupComplete:true
10-14 22:13:47.446   561   561 I SFPerfTracer:      triggers: (rate: 353:69936) (compose: 0:1559) (post: 0:3478) (render: 0:6353) (11:681475 frames) (12:813808)
10-14 22:13:47.446   561   561 D SFPerfTracer:        layers: (6:15) (StatusBar#0 (0xb163e000): 0:130414) (com.android.systemui.ImageWallpaper#0 (0xb159c000): 1:1434)* (DimLayerController/Stack=0#0 (0xb15f8000): 0:5168) (animation background stackId=1#0 (0xb15b2000): 0:572)* (Sprite#0 (0xb15e3000): 0:19)* (animation background stackId=0#0 (0xb15af000): 0:3)* (NavigationBar#0 (0xb15b4000): 0:1092) (#0 (0xb15c1000): 0:3) (#1 (0xb15da000): 0:3) (com.motorola.launcher3/com.android.launcher3.CustomizationPanelLauncher#0 (0xb1628000): 0:14)* (com.motorola.launcher3/com.android.launcher3.CustomizationPanelLauncher#1 (0xb1638000): 0:64)* (Splash Screen com.crazyj36.apiplaygroundsdk9#0 (0xb15d2000): 0:23)- (Application Error: com.crazyj36.apiplaygroundsdk9#0 (0xb15eb000): 0:25)- (Splash Screen com.crazyj36.apiplaygroundsdk9#0 (0xb15d2000): 0:25)* (Application Error: com.crazyj36.apiplaygroundsdk9#0 (0xb15eb000): 0:13) 
10-14 22:13:47.474 13891 14383 W Adreno-EGL: <qeglDrvAPI_eglGetConfigAttrib:612>: EGL_BAD_ATTRIBUTE
10-14 22:13:47.494 26402 26675 W Adreno-EGL: <qeglDrvAPI_eglGetConfigAttrib:612>: EGL_BAD_ATTRIBUTE
10-14 22:13:47.709  1471  1528 I ActivityManager: Killing 7809:com.android.sdm.plugins.sprintdm/1001 (adj 904): empty #13
10-14 22:13:48.040 26402 26675 W OpenGLRenderer: Incorrectly called buildLayer on View: ShortcutAndWidgetContainer, destroying layer...
10-14 22:13:48.364  1471  9876 W ActivityManager:   Force finishing activity com.crazyj36.apiplaygroundsdk9/.MainActivity
10-14 22:13:48.365  1471  9876 I ActivityManager: Killing 8535:com.crazyj36.apiplaygroundsdk9/u0a220 (adj 900): crash
10-14 22:13:48.561  1471  1834 W AppOps  : Finishing op nesting under-run: uid 1000 pkg android code 24 time=0 duration=0 nesting=0
10-14 22:13:48.590 28171 28196 D ConnectivityManager: getMobileDataEnabled()+ subId=1
10-14 22:13:48.591 28171 28196 D ConnectivityManager: getMobileDataEnabled()- subId=1 retVal=true
10-14 22:13:48.593 28171 28196 D ConnectivityManager: getMobileDataEnabled()+ subId=1
10-14 22:13:48.594 28171 28196 D ConnectivityManager: getMobileDataEnabled()- subId=1 retVal=true
10-14 22:13:48.962  1471  6294 I ActivityManager: START u0 {act=android.intent.action.MAIN cat=[android.intent.category.LAUNCHER] flg=0x10200000 cmp=com.crazyj36.apiplaygroundsdk9/.MainActivity bnds=[429,151][567,338]} from uid 10057
10-14 22:13:48.991  1471  9876 I ActivityManager: Start proc 8557:com.crazyj36.apiplaygroundsdk9/u0a220 for activity com.crazyj36.apiplaygroundsdk9/.MainActivity
10-14 22:13:49.105  8557  8557 D AndroidRuntime: Shutting down VM
10-14 22:13:49.106  8557  8557 E AndroidRuntime: FATAL EXCEPTION: main
10-14 22:13:49.106  8557  8557 E AndroidRuntime: Process: com.crazyj36.apiplaygroundsdk9, PID: 8557
10-14 22:13:49.106  8557  8557 E AndroidRuntime: java.lang.NoClassDefFoundError: Failed resolution of: Landroid/support/v4/app/ActivityCompat;
10-14 22:13:49.106  8557  8557 E AndroidRuntime: 	at com.crazyj36.apiplaygroundsdk9.MainActivity.onCreate(MainActivity.java:44)
10-14 22:13:49.106  8557  8557 E AndroidRuntime: 	at android.app.Activity.performCreate(Activity.java:6989)
10-14 22:13:49.106  8557  8557 E AndroidRuntime: 	at android.app.Instrumentation.callActivityOnCreate(Instrumentation.java:1235)
10-14 22:13:49.106  8557  8557 E AndroidRuntime: 	at android.app.ActivityThread.performLaunchActivity(ActivityThread.java:2848)
10-14 22:13:49.106  8557  8557 E AndroidRuntime: 	at android.app.ActivityThread.handleLaunchActivity(ActivityThread.java:2974)
10-14 22:13:49.106  8557  8557 E AndroidRuntime: 	at android.app.ActivityThread.-wrap11(Unknown Source:0)
10-14 22:13:49.106  8557  8557 E AndroidRuntime: 	at android.app.ActivityThread$H.handleMessage(ActivityThread.java:1666)
10-14 22:13:49.106  8557  8557 E AndroidRuntime: 	at android.os.Handler.dispatchMessage(Handler.java:105)
10-14 22:13:49.106  8557  8557 E AndroidRuntime: 	at android.os.Looper.loop(Looper.java:164)
10-14 22:13:49.106  8557  8557 E AndroidRuntime: 	at android.app.ActivityThread.main(ActivityThread.java:6695)
10-14 22:13:49.106  8557  8557 E AndroidRuntime: 	at java.lang.reflect.Method.invoke(Native Method)
10-14 22:13:49.106  8557  8557 E AndroidRuntime: 	at com.android.internal.os.Zygote$MethodAndArgsCaller.run(Zygote.java:240)
10-14 22:13:49.106  8557  8557 E AndroidRuntime: 	at com.android.internal.os.ZygoteInit.main(ZygoteInit.java:772)
10-14 22:13:49.106  8557  8557 E AndroidRuntime: Caused by: java.lang.ClassNotFoundException: Didn't find class "android.support.v4.app.ActivityCompat" on path: DexPathList[[zip file "/data/app/com.crazyj36.apiplaygroundsdk9-yXjNVsiuJBhIY72LVHkhiA==/base.apk"],nativeLibraryDirectories=[/data/app/com.crazyj36.apiplaygroundsdk9-yXjNVsiuJBhIY72LVHkhiA==/lib/arm, /system/lib, /vendor/lib]]
10-14 22:13:49.106  8557  8557 E AndroidRuntime: 	at dalvik.system.BaseDexClassLoader.findClass(BaseDexClassLoader.java:93)
10-14 22:13:49.106  8557  8557 E AndroidRuntime: 	at java.lang.ClassLoader.loadClass(ClassLoader.java:379)
10-14 22:13:49.106  8557  8557 E AndroidRuntime: 	at java.lang.ClassLoader.loadClass(ClassLoader.java:312)
10-14 22:13:49.106  8557  8557 E AndroidRuntime: 	... 13 more
10-14 22:13:49.110  1471  4487 W ActivityManager:   Force finishing activity com.crazyj36.apiplaygroundsdk9/.MainActivity
10-14 22:13:49.119  1471  1529 I ActivityManager: Showing crash dialog for package com.crazyj36.apiplaygroundsdk9 u0
10-14 22:13:49.154  1471  6401 I OpenGLRenderer: Initialized EGL, version 1.4
10-14 22:13:49.154  1471  6401 D OpenGLRenderer: Swap behavior 2
10-14 22:13:49.158  1471  6401 W Adreno-EGL: <qeglDrvAPI_eglGetConfigAttrib:612>: EGL_BAD_ATTRIBUTE
10-14 22:13:49.159  1471  1471 W RenderThread: type=1400 audit(0.0:8808): avc: denied { dac_read_search } for uid=1000 capability=2 scontext=u:r:system_server:s0 tcontext=u:r:system_server:s0 tclass=capability permissive=0
10-14 22:13:49.616  1471  1528 W ActivityManager: Activity pause timeout for ActivityRecord{79af755 u0 com.crazyj36.apiplaygroundsdk9/.MainActivity t343 f}
10-14 22:13:49.634  1471  1528 I ActivityManager: moveHomeStack, setupComplete:true
10-14 22:13:49.679 13891 14383 W Adreno-EGL: <qeglDrvAPI_eglGetConfigAttrib:612>: EGL_BAD_ATTRIBUTE
10-14 22:13:49.693   561   726 I SFPerfTracer:      triggers: (rate: 0:0) (1503916 sw vsyncs) (0 skipped) (41:1302778 vsyncs) (43:2986327)
10-14 22:13:49.696 26402 26675 W Adreno-EGL: <qeglDrvAPI_eglGetConfigAttrib:612>: EGL_BAD_ATTRIBUTE
10-14 22:13:49.954  1471  4487 W ActivityManager:   Force finishing activity com.crazyj36.apiplaygroundsdk9/.MainActivity
10-14 22:13:49.956  1471  4487 I ActivityManager: Killing 8557:com.crazyj36.apiplaygroundsdk9/u0a220 (adj 900): crash
10-14 22:13:50.132  1471  1834 W AppOps  : Finishing op nesting under-run: uid 1000 pkg android code 24 time=0 duration=0 nesting=0
10-14 22:13:50.134   561   561 I SFPerfTracer:      triggers: (rate: 353:69938) (compose: 0:1559) (post: 0:3478) (render: 0:6353) (24:681576 frames) (25:813931)
10-14 22:13:50.134   561   561 D SFPerfTracer:        layers: (8:14) (StatusBar#0 (0xb163e000): 2:130420) (com.android.systemui.ImageWallpaper#0 (0xb159c000): 1:1437) (DimLayerController/Stack=0#0 (0xb15f8000): 7:5197) (animation background stackId=1#0 (0xb15b2000): 0:572)* (Sprite#0 (0xb15e3000): 0:19)* (animation background stackId=0#0 (0xb15af000): 0:3)* (NavigationBar#0 (0xb15b4000): 0:1092) (#0 (0xb15c1000): 0:3) (#1 (0xb15da000): 0:3) (com.motorola.launcher3/com.android.launcher3.CustomizationPanelLauncher#0 (0xb1628000): 2:23)* (com.motorola.launcher3/com.android.launcher3.CustomizationPanelLauncher#1 (0xb1638000): 3:78) (Application Error: com.crazyj36.apiplaygroundsdk9#0 (0xb15eb000): 0:25)- (Splash Screen com.crazyj36.apiplaygroundsdk9#0 (0xb15d2000): 0:25)- (Application Error: com.crazyj36.apiplaygroundsdk9#0 (0xb15eb000): 10:23) 
10-14 22:13:50.246 26402 26675 W OpenGLRenderer: Incorrectly called buildLayer on View: ShortcutAndWidgetContainer, destroying layer...
10-14 22:13:50.474  1471  5835 I ActivityManager: START u0 {flg=0x10804000 cmp=com.android.systemui/.recents.RecentsActivity} from uid 10083
10-14 22:13:50.531  2133  2258 W Adreno-EGL: <qeglDrvAPI_eglGetConfigAttrib:612>: EGL_BAD_ATTRIBUTE
10-14 22:13:50.553  1471  1643 I LaunchCheckinHandler: Displayed com.android.systemui/.recents.RecentsActivity,wp,wa,79
10-14 22:13:50.555 26332 26332 I HK/LatinKbdBaseView: closing org.pocketworkstation.pckeyboard.LatinKeyboardView{459fca2 V.ED..... ......ID 0,0-720,355 #7f07000a app:id/LatinkeyboardBaseView}
10-14 22:13:50.609 13891  7757 I PBSessionCacheImpl: Deleted sessionId[3382650056115] from persistence.
10-14 22:13:50.621 13891 13891 W SearchServiceCore: Abort, client detached.
10-14 22:13:50.623 13891 13891 I StreamController: cleanUpControllerScope(nowcards-9f49d64-b675)
10-14 22:13:50.631 13891 13891 I WorkerManager: dispose()
10-14 22:13:50.644 13891  8062 I WorkController: WorkProxy is not enqueued because WorkController is disposed: WorkProxy{Name=context::h, WorkerId=context, id=88932a5}
10-14 22:13:50.644 13891  8062 I WorkController: WorkProxy is not enqueued because WorkController is disposed: WorkProxy{Name=context::j, WorkerId=context, id=77067a}
10-14 22:13:50.644 13891  8062 I WorkController: WorkProxy is not enqueued because WorkController is disposed: WorkProxy{Name=context::k, WorkerId=context, id=3031e2b}
10-14 22:13:50.644 13891  8062 I WorkController: WorkProxy is not enqueued because WorkController is disposed: WorkProxy{Name=context::i, WorkerId=context, id=bc72288}
10-14 22:13:50.644 13891  8062 I WorkController: WorkProxy is not enqueued because WorkController is disposed: WorkProxy{Name=context::m, WorkerId=context, id=d7f5421}
10-14 22:13:50.772  2289  6060 I Places  : ?: PlacesBleScanner stop()
10-14 22:13:50.776  2289  2289 I BeaconBle: ZERO_POWER is disabled.
10-14 22:13:50.776  2289  2289 I BeaconBle: 'L' hardware scan: scan stopped, no powered clients
10-14 22:13:50.776  2289  2289 I BeaconBle: Places requested to stop scan
10-14 22:13:50.777  2289  2289 I BeaconBle: Scan canceled successfully.
10-14 22:13:50.780  2289  6060 I PlaceInferenceEngine: [anon] Changed inference mode: 0
10-14 22:13:51.546   515   515 D QTI PowerHAL: JDG: 62
10-14 22:13:51.602 28171 28196 D ConnectivityManager: getMobileDataEnabled()+ subId=1
10-14 22:13:51.603 28171 28196 D ConnectivityManager: getMobileDataEnabled()- subId=1 retVal=true
10-14 22:13:51.606 28171 28196 D ConnectivityManager: getMobileDataEnabled()+ subId=1
10-14 22:13:51.607 28171 28196 D ConnectivityManager: getMobileDataEnabled()- subId=1 retVal=true
10-14 22:13:51.881   515   515 D QTI PowerHAL: JDG: 1416
10-14 22:13:52.175  1471  2961 I ActivityManager: Killing 7984:com.motorola.invisiblenet/u0a56 (adj 906): empty #13
10-14 22:13:52.178  1471  2961 I ActivityManager: Killing 8085:com.android.settings/1000 (adj 900): remove task
10-14 22:13:52.213  1471  5835 I WindowManager: WIN DEATH: Window{ea832f u0 com.android.settings/com.android.settings.SubSettings}
10-14 22:13:52.215  1471  2389 I WindowManager: WIN DEATH: Window{8c1cf0 u0 com.android.settings/com.android.settings.SubSettings}
10-14 22:13:52.225  1471  1643 W ActivityManager: setHasOverlayUi called on unknown pid: 8085
10-14 22:13:52.400   561   726 I SFPerfTracer:      triggers: (rate: 0:0) (1503916 sw vsyncs) (0 skipped) (63:1302882 vsyncs) (65:2986443)
10-14 22:13:52.523  1471  5835 I ActivityManager: START u0 {act=android.intent.action.MAIN cat=[android.intent.category.HOME] flg=0x10200000 cmp=com.motorola.launcher3/com.android.launcher3.CustomizationPanelLauncher} from uid 10083
10-14 22:13:52.532  1471  5835 I ActivityManager: moveHomeStack, setupComplete:true
10-14 22:13:52.548 13891 14383 W Adreno-EGL: <qeglDrvAPI_eglGetConfigAttrib:612>: EGL_BAD_ATTRIBUTE
10-14 22:13:52.558   561   561 I SFPerfTracer:      triggers: (rate: 353:69944) (compose: 0:1559) (post: 0:3478) (render: 0:6353) (69:681687 frames) (70:814054)
10-14 22:13:52.558   561   561 D SFPerfTracer:        layers: (6:13) (StatusBar#0 (0xb163e000): 2:130424) (com.android.systemui.ImageWallpaper#0 (0xb159c000): 0:1437) (DimLayerController/Stack=0#0 (0xb15f8000): 0:5203)* (animation background stackId=1#0 (0xb15b2000): 0:572)* (Sprite#0 (0xb15e3000): 0:19)* (animation background stackId=0#0 (0xb15af000): 0:3)* (NavigationBar#0 (0xb15b4000): 7:1126) (#0 (0xb15c1000): 0:3) (#1 (0xb15da000): 0:3) (com.motorola.launcher3/com.android.launcher3.CustomizationPanelLauncher#0 (0xb1628000): 0:25)- (com.motorola.launcher3/com.android.launcher3.CustomizationPanelLauncher#1 (0xb1638000): 0:89)- (Application Error: com.crazyj36.apiplaygroundsdk9#0 (0xb15eb000): 0:24)- (com.android.systemui/com.android.systemui.recents.RecentsActivity#0 (0xb15d2000): 70:106) 
10-14 22:13:52.598 13891 13891 I SearchServiceCore: Event Bus thread is disabled; marking main thread as EventBus
10-14 22:13:52.601   561   561 D SurfaceFlinger: duplicate layer name: changing com.motorola.launcher3/com.android.launcher3.CustomizationPanelLauncher to com.motorola.launcher3/com.android.launcher3.CustomizationPanelLauncher#1
10-14 22:13:52.602   561   561 D SurfaceFlinger: Backpressure trigger, skipping transaction & refresh!
10-14 22:13:52.608 26402 26675 W Adreno-EGL: <qeglDrvAPI_eglGetConfigAttrib:612>: EGL_BAD_ATTRIBUTE
10-14 22:13:52.609 13891 13891 W SessionLifecycleManager: Handover failed. Creating new session controller.
10-14 22:13:52.642 26332 26332 I HK/LatinKbdBaseView: closing org.pocketworkstation.pckeyboard.LatinKeyboardView{459fca2 V.ED..... ......ID 0,0-720,355 #7f07000a app:id/LatinkeyboardBaseView}
10-14 22:13:52.650 13891 13891 I StreamController: registerScope: nowcards-9f49d64-b675
10-14 22:13:52.660  1471  1643 I LaunchCheckinHandler: Displayed com.motorola.launcher3/com.android.launcher3.CustomizationPanelLauncher,wp,wa,138
10-14 22:13:52.690 13891 13891 I ClusterController: Found empty cluster, or no children successfully created.
10-14 22:13:52.735 13891 13891 W TemplatedStringEvaluato: Got templated string with no display string
10-14 22:13:52.737 13891 13891 I ClusterController: Found empty cluster, or no children successfully created.
10-14 22:13:52.737 13891 13891 E CardController: Could not find EntryAdapter for entryTreeNode
10-14 22:13:52.760 13891  7779 W LocationOracle: No location history returned by ContextManager
10-14 22:13:52.762  2133  9904 I zygote  : Explicit concurrent copying GC freed 143704(6MB) AllocSpace objects, 0(0B) LOS objects, 49% free, 7MB/14MB, paused 683us total 200.224ms
10-14 22:13:52.763  2133  2151 W JavaBinder: BinderProxy is being destroyed but the application did not call unlinkToDeath to unlink all of its death recipients beforehand.  Releasing leaked death recipient: com.android.systemui.qs.external.TileLifecycleManager
10-14 22:13:52.796 13891 13891 I MicroDetectionState: Keep running hotword in interactor process
10-14 22:13:52.815 13891  7754 W TabTreeCopier: Card found with UNKNOWN_TAB, Entry Type 143
10-14 22:13:52.866  2289  8304 E ctxmgr  : [ProducerStatusImpl]updateStateForNewContextData: inactive, contextName=7
10-14 22:13:52.868  2289  6060 I PlaceInferenceEngine: [anon] Changed inference mode: 0
10-14 22:13:52.983  2289  6060 I Places  : ?: PlacesBleScanner start() with priority 2
10-14 22:13:52.984  2289  6060 I PlaceInferenceEngine: [anon] Changed inference mode: 1
10-14 22:13:52.993 26332 26332 I HK/LatinKbdBaseView: closing org.pocketworkstation.pckeyboard.LatinKeyboardView{459fca2 V.ED..... ......ID 0,0-720,355 #7f07000a app:id/LatinkeyboardBaseView}
10-14 22:13:53.006  2289  2289 I BeaconBle: Client requested scan, settings=BleSettings [scanMode=ZERO_POWER, callbackType=ALL_MATCHES, reportDelayMillis=0, 1 filters, 0 clients, callingClientName=Places]
10-14 22:13:53.023  2289  2289 I BeaconBle: ZERO_POWER is disabled.
10-14 22:13:53.023  2289  2289 I BeaconBle: 'L' hardware scan: scan stopped, no powered clients
10-14 22:13:53.043   515   515 D QTI PowerHAL: JDG: 1320
10-14 22:13:53.049  2289  6060 I Places  : Converted 0 out of 3 WiFi scans
10-14 22:13:53.064  2289  6060 I PlaceInferenceEngine: [anon] Changed inference mode: 1
10-14 22:13:53.076  2289  8360 I PlaceInferenceEngine: No beacon scan available - ignoring candidates.
10-14 22:13:53.289  2289  2301 I zygote  : Background concurrent copying GC freed 158237(6MB) AllocSpace objects, 55(3MB) LOS objects, 49% free, 16MB/33MB, paused 378us total 257.606ms
10-14 22:13:53.606  1471  2389 I ActivityManager: START u0 {act=android.intent.action.MAIN cat=[android.intent.category.LAUNCHER] flg=0x10200000 cmp=com.crazyj36.apiplaygroundsdk9/.MainActivity bnds=[429,151][567,338]} from uid 10057
10-14 22:13:53.635  1471  2366 I ActivityManager: Start proc 8589:com.crazyj36.apiplaygroundsdk9/u0a220 for activity com.crazyj36.apiplaygroundsdk9/.MainActivity
10-14 22:13:53.687   561   561 D SurfaceFlinger: Backpressure trigger, skipping transaction & refresh!
10-14 22:13:53.777  8589  8589 D AndroidRuntime: Shutting down VM
10-14 22:13:53.778  8589  8589 E AndroidRuntime: FATAL EXCEPTION: main
10-14 22:13:53.778  8589  8589 E AndroidRuntime: Process: com.crazyj36.apiplaygroundsdk9, PID: 8589
10-14 22:13:53.778  8589  8589 E AndroidRuntime: java.lang.NoClassDefFoundError: Failed resolution of: Landroid/support/v4/app/ActivityCompat;
10-14 22:13:53.778  8589  8589 E AndroidRuntime: 	at com.crazyj36.apiplaygroundsdk9.MainActivity.onCreate(MainActivity.java:44)
10-14 22:13:53.778  8589  8589 E AndroidRuntime: 	at android.app.Activity.performCreate(Activity.java:6989)
10-14 22:13:53.778  8589  8589 E AndroidRuntime: 	at android.app.Instrumentation.callActivityOnCreate(Instrumentation.java:1235)
10-14 22:13:53.778  8589  8589 E AndroidRuntime: 	at android.app.ActivityThread.performLaunchActivity(ActivityThread.java:2848)
10-14 22:13:53.778  8589  8589 E AndroidRuntime: 	at android.app.ActivityThread.handleLaunchActivity(ActivityThread.java:2974)
10-14 22:13:53.778  8589  8589 E AndroidRuntime: 	at android.app.ActivityThread.-wrap11(Unknown Source:0)
10-14 22:13:53.778  8589  8589 E AndroidRuntime: 	at android.app.ActivityThread$H.handleMessage(ActivityThread.java:1666)
10-14 22:13:53.778  8589  8589 E AndroidRuntime: 	at android.os.Handler.dispatchMessage(Handler.java:105)
10-14 22:13:53.778  8589  8589 E AndroidRuntime: 	at android.os.Looper.loop(Looper.java:164)
10-14 22:13:53.778  8589  8589 E AndroidRuntime: 	at android.app.ActivityThread.main(ActivityThread.java:6695)
10-14 22:13:53.778  8589  8589 E AndroidRuntime: 	at java.lang.reflect.Method.invoke(Native Method)
10-14 22:13:53.778  8589  8589 E AndroidRuntime: 	at com.android.internal.os.Zygote$MethodAndArgsCaller.run(Zygote.java:240)
10-14 22:13:53.778  8589  8589 E AndroidRuntime: 	at com.android.internal.os.ZygoteInit.main(ZygoteInit.java:772)
10-14 22:13:53.778  8589  8589 E AndroidRuntime: Caused by: java.lang.ClassNotFoundException: Didn't find class "android.support.v4.app.ActivityCompat" on path: DexPathList[[zip file "/data/app/com.crazyj36.apiplaygroundsdk9-yXjNVsiuJBhIY72LVHkhiA==/base.apk"],nativeLibraryDirectories=[/data/app/com.crazyj36.apiplaygroundsdk9-yXjNVsiuJBhIY72LVHkhiA==/lib/arm, /system/lib, /vendor/lib]]
10-14 22:13:53.778  8589  8589 E AndroidRuntime: 	at dalvik.system.BaseDexClassLoader.findClass(BaseDexClassLoader.java:93)
10-14 22:13:53.778  8589  8589 E AndroidRuntime: 	at java.lang.ClassLoader.loadClass(ClassLoader.java:379)
10-14 22:13:53.778  8589  8589 E AndroidRuntime: 	at java.lang.ClassLoader.loadClass(ClassLoader.java:312)
10-14 22:13:53.778  8589  8589 E AndroidRuntime: 	... 13 more
10-14 22:13:53.781  1471  2366 W ActivityManager:   Force finishing activity com.crazyj36.apiplaygroundsdk9/.MainActivity
10-14 22:13:53.786  1471  1529 I ActivityManager: Showing crash dialog for package com.crazyj36.apiplaygroundsdk9 u0
10-14 22:13:53.836  1471  6401 I OpenGLRenderer: Initialized EGL, version 1.4
10-14 22:13:53.844  1471  6401 D OpenGLRenderer: Swap behavior 2
10-14 22:13:53.851  1471  6401 W Adreno-EGL: <qeglDrvAPI_eglGetConfigAttrib:612>: EGL_BAD_ATTRIBUTE
10-14 22:13:53.968  1471  1490 I zygote  : Background concurrent copying GC freed 54248(2MB) AllocSpace objects, 8(160KB) LOS objects, 42% free, 24MB/42MB, paused 602us total 306.330ms
10-14 22:13:54.083 28171 28196 V CSEvent : CSEvent::SetError[0]
10-14 22:13:54.284  1471  1528 W ActivityManager: Activity pause timeout for ActivityRecord{e9a6824 u0 com.crazyj36.apiplaygroundsdk9/.MainActivity t344 f}
10-14 22:13:54.295  1471  1528 I ActivityManager: moveHomeStack, setupComplete:true
10-14 22:13:54.341 13891 14383 W Adreno-EGL: <qeglDrvAPI_eglGetConfigAttrib:612>: EGL_BAD_ATTRIBUTE
10-14 22:13:54.355   561   726 I SFPerfTracer:      triggers: (rate: 0:0) (1503916 sw vsyncs) (0 skipped) (42:1302970 vsyncs) (44:2986544)
10-14 22:13:54.357 26402 26675 W Adreno-EGL: <qeglDrvAPI_eglGetConfigAttrib:612>: EGL_BAD_ATTRIBUTE
10-14 22:13:54.413  1471  2366 W ActivityManager:   Force finishing activity com.crazyj36.apiplaygroundsdk9/.MainActivity
10-14 22:13:54.414  1471  2366 I ActivityManager: Killing 8589:com.crazyj36.apiplaygroundsdk9/u0a220 (adj 199): crash
10-14 22:13:54.609  1471  1834 W AppOps  : Finishing op nesting under-run: uid 1000 pkg android code 24 time=0 duration=0 nesting=0
10-14 22:13:54.612 28171 28196 D ConnectivityManager: getMobileDataEnabled()+ subId=1
10-14 22:13:54.612   561   561 I SFPerfTracer:      triggers: (rate: 353:69947) (compose: 0:1559) (post: 0:3478) (render: 0:6353) (13:681778 frames) (14:814164)
10-14 22:13:54.613   561   561 D SFPerfTracer:        layers: (8:14) (StatusBar#0 (0xb163e000): 0:130428) (com.android.systemui.ImageWallpaper#0 (0xb159c000): 1:1439) (DimLayerController/Stack=0#0 (0xb15f8000): 8:5219) (animation background stackId=1#0 (0xb15b2000): 0:572)* (Sprite#0 (0xb15e3000): 0:19)* (animation background stackId=0#0 (0xb15af000): 0:3)* (NavigationBar#0 (0xb15b4000): 0:1139) (#0 (0xb15c1000): 0:3) (#1 (0xb15da000): 0:3) (com.android.systemui/com.android.systemui.recents.RecentsActivity#0 (0xb15d2000): 0:111)- (com.motorola.launcher3/com.android.launcher3.CustomizationPanelLauncher#0 (0xb1628000): 2:11)* (com.motorola.launcher3/com.android.launcher3.CustomizationPanelLauncher#1 (0xb1638000): 3:56) (Splash Screen com.crazyj36.apiplaygroundsdk9#0 (0xb15d2000): 0:24)- (Application Error: com.crazyj36.apiplaygroundsdk9#0 (0xb1403000): 12:26) 
10-14 22:13:54.613 28171 28196 D ConnectivityManager: getMobileDataEnabled()- subId=1 retVal=true
10-14 22:13:54.615 28171 28196 D ConnectivityManager: getMobileDataEnabled()+ subId=1
10-14 22:13:54.616 28171 28196 D ConnectivityManager: getMobileDataEnabled()- subId=1 retVal=true
10-14 22:13:54.907 26402 26675 W OpenGLRenderer: Incorrectly called buildLayer on View: ShortcutAndWidgetContainer, destroying layer...
10-14 22:13:55.432  2506  3339 D HeadsetStateMachine: Disconnected process message: 10, size: 0
10-14 22:13:55.433  2506  3339 D HeadsetStateMachine: Enter processIntentBatteryChanged()
10-14 22:13:55.433  2506  3339 D HeadsetStateMachine: Exit processIntentBatteryChanged()
10-14 22:13:55.433  2506  3339 D HeadsetStateMachine: Exit Disconnected processMessage() 
10-14 22:13:55.457   872  2283 V LocSvc_HIDL_IzatProvider: [onLocationChanged][67] [HS] =>>>> [HC]
10-14 22:13:55.458  1471  1876 V LocSvc_HIDL_IzatProvider_jni: [onLocationChanged][136] [HC] <<= [HS]
