--------- beginning of main
01-25 02:20:01.053   697   697 E thermal_src: ERROR, recvmsg expect 5, but get 2 
01-25 02:20:01.848 10969 11160 D ClClient: Not sending keepalive.  Current connection state=STOPPED
01-25 02:20:02.054   697   697 E thermal_src: ERROR, recvmsg expect 5, but get 2 
01-25 02:20:02.055   697   697 I chatty  : uid=1000(system) thermalloadalgo identical 1 line
01-25 02:20:03.057   697   697 E thermal_src: ERROR, recvmsg expect 5, but get 2 
01-25 02:20:03.057   697   697 E thermal_src: ERROR, recvmsg expect 4, but get 2 
01-25 02:20:04.063   697   697 E thermal_src: ERROR, recvmsg expect 5, but get 2 
01-25 02:20:04.063   697   697 E thermal_src: ERROR, recvmsg expect 5, but get 2 
01-25 02:20:04.227  1768  1768 D TeleService: PhoneInterfaceManager: [PhoneIntfMgr] handleMessage : 37 CMD_GET_MODEM_ACTIVITY_INFO
01-25 02:20:04.293  1768  1768 D TeleService: PhoneInterfaceManager: [PhoneIntfMgr] handleMessage : 38 EVENT_GET_MODEM_ACTIVITY_INFO_DONE
01-25 02:20:04.618   478   535 D sensors_hal_Ctx: polldata:1, count: 24, sensor:0, type:1, x:-0.372000 y:0.092000 z:9.748000
01-25 02:20:04.817   478   535 D sensors_hal_Ctx: polldata:1, count: 23, sensor:0, type:1, x:-0.379000 y:0.106000 z:9.753000
01-25 02:20:04.838  1374  1544 I MobileSignalController: isRoaming = false, isCdmaRoaming = false
01-25 02:20:04.838  1374  1544 I MobileSignalController: isRoaming = false
01-25 02:20:04.838  1374  1544 I MobileSignalController(1): Change in state to: connected=true,enabled=true,level=3,inetCondition=1,iconGroup=IconGroup(Default),activityIn=false,activityOut=false,rssi=0,lteadvancedmode=0,dataSim=false,networkName=Boost Mobile,networkNameData=Boost Mobile,dataConnected=true,roaming=false,isDefault=true,isEmergency=false,airplaneMode=false,carrierNetworkChangeMode=false,userSetup=true,roaming=false,activity=0,signalZero=false,isSimIcon=false,dataNetType=13,networkIcon=LTE,showRoaming=false,showSearching=false,selectedSim=false,voiceRatType=0,dataRatType=0,cbInfo=null,callState=0,isCat6=false,isMimo=false,isDataEnabled=true,internetConnectStatus=1
01-25 02:20:04.839  1374  1544 I MobileSignalController: isRoaming = false, isCdmaRoaming = false
01-25 02:20:04.839  1374  1544 I MobileSignalController: isRoaming = false
01-25 02:20:04.839  1374  1544 I MobileSignalController: mobileLabel_SPCS = Boost Mobile, mobileLabel = Boost Mobile, mInService = true
01-25 02:20:04.839  1768  1768 D TeleService: PhoneInterfaceManager: [PhoneIntfMgr] mSigLevel = 3
01-25 02:20:04.841  1940  1940 D HeadsetPhoneState: sendDeviceStateChanged. mService=1 mSignal=3 mRoam=0 mBatteryCharge=2
01-25 02:20:04.842  1374  1544 I NetworkController: onReceive: intent=Intent { act=android.intent.action.SIG_STR flg=0x10 (has extras) }
01-25 02:20:04.871   490   490 I DisplayDevice: [Built-in Screen (type:0)] fps:0.994503,dur:5027.64,max:4830.11,min:15.58
01-25 02:20:05.064   697   697 E thermal_src: ERROR, recvmsg expect 5, but get 2 
01-25 02:20:05.064   697   697 E thermal_src: ERROR, recvmsg expect 4, but get 2 
01-25 02:20:05.277  1768  1768 D TeleService: PhoneInterfaceManager: [PhoneIntfMgr] mSigLevel = 3
01-25 02:20:05.278  1374  1544 I MobileSignalController: isRoaming = false, isCdmaRoaming = false
01-25 02:20:05.278  1374  1544 I MobileSignalController: isRoaming = false
01-25 02:20:05.279  1374  1544 I NetworkController: onReceive: intent=Intent { act=android.intent.action.SIG_STR flg=0x10 (has extras) }
01-25 02:20:05.495  1030  1278 D InputDispatcher: notifyMotion - action=ACTION_DOWN(0), id=0, pressure=0.216, tooltype=1, deviceId=3, source=0x1002, policyFlags=0x0, flags=0x0, metaState=0x0, buttonState=0x0, edgeFlags=0x0, eventTime=3384751070000, downTime=3384751070000, 
01-25 02:20:05.496  1030  1277 D InputTransport: channel 'a7a3626 com.crazyj36.startspecificactivity/com.crazyj36.startspecificactivity.MainActivity (server)' : action=ACTION_DOWN(0), id=0, tooltype=1, deviceId=3, source=0x1002, flags=0x0, edgeFlags=0x0, metaState=0x0, buttonState=0x0, downTime=3384751070000, eventTime=3384751070000, pointerCount=1
--------- beginning of system
01-25 02:20:05.496 11652 11652 I ViewRootImpl: ViewRoot's Touch Event : ACTION_DOWN
01-25 02:20:05.603  1030  1278 D InputDispatcher: notifyMotion - action=ACTION_UP(0), id=0, pressure=0.243, tooltype=1, deviceId=3, source=0x1002, policyFlags=0x0, flags=0x0, metaState=0x0, buttonState=0x0, edgeFlags=0x0, eventTime=3384858424000, downTime=3384751070000, 
01-25 02:20:05.603  1030  1277 D InputTransport: channel 'a7a3626 com.crazyj36.startspecificactivity/com.crazyj36.startspecificactivity.MainActivity (server)' : action=ACTION_UP(0), id=0, tooltype=1, deviceId=3, source=0x1002, flags=0x0, edgeFlags=0x0, metaState=0x0, buttonState=0x0, downTime=3384751070000, eventTime=3384858424000, pointerCount=1
01-25 02:20:05.605 11652 11652 I ViewRootImpl: ViewRoot's Touch Event : ACTION_UP
01-25 02:20:05.608 11652 11652 I AudioManagerEx: AudioManagerEx created
01-25 02:20:05.612  1030  2126 I ActivityManager: START u0 {cmp=com.android.settings/.DeviceInfoSettingsActivity} from uid 10450
01-25 02:20:05.613 11652 11652 D AndroidRuntime: Shutting down VM
--------- beginning of crash
01-25 02:20:05.614 11652 11652 E AndroidRuntime: FATAL EXCEPTION: main
01-25 02:20:05.614 11652 11652 E AndroidRuntime: Process: com.crazyj36.startspecificactivity, PID: 11652
01-25 02:20:05.614 11652 11652 E AndroidRuntime: java.lang.IllegalStateException: Could not execute method for android:onClick
01-25 02:20:05.614 11652 11652 E AndroidRuntime: 	at android.view.View$DeclaredOnClickListener.onClick(View.java:5388)
01-25 02:20:05.614 11652 11652 E AndroidRuntime: 	at android.view.View.performClick(View.java:6313)
01-25 02:20:05.614 11652 11652 E AndroidRuntime: 	at android.view.View$PerformClick.run(View.java:24933)
01-25 02:20:05.614 11652 11652 E AndroidRuntime: 	at android.os.Handler.handleCallback(Handler.java:790)
01-25 02:20:05.614 11652 11652 E AndroidRuntime: 	at android.os.Handler.dispatchMessage(Handler.java:99)
01-25 02:20:05.614 11652 11652 E AndroidRuntime: 	at android.os.Looper.loop(Looper.java:164)
01-25 02:20:05.614 11652 11652 E AndroidRuntime: 	at android.app.ActivityThread.main(ActivityThread.java:6651)
01-25 02:20:05.614 11652 11652 E AndroidRuntime: 	at java.lang.reflect.Method.invoke(Native Method)
01-25 02:20:05.614 11652 11652 E AndroidRuntime: 	at com.android.internal.os.RuntimeInit$MethodAndArgsCaller.run(RuntimeInit.java:438)
01-25 02:20:05.614 11652 11652 E AndroidRuntime: 	at com.android.internal.os.ZygoteInit.main(ZygoteInit.java:810)
01-25 02:20:05.614 11652 11652 E AndroidRuntime: Caused by: java.lang.reflect.InvocationTargetException
01-25 02:20:05.614 11652 11652 E AndroidRuntime: 	at java.lang.reflect.Method.invoke(Native Method)
01-25 02:20:05.614 11652 11652 E AndroidRuntime: 	at android.view.View$DeclaredOnClickListener.onClick(View.java:5383)
01-25 02:20:05.614 11652 11652 E AndroidRuntime: 	... 9 more
01-25 02:20:05.614 11652 11652 E AndroidRuntime: Caused by: android.content.ActivityNotFoundException: Unable to find explicit activity class {com.android.settings/com.android.settings.DeviceInfoSettingsActivity}; have you declared this activity in your AndroidManifest.xml?
01-25 02:20:05.614 11652 11652 E AndroidRuntime: 	at android.app.Instrumentation.checkStartActivityResult(Instrumentation.java:1940)
01-25 02:20:05.614 11652 11652 E AndroidRuntime: 	at android.app.Instrumentation.execStartActivity(Instrumentation.java:1618)
01-25 02:20:05.614 11652 11652 E AndroidRuntime: 	at android.app.Activity.startActivityForResult(Activity.java:4506)
01-25 02:20:05.614 11652 11652 E AndroidRuntime: 	at android.app.Activity.startActivityForResult(Activity.java:4464)
01-25 02:20:05.614 11652 11652 E AndroidRuntime: 	at android.app.Activity.startActivity(Activity.java:4825)
01-25 02:20:05.614 11652 11652 E AndroidRuntime: 	at android.app.Activity.startActivity(Activity.java:4793)
01-25 02:20:05.614 11652 11652 E AndroidRuntime: 	at com.crazyj36.startspecificactivity.MainActivity.btnLaunchClick(MainActivity.java:24)
01-25 02:20:05.614 11652 11652 E AndroidRuntime: 	... 11 more
01-25 02:20:05.618  1030  2126 W ActivityManager:   Force finishing activity com.crazyj36.startspecificactivity/.MainActivity
01-25 02:20:05.628  1030 11692 W AES     : Exception Log handling...
01-25 02:20:05.628  1030 11692 W AES     : Skipped - do not care third party apk
01-25 02:20:05.633  1030  1064 W BroadcastQueue: Background execution not allowed: receiving Intent { act=android.intent.action.DROPBOX_ENTRY_ADDED flg=0x10 (has extras) } to com.google.android.gms/.stats.service.DropBoxEntryAddedReceiver
01-25 02:20:05.633  1030  1064 W BroadcastQueue: Background execution not allowed: receiving Intent { act=android.intent.action.DROPBOX_ENTRY_ADDED flg=0x10 (has extras) } to com.google.android.gms/.chimera.GmsIntentOperationService$PersistentTrustedReceiver
01-25 02:20:05.666   695   733 I PowerRM : System FW:1 IC:0 SO:0 GT:0 CAPP:-1 APP:0
01-25 02:20:05.666   695   733 I PowerRM : FIA lock1 locked
01-25 02:20:05.666   695   733 I PowerRM : System FW:1 IC:0 SO:0 GT:0 CAPP:-1 APP:0
01-25 02:20:05.666   695   733 I PowerRM : Window Changed
01-25 02:20:05.667  1030  1065 D InputDispatcher: Focus left window: Window{a7a3626 u0 com.crazyj36.startspecificactivity/com.crazyj36.startspecificactivity.MainActivity}
01-25 02:20:05.667  1030  1065 D InputDispatcher: Focus entered window: Window{e7f41ba u0 Application Error: com.crazyj36.startspecificactivity}
01-25 02:20:05.672  1030  1065 D BezellessGripSuppressionFilter: getdisplaysize, x : 1080 y : 2160
01-25 02:20:05.672  1030  1065 I ActivityManager: Showing crash dialog for package com.crazyj36.startspecificactivity u0
01-25 02:20:05.699  1030  8033 I OpenGLRenderer: Initialized EGL, version 1.4
01-25 02:20:05.704  1030  8033 D OpenGLRenderer: Swap behavior 2
01-25 02:20:05.708  1374  1374 I NavigationThemeResource: notify navigation bar color(0x0)
01-25 02:20:05.708  1374  1374 I NavigationThemeResource: NavigationKey Color is changed(BLACK -> WHITE_WITH_BORDER)
01-25 02:20:05.708  1374  1374 I NavigationThemeResource:  BarMode=4, Theme=WHITE, LightBackground=false (Transparent)
01-25 02:20:05.708  1374  1374 I NavigationThemeResource: , Keyguard show=false, IME shown=false, Bar vertical=false, Panel expanded=false
01-25 02:20:05.709  1374  1374 D StatusBar: setSystemUiVisibility vis=8008 mask=ffffffff oldVal=8608 newVal=8008 diff=600
01-25 02:20:05.726  1374  2924 I SystemServicesProxy: RecentApps has 2 item(s).
01-25 02:20:05.734  1374  2924 D DDTIcon : getIconDrawableAsIconFrameTheme for com.crazyj36.startspecificactivity@0
01-25 02:20:05.735  1374  2924 W DDTIcon : getIconDrawableAsIconFrameTheme got null as icon. Replace it to default one for com.crazyj36.startspecificactivity
01-25 02:20:05.737  1374  2924 D DDTIcon : maxBgRes = 0
01-25 02:20:05.738  1374  2924 I SystemServicesProxy: Task.thumbnail loading failed for 19
01-25 02:20:05.765  1030  1244 I WindowManager: Window{e7f41ba u0 Application Error: com.crazyj36.startspecificactivity} start dimming: flags=1820002 effectFlags=0, layer=111000
01-25 02:20:05.879   490   490 I DisplayDevice: [Built-in Screen (type:0)] fps:15.856652,dur:1009.04,max:679.69,min:13.55
01-25 02:20:05.893   668   687 D AAL     : 01-25 02:20:05.810 BL= 206,ESS= 256, 01-25 02:20:05.827 BL= 205,ESS= 256, 01-25 02:20:05.843 BL= 204,ESS= 256, 01-25 02:20:05.860 BL= 203,ESS= 256, 01-25 02:20:05.893 BL= 202,ESS= 256, 
01-25 02:20:05.992   668   687 D AAL     : 01-25 02:20:05.909 BL= 201,ESS= 256, 01-25 02:20:05.926 BL= 200,ESS= 256, 01-25 02:20:05.942 BL= 199,ESS= 256, 01-25 02:20:05.976 BL= 198,ESS= 256, 01-25 02:20:05.992 BL= 197,ESS= 256, 
01-25 02:20:06.067   697   697 E thermal_src: ERROR, recvmsg expect 5, but get 2 
01-25 02:20:06.067   697   697 E thermal_src: ERROR, recvmsg expect 5, but get 2 
01-25 02:20:06.092   668   687 D AAL     : 01-25 02:20:06.009 BL= 196,ESS= 256, 01-25 02:20:06.025 BL= 195,ESS= 256, 01-25 02:20:06.042 BL= 194,ESS= 256, 01-25 02:20:06.075 BL= 193,ESS= 256, 01-25 02:20:06.091 BL= 192,ESS= 256, 
01-25 02:20:05.779  1030  1244 I WindowManager: Window{e7f41ba u0 Application Error: com.crazyj36.startspecificactivity} start dimming: flags=1820002 effectFlags=0, layer=111000
01-25 02:20:06.122  1030  1064 W ActivityManager: Activity pause timeout for ActivityRecord{52c0376 u0 com.crazyj36.startspecificactivity/.MainActivity t19 f}
01-25 02:20:06.133   695   733 I PowerRM : System FW:1 IC:0 SO:0 GT:0 CAPP:-1 APP:0
01-25 02:20:06.134   485   513 I vendor.mediatek.hardware.power@1.1-impl: scnEnable hdl:39, timeout:3500
01-25 02:20:06.135   485   512 I powerd  : [powerd_req] POWER_MSG_SCN_ENABLE: hdl:39, timeout:3500
01-25 02:20:06.135   475   475 W PHHandler: [PH] hint id(103) is not supported
01-25 02:20:06.135   485   512 I libPerfService: perfUserScnEnable - handle:39
01-25 02:20:06.137   485   512 I libPerfService: 39: legacy set freq: 1001000 -1 1508000 -1
01-25 02:20:06.145   485   512 I libPerfService: 39: legacy set: 3 -1 4 -1
01-25 02:20:06.191   668   687 D AAL     : 01-25 02:20:06.108 BL= 191,ESS= 256, 01-25 02:20:06.125 BL= 190,ESS= 256, 01-25 02:20:06.158 BL= 189,ESS= 256, 01-25 02:20:06.174 BL= 188,ESS= 256, 01-25 02:20:06.191 BL= 187,ESS= 256, 
01-25 02:20:06.239  1374  2924 I SystemServicesProxy: RecentApps has 2 item(s).
01-25 02:20:06.245  1374  2924 I SystemServicesProxy: Task.thumbnail loading failed for 19
01-25 02:20:06.265  2222  2222 I Timeline: Timeline: Activity_idle id: android.os.BinderProxy@d7cfe24 time:3385521
01-25 02:20:06.269  1030  8683 D OverlayManager: setEnabled packageName=com.android.systemui.theme.dark enable=true userId=0
01-25 02:20:06.290   668   687 D AAL     : 01-25 02:20:06.207 BL= 186,ESS= 256, 01-25 02:20:06.242 BL= 185,ESS= 256, 01-25 02:20:06.257 BL= 184,ESS= 256, 01-25 02:20:06.273 BL= 183,ESS= 256, 01-25 02:20:06.290 BL= 182,ESS= 256, 
01-25 02:20:06.373   694   725 I GBMv2   : GBM state [1]
01-25 02:20:06.406   668   687 D AAL     : 01-25 02:20:06.323 BL= 181,ESS= 256, 01-25 02:20:06.340 BL= 180,ESS= 256, 01-25 02:20:06.356 BL= 179,ESS= 256, 01-25 02:20:06.373 BL= 178,ESS= 256, 01-25 02:20:06.406 BL= 177,ESS= 256, 
01-25 02:20:06.476  1030  1264 V AlarmManager: ELAPSED_WAKEUP delivery Alarm{64ee9e3 statsTag *walarm*:*job.delay* type 2 when 3527035 android} when 3527035
01-25 02:20:06.487  5698  5698 I Finsky  : [2] JobSchedulerEngine$PhoneskyJobSchedulerJobService.onStartJob(5): SCH: onJobSchedulerWakeup with jobId 9004
01-25 02:20:06.492  5698  5698 I Finsky  : [2] txu.a(24): Scheduling fallback job with id: 9034, and delay: 43200000 ms
01-25 02:20:06.497  5698  5698 I Finsky  : [2] txu.a(5): Scheduling fallback in 64799997 (absolute: 68327052)
01-25 02:20:06.505   668   687 D AAL     : 01-25 02:20:06.422 BL= 176,ESS= 256, 01-25 02:20:06.439 BL= 175,ESS= 256, 01-25 02:20:06.455 BL= 174,ESS= 256, 01-25 02:20:06.472 BL= 173,ESS= 256, 01-25 02:20:06.505 BL= 172,ESS= 256, 
01-25 02:20:06.604   668   687 D AAL     : 01-25 02:20:06.522 BL= 171,ESS= 256, 01-25 02:20:06.538 BL= 170,ESS= 256, 01-25 02:20:06.555 BL= 169,ESS= 256, 01-25 02:20:06.588 BL= 168,ESS= 256, 01-25 02:20:06.604 BL= 167,ESS= 256, 
01-25 02:20:06.678  1030  1040 I zygote  : NativeAlloc concurrent copying GC freed 83988(5MB) AllocSpace objects, 13(516KB) LOS objects, 42% free, 24MB/42MB, paused 225us total 312.708ms
01-25 02:20:06.704   668   687 D AAL     : 01-25 02:20:06.621 BL= 166,ESS= 256, 01-25 02:20:06.637 BL= 165,ESS= 256, 01-25 02:20:06.670 BL= 164,ESS= 256, 01-25 02:20:06.687 BL= 163,ESS= 256, 01-25 02:20:06.704 BL= 162,ESS= 256, 
01-25 02:20:06.712  1768  1768 D TeleService: CarrierConfigLoader: CarrierConfigLoader - existNodeDb : notSupport
01-25 02:20:06.742  1940  1940 D HeadsetPhoneState: sendDeviceStateChanged. mService=1 mSignal=3 mRoam=0 mBatteryCharge=2
01-25 02:20:06.742  1374  1374 I OperatorTextView: Operator(5) is invalid
01-25 02:20:06.742  2180  2180 I LGRR    : [RRPolicyService] onServiceStateChanged
01-25 02:20:06.743  2180  2180 D LGRR    : [ServiceStateListener] getServiceState() : 0
01-25 02:20:06.743  2180  2180 D LGRR    : [RRPolicyConditionsImpl] DataRegState : 0
01-25 02:20:06.743  2180  2180 D LGRR    : [RRPolicyConditionsImpl] roamType : 0
01-25 02:20:06.744  2180  2180 I LGRR    : [RRPreference] [Restore]ROAMING_TYPE : 0
01-25 02:20:06.744  2180  2180 I LGRR    : [RRPolicyService] ServiceState Not Changed
01-25 02:20:06.744  1374  1374 I MSimUtils: getPhoneId : 0
01-25 02:20:06.744  1374  1374 I MSimUtils: getDefaultDataPhoneId : 0
01-25 02:20:06.745  1374  1544 I MobileSignalController: mobileLabel_SPCS = Boost Mobile, mobileLabel = Boost Mobile, mInService = true
01-25 02:20:06.747  1768  1768 D ServiceStateProvider: subId=1
01-25 02:20:06.748  1030  1030 D WifiServerServiceExt: mReceiver: ACTION_SERVICE_STATE_CHANGED
01-25 02:20:06.748  1030  1030 D WifiServerServiceExt:  ServiceState: {mVoiceRegState=0(IN_SERVICE), mDataRegState=0(IN_SERVICE), mVoiceRoamingType=home, mDataRoamingType=home, mVoiceOperatorAlphaLong=Boost Mobile, mVoiceOperatorAlphaShort=, mDataOperatorAlphaLong=Boost Mobile, mDataOperatorAlphaShort=, isManualNetworkSelection=false(automatic), mRilVoiceRadioTechnology=6(1xRTT), mRilDataRadioTechnology=14(LTE), mCssIndicator=unsupported, mNetworkId=307, mSystemId=5116, mCdmaRoamingIndicator=1, mCdmaDefaultRoamingIndicator=160, mIsEmergencyOnly=false, mIsDataRoamingFromRegistration=false, mIsUsingCarrierAggregation=true, mLteEarfcnRsrpBoost=0 mIsVoiceSearching=false mIsDataSearching=false mVoiceNetworkName=null mDataNetworkName=null Check64QAM0 Dual carrier0 LTE AdvanceMode0}
01-25 02:20:06.749  1768  1768 I TeleService: SprintGuardUi: [RGuard]getRoamingType() roamingType = 1, roamingIndcation = 1 , curradiotech = 14
01-25 02:20:06.749  1768  1768 I TeleService: SprintGuardUi: handleDataRoamingGuard() iconIndex : 1, iconPrevIndex: 1, roamingType : 1, dataRoaming : false
01-25 02:20:06.749  1768  1768 I TeleService: SprintGuardUi: handleDataRoamingGuard() getRoaming() : false, getVoiceRoaming() : false, getDataRoamingType() : 0, getPhoneType() : 2
01-25 02:20:06.749  1768  1768 I TeleService: SprintGuardUi: handleDataRoamingGuard() roamingIndcation() : 1, curradiotech : 14, roamingdataIndcation : 1, roamingType : 1
01-25 02:20:06.752  1030  1030 D WifiServerServiceExt: currIso : US
01-25 02:20:06.752  1030  1030 I WifiServerServiceExt: VoiceRegState = 0, DataRegState = 0
01-25 02:20:06.752  1030  1030 I WifiServerServiceExt: VoiceRegState = 0, DataRegState = 0
01-25 02:20:06.752  3057  3057 I CarrierServices: [2] cnv.onReceive: Received SERVICE_STATE intent, clearing cached cell info
01-25 02:20:06.752  1374  1544 I MobileSignalController: isRoaming = false, isCdmaRoaming = false
01-25 02:20:06.752  1374  1544 I MobileSignalController: isRoaming = false
01-25 02:20:06.753  1374  1544 I NetworkController: onReceive: intent=Intent { act=android.intent.action.SERVICE_STATE flg=0x1000010 (has extras) }
01-25 02:20:06.753  1768  1768 V PhoneGlobalsNet: Action intent recieved : android.intent.action.SERVICE_STATE
01-25 02:20:06.754  1768  1768 D ConfigUtils: appliedCarrierFeature() : SPR
01-25 02:20:06.754  1768  1768 D ConfigUtils: OPERATOR : 9
01-25 02:20:06.754  1768  1768 D ConfigUtils: isTargetOperator() : 9
01-25 02:20:06.755  1374  1374 D KeyguardUpdateMonitor: received broadcast android.intent.action.SERVICE_STATE
01-25 02:20:06.756  1374  1374 V KeyguardUpdateMonitor: action android.intent.action.SERVICE_STATE serviceState={mVoiceRegState=0(IN_SERVICE), mDataRegState=0(IN_SERVICE), mVoiceRoamingType=home, mDataRoamingType=home, mVoiceOperatorAlphaLong=Boost Mobile, mVoiceOperatorAlphaShort=, mDataOperatorAlphaLong=Boost Mobile, mDataOperatorAlphaShort=, isManualNetworkSelection=false(automatic), mRilVoiceRadioTechnology=6(1xRTT), mRilDataRadioTechnology=14(LTE), mCssIndicator=unsupported, mNetworkId=307, mSystemId=5116, mCdmaRoamingIndicator=1, mCdmaDefaultRoamingIndicator=160, mIsEmergencyOnly=false, mIsDataRoamingFromRegistration=false, mIsUsingCarrierAggregation=true, mLteEarfcnRsrpBoost=0 mIsVoiceSearching=false mIsDataSearching=false mVoiceNetworkName=null mDataNetworkName=null Check64QAM0 Dual carrier0 LTE AdvanceMode0} subId=1
01-25 02:20:06.756  1374  1374 D KeyguardUpdateMonitor: handleServiceStateChange(subId=1, serviceState={mVoiceRegState=0(IN_SERVICE), mDataRegState=0(IN_SERVICE), mVoiceRoamingType=home, mDataRoamingType=home, mVoiceOperatorAlphaLong=Boost Mobile, mVoiceOperatorAlphaShort=, mDataOperatorAlphaLong=Boost Mobile, mDataOperatorAlphaShort=, isManualNetworkSelection=false(automatic), mRilVoiceRadioTechnology=6(1xRTT), mRilDataRadioTechnology=14(LTE), mCssIndicator=unsupported, mNetworkId=307, mSystemId=5116, mCdmaRoamingIndicator=1, mCdmaDefaultRoamingIndicator=160, mIsEmergencyOnly=false, mIsDataRoamingFromRegistration=false, mIsUsingCarrierAggregation=true, mLteEarfcnRsrpBoost=0 mIsVoiceSearching=false mIsDataSearching=false mVoiceNetworkName=null mDataNetworkName=null Check64QAM0 Dual carrier0 LTE AdvanceMode0}
01-25 02:20:06.756  1374  1374 D CarrierText: updateCarrierText(): 1
01-25 02:20:06.757  1768  1768 D PhoneGlobalsNet: subId: 1
01-25 02:20:06.757  1768  1768 D PhoneGlobalsNet: networksettings : PhoneGlobals.java[469] : handleServiceStateChanged NetworkMode 10
01-25 02:20:06.757  1374  1374 D CarrierText: Sprint carrierName from getNetworkOperatorName() API
01-25 02:20:06.758  1374  1374 D CarrierText: carrierName = Boost Mobile
01-25 02:20:06.758  1374  1374 D UpdateKeyguardStatus_US_SPR: status =Normal, carrierName = Boost Mobile, slotId =0
01-25 02:20:06.758  1768  1768 D NetworkSettingBootReceiver: mReceiver: android.intent.action.SERVICE_STATE
01-25 02:20:06.758  1374  1374 W Settings: Setting airplane_mode_on has moved from android.provider.Settings.System to android.provider.Settings.Global, returning read-only value.
01-25 02:20:06.759  1768  1768 D NetworkSettingBootReceiver: getDefaultDataPhoneId : 0
01-25 02:20:06.759  1768  1768 D ConfigUtils: appliedCarrierFeature() : SPR
01-25 02:20:06.759  1768  1768 D ConfigUtils: OPERATOR : 9
01-25 02:20:06.759  1768  1768 D ConfigUtils: isTargetOperator() : 9
01-25 02:20:06.761  1374  1374 D CarrierText: Handling (subId=1) simSate : READY, carrierName : Boost Mobile, carrierTextForSimState : Boost Mobile
01-25 02:20:06.761  1374  1374 D CarrierText: SIM ready and in service: subId=1, ss={mVoiceRegState=0(IN_SERVICE), mDataRegState=0(IN_SERVICE), mVoiceRoamingType=home, mDataRoamingType=home, mVoiceOperatorAlphaLong=Boost Mobile, mVoiceOperatorAlphaShort=, mDataOperatorAlphaLong=Boost Mobile, mDataOperatorAlphaShort=, isManualNetworkSelection=false(automatic), mRilVoiceRadioTechnology=6(1xRTT), mRilDataRadioTechnology=14(LTE), mCssIndicator=unsupported, mNetworkId=307, mSystemId=5116, mCdmaRoamingIndicator=1, mCdmaDefaultRoamingIndicator=160, mIsEmergencyOnly=false, mIsDataRoamingFromRegistration=false, mIsUsingCarrierAggregation=true, mLteEarfcnRsrpBoost=0 mIsVoiceSearching=false mIsDataSearching=false mVoiceNetworkName=null mDataNetworkName=null Check64QAM0 Dual carrier0 LTE AdvanceMode0}
01-25 02:20:06.761  1374  1374 D CarrierText: displayText[0]: Boost Mobile
01-25 02:20:06.803   668   687 D AAL     : 01-25 02:20:06.720 BL= 161,ESS= 256, 01-25 02:20:06.753 BL= 160,ESS= 256, 01-25 02:20:06.770 BL= 159,ESS= 256, 01-25 02:20:06.786 BL= 158,ESS= 256, 01-25 02:20:06.803 BL= 157,ESS= 256, 
01-25 02:20:06.819  5698  5698 I Finsky  : [2] tyg.handleMessage(10): SCH: DeviceState: DeviceState{currentTime=1579936806815, isCharging=false, isIdle=false, netAny=true, netNotRoaming=true, netUnmetered=false, batteryPercent=52.0}
01-25 02:20:06.823  5698 11572 I Finsky  : [522] uaw.a(7): SCH: Jobs in database: 1-1337 12-1 26-1414141414 34-244 34-246 34-261 34-269 34-270 34-273 34-276 34-277 34-278 
01-25 02:20:06.826  5698  5698 I Finsky  : [2] tyh.a(20): SCH: Running job: 12-1
01-25 02:20:06.827  5698  5698 I Finsky  : [2] ContentSyncJob.a(14): ContentSyncJob started
01-25 02:20:06.827  5698  5698 I Finsky  : [2] tyg.handleMessage(63): SCH: RunningQueue size: 1, PendingQueue size: 0
01-25 02:20:06.828  5698  5698 I Finsky  : [2] tyg.handleMessage(66): SCH: Running queue: 12-1 
01-25 02:20:06.861   485   513 I vendor.mediatek.hardware.power@1.1-impl: scnDisable hdl:39
01-25 02:20:06.862   485   512 I libPerfService: 39: legacy set: -1 -1 -1 -1
01-25 02:20:06.862   485   512 I libPerfService: 39: legacy set freq: -1 -1 -1 -1
01-25 02:20:06.880  1768  1768 D TeleService: CarrierConfigLoader: CarrierConfigLoader - existNodeDb : notSupport
01-25 02:20:06.902  1030  1278 D InputDispatcher: notifyMotion - action=ACTION_DOWN(0), id=0, pressure=0.216, tooltype=1, deviceId=3, source=0x1002, policyFlags=0x0, flags=0x0, metaState=0x0, buttonState=0x0, edgeFlags=0x0, eventTime=3386157408000, downTime=3386157408000, 
01-25 02:20:06.902  1030  1277 D InputTransport: channel 'e7f41ba Application Error: com.crazyj36.startspecificactivity (server)' : action=ACTION_DOWN(0), id=0, tooltype=1, deviceId=3, source=0x1002, flags=0x0, edgeFlags=0x0, metaState=0x0, buttonState=0x0, downTime=3386157408000, eventTime=3386157408000, pointerCount=1
01-25 02:20:06.902  1030  1065 I ViewRootImpl: ViewRoot's Touch Event : ACTION_DOWN
01-25 02:20:06.902   668   687 D AAL     : 01-25 02:20:06.820 BL= 156,ESS= 256, 01-25 02:20:06.853 BL= 155,ESS= 256, 01-25 02:20:06.869 BL= 154,ESS= 256, 01-25 02:20:06.886 BL= 153,ESS= 256, 01-25 02:20:06.902 BL= 152,ESS= 256, 
01-25 02:20:06.907  2180  2180 I LGRR    : [RRPolicyService] onServiceStateChanged
01-25 02:20:06.907  1374  1374 I OperatorTextView: Operator(5) is invalid
01-25 02:20:06.908  2180  2180 D LGRR    : [ServiceStateListener] getServiceState() : 0
01-25 02:20:06.907  1940  1940 D HeadsetPhoneState: sendDeviceStateChanged. mService=1 mSignal=3 mRoam=0 mBatteryCharge=2
01-25 02:20:06.908  2180  2180 D LGRR    : [RRPolicyConditionsImpl] DataRegState : 0
01-25 02:20:06.908  2180  2180 D LGRR    : [RRPolicyConditionsImpl] roamType : 0
01-25 02:20:06.910  2180  2180 I LGRR    : [RRPreference] [Restore]ROAMING_TYPE : 0
01-25 02:20:06.910  2180  2180 I LGRR    : [RRPolicyService] ServiceState Not Changed
01-25 02:20:06.910  1374  1374 I MSimUtils: getPhoneId : 0
01-25 02:20:06.910  1374  1374 I MSimUtils: getDefaultDataPhoneId : 0
01-25 02:20:06.907  1374  1544 I MobileSignalController: mobileLabel_SPCS = Boost Mobile, mobileLabel = Boost Mobile, mInService = true
01-25 02:20:06.917  1768  1768 D ServiceStateProvider: subId=1
01-25 02:20:06.918  1030  1030 D WifiServerServiceExt: mReceiver: ACTION_SERVICE_STATE_CHANGED
01-25 02:20:06.919  1030  1030 D WifiServerServiceExt:  ServiceState: {mVoiceRegState=0(IN_SERVICE), mDataRegState=0(IN_SERVICE), mVoiceRoamingType=home, mDataRoamingType=home, mVoiceOperatorAlphaLong=Boost Mobile, mVoiceOperatorAlphaShort=, mDataOperatorAlphaLong=Boost Mobile, mDataOperatorAlphaShort=, isManualNetworkSelection=false(automatic), mRilVoiceRadioTechnology=6(1xRTT), mRilDataRadioTechnology=14(LTE), mCssIndicator=unsupported, mNetworkId=307, mSystemId=5116, mCdmaRoamingIndicator=1, mCdmaDefaultRoamingIndicator=160, mIsEmergencyOnly=false, mIsDataRoamingFromRegistration=false, mIsUsingCarrierAggregation=false, mLteEarfcnRsrpBoost=0 mIsVoiceSearching=false mIsDataSearching=false mVoiceNetworkName=null mDataNetworkName=null Check64QAM0 Dual carrier0 LTE AdvanceMode0}
01-25 02:20:06.924  1374  1374 D KeyguardUpdateMonitor: received broadcast android.intent.action.SERVICE_STATE
01-25 02:20:06.924  1374  1374 V KeyguardUpdateMonitor: action android.intent.action.SERVICE_STATE serviceState={mVoiceRegState=0(IN_SERVICE), mDataRegState=0(IN_SERVICE), mVoiceRoamingType=home, mDataRoamingType=home, mVoiceOperatorAlphaLong=Boost Mobile, mVoiceOperatorAlphaShort=, mDataOperatorAlphaLong=Boost Mobile, mDataOperatorAlphaShort=, isManualNetworkSelection=false(automatic), mRilVoiceRadioTechnology=6(1xRTT), mRilDataRadioTechnology=14(LTE), mCssIndicator=unsupported, mNetworkId=307, mSystemId=5116, mCdmaRoamingIndicator=1, mCdmaDefaultRoamingIndicator=160, mIsEmergencyOnly=false, mIsDataRoamingFromRegistration=false, mIsUsingCarrierAggregation=false, mLteEarfcnRsrpBoost=0 mIsVoiceSearching=false mIsDataSearching=false mVoiceNetworkName=null mDataNetworkName=null Check64QAM0 Dual carrier0 LTE AdvanceMode0} subId=1
01-25 02:20:06.924  1374  1374 D KeyguardUpdateMonitor: handleServiceStateChange(subId=1, serviceState={mVoiceRegState=0(IN_SERVICE), mDataRegState=0(IN_SERVICE), mVoiceRoamingType=home, mDataRoamingType=home, mVoiceOperatorAlphaLong=Boost Mobile, mVoiceOperatorAlphaShort=, mDataOperatorAlphaLong=Boost Mobile, mDataOperatorAlphaShort=, isManualNetworkSelection=false(automatic), mRilVoiceRadioTechnology=6(1xRTT), mRilDataRadioTechnology=14(LTE), mCssIndicator=unsupported, mNetworkId=307, mSystemId=5116, mCdmaRoamingIndicator=1, mCdmaDefaultRoamingIndicator=160, mIsEmergencyOnly=false, mIsDataRoamingFromRegistration=false, mIsUsingCarrierAggregation=false, mLteEarfcnRsrpBoost=0 mIsVoiceSearching=false mIsDataSearching=false mVoiceNetworkName=null mDataNetworkName=null Check64QAM0 Dual carrier0 LTE AdvanceMode0}
01-25 02:20:06.924  1374  1374 D CarrierText: updateCarrierText(): 1
01-25 02:20:06.925  1768  1768 I TeleService: SprintGuardUi: [RGuard]getRoamingType() roamingType = 1, roamingIndcation = 1 , curradiotech = 14
01-25 02:20:06.925  1768  1768 I TeleService: SprintGuardUi: handleDataRoamingGuard() iconIndex : 1, iconPrevIndex: 1, roamingType : 1, dataRoaming : false
01-25 02:20:06.925  1768  1768 I TeleService: SprintGuardUi: handleDataRoamingGuard() getRoaming() : false, getVoiceRoaming() : false, getDataRoamingType() : 0, getPhoneType() : 2
01-25 02:20:06.925  1768  1768 I TeleService: SprintGuardUi: handleDataRoamingGuard() roamingIndcation() : 1, curradiotech : 14, roamingdataIndcation : 1, roamingType : 1
01-25 02:20:06.925  1768  1768 V PhoneGlobalsNet: Action intent recieved : android.intent.action.SERVICE_STATE
01-25 02:20:06.925  3057  3057 I CarrierServices: [2] cnv.onReceive: Received SERVICE_STATE intent, clearing cached cell info
01-25 02:20:06.926  1768  1768 D ConfigUtils: appliedCarrierFeature() : SPR
01-25 02:20:06.926  1768  1768 D ConfigUtils: OPERATOR : 9
01-25 02:20:06.926  1768  1768 D ConfigUtils: isTargetOperator() : 9
01-25 02:20:06.927  1030  1278 D InputDispatcher: notifyMotion - action=ACTION_UP(0), id=0, pressure=0.239, tooltype=1, deviceId=3, source=0x1002, policyFlags=0x0, flags=0x0, metaState=0x0, buttonState=0x0, edgeFlags=0x0, eventTime=3386182198000, downTime=3386157408000, 
01-25 02:20:06.927  1030  1277 D InputTransport: channel 'e7f41ba Application Error: com.crazyj36.startspecificactivity (server)' : action=ACTION_UP(0), id=0, tooltype=1, deviceId=3, source=0x1002, flags=0x0, edgeFlags=0x0, metaState=0x0, buttonState=0x0, downTime=3386157408000, eventTime=3386182198000, pointerCount=1
01-25 02:20:06.928  1768  1768 D PhoneGlobalsNet: subId: 1
01-25 02:20:06.928  1374  1374 D CarrierText: Sprint carrierName from getNetworkOperatorName() API
01-25 02:20:06.928  1374  1374 D CarrierText: carrierName = Boost Mobile
01-25 02:20:06.928  1374  1374 D UpdateKeyguardStatus_US_SPR: status =Normal, carrierName = Boost Mobile, slotId =0
01-25 02:20:06.928  1768  1768 D PhoneGlobalsNet: networksettings : PhoneGlobals.java[469] : handleServiceStateChanged NetworkMode 10
01-25 02:20:06.929  1374  1374 W Settings: Setting airplane_mode_on has moved from android.provider.Settings.System to android.provider.Settings.Global, returning read-only value.
01-25 02:20:06.929  1768  1768 D NetworkSettingBootReceiver: mReceiver: android.intent.action.SERVICE_STATE
01-25 02:20:06.930  1030  1030 D WifiServerServiceExt: currIso : US
01-25 02:20:06.930  1030  1030 I WifiServerServiceExt: VoiceRegState = 0, DataRegState = 0
01-25 02:20:06.930  1030  1030 I WifiServerServiceExt: VoiceRegState = 0, DataRegState = 0
01-25 02:20:06.930  1768  1768 D NetworkSettingBootReceiver: getDefaultDataPhoneId : 0
01-25 02:20:06.930  1768  1768 D ConfigUtils: appliedCarrierFeature() : SPR
01-25 02:20:06.930  1768  1768 D ConfigUtils: OPERATOR : 9
01-25 02:20:06.930  1768  1768 D ConfigUtils: isTargetOperator() : 9
01-25 02:20:06.931  1030  1065 I ViewRootImpl: ViewRoot's Touch Event : ACTION_UP
01-25 02:20:06.934  1030  2126 W ActivityManager:   Force finishing activity com.crazyj36.startspecificactivity/.MainActivity
01-25 02:20:06.935  1374  1374 D CarrierText: Handling (subId=1) simSate : READY, carrierName : Boost Mobile, carrierTextForSimState : Boost Mobile
01-25 02:20:06.936  1374  1374 D CarrierText: SIM ready and in service: subId=1, ss={mVoiceRegState=0(IN_SERVICE), mDataRegState=0(IN_SERVICE), mVoiceRoamingType=home, mDataRoamingType=home, mVoiceOperatorAlphaLong=Boost Mobile, mVoiceOperatorAlphaShort=, mDataOperatorAlphaLong=Boost Mobile, mDataOperatorAlphaShort=, isManualNetworkSelection=false(automatic), mRilVoiceRadioTechnology=6(1xRTT), mRilDataRadioTechnology=14(LTE), mCssIndicator=unsupported, mNetworkId=307, mSystemId=5116, mCdmaRoamingIndicator=1, mCdmaDefaultRoamingIndicator=160, mIsEmergencyOnly=false, mIsDataRoamingFromRegistration=false, mIsUsingCarrierAggregation=false, mLteEarfcnRsrpBoost=0 mIsVoiceSearching=false mIsDataSearching=false mVoiceNetworkName=null mDataNetworkName=null Check64QAM0 Dual carrier0 LTE AdvanceMode0}
01-25 02:20:06.936  1374  1374 D CarrierText: displayText[0]: Boost Mobile
01-25 02:20:06.937  1374  1544 I MobileSignalController: isRoaming = false, isCdmaRoaming = false
01-25 02:20:06.937  1374  1544 I MobileSignalController: isRoaming = false
01-25 02:20:06.938  1374  1544 I NetworkController: onReceive: intent=Intent { act=android.intent.action.SERVICE_STATE flg=0x1000010 (has extras) }
01-25 02:20:06.941   490   490 I DisplayDevice: [Built-in Screen (type:0)] fps:31.104654,dur:1060.93,max:514.83,min:11.57
01-25 02:20:06.954  1030  2126 D InputDispatcher: Window went away: Window{a7a3626 u0 com.crazyj36.startspecificactivity/com.crazyj36.startspecificactivity.MainActivity}
01-25 02:20:06.958  1030  2126 I ActivityManager: Killing 11652:com.crazyj36.startspecificactivity/u0a450 (adj 900): crash
01-25 02:20:06.962  1030  1066 W zygote  : kill(-11652, 9) failed: No such process
01-25 02:20:06.963  1768  1768 D TeleService: CarrierConfigLoader: CarrierConfigLoader - existNodeDb : notSupport
01-25 02:20:06.993   695   733 I PowerRM : System FW:0 IC:0 SO:0 GT:0 CAPP:-1 APP:0
01-25 02:20:06.993   695   733 I PowerRM : FIA lock1 unlocked
01-25 02:20:06.993   695   733 I PowerRM : System FW:0 IC:0 SO:0 GT:0 CAPP:-1 APP:0
01-25 02:20:06.993   695   733 I PowerRM : Window Changed
01-25 02:20:06.997  1374  1374 I OperatorTextView: Operator(5) is invalid
01-25 02:20:06.997  1374  1544 I MobileSignalController: mobileLabel_SPCS = Boost Mobile, mobileLabel = Boost Mobile, mInService = true
01-25 02:20:06.998  1940  1940 D HeadsetPhoneState: sendDeviceStateChanged. mService=1 mSignal=3 mRoam=0 mBatteryCharge=2
01-25 02:20:06.998  2180  2180 I LGRR    : [RRPolicyService] onServiceStateChanged
01-25 02:20:06.999  2180  2180 D LGRR    : [ServiceStateListener] getServiceState() : 0
01-25 02:20:06.999  2180  2180 D LGRR    : [RRPolicyConditionsImpl] DataRegState : 0
01-25 02:20:06.999  2180  2180 D LGRR    : [RRPolicyConditionsImpl] roamType : 0
01-25 02:20:06.999  2180  2180 I LGRR    : [RRPreference] [Restore]ROAMING_TYPE : 0
01-25 02:20:06.999  2180  2180 I LGRR    : [RRPolicyService] ServiceState Not Changed
01-25 02:20:07.000  1374  1374 I MSimUtils: getPhoneId : 0
01-25 02:20:07.000  1374  1374 I MSimUtils: getDefaultDataPhoneId : 0
01-25 02:20:07.001  1768  1768 D ServiceStateProvider: subId=1
01-25 02:20:07.001  1030  1030 D WifiServerServiceExt: mReceiver: ACTION_SERVICE_STATE_CHANGED
01-25 02:20:07.002  1030  1030 D WifiServerServiceExt:  ServiceState: {mVoiceRegState=0(IN_SERVICE), mDataRegState=0(IN_SERVICE), mVoiceRoamingType=home, mDataRoamingType=home, mVoiceOperatorAlphaLong=Boost Mobile, mVoiceOperatorAlphaShort=, mDataOperatorAlphaLong=Boost Mobile, mDataOperatorAlphaShort=, isManualNetworkSelection=false(automatic), mRilVoiceRadioTechnology=6(1xRTT), mRilDataRadioTechnology=14(LTE), mCssIndicator=unsupported, mNetworkId=307, mSystemId=5116, mCdmaRoamingIndicator=1, mCdmaDefaultRoamingIndicator=160, mIsEmergencyOnly=false, mIsDataRoamingFromRegistration=false, mIsUsingCarrierAggregation=true, mLteEarfcnRsrpBoost=0 mIsVoiceSearching=false mIsDataSearching=false mVoiceNetworkName=null mDataNetworkName=null Check64QAM0 Dual carrier0 LTE AdvanceMode0}
01-25 02:20:07.002  1768  1768 I TeleService: SprintGuardUi: [RGuard]getRoamingType() roamingType = 1, roamingIndcation = 1 , curradiotech = 14
01-25 02:20:07.002  1768  1768 I TeleService: SprintGuardUi: handleDataRoamingGuard() iconIndex : 1, iconPrevIndex: 1, roamingType : 1, dataRoaming : false
01-25 02:20:07.002  1768  1768 I TeleService: SprintGuardUi: handleDataRoamingGuard() getRoaming() : false, getVoiceRoaming() : false, getDataRoamingType() : 0, getPhoneType() : 2
01-25 02:20:07.002  1768  1768 I TeleService: SprintGuardUi: handleDataRoamingGuard() roamingIndcation() : 1, curradiotech : 14, roamingdataIndcation : 1, roamingType : 1
01-25 02:20:07.003  1374  1374 D KeyguardUpdateMonitor: received broadcast android.intent.action.SERVICE_STATE
01-25 02:20:07.004  1768  1768 V PhoneGlobalsNet: Action intent recieved : android.intent.action.SERVICE_STATE
01-25 02:20:07.004  1768  1768 D ConfigUtils: appliedCarrierFeature() : SPR
01-25 02:20:07.005  1768  1768 D ConfigUtils: OPERATOR : 9
01-25 02:20:07.005  1768  1768 D ConfigUtils: isTargetOperator() : 9
01-25 02:20:07.005  1374  1374 V KeyguardUpdateMonitor: action android.intent.action.SERVICE_STATE serviceState={mVoiceRegState=0(IN_SERVICE), mDataRegState=0(IN_SERVICE), mVoiceRoamingType=home, mDataRoamingType=home, mVoiceOperatorAlphaLong=Boost Mobile, mVoiceOperatorAlphaShort=, mDataOperatorAlphaLong=Boost Mobile, mDataOperatorAlphaShort=, isManualNetworkSelection=false(automatic), mRilVoiceRadioTechnology=6(1xRTT), mRilDataRadioTechnology=14(LTE), mCssIndicator=unsupported, mNetworkId=307, mSystemId=5116, mCdmaRoamingIndicator=1, mCdmaDefaultRoamingIndicator=160, mIsEmergencyOnly=false, mIsDataRoamingFromRegistration=false, mIsUsingCarrierAggregation=true, mLteEarfcnRsrpBoost=0 mIsVoiceSearching=false mIsDataSearching=false mVoiceNetworkName=null mDataNetworkName=null Check64QAM0 Dual carrier0 LTE AdvanceMode0} subId=1
01-25 02:20:07.005  1374  1374 D KeyguardUpdateMonitor: handleServiceStateChange(subId=1, serviceState={mVoiceRegState=0(IN_SERVICE), mDataRegState=0(IN_SERVICE), mVoiceRoamingType=home, mDataRoamingType=home, mVoiceOperatorAlphaLong=Boost Mobile, mVoiceOperatorAlphaShort=, mDataOperatorAlphaLong=Boost Mobile, mDataOperatorAlphaShort=, isManualNetworkSelection=false(automatic), mRilVoiceRadioTechnology=6(1xRTT), mRilDataRadioTechnology=14(LTE), mCssIndicator=unsupported, mNetworkId=307, mSystemId=5116, mCdmaRoamingIndicator=1, mCdmaDefaultRoamingIndicator=160, mIsEmergencyOnly=false, mIsDataRoamingFromRegistration=false, mIsUsingCarrierAggregation=true, mLteEarfcnRsrpBoost=0 mIsVoiceSearching=false mIsDataSearching=false mVoiceNetworkName=null mDataNetworkName=null Check64QAM0 Dual carrier0 LTE AdvanceMode0}
01-25 02:20:07.005  1374  1374 D CarrierText: updateCarrierText(): 1
01-25 02:20:07.005  1030  1065 D InputDispatcher: Focus left window: Window{e7f41ba u0 Application Error: com.crazyj36.startspecificactivity}
01-25 02:20:07.005  1030  1065 D InputDispatcher: Focus entered window: Window{a6e958e u0 com.teslacoilsw.launcher/com.teslacoilsw.launcher.NovaLauncher}
01-25 02:20:07.005  1030  1065 D InputDispatcher: Window went away: Window{e7f41ba u0 Application Error: com.crazyj36.startspecificactivity}
01-25 02:20:07.007  3057  3057 I CarrierServices: [2] cnv.onReceive: Received SERVICE_STATE intent, clearing cached cell info
01-25 02:20:07.007  1768  1768 D PhoneGlobalsNet: subId: 1
01-25 02:20:07.008  1374  1374 D CarrierText: Sprint carrierName from getNetworkOperatorName() API
01-25 02:20:07.008  1768  1768 D PhoneGlobalsNet: networksettings : PhoneGlobals.java[469] : handleServiceStateChanged NetworkMode 10
01-25 02:20:07.008  1374  1374 D CarrierText: carrierName = Boost Mobile
01-25 02:20:07.009  1374  1374 D UpdateKeyguardStatus_US_SPR: status =Normal, carrierName = Boost Mobile, slotId =0
01-25 02:20:07.009  1030  1030 D WifiServerServiceExt: currIso : US
01-25 02:20:07.009  1030  1030 I WifiServerServiceExt: VoiceRegState = 0, DataRegState = 0
01-25 02:20:07.009  1030  1030 I WifiServerServiceExt: VoiceRegState = 0, DataRegState = 0
01-25 02:20:07.009  1374  1374 W Settings: Setting airplane_mode_on has moved from android.provider.Settings.System to android.provider.Settings.Global, returning read-only value.
01-25 02:20:07.012  1374  1374 D CarrierText: Handling (subId=1) simSate : READY, carrierName : Boost Mobile, carrierTextForSimState : Boost Mobile
01-25 02:20:07.013  1374  1374 D CarrierText: SIM ready and in service: subId=1, ss={mVoiceRegState=0(IN_SERVICE), mDataRegState=0(IN_SERVICE), mVoiceRoamingType=home, mDataRoamingType=home, mVoiceOperatorAlphaLong=Boost Mobile, mVoiceOperatorAlphaShort=, mDataOperatorAlphaLong=Boost Mobile, mDataOperatorAlphaShort=, isManualNetworkSelection=false(automatic), mRilVoiceRadioTechnology=6(1xRTT), mRilDataRadioTechnology=14(LTE), mCssIndicator=unsupported, mNetworkId=307, mSystemId=5116, mCdmaRoamingIndicator=1, mCdmaDefaultRoamingIndicator=160, mIsEmergencyOnly=false, mIsDataRoamingFromRegistration=false, mIsUsingCarrierAggregation=true, mLteEarfcnRsrpBoost=0 mIsVoiceSearching=false mIsDataSearching=false mVoiceNetworkName=null mDataNetworkName=null Check64QAM0 Dual carrier0 LTE AdvanceMode0}
01-25 02:20:07.013  1374  1374 D CarrierText: displayText[0]: Boost Mobile
01-25 02:20:07.014  1768  1768 D NetworkSettingBootReceiver: mReceiver: android.intent.action.SERVICE_STATE
01-25 02:20:07.018  1768  1768 D NetworkSettingBootReceiver: getDefaultDataPhoneId : 0
01-25 02:20:07.018  1768  1768 D ConfigUtils: appliedCarrierFeature() : SPR
01-25 02:20:07.018  1768  1768 D ConfigUtils: OPERATOR : 9
01-25 02:20:07.018  1768  1768 D ConfigUtils: isTargetOperator() : 9
01-25 02:20:07.020  1030  2126 W InputMethodManagerService: Got RemoteException sending setActive(false) notification to pid 11652 uid 10450
01-25 02:20:07.021  1374  1374 D StatusBar: setSystemUiVisibility vis=8708 mask=ffffffff oldVal=8008 newVal=8708 diff=700
01-25 02:20:07.024  1374  1544 I MobileSignalController: isRoaming = false, isCdmaRoaming = false
01-25 02:20:07.025  1374  1544 I MobileSignalController: isRoaming = false
01-25 02:20:07.025   490  1676 I SurfaceFlinger: [SF client] DEL(0xb4c347f0) for (1030:system_server)
01-25 02:20:07.025  1374  1544 I NetworkController: onReceive: intent=Intent { act=android.intent.action.SERVICE_STATE flg=0x1000010 (has extras) }
01-25 02:20:07.025  1030  1084 W ActivityManager: setHasOverlayUi called on unknown pid: 11652
01-25 02:20:07.027  1374  1374 I NavigationThemeResource: notify navigation bar color(0x0)
01-25 02:20:07.030  1030  1066 W zygote  : kill(-11652, 9) failed: No such process
01-25 02:20:07.035   668   687 D AAL     : 01-25 02:20:06.952 BL= 151,ESS= 256, 01-25 02:20:06.968 BL= 150,ESS= 256, 01-25 02:20:06.985 BL= 149,ESS= 256, 01-25 02:20:07.002 BL= 148,ESS= 256, 01-25 02:20:07.035 BL= 147,ESS= 256, 
01-25 02:20:07.042  1030  1244 W AppOps  : Finishing op nesting under-run: uid 1000 pkg android code 24 time=0 duration=0 nesting=0
01-25 02:20:07.055  1374  1544 I MobileSignalController: isRoaming = false, isCdmaRoaming = false
01-25 02:20:07.057  1374  1544 I MobileSignalController: isRoaming = false
01-25 02:20:07.057  1374  1544 I MobileSignalController(1): Change in state to: connected=true,enabled=true,level=3,inetCondition=1,iconGroup=IconGroup(Default),activityIn=true,activityOut=true,rssi=0,lteadvancedmode=0,dataSim=false,networkName=Boost Mobile,networkNameData=Boost Mobile,dataConnected=true,roaming=false,isDefault=true,isEmergency=false,airplaneMode=false,carrierNetworkChangeMode=false,userSetup=true,roaming=false,activity=3,signalZero=false,isSimIcon=false,dataNetType=13,networkIcon=LTE,showRoaming=false,showSearching=false,selectedSim=false,voiceRatType=0,dataRatType=0,cbInfo=null,callState=0,isCat6=false,isMimo=false,isDataEnabled=true,internetConnectStatus=1
01-25 02:20:07.058  1374  1544 I MobileSignalController: isRoaming = false, isCdmaRoaming = false
01-25 02:20:07.058  1374  1544 I MobileSignalController: isRoaming = false
01-25 02:20:07.058  1374  1544 I MobileSignalController: mobileLabel_SPCS = Boost Mobile, mobileLabel = Boost Mobile, mInService = true
01-25 02:20:07.072   697   697 E thermal_src: ERROR, recvmsg expect 5, but get 2 
01-25 02:20:07.072   697   697 E thermal_src: ERROR, recvmsg expect 4, but get 2 
01-25 02:20:07.077  1030  1066 W zygote  : kill(-11652, 9) failed: No such process
01-25 02:20:07.077  1030  1066 I zygote  : Successfully killed process cgroup uid 10450 pid 11652 in 116ms
01-25 02:20:07.117   668   687 D AAL     : 01-25 02:20:07.051 BL= 146,ESS= 256, 01-25 02:20:07.068 BL= 145,ESS= 257, 01-25 02:20:07.084 BL= 143,ESS= 258, 01-25 02:20:07.101 BL= 142,ESS= 259, 01-25 02:20:07.117 BL= 140,ESS= 260, 
01-25 02:20:07.147  5698 11616 I Finsky  : [528] ema.a(29): Completed 0 account content syncs with 0 successful.
01-25 02:20:07.147  5698  5698 I Finsky  : [2] ContentSyncJob.a(12): Installation state replication succeeded.
01-25 02:20:07.148  5698  5698 I Finsky  : [2] tzr.a(13): SCH: jobFinished: 12-1. TimeElapsed: 321ms.
01-25 02:20:07.148  5698  5698 I Finsky  : [2] tyh.a(35): SCH: Job 12-1 finished. Not rescheduling.
01-25 02:20:07.149  5698  5698 I Finsky  : [2] tyg.handleMessage(63): SCH: RunningQueue size: 0, PendingQueue size: 0
01-25 02:20:07.149  5698  5698 I Finsky  : [2] tyg.handleMessage(29): Executor finished
01-25 02:20:07.163  5698  5698 I Finsky  : [2] uaw.a(7): SCH: Jobs in database: 1-1337 26-1414141414 34-244 34-246 34-261 34-269 34-270 34-273 34-276 34-277 34-278 
01-25 02:20:07.164  5698  5698 I Finsky  : [2] twm.a(58): SCH: ConstraintMapping: 1-1337, 34-277,  -> L: 3744876ms, D: 53879174ms, C: false, I: false, N: 1
01-25 02:20:07.165  5698  5698 I Finsky  : [2] twm.a(58): SCH: ConstraintMapping: 34-244, 34-246, 34-261, 34-269, 34-270, 34-273, 34-276, 34-278,  -> L: 0ms, D: 1220298720ms, C: false, I: true, N: 2
01-25 02:20:07.165  5698  5698 I Finsky  : [2] twm.a(58): SCH: ConstraintMapping: 34-244, 34-246, 34-261, 34-269, 34-270, 34-273, 34-276, 34-278,  -> L: 0ms, D: 1220298720ms, C: true, I: true, N: 2
01-25 02:20:07.166  5698  5698 I Finsky  : [2] twm.a(58): SCH: ConstraintMapping: 26-1414141414,  -> L: 33304732ms, D: 34204732ms, C: false, I: false, N: 0
01-25 02:20:07.173  5698  5698 I Finsky  : [2] tze.a(37): Cancelling existing jobscheduler jobs: 9007 9006 9005 
01-25 02:20:07.174  5698  5698 I Finsky  : [2] tze.a(30): Scheduling job Id: 9000, L: 3744876, D: 53879174, C: false, I: false, N: 1
01-25 02:20:07.175  5698  5698 I Finsky  : [2] tze.a(14): Throttling wakeup for job 9001 (expected to run in 0 ms) due to recent wakeup
01-25 02:20:07.176  5698  5698 I Finsky  : [2] tze.a(30): Scheduling job Id: 9001, L: 30000, D: 1220298720, C: false, I: true, N: 2
01-25 02:20:07.178  5698  5698 I Finsky  : [2] tze.a(14): Throttling wakeup for job 9002 (expected to run in 0 ms) due to recent wakeup
01-25 02:20:07.178  5698  5698 I Finsky  : [2] tze.a(30): Scheduling job Id: 9002, L: 30000, D: 1220298720, C: true, I: true, N: 2
01-25 02:20:07.179  5698  5698 I Finsky  : [2] tze.a(30): Scheduling job Id: 9003, L: 33304732, D: 34204732, C: false, I: false, N: 0
01-25 02:20:07.200   668   687 D AAL     : 01-25 02:20:07.134 BL= 139,ESS= 261, 01-25 02:20:07.150 BL= 138,ESS= 262, 01-25 02:20:07.167 BL= 136,ESS= 263, 01-25 02:20:07.183 BL= 135,ESS= 264, 01-25 02:20:07.200 BL= 134,ESS= 264, 
